12-03 16:59:27.354 32167 32249 D UE4     : [2021.12.03-22.59.27:354][  0]LogRHI:   GL_KHR_no_error
12-03 16:59:27.354 32167 32249 D UE4     : [2021.12.03-22.59.27:354][  0]LogRHI:   GL_EXT_debug_marker
12-03 16:59:27.354 32167 32249 D UE4     : [2021.12.03-22.59.27:354][  0]LogRHI:   GL_OES_EGL_image_external_essl3
12-03 16:59:27.354 32167 32249 D UE4     : [2021.12.03-22.59.27:354][  0]LogRHI:   GL_OVR_multiview_multisampled_render_to_texture
12-03 16:59:27.354 32167 32249 D UE4     : [2021.12.03-22.59.27:354][  0]LogRHI:   GL_EXT_buffer_storage
12-03 16:59:27.354 32167 32249 D UE4     : [2021.12.03-22.59.27:354][  0]LogRHI:   GL_EXT_external_buffer
12-03 16:59:27.354 32167 32249 D UE4     : [2021.12.03-22.59.27:354][  0]LogRHI:   GL_EXT_blit_framebuffer_params
12-03 16:59:27.354 32167 32249 D UE4     : [2021.12.03-22.59.27:354][  0]LogRHI:   GL_EXT_clip_cull_distance
12-03 16:59:27.354 32167 32249 D UE4     : [2021.12.03-22.59.27:354][  0]LogRHI:   GL_EXT_protected_textures
12-03 16:59:27.354 32167 32249 D UE4     : [2021.12.03-22.59.27:354][  0]LogRHI:   GL_EXT_shader_non_constant_global_initializers
12-03 16:59:27.354 32167 32249 D UE4     : [2021.12.03-22.59.27:354][  0]LogRHI:   GL_QCOM_texture_foveated
12-03 16:59:27.354 32167 32249 D UE4     : [2021.12.03-22.59.27:354][  0]LogRHI:   GL_QCOM_shader_framebuffer_fetch_noncoherent
12-03 16:59:27.354 32167 32249 D UE4     : [2021.12.03-22.59.27:354][  0]LogRHI:   GL_QCOM_shader_framebuffer_fetch_rate
12-03 16:59:27.354 32167 32249 D UE4     : [2021.12.03-22.59.27:354][  0]LogRHI:   GL_EXT_memory_object
12-03 16:59:27.354 32167 32249 D UE4     : [2021.12.03-22.59.27:354][  0]LogRHI:   GL_EXT_memory_object_fd
12-03 16:59:27.354 32167 32249 D UE4     : [2021.12.03-22.59.27:354][  0]LogRHI:   GL_EXT_EGL_image_array
12-03 16:59:27.354 32167 32249 D UE4     : [2021.12.03-22.59.27:354][  0]LogRHI:   GL_NV_shader_noperspective_interpolation
12-03 16:59:27.354 32167 32249 D UE4     : [2021.12.03-22.59.27:354][  0]LogRHI:   GL_KHR_robust_buffer_access_behavior
12-03 16:59:27.354 32167 32249 D UE4     : [2021.12.03-22.59.27:354][  0]LogRHI:   GL_EXT_EGL_image_storage
12-03 16:59:27.354 32167 32249 D UE4     : [2021.12.03-22.59.27:354][  0]LogRHI:   GL_EXT_blend_func_extended
12-03 16:59:27.354 32167 32249 D UE4     : [2021.12.03-22.59.27:354][  0]LogRHI:   GL_EXT_clip_control
12-03 16:59:27.355 32167 32249 D UE4     : [2021.12.03-22.59.27:355][  0]LogRHI:   GL_OES_texture_view
12-03 16:59:27.355 32167 32249 D UE4     : [2021.12.03-22.59.27:355][  0]LogRHI:   GL_EXT_fragment_invocation_density
12-03 16:59:27.355 32167 32249 D UE4     : [2021.12.03-22.59.27:355][  0]LogRHI:   GL_QCOM_YUV_texture_gather
12-03 16:59:27.355 32167 32249 D UE4     : [2021.12.03-22.59.27:355][  0]LogRHI:   GL_MAX_VERTEX_ATTRIBS: 32
12-03 16:59:27.355 32167 32249 D UE4     : [2021.12.03-22.59.27:355][  0]LogRHI:   GL_MAX_VARYING_VECTORS: 31
12-03 16:59:27.355 32167 32249 D UE4     : [2021.12.03-22.59.27:355][  0]LogRHI:   GL_MAX_VERTEX_UNIFORM_VECTORS: 256
12-03 16:59:27.355 32167 32249 D UE4     : [2021.12.03-22.59.27:355][  0]LogRHI:   GL_MAX_FRAGMENT_UNIFORM_VECTORS: 256
12-03 16:59:27.355 32167 32249 D UE4     : [2021.12.03-22.59.27:355][  0]LogRHI:   GL_TEXTURE_BUFFER_OFFSET_ALIGNMENT: 64
12-03 16:59:27.355 32167 32249 D UE4     : [2021.12.03-22.59.27:355][  0]LogRHI:   GL_MAX_COMBINED_IMAGE_UNIFORMS: 20
12-03 16:59:27.355 32167 32249 D UE4     : [2021.12.03-22.59.27:355][  0]LogRHI:   GL_MAX_COMPUTE_IMAGE_UNIFORMS: 8
12-03 16:59:27.355 32167 32249 D UE4     : [2021.12.03-22.59.27:355][  0]LogRHI:   GL_MAX_FRAGMENT_IMAGE_UNIFORMS: 4
12-03 16:59:27.355 32167 32249 D UE4     : [2021.12.03-22.59.27:355][  0]LogRHI: Fragment shader lowp precision: 10
12-03 16:59:27.355 32167 32249 D UE4     : [2021.12.03-22.59.27:355][  0]LogRHI: Fragment shader mediump precision: 10
12-03 16:59:27.355 32167 32249 D UE4     : [2021.12.03-22.59.27:355][  0]LogRHI: Fragment shader highp precision: 23
12-03 16:59:27.356 32167 32249 D UE4     : [2021.12.03-22.59.27:356][  0]LogRHI: Support for 4x MSAA detected
12-03 16:59:27.356 32167 32249 D UE4     : [2021.12.03-22.59.27:356][  0]LogRHI: Device supports mobile multi-view.
12-03 16:59:27.357 32167 32249 D UE4     : [2021.12.03-22.59.27:357][  0]LogRHI: Image external enabled: ImageExternalESSL300
12-03 16:59:27.357 32167 32249 D UE4     : [2021.12.03-22.59.27:357][  0]LogRHI: Using QCOM_shader_framebuffer_fetch_noncoherent
12-03 16:59:27.357 32167 32249 D UE4     : [2021.12.03-22.59.27:357][  0]LogRHI:   GL_MAX_TEXTURE_SIZE: 16384
12-03 16:59:27.357 32167 32249 D UE4     : [2021.12.03-22.59.27:357][  0]LogRHI:   GL_MAX_CUBE_MAP_TEXTURE_SIZE: 16384
12-03 16:59:27.357 32167 32249 D UE4     : [2021.12.03-22.59.27:357][  0]LogRHI:   GL_MAX_ARRAY_TEXTURE_LAYERS: 2048
12-03 16:59:27.357 32167 32249 D UE4     : [2021.12.03-22.59.27:357][  0]LogRHI:   GL_MAX_3D_TEXTURE_SIZE: 2048
12-03 16:59:27.357 32167 32249 D UE4     : [2021.12.03-22.59.27:357][  0]LogRHI:   GL_MAX_RENDERBUFFER_SIZE: 16384
12-03 16:59:27.357 32167 32249 D UE4     : [2021.12.03-22.59.27:357][  0]LogRHI:   GL_MAX_TEXTURE_IMAGE_UNITS: 16
12-03 16:59:27.357 32167 32249 D UE4     : [2021.12.03-22.59.27:357][  0]LogRHI:   GL_MAX_DRAW_BUFFERS: 8
12-03 16:59:27.357 32167 32249 D UE4     : [2021.12.03-22.59.27:357][  0]LogRHI:   GL_MAX_COLOR_ATTACHMENTS: 8
12-03 16:59:27.357 32167 32249 D UE4     : [2021.12.03-22.59.27:357][  0]LogRHI:   GL_MAX_SAMPLES: 4
12-03 16:59:27.357 32167 32249 D UE4     : [2021.12.03-22.59.27:357][  0]LogRHI:   GL_MAX_COLOR_TEXTURE_SAMPLES: 4
12-03 16:59:27.357 32167 32249 D UE4     : [2021.12.03-22.59.27:357][  0]LogRHI:   GL_MAX_DEPTH_TEXTURE_SAMPLES: 4
12-03 16:59:27.357 32167 32249 D UE4     : [2021.12.03-22.59.27:357][  0]LogRHI:   GL_MAX_INTEGER_SAMPLES: 1
12-03 16:59:27.357 32167 32249 D UE4     : [2021.12.03-22.59.27:357][  0]LogRHI:   GL_MAX_COMBINED_TEXTURE_IMAGE_UNITS: 96
12-03 16:59:27.357 32167 32249 D UE4     : [2021.12.03-22.59.27:357][  0]LogRHI:   GL_MAX_VERTEX_ATTRIBS: 32
12-03 16:59:27.358 32167 32249 D UE4     : [2021.12.03-22.59.27:358][  0]LogRHI:   GL_MAX_COMPUTE_WORK_GROUP_INVOCATIONS: 1024
12-03 16:59:27.358 32167 32249 D UE4     : [2021.12.03-22.59.27:358][  0]LogRHI:   GL_MAX_COMPUTE_SHARED_MEMORY_SIZE: 32768
12-03 16:59:27.358 32167 32249 D UE4     : [2021.12.03-22.59.27:358][  0]LogRHI:   GL_MAX_TEXTURE_MAX_ANISOTROPY_EXT: 16
12-03 16:59:27.358 32167 32249 D UE4     : [2021.12.03-22.59.27:358][  0]LogRHI: OpenGL MajorVersion = 3, MinorVersion = 1, ShaderPlatform = GLSL_ES3_1_ANDROID, FeatureLevel = ES3_1
12-03 16:59:27.358 32167 32249 D UE4     : [2021.12.03-22.59.27:358][  0]LogRHI: PLATFORM_ANDROID
12-03 16:59:27.358 32167 32249 D UE4     : [2021.12.03-22.59.27:358][  0]LogAndroid: Unlocking android HW window during preinit.
12-03 16:59:27.358 32167 32249 D UE4     : [2021.12.03-22.59.27:358][  0]LogRHI: Enabling program binary cache as /storage/emulated/0/Android/data/neu.edu.madcourse.Bello_CS5520_MoveMe/files/ProgramBinaryCache/GLSL_ES3_1_ANDROID_9D964C69AA08F6BA696A7ABFE937BF078EE0A47D
12-03 16:59:27.358 32167 32249 D UE4     : [2021.12.03-22.59.27:358][  0]LogRHI: FOpenGLProgramBinaryCache will be initialized when ShaderPipelineCache opens its file
12-03 16:59:27.358 32167 32249 D UE4     : [2021.12.03-22.59.27:358][  0]LogRHI: Texture pool is 400 MB (of 0 MB total graphics mem)
12-03 16:59:27.360 32167 32249 D UE4     : [2021.12.03-22.59.27:360][  0]LogRHI: OpenGL deferred texture creation, no config rule set: 0
12-03 16:59:27.366 32167 32249 D UE4     : [2021.12.03-22.59.27:366][  0]LogRendererCore: Ray tracing is disabled. Reason: r.RayTracing=0.
12-03 16:59:27.367 32167 32249 D UE4     : [2021.12.03-22.59.27:367][  0]LogShaderLibrary: Display: Using ../../../MoveMe/Content/ShaderArchive-Global-GLSL_ES3_1_ANDROID.ushaderbytecode for material shader code. Total 564 unique shaders.
12-03 16:59:27.367 32167 32249 D UE4     : [2021.12.03-22.59.27:367][  0]LogShaderLibrary: Display: Cooked Context: Using Shared Shader Library Global
12-03 16:59:27.367 32167 32249 D UE4     : [2021.12.03-22.59.27:367][  0]LogShaderLibrary: Display: Logical shader library 'Global' has been created, components 1
12-03 16:59:27.367 32167 32249 D UE4     : [2021.12.03-22.59.27:367][  0]LogShaderLibrary: Display: Running without a pakfile and did not find a monolithic library 'Global_SC' - attempting disk search for its chunks
12-03 16:59:27.368 32167 32249 D UE4     : [2021.12.03-22.59.27:367][  0]LogShaderLibrary: Display:    ....  not found
12-03 16:59:27.368 32167 32249 D UE4     : [2021.12.03-22.59.27:368][  0]LogShaderLibrary: Display: Running without a pakfile and did not find a monolithic library 'MediaCompositing' - attempting disk search for its chunks
12-03 16:59:27.368 32167 32249 D UE4     : [2021.12.03-22.59.27:368][  0]LogShaderLibrary: Display:    ....  not found
12-03 16:59:27.368 32167 32249 D UE4     : [2021.12.03-22.59.27:368][  0]LogShaderLibrary: Display: Running without a pakfile and did not find a monolithic library 'MediaCompositing' - attempting disk search for its chunks
12-03 16:59:27.368 32167 32249 D UE4     : [2021.12.03-22.59.27:368][  0]LogShaderLibrary: Display:    ....  not found
12-03 16:59:27.368 32167 32249 D UE4     : [2021.12.03-22.59.27:368][  0]LogShaderLibrary: Display: Running without a pakfile and did not find a monolithic library 'GeometryMode' - attempting disk search for its chunks
12-03 16:59:27.369 32167 32249 D UE4     : [2021.12.03-22.59.27:369][  0]LogShaderLibrary: Display:    ....  not found
12-03 16:59:27.369 32167 32249 D UE4     : [2021.12.03-22.59.27:369][  0]LogShaderLibrary: Display: Running without a pakfile and did not find a monolithic library 'GeometryMode' - attempting disk search for its chunks
12-03 16:59:27.369 32167 32249 D UE4     : [2021.12.03-22.59.27:369][  0]LogShaderLibrary: Display:    ....  not found
12-03 16:59:27.369 32167 32249 D UE4     : [2021.12.03-22.59.27:369][  0]LogShaderLibrary: Display: Running without a pakfile and did not find a monolithic library 'SpeedTreeImporter' - attempting disk search for its chunks
12-03 16:59:27.370 32167 32249 D UE4     : [2021.12.03-22.59.27:370][  0]LogShaderLibrary: Display:    ....  not found
12-03 16:59:27.370 32167 32249 D UE4     : [2021.12.03-22.59.27:370][  0]LogShaderLibrary: Display: Running without a pakfile and did not find a monolithic library 'SpeedTreeImporter' - attempting disk search for its chunks
12-03 16:59:27.370 32167 32249 D UE4     : [2021.12.03-22.59.27:370][  0]LogShaderLibrary: Display:    ....  not found
12-03 16:59:27.371 32167 32249 D UE4     : [2021.12.03-22.59.27:371][  0]LogShaderLibrary: Display: Running without a pakfile and did not find a monolithic library 'Paper2D' - attempting disk search for its chunks
12-03 16:59:27.371 32167 32249 D UE4     : [2021.12.03-22.59.27:371][  0]LogShaderLibrary: Display:    ....  not found
12-03 16:59:27.371 32167 32249 D UE4     : [2021.12.03-22.59.27:371][  0]LogShaderLibrary: Display: Running without a pakfile and did not find a monolithic library 'Paper2D' - attempting disk search for its chunks
12-03 16:59:27.372 32167 32249 D UE4     : [2021.12.03-22.59.27:371][  0]LogShaderLibrary: Display:    ....  not found
12-03 16:59:27.372 32167 32249 D UE4     : [2021.12.03-22.59.27:372][  0]LogShaderLibrary: Display: Running without a pakfile and did not find a monolithic library 'AnimationSharing' - attempting disk search for its chunks
12-03 16:59:27.372 32167 32249 D UE4     : [2021.12.03-22.59.27:372][  0]LogShaderLibrary: Display:    ....  not found
12-03 16:59:27.372 32167 32249 D UE4     : [2021.12.03-22.59.27:372][  0]LogShaderLibrary: Display: Running without a pakfile and did not find a monolithic library 'AnimationSharing' - attempting disk search for its chunks
12-03 16:59:27.373 32167 32249 D UE4     : [2021.12.03-22.59.27:373][  0]LogShaderLibrary: Display:    ....  not found
12-03 16:59:27.373 32167 32249 D UE4     : [2021.12.03-22.59.27:373][  0]LogShaderLibrary: Display: Running without a pakfile and did not find a monolithic library 'Niagara' - attempting disk search for its chunks
12-03 16:59:27.373 32167 32249 D UE4     : [2021.12.03-22.59.27:373][  0]LogShaderLibrary: Display:    ....  not found
12-03 16:59:27.374 32167 32249 D UE4     : [2021.12.03-22.59.27:374][  0]LogShaderLibrary: Display: Running without a pakfile and did not find a monolithic library 'Niagara' - attempting disk search for its chunks
12-03 16:59:27.374 32167 32249 D UE4     : [2021.12.03-22.59.27:374][  0]LogShaderLibrary: Display:    ....  not found
12-03 16:59:27.374 32167 32249 D UE4     : [2021.12.03-22.59.27:374][  0]LogShaderLibrary: Display: Running without a pakfile and did not find a monolithic library 'DatasmithContent' - attempting disk search for its chunks
12-03 16:59:27.374 32167 32249 D UE4     : [2021.12.03-22.59.27:374][  0]LogShaderLibrary: Display:    ....  not found
12-03 16:59:27.374 32167 32249 D UE4     : [2021.12.03-22.59.27:374][  0]LogShaderLibrary: Display: Running without a pakfile and did not find a monolithic library 'DatasmithContent' - attempting disk search for its chunks
12-03 16:59:27.374 32167 32249 D UE4     : [2021.12.03-22.59.27:374][  0]LogShaderLibrary: Display:    ....  not found
12-03 16:59:27.375 32167 32249 D UE4     : [2021.12.03-22.59.27:375][  0]LogShaderLibrary: Display: Running without a pakfile and did not find a monolithic library 'Takes' - attempting disk search for its chunks
12-03 16:59:27.375 32167 32249 D UE4     : [2021.12.03-22.59.27:375][  0]LogShaderLibrary: Display:    ....  not found
12-03 16:59:27.375 32167 32249 D UE4     : [2021.12.03-22.59.27:375][  0]LogShaderLibrary: Display: Running without a pakfile and did not find a monolithic library 'Takes' - attempting disk search for its chunks
12-03 16:59:27.375 32167 32249 D UE4     : [2021.12.03-22.59.27:375][  0]LogShaderLibrary: Display:    ....  not found
12-03 16:59:27.375 32167 32249 D UE4     : [2021.12.03-22.59.27:375][  0]LogShaderLibrary: Display: Running without a pakfile and did not find a monolithic library 'ChaosSolverPlugin' - attempting disk search for its chunks
12-03 16:59:27.375 32167 32249 D UE4     : [2021.12.03-22.59.27:375][  0]LogShaderLibrary: Display:    ....  not found
12-03 16:59:27.375 32167 32249 D UE4     : [2021.12.03-22.59.27:375][  0]LogShaderLibrary: Display: Running without a pakfile and did not find a monolithic library 'ChaosSolverPlugin' - attempting disk search for its chunks
12-03 16:59:27.375 32167 32249 D UE4     : [2021.12.03-22.59.27:375][  0]LogShaderLibrary: Display:    ....  not found
12-03 16:59:27.375 32167 32249 D UE4     : [2021.12.03-22.59.27:375][  0]LogShaderLibrary: Display: Running without a pakfile and did not find a monolithic library 'MotoSynth' - attempting disk search for its chunks
12-03 16:59:27.375 32167 32249 D UE4     : [2021.12.03-22.59.27:375][  0]LogShaderLibrary: Display:    ....  not found
12-03 16:59:27.375 32167 32249 D UE4     : [2021.12.03-22.59.27:375][  0]LogShaderLibrary: Display: Running without a pakfile and did not find a monolithic library 'MotoSynth' - attempting disk search for its chunks
12-03 16:59:27.376 32167 32249 D UE4     : [2021.12.03-22.59.27:376][  0]LogShaderLibrary: Display:    ....  not found
12-03 16:59:27.376 32167 32249 D UE4     : [2021.12.03-22.59.27:376][  0]LogShaderLibrary: Display: Running without a pakfile and did not find a monolithic library 'GeometryProcessing' - attempting disk search for its chunks
12-03 16:59:27.376 32167 32249 D UE4     : [2021.12.03-22.59.27:376][  0]LogShaderLibrary: Display:    ....  not found
12-03 16:59:27.376 32167 32249 D UE4     : [2021.12.03-22.59.27:376][  0]LogShaderLibrary: Display: Running without a pakfile and did not find a monolithic library 'GeometryProcessing' - attempting disk search for its chunks
12-03 16:59:27.376 32167 32249 D UE4     : [2021.12.03-22.59.27:376][  0]LogShaderLibrary: Display:    ....  not found
12-03 16:59:27.376 32167 32249 D UE4     : [2021.12.03-22.59.27:376][  0]LogShaderLibrary: Display: Running without a pakfile and did not find a monolithic library 'ChaosNiagara' - attempting disk search for its chunks
12-03 16:59:27.376 32167 32249 D UE4     : [2021.12.03-22.59.27:376][  0]LogShaderLibrary: Display:    ....  not found
12-03 16:59:27.376 32167 32249 D UE4     : [2021.12.03-22.59.27:376][  0]LogShaderLibrary: Display: Running without a pakfile and did not find a monolithic library 'ChaosNiagara' - attempting disk search for its chunks
12-03 16:59:27.376 32167 32249 D UE4     : [2021.12.03-22.59.27:376][  0]LogShaderLibrary: Display:    ....  not found
12-03 16:59:27.377 32167 32249 D UE4     : [2021.12.03-22.59.27:377][  0]LogShaderLibrary: Display: Running without a pakfile and did not find a monolithic library 'ChaosClothEditor' - attempting disk search for its chunks
12-03 16:59:27.377 32167 32249 D UE4     : [2021.12.03-22.59.27:377][  0]LogShaderLibrary: Display:    ....  not found
12-03 16:59:27.377 32167 32249 D UE4     : [2021.12.03-22.59.27:377][  0]LogShaderLibrary: Display: Running without a pakfile and did not find a monolithic library 'ChaosClothEditor' - attempting disk search for its chunks
12-03 16:59:27.377 32167 32249 D UE4     : [2021.12.03-22.59.27:377][  0]LogShaderLibrary: Display:    ....  not found
12-03 16:59:27.377 32167 32249 D UE4     : [2021.12.03-22.59.27:377][  0]LogShaderLibrary: Display: Running without a pakfile and did not find a monolithic library 'PythonScriptPlugin' - attempting disk search for its chunks
12-03 16:59:27.377 32167 32249 D UE4     : [2021.12.03-22.59.27:377][  0]LogShaderLibrary: Display:    ....  not found
12-03 16:59:27.377 32167 32249 D UE4     : [2021.12.03-22.59.27:377][  0]LogShaderLibrary: Display: Running without a pakfile and did not find a monolithic library 'PythonScriptPlugin' - attempting disk search for its chunks
12-03 16:59:27.377 32167 32249 D UE4     : [2021.12.03-22.59.27:377][  0]LogShaderLibrary: Display:    ....  not found
12-03 16:59:27.377 32167 32249 D UE4     : [2021.12.03-22.59.27:377][  0]LogShaderLibrary: Display: Running without a pakfile and did not find a monolithic library 'GeometryCollectionPlugin' - attempting disk search for its chunks
12-03 16:59:27.377 32167 32249 D UE4     : [2021.12.03-22.59.27:377][  0]LogShaderLibrary: Display:    ....  not found
12-03 16:59:27.378 32167 32249 D UE4     : [2021.12.03-22.59.27:378][  0]LogShaderLibrary: Display: Running without a pakfile and did not find a monolithic library 'GeometryCollectionPlugin' - attempting disk search for its chunks
12-03 16:59:27.378 32167 32249 D UE4     : [2021.12.03-22.59.27:378][  0]LogShaderLibrary: Display:    ....  not found
12-03 16:59:27.378 32167 32249 D UE4     : [2021.12.03-22.59.27:378][  0]LogShaderLibrary: Display: Running without a pakfile and did not find a monolithic library 'Synthesis' - attempting disk search for its chunks
12-03 16:59:27.378 32167 32249 D UE4     : [2021.12.03-22.59.27:378][  0]LogShaderLibrary: Display:    ....  not found
12-03 16:59:27.378 32167 32249 D UE4     : [2021.12.03-22.59.27:378][  0]LogShaderLibrary: Display: Running without a pakfile and did not find a monolithic library 'Synthesis' - attempting disk search for its chunks
12-03 16:59:27.378 32167 32249 D UE4     : [2021.12.03-22.59.27:378][  0]LogShaderLibrary: Display:    ....  not found
12-03 16:59:27.378 32167 32249 D UE4     : [2021.12.03-22.59.27:378][  0]LogShaderLibrary: Display: Running without a pakfile and did not find a monolithic library 'OpenXREyeTracker' - attempting disk search for its chunks
12-03 16:59:27.378 32167 32249 D UE4     : [2021.12.03-22.59.27:378][  0]LogShaderLibrary: Display:    ....  not found
12-03 16:59:27.378 32167 32249 D UE4     : [2021.12.03-22.59.27:378][  0]LogShaderLibrary: Display: Running without a pakfile and did not find a monolithic library 'OpenXREyeTracker' - attempting disk search for its chunks
12-03 16:59:27.378 32167 32249 D UE4     : [2021.12.03-22.59.27:378][  0]LogShaderLibrary: Display:    ....  not found
12-03 16:59:27.378 32167 32249 D UE4     : [2021.12.03-22.59.27:378][  0]LogShaderLibrary: Display: Running without a pakfile and did not find a monolithic library 'AudioSynesthesia' - attempting disk search for its chunks
12-03 16:59:27.379 32167 32249 D UE4     : [2021.12.03-22.59.27:379][  0]LogShaderLibrary: Display:    ....  not found
12-03 16:59:27.379 32167 32249 D UE4     : [2021.12.03-22.59.27:379][  0]LogShaderLibrary: Display: Running without a pakfile and did not find a monolithic library 'AudioSynesthesia' - attempting disk search for its chunks
12-03 16:59:27.379 32167 32249 D UE4     : [2021.12.03-22.59.27:379][  0]LogShaderLibrary: Display:    ....  not found
12-03 16:59:27.379 32167 32249 D UE4     : [2021.12.03-22.59.27:379][  0]LogShaderLibrary: Display: Running without a pakfile and did not find a monolithic library 'OpenXRHandTracking' - attempting disk search for its chunks
12-03 16:59:27.379 32167 32249 D UE4     : [2021.12.03-22.59.27:379][  0]LogShaderLibrary: Display:    ....  not found
12-03 16:59:27.379 32167 32249 D UE4     : [2021.12.03-22.59.27:379][  0]LogShaderLibrary: Display: Running without a pakfile and did not find a monolithic library 'OpenXRHandTracking' - attempting disk search for its chunks
12-03 16:59:27.379 32167 32249 D UE4     : [2021.12.03-22.59.27:379][  0]LogShaderLibrary: Display:    ....  not found
12-03 16:59:27.379 32167 32249 D UE4     : [2021.12.03-22.59.27:379][  0]LogShaderLibrary: Display: Running without a pakfile and did not find a monolithic library 'OpenXR' - attempting disk search for its chunks
12-03 16:59:27.379 32167 32249 D UE4     : [2021.12.03-22.59.27:379][  0]LogShaderLibrary: Display:    ....  not found
12-03 16:59:27.379 32167 32249 D UE4     : [2021.12.03-22.59.27:379][  0]LogShaderLibrary: Display: Running without a pakfile and did not find a monolithic library 'OpenXR' - attempting disk search for its chunks
12-03 16:59:27.379 32167 32249 D UE4     : [2021.12.03-22.59.27:379][  0]LogShaderLibrary: Display:    ....  not found
12-03 16:59:27.380 32167 32249 D UE4     : [2021.12.03-22.59.27:380][  0]LogShaderLibrary: Display: Running without a pakfile and did not find a monolithic library 'OculusVR' - attempting disk search for its chunks
12-03 16:59:27.380 32167 32249 D UE4     : [2021.12.03-22.59.27:380][  0]LogShaderLibrary: Display:    ....  not found
12-03 16:59:27.380 32167 32249 D UE4     : [2021.12.03-22.59.27:380][  0]LogShaderLibrary: Display: Running without a pakfile and did not find a monolithic library 'OculusVR' - attempting disk search for its chunks
12-03 16:59:27.380 32167 32249 D UE4     : [2021.12.03-22.59.27:380][  0]LogShaderLibrary: Display:    ....  not found
12-03 16:59:27.380 32167 32249 D UE4     : [2021.12.03-22.59.27:380][  0]LogTemp: Warning: Clearing the OS Cache
12-03 16:59:27.380 32167 32249 D UE4     : [2021.12.03-22.59.27:380][  0]LogODSC: ODSC Thread active.
12-03 16:59:27.391  1491  1491 D CustomFrequencyManagerService: FrequencyrequestList.getNextCStateDisableRequest, index: 3
12-03 16:59:27.393  1491  1491 D CustomFrequencyManagerService: releaseDVFSLockLocked : Getting Lock type frm List : DVFS_MIN_LIMIT  frequency : 1401600  uid : 1000  pid : 1491  tag : AMS_RESUME_TAIL@CPU_MIN@26
12-03 16:59:27.407 32167 32249 D UE4     : [2021.12.03-22.59.27:407][  0]LogSlate: Using FreeType 2.10.4
12-03 16:59:27.408 32167 32249 D UE4     : [2021.12.03-22.59.27:408][  0]LogSlate: SlateFontServices - WITH_FREETYPE: 1, WITH_HARFBUZZ: 1
12-03 16:59:27.408 32167 32249 D UE4     : [2021.12.03-22.59.27:408][  0]LogHMD: Failed to load openxr_loader.dll
12-03 16:59:27.408 32167 32249 D UE4     : [2021.12.03-22.59.27:408][  0]LogHMD: Failed to initialize core functions. Please check that you have a valid OpenXR runtime installed.
12-03 16:59:27.409 32167 32249 D UE4     : [2021.12.03-22.59.27:409][  0]LogImageWrapper: Warning: PNG Warning: iCCP: known incorrect sRGB profile
12-03 16:59:27.409 32167 32249 D UE4     : [2021.12.03-22.59.27:409][  0]LogImageWrapper: Warning: PNG Warning: iCCP: known incorrect sRGB profile
12-03 16:59:27.410 32167 32265 D UE4     : [2021.12.03-22.59.27:410][  0]LogImageWrapper: Warning: PNG Warning: iCCP: known incorrect sRGB profile
12-03 16:59:27.410 32167 32265 D UE4     : [2021.12.03-22.59.27:410][  0]LogImageWrapper: Warning: PNG Warning: iCCP: known incorrect sRGB profile
12-03 16:59:27.410 32167 32249 D UE4     : [2021.12.03-22.59.27:410][  0]LogImageWrapper: Warning: PNG Warning: iCCP: known incorrect sRGB profile
12-03 16:59:27.410 32167 32249 D UE4     : [2021.12.03-22.59.27:410][  0]LogImageWrapper: Warning: PNG Warning: iCCP: known incorrect sRGB profile
12-03 16:59:27.411 32167 32266 D UE4     : [2021.12.03-22.59.27:411][  0]LogImageWrapper: Warning: PNG Warning: iCCP: known incorrect sRGB profile
12-03 16:59:27.411 32167 32266 D UE4     : [2021.12.03-22.59.27:411][  0]LogImageWrapper: Warning: PNG Warning: iCCP: known incorrect sRGB profile
12-03 16:59:27.411 32167 32264 D UE4     : [2021.12.03-22.59.27:411][  0]LogImageWrapper: Warning: PNG Warning: iCCP: known incorrect sRGB profile
12-03 16:59:27.411 32167 32264 D UE4     : [2021.12.03-22.59.27:411][  0]LogImageWrapper: Warning: PNG Warning: iCCP: known incorrect sRGB profile
12-03 16:59:27.411 32167 32249 D UE4     : [2021.12.03-22.59.27:411][  0]LogImageWrapper: Warning: PNG Warning: iCCP: known incorrect sRGB profile
12-03 16:59:27.411 32167 32249 D UE4     : [2021.12.03-22.59.27:411][  0]LogImageWrapper: Warning: PNG Warning: iCCP: known incorrect sRGB profile
12-03 16:59:27.412 32167 32264 D UE4     : [2021.12.03-22.59.27:412][  0]LogImageWrapper: Warning: PNG Warning: iCCP: known incorrect sRGB profile
12-03 16:59:27.412 32167 32264 D UE4     : [2021.12.03-22.59.27:412][  0]LogImageWrapper: Warning: PNG Warning: iCCP: known incorrect sRGB profile
12-03 16:59:27.412 32167 32267 D UE4     : [2021.12.03-22.59.27:412][  0]LogImageWrapper: Warning: PNG Warning: iCCP: known incorrect sRGB profile
12-03 16:59:27.412 32167 32267 D UE4     : [2021.12.03-22.59.27:412][  0]LogImageWrapper: Warning: PNG Warning: iCCP: known incorrect sRGB profile
12-03 16:59:27.413 32167 32266 D UE4     : [2021.12.03-22.59.27:413][  0]LogImageWrapper: Warning: PNG Warning: iCCP: known incorrect sRGB profile
12-03 16:59:27.413 32167 32266 D UE4     : [2021.12.03-22.59.27:413][  0]LogImageWrapper: Warning: PNG Warning: iCCP: known incorrect sRGB profile
12-03 16:59:27.413 32167 32264 D UE4     : [2021.12.03-22.59.27:413][  0]LogImageWrapper: Warning: PNG Warning: iCCP: known incorrect sRGB profile
12-03 16:59:27.413 32167 32264 D UE4     : [2021.12.03-22.59.27:413][  0]LogImageWrapper: Warning: PNG Warning: iCCP: known incorrect sRGB profile
12-03 16:59:27.413 32167 32265 D UE4     : [2021.12.03-22.59.27:413][  0]LogImageWrapper: Warning: PNG Warning: iCCP: known incorrect sRGB profile
12-03 16:59:27.413 32167 32265 D UE4     : [2021.12.03-22.59.27:413][  0]LogImageWrapper: Warning: PNG Warning: iCCP: known incorrect sRGB profile
12-03 16:59:27.414 32167 32249 D UE4     : [2021.12.03-22.59.27:414][  0]LogImageWrapper: Warning: PNG Warning: iCCP: known incorrect sRGB profile
12-03 16:59:27.414 32167 32249 D UE4     : [2021.12.03-22.59.27:414][  0]LogImageWrapper: Warning: PNG Warning: iCCP: known incorrect sRGB profile
12-03 16:59:27.414 32167 32264 D UE4     : [2021.12.03-22.59.27:414][  0]LogImageWrapper: Warning: PNG Warning: iCCP: known incorrect sRGB profile
12-03 16:59:27.414 32167 32264 D UE4     : [2021.12.03-22.59.27:414][  0]LogImageWrapper: Warning: PNG Warning: iCCP: known incorrect sRGB profile
12-03 16:59:27.414 32167 32265 D UE4     : [2021.12.03-22.59.27:414][  0]LogImageWrapper: Warning: PNG Warning: iCCP: known incorrect sRGB profile
12-03 16:59:27.414 32167 32265 D UE4     : [2021.12.03-22.59.27:414][  0]LogImageWrapper: Warning: PNG Warning: iCCP: known incorrect sRGB profile
12-03 16:59:27.415 32167 32249 D UE4     : [2021.12.03-22.59.27:415][  0]LogImageWrapper: Warning: PNG Warning: iCCP: known incorrect sRGB profile
12-03 16:59:27.415 32167 32249 D UE4     : [2021.12.03-22.59.27:415][  0]LogImageWrapper: Warning: PNG Warning: iCCP: known incorrect sRGB profile
12-03 16:59:27.415  1491  1491 D CustomFrequencyManagerService: FrequencyrequestList.getNextMaxCPUCoreRequest, index: 4
12-03 16:59:27.415 32167 32264 D UE4     : [2021.12.03-22.59.27:415][  0]LogImageWrapper: Warning: PNG Warning: iCCP: known incorrect sRGB profile
12-03 16:59:27.415 32167 32264 D UE4     : [2021.12.03-22.59.27:415][  0]LogImageWrapper: Warning: PNG Warning: iCCP: known incorrect sRGB profile
12-03 16:59:27.415 32167 32265 D UE4     : [2021.12.03-22.59.27:415][  0]LogImageWrapper: Warning: PNG Warning: iCCP: known incorrect sRGB profile
12-03 16:59:27.415 32167 32265 D UE4     : [2021.12.03-22.59.27:415][  0]LogImageWrapper: Warning: PNG Warning: iCCP: known incorrect sRGB profile
12-03 16:59:27.416 32167 32249 D UE4     : [2021.12.03-22.59.27:416][  0]LogImageWrapper: Warning: PNG Warning: iCCP: known incorrect sRGB profile
12-03 16:59:27.416 32167 32265 D UE4     : [2021.12.03-22.59.27:416][  0]LogImageWrapper: Warning: PNG Warning: iCCP: known incorrect sRGB profile
12-03 16:59:27.416 32167 32265 D UE4     : [2021.12.03-22.59.27:416][  0]LogImageWrapper: Warning: PNG Warning: iCCP: known incorrect sRGB profile
12-03 16:59:27.416 32167 32264 D UE4     : [2021.12.03-22.59.27:416][  0]LogImageWrapper: Warning: PNG Warning: iCCP: known incorrect sRGB profile
12-03 16:59:27.417 32167 32264 D UE4     : [2021.12.03-22.59.27:417][  0]LogImageWrapper: Warning: PNG Warning: iCCP: known incorrect sRGB profile
12-03 16:59:27.417 32167 32265 D UE4     : [2021.12.03-22.59.27:417][  0]LogImageWrapper: Warning: PNG Warning: iCCP: known incorrect sRGB profile
12-03 16:59:27.417 32167 32265 D UE4     : [2021.12.03-22.59.27:417][  0]LogImageWrapper: Warning: PNG Warning: iCCP: known incorrect sRGB profile
12-03 16:59:27.418 32167 32264 D UE4     : [2021.12.03-22.59.27:418][  0]LogImageWrapper: Warning: PNG Warning: iCCP: known incorrect sRGB profile
12-03 16:59:27.418 32167 32264 D UE4     : [2021.12.03-22.59.27:418][  0]LogImageWrapper: Warning: PNG Warning: iCCP: known incorrect sRGB profile
12-03 16:59:27.418 32167 32267 D UE4     : [2021.12.03-22.59.27:418][  0]LogImageWrapper: Warning: PNG Warning: iCCP: known incorrect sRGB profile
12-03 16:59:27.419 32167 32267 D UE4     : [2021.12.03-22.59.27:419][  0]LogImageWrapper: Warning: PNG Warning: iCCP: known incorrect sRGB profile
12-03 16:59:27.419 32167 32264 D UE4     : [2021.12.03-22.59.27:419][  0]LogImageWrapper: Warning: PNG Warning: iCCP: known incorrect sRGB profile
12-03 16:59:27.419 32167 32264 D UE4     : [2021.12.03-22.59.27:419][  0]LogImageWrapper: Warning: PNG Warning: iCCP: known incorrect sRGB profile
12-03 16:59:27.419 32167 32249 D UE4     : [2021.12.03-22.59.27:419][  0]LogImageWrapper: Warning: PNG Warning: iCCP: known incorrect sRGB profile
12-03 16:59:27.420 32167 32267 D UE4     : [2021.12.03-22.59.27:420][  0]LogImageWrapper: Warning: PNG Warning: iCCP: known incorrect sRGB profile
12-03 16:59:27.420 32167 32267 D UE4     : [2021.12.03-22.59.27:420][  0]LogImageWrapper: Warning: PNG Warning: iCCP: known incorrect sRGB profile
12-03 16:59:27.420 32167 32265 D UE4     : [2021.12.03-22.59.27:420][  0]LogImageWrapper: Warning: PNG Warning: iCCP: known incorrect sRGB profile
12-03 16:59:27.420 32167 32265 D UE4     : [2021.12.03-22.59.27:420][  0]LogImageWrapper: Warning: PNG Warning: iCCP: known incorrect sRGB profile
12-03 16:59:27.420 32167 32249 D UE4     : [2021.12.03-22.59.27:420][  0]LogImageWrapper: Warning: PNG Warning: iCCP: known incorrect sRGB profile
12-03 16:59:27.421 32167 32249 D UE4     : [2021.12.03-22.59.27:421][  0]LogImageWrapper: Warning: PNG Warning: iCCP: known incorrect sRGB profile
12-03 16:59:27.421 32167 32267 D UE4     : [2021.12.03-22.59.27:421][  0]LogImageWrapper: Warning: PNG Warning: iCCP: known incorrect sRGB profile
12-03 16:59:27.421 32167 32267 D UE4     : [2021.12.03-22.59.27:421][  0]LogImageWrapper: Warning: PNG Warning: iCCP: known incorrect sRGB profile
12-03 16:59:27.421 32167 32265 D UE4     : [2021.12.03-22.59.27:421][  0]LogImageWrapper: Warning: PNG Warning: iCCP: known incorrect sRGB profile
12-03 16:59:27.421 32167 32265 D UE4     : [2021.12.03-22.59.27:421][  0]LogImageWrapper: Warning: PNG Warning: iCCP: known incorrect sRGB profile
12-03 16:59:27.421  1491  1491 D CustomFrequencyManagerService: releaseDVFSLockLocked : Getting Lock type frm List : DVFS_MIN_LIMIT  frequency : 2208000  uid : 1000  pid : 1491  tag : APP_LAUNCH@CPU_MIN@50
12-03 16:59:27.421 32167 32264 D UE4     : [2021.12.03-22.59.27:421][  0]LogImageWrapper: Warning: PNG Warning: iCCP: known incorrect sRGB profile
12-03 16:59:27.422 32167 32264 D UE4     : [2021.12.03-22.59.27:422][  0]LogImageWrapper: Warning: PNG Warning: iCCP: known incorrect sRGB profile
12-03 16:59:27.422 32167 32267 D UE4     : [2021.12.03-22.59.27:422][  0]LogImageWrapper: Warning: PNG Warning: iCCP: known incorrect sRGB profile
12-03 16:59:27.422 32167 32267 D UE4     : [2021.12.03-22.59.27:422][  0]LogImageWrapper: Warning: PNG Warning: iCCP: cHRM chunk does not match sRGB
12-03 16:59:27.422 32167 32267 D UE4     : [2021.12.03-22.59.27:422][  0]LogImageWrapper: Warning: PNG Warning: iCCP: known incorrect sRGB profile
12-03 16:59:27.422 32167 32267 D UE4     : [2021.12.03-22.59.27:422][  0]LogImageWrapper: Warning: PNG Warning: iCCP: cHRM chunk does not match sRGB
12-03 16:59:27.422 32167 32265 D UE4     : [2021.12.03-22.59.27:422][  0]LogImageWrapper: Warning: PNG Warning: iCCP: known incorrect sRGB profile
12-03 16:59:27.422 32167 32265 D UE4     : [2021.12.03-22.59.27:422][  0]LogImageWrapper: Warning: PNG Warning: iCCP: known incorrect sRGB profile
12-03 16:59:27.422 32167 32264 D UE4     : [2021.12.03-22.59.27:422][  0]LogImageWrapper: Warning: PNG Warning: iCCP: known incorrect sRGB profile
12-03 16:59:27.423 32167 32264 D UE4     : [2021.12.03-22.59.27:423][  0]LogImageWrapper: Warning: PNG Warning: iCCP: known incorrect sRGB profile
12-03 16:59:27.423 32167 32267 D UE4     : [2021.12.03-22.59.27:423][  0]LogImageWrapper: Warning: PNG Warning: iCCP: known incorrect sRGB profile
12-03 16:59:27.423 32167 32267 D UE4     : [2021.12.03-22.59.27:423][  0]LogImageWrapper: Warning: PNG Warning: iCCP: known incorrect sRGB profile
12-03 16:59:27.423 32167 32265 D UE4     : [2021.12.03-22.59.27:423][  0]LogImageWrapper: Warning: PNG Warning: iCCP: known incorrect sRGB profile
12-03 16:59:27.423 32167 32265 D UE4     : [2021.12.03-22.59.27:423][  0]LogImageWrapper: Warning: PNG Warning: iCCP: known incorrect sRGB profile
12-03 16:59:27.424 32167 32266 D UE4     : [2021.12.03-22.59.27:424][  0]LogImageWrapper: Warning: PNG Warning: iCCP: known incorrect sRGB profile
12-03 16:59:27.424 32167 32266 D UE4     : [2021.12.03-22.59.27:424][  0]LogImageWrapper: Warning: PNG Warning: iCCP: known incorrect sRGB profile
12-03 16:59:27.424 32167 32267 D UE4     : [2021.12.03-22.59.27:424][  0]LogImageWrapper: Warning: PNG Warning: iCCP: known incorrect sRGB profile
12-03 16:59:27.424 32167 32267 D UE4     : [2021.12.03-22.59.27:424][  0]LogImageWrapper: Warning: PNG Warning: iCCP: known incorrect sRGB profile
12-03 16:59:27.426 32167 32265 D UE4     : [2021.12.03-22.59.27:426][  0]LogImageWrapper: Warning: PNG Warning: iCCP: known incorrect sRGB profile
12-03 16:59:27.427 32167 32265 D UE4     : [2021.12.03-22.59.27:426][  0]LogImageWrapper: Warning: PNG Warning: iCCP: known incorrect sRGB profile
12-03 16:59:27.433 32167 32249 D UE4     : [2021.12.03-22.59.27:433][  0]LogImageWrapper: Warning: PNG Warning: iCCP: known incorrect sRGB profile
12-03 16:59:27.434 32167 32249 D UE4     : [2021.12.03-22.59.27:434][  0]LogImageWrapper: Warning: PNG Warning: iCCP: known incorrect sRGB profile
12-03 16:59:27.434 32167 32265 D UE4     : [2021.12.03-22.59.27:434][  0]LogImageWrapper: Warning: PNG Warning: iCCP: known incorrect sRGB profile
12-03 16:59:27.434 32167 32265 D UE4     : [2021.12.03-22.59.27:434][  0]LogImageWrapper: Warning: PNG Warning: iCCP: known incorrect sRGB profile
12-03 16:59:27.434 32167 32267 D UE4     : [2021.12.03-22.59.27:434][  0]LogImageWrapper: Warning: PNG Warning: iCCP: known incorrect sRGB profile
12-03 16:59:27.435 32167 32267 D UE4     : [2021.12.03-22.59.27:435][  0]LogImageWrapper: Warning: PNG Warning: iCCP: known incorrect sRGB profile
12-03 16:59:27.436 32167 32265 D UE4     : [2021.12.03-22.59.27:436][  0]LogImageWrapper: Warning: PNG Warning: iCCP: known incorrect sRGB profile
12-03 16:59:27.436 32167 32265 I chatty  : uid=10287(neu.edu.madcourse.Bello_CS5520_MoveMe) identical 1 line
12-03 16:59:27.436 32167 32265 D UE4     : [2021.12.03-22.59.27:436][  0]LogImageWrapper: Warning: PNG Warning: iCCP: known incorrect sRGB profile
12-03 16:59:27.437 32167 32265 D UE4     : [2021.12.03-22.59.27:437][  0]LogImageWrapper: Warning: PNG Warning: iCCP: known incorrect sRGB profile
12-03 16:59:27.437 32167 32266 D UE4     : [2021.12.03-22.59.27:437][  0]LogImageWrapper: Warning: PNG Warning: iCCP: known incorrect sRGB profile
12-03 16:59:27.437 32167 32266 D UE4     : [2021.12.03-22.59.27:437][  0]LogImageWrapper: Warning: PNG Warning: iCCP: known incorrect sRGB profile
12-03 16:59:27.437 32167 32267 D UE4     : [2021.12.03-22.59.27:437][  0]LogImageWrapper: Warning: PNG Warning: iCCP: known incorrect sRGB profile
12-03 16:59:27.437 32167 32266 D UE4     : [2021.12.03-22.59.27:437][  0]LogImageWrapper: Warning: PNG Warning: iCCP: known incorrect sRGB profile
12-03 16:59:27.437 32167 32266 D UE4     : [2021.12.03-22.59.27:437][  0]LogImageWrapper: Warning: PNG Warning: iCCP: known incorrect sRGB profile
12-03 16:59:27.437 32167 32264 D UE4     : [2021.12.03-22.59.27:437][  0]LogImageWrapper: Warning: PNG Warning: iCCP: known incorrect sRGB profile
12-03 16:59:27.438 32167 32264 D UE4     : [2021.12.03-22.59.27:437][  0]LogImageWrapper: Warning: PNG Warning: iCCP: known incorrect sRGB profile
12-03 16:59:27.438 32167 32249 D UE4     : [2021.12.03-22.59.27:438][  0]LogImageWrapper: Warning: PNG Warning: iCCP: known incorrect sRGB profile
12-03 16:59:27.438 32167 32249 D UE4     : [2021.12.03-22.59.27:438][  0]LogImageWrapper: Warning: PNG Warning: iCCP: known incorrect sRGB profile
12-03 16:59:27.438 32167 32266 D UE4     : [2021.12.03-22.59.27:438][  0]LogImageWrapper: Warning: PNG Warning: iCCP: known incorrect sRGB profile
12-03 16:59:27.439 32167 32266 D UE4     : [2021.12.03-22.59.27:439][  0]LogImageWrapper: Warning: PNG Warning: iCCP: known incorrect sRGB profile
12-03 16:59:27.439 32167 32249 D UE4     : [2021.12.03-22.59.27:439][  0]LogImageWrapper: Warning: PNG Warning: iCCP: known incorrect sRGB profile
12-03 16:59:27.439 32167 32249 D UE4     : [2021.12.03-22.59.27:439][  0]LogImageWrapper: Warning: PNG Warning: iCCP: known incorrect sRGB profile
12-03 16:59:27.440 32167 32249 D UE4     : [2021.12.03-22.59.27:440][  0]LogImageWrapper: Warning: PNG Warning: iCCP: known incorrect sRGB profile
12-03 16:59:27.440 32167 32249 D UE4     : [2021.12.03-22.59.27:440][  0]LogImageWrapper: Warning: PNG Warning: iCCP: known incorrect sRGB profile
12-03 16:59:27.440 32167 32265 D UE4     : [2021.12.03-22.59.27:440][  0]LogImageWrapper: Warning: PNG Warning: iCCP: known incorrect sRGB profile
12-03 16:59:27.440 32167 32265 D UE4     : [2021.12.03-22.59.27:440][  0]LogImageWrapper: Warning: PNG Warning: iCCP: known incorrect sRGB profile
12-03 16:59:27.440 32167 32267 D UE4     : [2021.12.03-22.59.27:440][  0]LogImageWrapper: Warning: PNG Warning: iCCP: known incorrect sRGB profile
12-03 16:59:27.441 32167 32267 D UE4     : [2021.12.03-22.59.27:441][  0]LogImageWrapper: Warning: PNG Warning: iCCP: known incorrect sRGB profile
12-03 16:59:27.441 32167 32267 I chatty  : uid=10287(neu.edu.madcourse.Bello_CS5520_MoveMe) identical 2 lines
12-03 16:59:27.441 32167 32267 D UE4     : [2021.12.03-22.59.27:441][  0]LogImageWrapper: Warning: PNG Warning: iCCP: known incorrect sRGB profile
12-03 16:59:27.442 32167 32265 D UE4     : [2021.12.03-22.59.27:442][  0]LogImageWrapper: Warning: PNG Warning: iCCP: known incorrect sRGB profile
12-03 16:59:27.442  1491  1491 D CustomFrequencyManagerService: releaseDVFSLockLocked : Getting Lock type frm List : DVFS_MIN_LIMIT  frequency : 2208000  uid : 1000  pid : 1491  tag : PWM_ROTATION@CPU_MIN@65
12-03 16:59:27.442 32167 32265 D UE4     : [2021.12.03-22.59.27:442][  0]LogImageWrapper: Warning: PNG Warning: iCCP: known incorrect sRGB profile
12-03 16:59:27.442 32167 32249 D UE4     : [2021.12.03-22.59.27:442][  0]LogImageWrapper: Warning: PNG Warning: iCCP: known incorrect sRGB profile
12-03 16:59:27.442 32167 32249 D UE4     : [2021.12.03-22.59.27:442][  0]LogImageWrapper: Warning: PNG Warning: iCCP: known incorrect sRGB profile
12-03 16:59:27.443 32167 32267 D UE4     : [2021.12.03-22.59.27:443][  0]LogImageWrapper: Warning: PNG Warning: iCCP: known incorrect sRGB profile
12-03 16:59:27.443 32167 32249 D UE4     : [2021.12.03-22.59.27:443][  0]LogImageWrapper: Warning: PNG Warning: iCCP: known incorrect sRGB profile
12-03 16:59:27.443 32167 32249 D UE4     : [2021.12.03-22.59.27:443][  0]LogImageWrapper: Warning: PNG Warning: iCCP: cHRM chunk does not match sRGB
12-03 16:59:27.443 32167 32249 D UE4     : [2021.12.03-22.59.27:443][  0]LogImageWrapper: Warning: PNG Warning: iCCP: known incorrect sRGB profile
12-03 16:59:27.443 32167 32249 D UE4     : [2021.12.03-22.59.27:443][  0]LogImageWrapper: Warning: PNG Warning: iCCP: cHRM chunk does not match sRGB
12-03 16:59:27.443 32167 32249 D UE4     : [2021.12.03-22.59.27:443][  0]LogImageWrapper: Warning: PNG Warning: iCCP: known incorrect sRGB profile
12-03 16:59:27.443 32167 32249 D UE4     : [2021.12.03-22.59.27:443][  0]LogImageWrapper: Warning: PNG Warning: iCCP: cHRM chunk does not match sRGB
12-03 16:59:27.444 32167 32249 D UE4     : [2021.12.03-22.59.27:444][  0]LogImageWrapper: Warning: PNG Warning: iCCP: known incorrect sRGB profile
12-03 16:59:27.444 32167 32249 D UE4     : [2021.12.03-22.59.27:444][  0]LogImageWrapper: Warning: PNG Warning: iCCP: cHRM chunk does not match sRGB
12-03 16:59:27.444 32167 32249 D UE4     : [2021.12.03-22.59.27:444][  0]LogImageWrapper: Warning: PNG Warning: iCCP: known incorrect sRGB profile
12-03 16:59:27.444 32167 32249 D UE4     : [2021.12.03-22.59.27:444][  0]LogImageWrapper: Warning: PNG Warning: iCCP: cHRM chunk does not match sRGB
12-03 16:59:27.444 32167 32249 D UE4     : [2021.12.03-22.59.27:444][  0]LogImageWrapper: Warning: PNG Warning: iCCP: known incorrect sRGB profile
12-03 16:59:27.444 32167 32249 D UE4     : [2021.12.03-22.59.27:444][  0]LogImageWrapper: Warning: PNG Warning: iCCP: cHRM chunk does not match sRGB
12-03 16:59:27.444 32167 32249 D UE4     : [2021.12.03-22.59.27:444][  0]LogImageWrapper: Warning: PNG Warning: iCCP: known incorrect sRGB profile
12-03 16:59:27.444 32167 32249 D UE4     : [2021.12.03-22.59.27:444][  0]LogImageWrapper: Warning: PNG Warning: iCCP: known incorrect sRGB profile
12-03 16:59:27.445 32167 32265 D UE4     : [2021.12.03-22.59.27:445][  0]LogImageWrapper: Warning: PNG Warning: iCCP: known incorrect sRGB profile
12-03 16:59:27.445 32167 32265 D UE4     : [2021.12.03-22.59.27:445][  0]LogImageWrapper: Warning: PNG Warning: iCCP: known incorrect sRGB profile
12-03 16:59:27.445 32167 32267 D UE4     : [2021.12.03-22.59.27:445][  0]LogImageWrapper: Warning: PNG Warning: iCCP: known incorrect sRGB profile
12-03 16:59:27.446 32167 32264 D UE4     : [2021.12.03-22.59.27:446][  0]LogImageWrapper: Warning: PNG Warning: iCCP: known incorrect sRGB profile
12-03 16:59:27.446 32167 32264 D UE4     : [2021.12.03-22.59.27:446][  0]LogImageWrapper: Warning: PNG Warning: iCCP: known incorrect sRGB profile
12-03 16:59:27.447 32167 32265 D UE4     : [2021.12.03-22.59.27:447][  0]LogImageWrapper: Warning: PNG Warning: iCCP: known incorrect sRGB profile
12-03 16:59:27.447 32167 32265 D UE4     : [2021.12.03-22.59.27:447][  0]LogImageWrapper: Warning: PNG Warning: iCCP: known incorrect sRGB profile
12-03 16:59:27.448 32167 32265 D UE4     : [2021.12.03-22.59.27:448][  0]LogImageWrapper: Warning: PNG Warning: iCCP: known incorrect sRGB profile
12-03 16:59:27.448 32167 32265 D UE4     : [2021.12.03-22.59.27:448][  0]LogImageWrapper: Warning: PNG Warning: iCCP: known incorrect sRGB profile
12-03 16:59:27.448 32167 32266 D UE4     : [2021.12.03-22.59.27:448][  0]LogImageWrapper: Warning: PNG Warning: iCCP: known incorrect sRGB profile
12-03 16:59:27.448 32167 32266 D UE4     : [2021.12.03-22.59.27:448][  0]LogImageWrapper: Warning: PNG Warning: iCCP: known incorrect sRGB profile
12-03 16:59:27.448 32167 32249 D UE4     : [2021.12.03-22.59.27:448][  0]LogImageWrapper: Warning: PNG Warning: iCCP: known incorrect sRGB profile
12-03 16:59:27.449 32167 32249 D UE4     : [2021.12.03-22.59.27:448][  0]LogImageWrapper: Warning: PNG Warning: iCCP: known incorrect sRGB profile
12-03 16:59:27.449 32167 32249 D UE4     : [2021.12.03-22.59.27:449][  0]LogImageWrapper: Warning: PNG Warning: iCCP: known incorrect sRGB profile
12-03 16:59:27.449 32167 32249 D UE4     : [2021.12.03-22.59.27:449][  0]LogImageWrapper: Warning: PNG Warning: iCCP: known incorrect sRGB profile
12-03 16:59:27.449 32167 32267 D UE4     : [2021.12.03-22.59.27:449][  0]LogImageWrapper: Warning: PNG Warning: iCCP: known incorrect sRGB profile
12-03 16:59:27.449 32167 32267 D UE4     : [2021.12.03-22.59.27:449][  0]LogImageWrapper: Warning: PNG Warning: iCCP: known incorrect sRGB profile
12-03 16:59:27.449 32167 32265 D UE4     : [2021.12.03-22.59.27:449][  0]LogImageWrapper: Warning: PNG Warning: iCCP: known incorrect sRGB profile
12-03 16:59:27.450 32167 32267 D UE4     : [2021.12.03-22.59.27:450][  0]LogImageWrapper: Warning: PNG Warning: iCCP: known incorrect sRGB profile
12-03 16:59:27.450 32167 32267 D UE4     : [2021.12.03-22.59.27:450][  0]LogImageWrapper: Warning: PNG Warning: iCCP: known incorrect sRGB profile
12-03 16:59:27.450 32167 32265 D UE4     : [2021.12.03-22.59.27:450][  0]LogImageWrapper: Warning: PNG Warning: iCCP: known incorrect sRGB profile
12-03 16:59:27.450 32167 32264 D UE4     : [2021.12.03-22.59.27:450][  0]LogImageWrapper: Warning: PNG Warning: iCCP: known incorrect sRGB profile
12-03 16:59:27.450 32167 32264 D UE4     : [2021.12.03-22.59.27:450][  0]LogImageWrapper: Warning: PNG Warning: iCCP: known incorrect sRGB profile
12-03 16:59:27.450 32167 32266 D UE4     : [2021.12.03-22.59.27:450][  0]LogImageWrapper: Warning: PNG Warning: iCCP: known incorrect sRGB profile
12-03 16:59:27.451 32167 32266 D UE4     : [2021.12.03-22.59.27:450][  0]LogImageWrapper: Warning: PNG Warning: iCCP: known incorrect sRGB profile
12-03 16:59:27.451 32167 32265 D UE4     : [2021.12.03-22.59.27:451][  0]LogImageWrapper: Warning: PNG Warning: iCCP: known incorrect sRGB profile
12-03 16:59:27.451 32167 32265 D UE4     : [2021.12.03-22.59.27:451][  0]LogImageWrapper: Warning: PNG Warning: iCCP: known incorrect sRGB profile
12-03 16:59:27.451 32167 32249 D UE4     : [2021.12.03-22.59.27:451][  0]LogImageWrapper: Warning: PNG Warning: iCCP: known incorrect sRGB profile
12-03 16:59:27.451 32167 32249 D UE4     : [2021.12.03-22.59.27:451][  0]LogImageWrapper: Warning: PNG Warning: iCCP: known incorrect sRGB profile
12-03 16:59:27.452 32167 32265 D UE4     : [2021.12.03-22.59.27:452][  0]LogImageWrapper: Warning: PNG Warning: iCCP: known incorrect sRGB profile
12-03 16:59:27.452 32167 32265 D UE4     : [2021.12.03-22.59.27:452][  0]LogImageWrapper: Warning: PNG Warning: iCCP: known incorrect sRGB profile
12-03 16:59:27.452 32167 32249 D UE4     : [2021.12.03-22.59.27:452][  0]LogImageWrapper: Warning: PNG Warning: iCCP: known incorrect sRGB profile
12-03 16:59:27.452 32167 32249 D UE4     : [2021.12.03-22.59.27:452][  0]LogImageWrapper: Warning: PNG Warning: iCCP: known incorrect sRGB profile
12-03 16:59:27.452 32167 32266 D UE4     : [2021.12.03-22.59.27:452][  0]LogImageWrapper: Warning: PNG Warning: iCCP: known incorrect sRGB profile
12-03 16:59:27.453 32167 32266 D UE4     : [2021.12.03-22.59.27:453][  0]LogImageWrapper: Warning: PNG Warning: iCCP: known incorrect sRGB profile
12-03 16:59:27.453 32167 32265 D UE4     : [2021.12.03-22.59.27:453][  0]LogImageWrapper: Warning: PNG Warning: iCCP: known incorrect sRGB profile
12-03 16:59:27.453 32167 32266 D UE4     : [2021.12.03-22.59.27:453][  0]LogImageWrapper: Warning: PNG Warning: iCCP: known incorrect sRGB profile
12-03 16:59:27.453 32167 32266 D UE4     : [2021.12.03-22.59.27:453][  0]LogImageWrapper: Warning: PNG Warning: iCCP: cHRM chunk does not match sRGB
12-03 16:59:27.453 32167 32266 D UE4     : [2021.12.03-22.59.27:453][  0]LogImageWrapper: Warning: PNG Warning: iCCP: known incorrect sRGB profile
12-03 16:59:27.453 32167 32266 D UE4     : [2021.12.03-22.59.27:453][  0]LogImageWrapper: Warning: PNG Warning: iCCP: cHRM chunk does not match sRGB
12-03 16:59:27.453 32167 32267 D UE4     : [2021.12.03-22.59.27:453][  0]LogImageWrapper: Warning: PNG Warning: iCCP: known incorrect sRGB profile
12-03 16:59:27.453 32167 32267 D UE4     : [2021.12.03-22.59.27:453][  0]LogImageWrapper: Warning: PNG Warning: iCCP: known incorrect sRGB profile
12-03 16:59:27.453 32167 32249 D UE4     : [2021.12.03-22.59.27:453][  0]LogImageWrapper: Warning: PNG Warning: iCCP: known incorrect sRGB profile
12-03 16:59:27.454 32167 32249 D UE4     : [2021.12.03-22.59.27:454][  0]LogImageWrapper: Warning: PNG Warning: iCCP: cHRM chunk does not match sRGB
12-03 16:59:27.454 32167 32249 D UE4     : [2021.12.03-22.59.27:454][  0]LogImageWrapper: Warning: PNG Warning: iCCP: known incorrect sRGB profile
12-03 16:59:27.454 32167 32249 D UE4     : [2021.12.03-22.59.27:454][  0]LogImageWrapper: Warning: PNG Warning: iCCP: cHRM chunk does not match sRGB
