12-03 00:38:57.970  3324  4425 D ContactsProvider_EventLog: contents_sample_state: [PROFILE contacts(0) data(0) accounts({})  ] [SAPROFILE contacts(0) data(0) accounts({})  ]

12-03 00:38:57.970  3324  4425 D ContactsProvider_EventLog: contents_sample_state: [STORAGE Contacts(CE) Profile(CE) SAProfile(CE) CallLog(CE)  ]
12-03 00:38:58.039  1491  2311 D InputReader: Btn_touch(3): value=0 when=49618.114064
12-03 00:38:58.039  1491  2311 I InputReader: Touch event's action is 0x1 (id=3, t=0) [pCnt=1, s=] when=49618.114064
12-03 00:38:58.039  1491  2310 I InputDispatcher: Delivering touch to (11456): action: 0x1, f=0x0, d=0, 'c5a5ba1', t=1
12-03 00:38:58.040 11456 11456 D ViewRootImpl@7ba4a0c[GameActivity]: ViewPostIme pointer 1
12-03 00:38:58.053 11456 11532 D UE4     : [2021.12.03-06.38.58:053][791]LogBlueprintUserMessages: [BP_FirstPerson_C_2147482533] X: 638.0 Y: 272.0
12-03 00:38:58.053 11456 11532 D UE4     : [2021.12.03-06.38.58:053][791]LogBlueprintUserMessages: [BP_FirstPerson_C_2147482533] World: X=0.913 Y=-0.164 Z=164.153
12-03 00:38:59.082   747   902 I qti_sensors_hal: processReportInd: Light - ab 171
12-03 00:38:59.848  2489  2913 D NetworkController.MobileSignalController(0/2147483647): onSignalStrengthsChanged signalStrength=SignalStrength:{mCdma=Invalid,mGsm=Invalid,mWcdma=Invalid,mTdscdma=Invalid,mLte=CellSignalStrengthLte: rssi=-85 rsrp=-116 rsrq=-17 rssnr=-54 cqi=2147483647 ta=2147483647 level=0,mNr=Invalid,SignalBarInfo{ lteLevel=1 },P,rat=14,primary=CellSignalStrengthLte} level=1
12-03 00:38:59.849  2489  2913 D NetworkController.MobileSignalController(0/2147483647): getMobileIconGroup(): 0
12-03 00:39:00.000  1491  2291 D SamsungAlarmManager: Expired : 12
12-03 00:39:00.001  1491  2291 V SamsungAlarmManager: Sending to uid : 1000 listener=android.app.AlarmManager$ListenerWrapper@838e26a alarm=Alarm{d30e35b type 2 when 147289693 android}
12-03 00:39:00.001  1491  2291 V SamsungAlarmManager: Sending to uid : 1000 listener=com.android.server.AlarmManagerService$2@f8b3921 alarm=Alarm{678b7f8 type 3 when 147301137 android}
12-03 00:39:00.003  1491  2291 D SamsungAlarmManager: setExact Listener (T:3/F:1/AC:false) 20211203T004000 - CU:1000/CP:1491
12-03 00:39:00.004  1491  2291 I SamsungAlarmManager: setLocked to kernel - T:2 / 20211203T004547, SetElapsed=147708843, nowELAPSED=147301140
12-03 00:39:00.004  1491  2291 I SamsungAlarmManager: setLocked to kernel - T:3 / 20211203T003952, SetElapsed=147353710, nowELAPSED=147301140
12-03 00:39:00.004  1491  2291 V SamsungAlarmManager: Sending to uid : 10144 listener=android.os.BinderProxy@e0cd83c alarm=Alarm{b4414d1 type 1 when 1638513540000 com.sec.android.app.launcher}
12-03 00:39:00.005  2917  2917 D LiveIconUpdateEventHandler: onMinuteChanged
12-03 00:39:00.005  2917  2917 D LiveIconUpdateEventHandler: setMinuteChangeAlarm
12-03 00:39:00.006  2489  2489 D KeyguardUpdateMonitor: received broadcast android.intent.action.TIME_TICK
12-03 00:39:00.008  1491  2291 I SamsungAlarmManager: setLocked to kernel - T:2 / 20211203T004547, SetElapsed=147708843, nowELAPSED=147301144
12-03 00:39:00.008  1491  2291 I SamsungAlarmManager: setLocked to kernel - T:3 / 20211203T003952, SetElapsed=147353710, nowELAPSED=147301145
12-03 00:39:00.008  2489  2489 D QSClockBellTower: He is ready to ring the bell. (((timeText:12:39, skipUpdateForDemo:false, dateText:Fri, December 3, shortenDateText = Fri, Dec 3)))
12-03 00:39:00.010  2489  2489 D QSClock : status_bar_clock notifyTimeChanged(currentTime:12:39) mClockVisibleByPolicy:true, mClockVisibleByUser:true, visible?true, parent:android.widget.LinearLayout{4b011ac V.E...... ......ID 0,0-97,63 #7f0a0381 app:id/left_clock_container}
12-03 00:39:00.010  1491  2341 D SamsungAlarmManager: setInexact Listener (T:2/F:8/AC:false) 20211203T004004 - CU:1000/CP:1491
12-03 00:39:00.010  1491  2341 I SamsungAlarmManager: setLocked to kernel - T:2 / 20211203T004004, SetElapsed=147365139, nowELAPSED=147301147
12-03 00:39:00.010  2489  2489 D QSClockBellTower: Everyone heard the bell. run(currentTime:1638513540007,   getTime():Fri Dec 03 00:39:00 CST 2021,   getTimeZone():libcore.util.ZoneInfo[id="America/Chicago",mRawOffset=-21600000,mEarliestRawOffset=-21600000,mUseDst=true,mDstSavings=3600000,transitions=235])
12-03 00:39:00.010  1491  2341 I SamsungAlarmManager: setLocked to kernel - T:3 / 20211203T003952, SetElapsed=147353710, nowELAPSED=147301147
12-03 00:39:00.013  1491  1537 D SamsungAlarmManager: setInexact Listener (T:1/F:0/AC:false) 20211203T004000 - CU:10144/CP:2917
12-03 00:39:00.013  1491  1537 I SamsungAlarmManager: setLocked to kernel - T:2 / 20211203T004004, SetElapsed=147365139, nowELAPSED=147301150
12-03 00:39:00.014  1491  1537 I SamsungAlarmManager: setLocked to kernel - T:3 / 20211203T003952, SetElapsed=147353710, nowELAPSED=147301150
12-03 00:39:00.015  1491  2348 I WifiScanController: scan requested by WifiConnectivityManager
12-03 00:39:00.018  1491  2348 D SamsungAlarmManager: setInexact Listener (T:2/F:8/AC:false) 20211203T003915 - CU:1000/CP:1491
12-03 00:39:00.019  1491  2348 I SamsungAlarmManager: setLocked to kernel - T:2 / 20211203T003915, SetElapsed=147316154, nowELAPSED=147301155
12-03 00:39:00.022  1491  1491 D WifiConnectivityMonitor: com.samsung.android.server.wifi.WCM_SCAN_STARTED
12-03 00:39:00.022  1491  2344 E MobileWipsFrameworkService: unbinded can not send 12
12-03 00:39:00.030  2489  2489 D KeyguardUpdateMonitor: handleTimeUpdate
12-03 00:39:00.032  2489  2489 D QSContainerImpl: getDisplayHeight portrait? false  displayHeight= 1080
12-03 00:39:00.047  2489  2489 W GraphicUtils: getTextEmpty : skipped with null text
12-03 00:39:00.047  2489  2489 W GraphicUtils: setLinearGradientTextColor : skipped with null text
12-03 00:39:00.417  1491  2311 D InputReader: Btn_touch(3): value=1 when=49620.491516
12-03 00:39:00.417  1491  2311 I InputReader: Touch event's action is 0x0 (id=3, t=0) [pCnt=1, s=0.679 ] when=49620.491516
12-03 00:39:00.418  1491  2310 I InputDispatcher: Delivering touch to (11456): action: 0x0, f=0x0, d=0, 'c5a5ba1', t=1
12-03 00:39:00.419 11456 11456 D ViewRootImpl@7ba4a0c[GameActivity]: ViewPostIme pointer 0
12-03 00:39:01.243  1491  2310 D PowerManagerService: [api] userActivityFromNative : 180 (event: 2 flags: 0) eventTime = 49621317
12-03 00:39:01.820  1491  4072 D WificondControl: Scan result ready event
12-03 00:39:01.820  1491  2348 D SamsungAlarmManager: Cancel Alarm calling from uid:1000 pid :1491 / listener:android.app.AlarmManager$ListenerWrapper@77d5ba4
12-03 00:39:01.821  1491  2348 I SamsungAlarmManager: setLocked to kernel - T:2 / 20211203T004004, SetElapsed=147365139, nowELAPSED=147302958
12-03 00:39:01.821  1289  2481 I LOWI-8.6.0.72: [LOWI-Scan] lowi_close_record:Scan done in 147281761ms, 9 APs in scan results
12-03 00:39:01.821  1491  2348 I SamsungAlarmManager: setLocked to kernel - T:3 / 20211203T003952, SetElapsed=147353710, nowELAPSED=147302958
12-03 00:39:01.827  1491  2344 E MobileWipsFrameworkService: unbinded can not send 13
12-03 00:39:01.836  1491  2341 D ScoredNetworkEvaluator: evaluateNetworks
12-03 00:39:01.838  1491  2341 D WifiConnectivityManager: Skip setting firmware roaming configuration since max BSSID blacklist size is zero
12-03 00:39:02.314  1491  2310 D PowerManagerService: [api] userActivityFromNative : 190 (event: 2 flags: 0) eventTime = 49622388
12-03 00:39:02.396  2489  2913 D NetworkController.MobileSignalController(0/2147483647): onSignalStrengthsChanged signalStrength=SignalStrength:{mCdma=Invalid,mGsm=Invalid,mWcdma=Invalid,mTdscdma=Invalid,mLte=CellSignalStrengthLte: rssi=-83 rsrp=-116 rsrq=-18 rssnr=-62 cqi=2147483647 ta=2147483647 level=0,mNr=Invalid,SignalBarInfo{ lteLevel=1 },P,rat=14,primary=CellSignalStrengthLte} level=1
12-03 00:39:02.399  2489  2913 D NetworkController.MobileSignalController(0/2147483647): getMobileIconGroup(): 0
12-03 00:39:02.793  1491  2311 D InputReader: Btn_touch(3): value=0 when=49622.868217
12-03 00:39:02.793  1491  2311 I InputReader: Touch event's action is 0x1 (id=3, t=0) [pCnt=1, s=] when=49622.868217
12-03 00:39:02.794  1491  2310 I InputDispatcher: Delivering touch to (11456): action: 0x1, f=0x0, d=0, 'c5a5ba1', t=1
12-03 00:39:02.795 11456 11456 D ViewRootImpl@7ba4a0c[GameActivity]: ViewPostIme pointer 1
12-03 00:39:02.970  3849  4404 D SDHMS:com.sec.android.sdhms.thermal.siop.z: SIOP:: AP:177(338,110) BAT:270(270,0) CHG:300(300,0) USB:0(0,0) WIFI:277(299,0) PA:288(308,0) LRP:281(281,-999) LRF:281(281) LRB:281(281) 
12-03 00:39:03.472  1491  2311 D InputReader: Btn_touch(3): value=1 when=49623.546541
12-03 00:39:03.472  1491  2311 I InputReader: Touch event's action is 0x0 (id=3, t=0) [pCnt=1, s=0.680 ] when=49623.546541
12-03 00:39:03.473  1491  2310 I InputDispatcher: Delivering touch to (11456): action: 0x0, f=0x0, d=0, 'c5a5ba1', t=1
12-03 00:39:03.475 11456 11456 D ViewRootImpl@7ba4a0c[GameActivity]: ViewPostIme pointer 0
12-03 00:39:03.992  1491  2310 D PowerManagerService: [api] userActivityFromNative : 200 (event: 2 flags: 0) eventTime = 49624063
12-03 00:39:04.117   747   902 I qti_sensors_hal: processReportInd: Light - ac 172
12-03 00:39:05.100  1491  2310 D PowerManagerService: [api] userActivityFromNative : 210 (event: 2 flags: 0) eventTime = 49625174
12-03 00:39:05.322  1491  2311 D InputReader: Btn_touch(3): value=0 when=49625.397211
12-03 00:39:05.322  1491  2311 I InputReader: Touch event's action is 0x1 (id=3, t=0) [pCnt=1, s=] when=49625.397211
12-03 00:39:05.323  1491  2310 I InputDispatcher: Delivering touch to (11456): action: 0x1, f=0x0, d=0, 'c5a5ba1', t=1
12-03 00:39:05.324 11456 11456 D ViewRootImpl@7ba4a0c[GameActivity]: ViewPostIme pointer 1
12-03 00:39:05.324  1491  1491 D GameManagerService: identifyGamePackage. neu.edu.madcourse.Bello_CS5520_MoveMe, mCurrentUserId: 0, callerUserId: 0
12-03 00:39:05.325  1491  1491 D GamePkgDataHelper: getGamePkgData(). neu.edu.madcourse.Bello_CS5520_MoveMe
12-03 00:39:05.325  1491  1491 D CustomFrequencyManagerService: acquireDVFSLockLocked : type : DVFS_MIN_LIMIT  frequency : 1113600  uid : 1000  pid : 1491  pkgName : GESTURE_DETECTED@CPU_MIN@43
12-03 00:39:05.602  2489  2913 D NetworkController.MobileSignalController(0/2147483647): onSignalStrengthsChanged signalStrength=SignalStrength:{mCdma=Invalid,mGsm=Invalid,mWcdma=Invalid,mTdscdma=Invalid,mLte=CellSignalStrengthLte: rssi=-83 rsrp=-117 rsrq=-18 rssnr=-64 cqi=2147483647 ta=2147483647 level=0,mNr=Invalid,SignalBarInfo{ lteLevel=1 },P,rat=14,primary=CellSignalStrengthLte} level=1
12-03 00:39:05.603  2489  2913 D NetworkController.MobileSignalController(0/2147483647): getMobileIconGroup(): 0
12-03 00:39:05.711   747   902 I qti_sensors_hal: processReportInd: Accel - X: -0.005 Y: -0.093 Z: 9.904
12-03 00:39:05.712   747   902 I qti_sensors_hal: processReportInd: Gyro - X: -0.000 Y: 0.001 Z: 0.000 status: 3
12-03 00:39:05.881  1491  1491 D CustomFrequencyManagerService: releaseDVFSLockLocked : Getting Lock type frm List : DVFS_MIN_LIMIT  frequency : 1113600  uid : 1000  pid : 1491  tag : GESTURE_DETECTED@CPU_MIN@43
12-03 00:39:05.908  1491  2311 D InputReader: Btn_touch(3): value=1 when=49625.982849
12-03 00:39:05.909  1491  2311 I InputReader: Touch event's action is 0x0 (id=3, t=0) [pCnt=1, s=0.681 ] when=49625.982849
12-03 00:39:05.909  1491  2310 I InputDispatcher: Delivering touch to (11456): action: 0x0, f=0x0, d=0, 'c5a5ba1', t=1
12-03 00:39:05.911 11456 11456 D ViewRootImpl@7ba4a0c[GameActivity]: ViewPostIme pointer 0
12-03 00:39:06.251 11456 11534 D UE4     : [GameActivity] Used memory: 287204 (VmRSS:	  414336 kB)
12-03 00:39:06.288  1491  4739 W BestClock: java.time.DateTimeException: Missing NTP fix
12-03 00:39:06.294  1241  1484 I netd    : tetherGetStats() <4.91ms>
12-03 00:39:06.298  1491  4739 W BestClock: java.time.DateTimeException: Missing NTP fix
12-03 00:39:06.302  1491  2338 W BestClock: java.time.DateTimeException: Missing NTP fix
12-03 00:39:06.306  1491  5606 W BestClock: java.time.DateTimeException: Missing NTP fix
12-03 00:39:06.311  1241  1484 I netd    : tetherGetStats() <4.43ms>
12-03 00:39:06.315  1491  5606 W BestClock: java.time.DateTimeException: Missing NTP fix
12-03 00:39:06.317  1491  2338 W BestClock: java.time.DateTimeException: Missing NTP fix
12-03 00:39:06.638  1491  2310 D PowerManagerService: [api] userActivityFromNative : 220 (event: 2 flags: 0) eventTime = 49626711
12-03 00:39:07.716  1491  2310 D PowerManagerService: [api] userActivityFromNative : 230 (event: 2 flags: 0) eventTime = 49627790
12-03 00:39:08.145   747   902 I qti_sensors_hal: processReportInd: Cal Mag Filter, 0, 0, 0.000000, 0.000000, 0.000000, 0.000000, 0.000000, 0.000000, -12.222290, 7.958984, -41.839600
12-03 00:39:09.153   747   902 I qti_sensors_hal: processReportInd: Light - ab 171
12-03 00:39:09.536  5931  6010 D ConnectivityManager: unregisterNetworkCallback; CallingUid : 10084, CallingPid : 5931
12-03 00:39:09.538  5931  6010 I CastDatabase: Saving the database
12-03 00:39:09.538  1491  2350 D ConnectivityService: releasing NetworkRequest [ LISTEN id=589, [ Transports: WIFI Capabilities: NOT_RESTRICTED&TRUSTED&NOT_VPN Uid: 10084] ] (release request)
12-03 00:39:09.546  5931  6010 I SQLiteCastStore: [CastNetworkInfo] saved: 0, skipped: 0, [CastDeviceInfo]: saved 0, skipped 0, [Paired Guest Mode DeviceInfo] saved: 0, skipped: 0. [ProbedNetworks]: saved 0, skipped: 0, [ProbedSocketAddress]: saved 0, skipped: 0, [Network-Device pairs]: saved: 0
12-03 00:39:09.746  1491  2310 D PowerManagerService: [api] userActivityFromNative : 240 (event: 2 flags: 0) eventTime = 49629819
12-03 00:39:09.847  1491  2311 D InputReader: Btn_touch(3): value=0 when=49629.921878
12-03 00:39:09.847  1491  2311 I InputReader: Touch event's action is 0x1 (id=3, t=0) [pCnt=1, s=] when=49629.921878
12-03 00:39:09.847  1491  2310 I InputDispatcher: Delivering touch to (11456): action: 0x1, f=0x0, d=0, 'c5a5ba1', t=1
12-03 00:39:09.849 11456 11456 D ViewRootImpl@7ba4a0c[GameActivity]: ViewPostIme pointer 1
12-03 00:39:09.850  1491  1491 D GameManagerService: identifyGamePackage. neu.edu.madcourse.Bello_CS5520_MoveMe, mCurrentUserId: 0, callerUserId: 0
12-03 00:39:09.850  1491  1491 D GamePkgDataHelper: getGamePkgData(). neu.edu.madcourse.Bello_CS5520_MoveMe
12-03 00:39:09.850  1491  1491 D CustomFrequencyManagerService: acquireDVFSLockLocked : type : DVFS_MIN_LIMIT  frequency : 1113600  uid : 1000  pid : 1491  pkgName : GESTURE_DETECTED@CPU_MIN@43
12-03 00:39:10.407  1491  1491 D CustomFrequencyManagerService: releaseDVFSLockLocked : Getting Lock type frm List : DVFS_MIN_LIMIT  frequency : 1113600  uid : 1000  pid : 1491  tag : GESTURE_DETECTED@CPU_MIN@43
12-03 00:39:10.721  1491  2311 D InputReader: Btn_touch(3): value=1 when=49630.796365
12-03 00:39:10.721  1491  2311 I InputReader: Touch event's action is 0x0 (id=3, t=0) [pCnt=1, s=0.682 ] when=49630.796365
12-03 00:39:10.722  1491  2310 I InputDispatcher: Delivering touch to (11456): action: 0x0, f=0x0, d=0, 'c5a5ba1', t=1
12-03 00:39:10.723 11456 11456 D ViewRootImpl@7ba4a0c[GameActivity]: ViewPostIme pointer 0
12-03 00:39:10.794  1491  2311 D InputReader: Btn_touch(3): value=0 when=49630.868747
12-03 00:39:10.794  1491  2311 I InputReader: Touch event's action is 0x1 (id=3, t=0) [pCnt=1, s=] when=49630.868747
12-03 00:39:10.794  1491  2310 I InputDispatcher: Delivering touch to (11456): action: 0x1, f=0x0, d=0, 'c5a5ba1', t=1
12-03 00:39:10.795 11456 11456 D ViewRootImpl@7ba4a0c[GameActivity]: ViewPostIme pointer 1
12-03 00:39:10.806 11456 11532 D UE4     : [2021.12.03-06.39.10:806][558]LogBlueprintUserMessages: [BP_FirstPerson_C_2147482533] X: 735.0 Y: 543.0
12-03 00:39:10.806 11456 11532 D UE4     : [2021.12.03-06.39.10:806][558]LogBlueprintUserMessages: [BP_FirstPerson_C_2147482533] World: X=4.575 Y=9.248 Z=169.837
12-03 00:39:12.002  2489  2913 D NetworkController.MobileSignalController(0/2147483647): onSignalStrengthsChanged signalStrength=SignalStrength:{mCdma=Invalid,mGsm=Invalid,mWcdma=Invalid,mTdscdma=Invalid,mLte=CellSignalStrengthLte: rssi=-81 rsrp=-116 rsrq=-18 rssnr=-68 cqi=2147483647 ta=2147483647 level=0,mNr=Invalid,SignalBarInfo{ lteLevel=1 },P,rat=14,primary=CellSignalStrengthLte} level=1
12-03 00:39:12.005  2489  2913 D NetworkController.MobileSignalController(0/2147483647): getMobileIconGroup(): 0
12-03 00:39:12.760   795   795 I SurfaceFlinger: SFWD update time=49632835034190
12-03 00:39:13.082  3849  4404 D SDHMS:com.sec.android.sdhms.thermal.siop.z: SIOP:: AP:181(334,110) BAT:273(273,0) CHG:303(303,0) USB:0(0,0) WIFI:279(296,0) PA:293(309,0) LRP:283(283,-999) LRF:283(283) LRB:283(283) 
12-03 00:39:13.109  3849  3908 W System  : A resource failed to call close. 
12-03 00:39:13.113  3849  3908 I chatty  : uid=1000(system) FinalizerDaemon identical 16 lines
12-03 00:39:13.113  3849  3908 W System  : A resource failed to call close. 
12-03 00:39:14.189   747   902 I qti_sensors_hal: processReportInd: Light - ac 172
12-03 00:39:15.598   747   902 I qti_sensors_hal: processReportInd: Accel - X: 0.005 Y: -0.096 Z: 9.899
12-03 00:39:15.598   747   902 I qti_sensors_hal: processReportInd: Gyro - X: -0.000 Y: 0.000 Z: 0.000 status: 3
12-03 00:39:16.317 11456 11534 D UE4     : [GameActivity] Used memory: 287204 (VmRSS:	  414984 kB)
12-03 00:39:16.352  1491  4739 W BestClock: java.time.DateTimeException: Missing NTP fix
12-03 00:39:16.358  1241  1484 I netd    : tetherGetStats() <3.94ms>
12-03 00:39:16.365  1491  4739 W BestClock: java.time.DateTimeException: Missing NTP fix
12-03 00:39:16.368  1491  2338 W BestClock: java.time.DateTimeException: Missing NTP fix
12-03 00:39:16.373  1491  5606 W BestClock: java.time.DateTimeException: Missing NTP fix
12-03 00:39:16.379  1241  1484 I netd    : tetherGetStats() <4.37ms>
12-03 00:39:16.384  1491  5606 W BestClock: java.time.DateTimeException: Missing NTP fix
12-03 00:39:16.386  1491  2338 W BestClock: java.time.DateTimeException: Missing NTP fix
12-03 00:39:18.858  1491  1657 E Watchdog: !@Sync 1653 [2021-12-03 00:39:18.858] FD count : 573, wdog_way : pwdt
12-03 00:39:18.879   747   902 I qti_sensors_hal: processReportInd: Cal Mag Filter, 0, 0, 0.000000, 0.000000, 0.000000, 0.000000, 0.000000, 0.000000, -13.394165, 7.948303, -40.783691
12-03 00:39:19.224   747   902 I qti_sensors_hal: processReportInd: Light - ac 172
12-03 00:39:20.321  1491  2311 D InputReader: Btn_touch(3): value=1 when=49640.395729
12-03 00:39:20.321  1491  2311 I InputReader: Touch event's action is 0x0 (id=3, t=0) [pCnt=1, s=0.683 ] when=49640.395729
12-03 00:39:20.321  1491  2310 I InputDispatcher: Delivering touch to (11456): action: 0x0, f=0x0, d=0, 'c5a5ba1', t=1
12-03 00:39:20.323 11456 11456 D ViewRootImpl@7ba4a0c[GameActivity]: ViewPostIme pointer 0
12-03 00:39:21.046  1491  2310 D PowerManagerService: [api] userActivityFromNative : 250 (event: 2 flags: 0) eventTime = 49641118
12-03 00:39:21.594  1491  2311 D InputReader: Btn_touch(3): value=0 when=49641.668611
12-03 00:39:21.594  1491  2311 I InputReader: Touch event's action is 0x1 (id=3, t=0) [pCnt=1, s=] when=49641.668611
12-03 00:39:21.594  1491  2310 I InputDispatcher: Delivering touch to (11456): action: 0x1, f=0x0, d=0, 'c5a5ba1', t=1
12-03 00:39:21.595 11456 11456 D ViewRootImpl@7ba4a0c[GameActivity]: ViewPostIme pointer 1
12-03 00:39:22.101  1491  2311 D InputReader: Btn_touch(3): value=1 when=49642.175247
12-03 00:39:22.101  1491  2311 I InputReader: Touch event's action is 0x0 (id=3, t=0) [pCnt=1, s=0.684 ] when=49642.175247
12-03 00:39:22.101  1491  2310 I InputDispatcher: Delivering touch to (11456): action: 0x0, f=0x0, d=0, 'c5a5ba1', t=1
12-03 00:39:22.105 11456 11456 D ViewRootImpl@7ba4a0c[GameActivity]: ViewPostIme pointer 0
12-03 00:39:22.173  1491  2311 D InputReader: Btn_touch(3): value=0 when=49642.248218
12-03 00:39:22.173  1491  2311 I InputReader: Touch event's action is 0x1 (id=3, t=0) [pCnt=1, s=] when=49642.248218
12-03 00:39:22.173  1491  2310 I InputDispatcher: Delivering touch to (11456): action: 0x1, f=0x0, d=0, 'c5a5ba1', t=1
12-03 00:39:22.174 11456 11456 D ViewRootImpl@7ba4a0c[GameActivity]: ViewPostIme pointer 1
12-03 00:39:22.183 11456 11532 D UE4     : [2021.12.03-06.39.22:183][243]LogBlueprintUserMessages: [BP_FirstPerson_C_2147482533] X: 840.0 Y: 481.0
12-03 00:39:22.183 11456 11532 D UE4     : [2021.12.03-06.39.22:183][243]LogBlueprintUserMessages: [BP_FirstPerson_C_2147482533] World: X=-2.100 Y=9.565 Z=168.384
12-03 00:39:23.145  1491  2311 D InputReader: Btn_touch(3): value=1 when=49643.219359
12-03 00:39:23.145  1491  2311 I InputReader: Touch event's action is 0x0 (id=3, t=0) [pCnt=1, s=0.685 ] when=49643.219359
12-03 00:39:23.145  1491  2310 I InputDispatcher: Delivering touch to (11456): action: 0x0, f=0x0, d=0, 'c5a5ba1', t=1
12-03 00:39:23.147 11456 11456 D ViewRootImpl@7ba4a0c[GameActivity]: ViewPostIme pointer 0
12-03 00:39:23.153  3849  4404 D SDHMS:com.sec.android.sdhms.thermal.siop.z: SIOP:: AP:186(334,110) BAT:273(273,0) CHG:305(305,0) USB:0(0,0) WIFI:281(296,0) PA:297(310,0) LRP:285(285,-999) LRF:285(285) LRB:285(285) 
12-03 00:39:23.452  1491  2310 D PowerManagerService: [api] userActivityFromNative : 260 (event: 2 flags: 0) eventTime = 49643526
12-03 00:39:23.476  1491  2311 D InputReader: Btn_touch(3): value=0 when=49643.550813
12-03 00:39:23.476  1491  2311 I InputReader: Touch event's action is 0x1 (id=3, t=0) [pCnt=1, s=] when=49643.550813
12-03 00:39:23.476  1491  2310 I InputDispatcher: Delivering touch to (11456): action: 0x1, f=0x0, d=0, 'c5a5ba1', t=1
12-03 00:39:23.478 11456 11456 D ViewRootImpl@7ba4a0c[GameActivity]: ViewPostIme pointer 1
12-03 00:39:23.479  1491  1491 D GameManagerService: identifyGamePackage. neu.edu.madcourse.Bello_CS5520_MoveMe, mCurrentUserId: 0, callerUserId: 0
12-03 00:39:23.479  1491  1491 D GamePkgDataHelper: getGamePkgData(). neu.edu.madcourse.Bello_CS5520_MoveMe
12-03 00:39:23.479  1491  1491 D CustomFrequencyManagerService: acquireDVFSLockLocked : type : DVFS_MIN_LIMIT  frequency : 1113600  uid : 1000  pid : 1491  pkgName : GESTURE_DETECTED@CPU_MIN@43
12-03 00:39:23.981  1491  1491 D CustomFrequencyManagerService: releaseDVFSLockLocked : Getting Lock type frm List : DVFS_MIN_LIMIT  frequency : 1113600  uid : 1000  pid : 1491  tag : GESTURE_DETECTED@CPU_MIN@43
12-03 00:39:24.206  1491  2311 D InputReader: Btn_touch(3): value=1 when=49644.280889
12-03 00:39:24.207  1491  2311 I InputReader: Touch event's action is 0x0 (id=3, t=0) [pCnt=1, s=0.686 ] when=49644.280889
12-03 00:39:24.207  1491  2310 I InputDispatcher: Delivering touch to (11456): action: 0x0, f=0x0, d=0, 'c5a5ba1', t=1
12-03 00:39:24.210 11456 11456 D ViewRootImpl@7ba4a0c[GameActivity]: ViewPostIme pointer 0
12-03 00:39:24.260   747   902 I qti_sensors_hal: processReportInd: Light - ad 173
12-03 00:39:25.190  1491  2310 D PowerManagerService: [api] userActivityFromNative : 270 (event: 2 flags: 0) eventTime = 49645262
12-03 00:39:25.241  1491  2516 V MdnieScenarioControlService: burn_in_prevention_mode() mBrightnessAllAppServerState : true , enabled : true, mBurnInDisableAppEnabled : false , mAutoBrightnessMode : true, mHighBrightnessModeEnabled : false , mBurnInPreventionACL : false , platform_brightness_value : 116 , BURN_IN_PREVENTION_SUPPORT_VALUE : 143 , mBurnInPreventionEnabled : false , mGameAppLauncher : false
12-03 00:39:25.443  2489  2913 D NetworkController.MobileSignalController(0/2147483647): onSignalStrengthsChanged signalStrength=SignalStrength:{mCdma=Invalid,mGsm=Invalid,mWcdma=Invalid,mTdscdma=Invalid,mLte=CellSignalStrengthLte: rssi=-85 rsrp=-116 rsrq=-18 rssnr=-66 cqi=2147483647 ta=2147483647 level=0,mNr=Invalid,SignalBarInfo{ lteLevel=1 },P,rat=14,primary=CellSignalStrengthLte} level=1
12-03 00:39:25.444  2489  2913 D NetworkController.MobileSignalController(0/2147483647): getMobileIconGroup(): 0
12-03 00:39:25.486   747   902 I qti_sensors_hal: processReportInd: Accel - X: -0.017 Y: -0.091 Z: 9.894
12-03 00:39:25.486   747   902 I qti_sensors_hal: processReportInd: Gyro - X: -0.001 Y: 0.000 Z: 0.000 status: 3
12-03 00:39:26.302  1491  2310 D PowerManagerService: [api] userActivityFromNative : 280 (event: 2 flags: 0) eventTime = 49646376
12-03 00:39:26.341 11456 11534 D UE4     : [GameActivity] Used memory: 287204 (VmRSS:	  415268 kB)
12-03 00:39:26.419  1491  4739 W BestClock: java.time.DateTimeException: Missing NTP fix
12-03 00:39:26.423  1241  1484 I netd    : tetherGetStats() <3.43ms>
12-03 00:39:26.426  1491  4739 W BestClock: java.time.DateTimeException: Missing NTP fix
12-03 00:39:26.427  1491  2338 W BestClock: java.time.DateTimeException: Missing NTP fix
12-03 00:39:26.429  1491  5606 W BestClock: java.time.DateTimeException: Missing NTP fix
12-03 00:39:26.433  1241  1484 I netd    : tetherGetStats() <3.56ms>
12-03 00:39:26.435  1491  5606 W BestClock: java.time.DateTimeException: Missing NTP fix
12-03 00:39:26.437  1491  2338 W BestClock: java.time.DateTimeException: Missing NTP fix
12-03 00:39:27.340  1491  2310 D PowerManagerService: [api] userActivityFromNative : 290 (event: 2 flags: 0) eventTime = 49647414
12-03 00:39:27.985  1491  2311 D InputReader: Btn_touch(3): value=0 when=49648.059640
12-03 00:39:27.985  1491  2311 I InputReader: Touch event's action is 0x1 (id=3, t=0) [pCnt=1, s=] when=49648.059640
12-03 00:39:27.986  1491  2310 I InputDispatcher: Delivering touch to (11456): action: 0x1, f=0x0, d=0, 'c5a5ba1', t=1
12-03 00:39:27.987 11456 11456 D ViewRootImpl@7ba4a0c[GameActivity]: ViewPostIme pointer 1
12-03 00:39:27.992  1491  1491 D GameManagerService: identifyGamePackage. neu.edu.madcourse.Bello_CS5520_MoveMe, mCurrentUserId: 0, callerUserId: 0
12-03 00:39:27.992  1491  1491 D GamePkgDataHelper: getGamePkgData(). neu.edu.madcourse.Bello_CS5520_MoveMe
12-03 00:39:27.992  1491  1491 D CustomFrequencyManagerService: acquireDVFSLockLocked : type : DVFS_MIN_LIMIT  frequency : 1113600  uid : 1000  pid : 1491  pkgName : GESTURE_DETECTED@CPU_MIN@43
12-03 00:39:27.997  2489  2913 D NetworkController.MobileSignalController(0/2147483647): onSignalStrengthsChanged signalStrength=SignalStrength:{mCdma=Invalid,mGsm=Invalid,mWcdma=Invalid,mTdscdma=Invalid,mLte=CellSignalStrengthLte: rssi=-81 rsrp=-116 rsrq=-18 rssnr=-72 cqi=2147483647 ta=2147483647 level=0,mNr=Invalid,SignalBarInfo{ lteLevel=1 },P,rat=14,primary=CellSignalStrengthLte} level=1
12-03 00:39:27.997  2489  2913 D NetworkController.MobileSignalController(0/2147483647): getMobileIconGroup(): 0
12-03 00:39:28.433  1491  2311 D InputReader: Btn_touch(3): value=1 when=49648.507392
12-03 00:39:28.433  1491  2311 I InputReader: Touch event's action is 0x0 (id=3, t=0) [pCnt=1, s=0.687 ] when=49648.507392
12-03 00:39:28.433  1491  2310 I InputDispatcher: Delivering touch to (11456): action: 0x0, f=0x0, d=0, 'c5a5ba1', t=1
12-03 00:39:28.435 11456 11456 D ViewRootImpl@7ba4a0c[GameActivity]: ViewPostIme pointer 0
12-03 00:39:28.493  1491  1491 D CustomFrequencyManagerService: releaseDVFSLockLocked : Getting Lock type frm List : DVFS_MIN_LIMIT  frequency : 1113600  uid : 1000  pid : 1491  tag : GESTURE_DETECTED@CPU_MIN@43
12-03 00:39:28.742  1491  2310 D PowerManagerService: [api] userActivityFromNative : 300 (event: 2 flags: 0) eventTime = 49648815
12-03 00:39:29.295   747   902 I qti_sensors_hal: processReportInd: Light - ac 172
12-03 00:39:29.413   747   902 I qti_sensors_hal: processReportInd: Cal Mag Filter, 0, 0, 0.000000, 0.000000, 0.000000, 0.000000, 0.000000, 0.000000, -12.918091, 9.432983, -43.775940
12-03 00:39:29.778  1491  2310 D PowerManagerService: [api] userActivityFromNative : 310 (event: 2 flags: 0) eventTime = 49649852
12-03 00:39:32.412  1491  2310 D PowerManagerService: [api] userActivityFromNative : 320 (event: 2 flags: 0) eventTime = 49652485
12-03 00:39:32.528  1491  2311 D InputReader: Btn_touch(3): value=0 when=49652.603120
12-03 00:39:32.528  1491  2311 I InputReader: Touch event's action is 0x1 (id=3, t=0) [pCnt=1, s=] when=49652.603120
12-03 00:39:32.529  1491  2310 I InputDispatcher: Delivering touch to (11456): action: 0x1, f=0x0, d=0, 'c5a5ba1', t=1
12-03 00:39:32.531 11456 11456 D ViewRootImpl@7ba4a0c[GameActivity]: ViewPostIme pointer 1
12-03 00:39:32.532  1491  1491 D GameManagerService: identifyGamePackage. neu.edu.madcourse.Bello_CS5520_MoveMe, mCurrentUserId: 0, callerUserId: 0
12-03 00:39:32.533  1491  1491 D GamePkgDataHelper: getGamePkgData(). neu.edu.madcourse.Bello_CS5520_MoveMe
12-03 00:39:32.533  1491  1491 D CustomFrequencyManagerService: acquireDVFSLockLocked : type : DVFS_MIN_LIMIT  frequency : 1113600  uid : 1000  pid : 1491  pkgName : GESTURE_DETECTED@CPU_MIN@43
12-03 00:39:33.035  1491  1491 D CustomFrequencyManagerService: releaseDVFSLockLocked : Getting Lock type frm List : DVFS_MIN_LIMIT  frequency : 1113600  uid : 1000  pid : 1491  tag : GESTURE_DETECTED@CPU_MIN@43
12-03 00:39:33.229  3849  4404 D SDHMS:com.sec.android.sdhms.thermal.siop.z: SIOP:: AP:191(338,110) BAT:273(273,0) CHG:307(307,0) USB:0(0,0) WIFI:283(299,0) PA:302(313,0) LRP:286(286,-999) LRF:286(286) LRB:286(286) 
12-03 00:39:34.331   747   902 I qti_sensors_hal: processReportInd: Light - 5f 95
12-03 00:39:34.860   747   951 I qti_sensors_hal: AutoRotation REPORT_IND (1)
12-03 00:39:34.860   747   951 W qti_sensors_hal: timestampCalc: Adjusting timestamp for rollover: 147335973116597, 2
12-03 00:39:34.860   747   951 D qti_sensors_hal: AutoRotation i 4 196608 c 1 1 7 1 ts: 533068072
12-03 00:39:34.861  1491  2277 D SensorHubManager: onGetSensorHubDataLocked: library(4) = 1, 1, 7, 1
12-03 00:39:34.861  1491  2278 D CAE     : onGetSensorHubData(SensorHubParserProvider.java:91) - onGetSensorHubData Event [event buffer len :4], AP_WAKEUP
12-03 00:39:34.861  1491  2278 I CAE     : parse(SensorHubParserProvider.java:192) - buffer size = 4
12-03 00:39:34.861  1491  2278 I CAE     : parse(SensorHubParserProvider.java:203) - 1, 1, 7, 1,
12-03 00:39:34.862  1491  2278 D CAE     : display(ContextProvider.java:375) - ================= AUTO_ROTATION =================
12-03 00:39:34.862  1491  2278 I CAE     : display(ContextProvider.java:391) - Angle=[1]
12-03 00:39:34.862  1491  2283 D SemContextService: Service.updateContext() : service = Auto Rotation
12-03 00:39:34.862  1491  1652 D SemContextManager: onSemContextChanged() : event = Auto Rotation Angle : 1
12-03 00:39:34.862  1491  1652 D SemContextManager: AutoRotationEvent : Angle = 1
12-03 00:39:34.862  1491  1652 D WindowOrientationListener: OrientationSensorJudge.onSemContextChanged, Rotation: 1
12-03 00:39:34.864  1491  1652 V WindowManager: rotationForOrientation(orient=6, last=1); user=0 
12-03 00:39:34.864  1491  1652 V WindowOrientationListener: getProposedRotation :1
12-03 00:39:34.864  1491  1652 V WindowManager: Computed rotation=1 for display id=0 based on lastOrientation=6 and oldRotation=1, caller=com.android.server.wm.DisplayContent.updateRotationUnchecked:1468 com.android.server.wm.WindowManagerService.updateRotationUnchecked:4194 com.android.server.wm.WindowManagerService.updateRotation:4175 com.android.server.wm.DisplayRotation$OrientationListener$UpdateRunnable.run:983 android.os.Handler.handleCallback:883 android.os.Handler.dispatchMessage:100 
12-03 00:39:34.866  1491  1652 V WindowManager: performShow on Window{c2df608 u0 StatusBar}: mDrawState=READY_TO_SHOW readyForDisplay=false starting=false during animation: policyVis=false parentHidden=false tok.hiddenRequested=false tok.hidden=false animating=false tok animating=false Callers=com.android.server.wm.WindowState.performShowLocked:4660 com.android.server.wm.WindowStateAnimator.commitFinishDrawingLocked:371 com.android.server.wm.DisplayContent.lambda$new$8$DisplayContent:935 com.android.server.wm.-$$Lambda$DisplayContent$qxt4izS31fb0LF2uo_OF9DMa7gc.accept:4 
12-03 00:39:34.874  1491  1655 V WindowManager: performShow on Window{c2df608 u0 StatusBar}: mDrawState=READY_TO_SHOW readyForDisplay=false starting=false during animation: policyVis=false parentHidden=false tok.hiddenRequested=false tok.hidden=false animating=false tok animating=false Callers=com.android.server.wm.WindowState.performShowLocked:4660 com.android.server.wm.DisplayContent.lambda$new$0$DisplayContent:662 com.android.server.wm.-$$Lambda$DisplayContent$0yxrqH9eGY2qTjH1u_BvaVrXCSA.accept:4 com.android.server.wm.WindowContainer$ForAllWindowsConsumerWrapper.apply:1184 
12-03 00:39:35.334  1491  2357 W DeviceStorageMonitorService: updateBroadcasts(/data) oldLevel:0, newLevel:0, seq:1
12-03 00:39:35.335  1491  2357 W DeviceStorageMonitorService: There is no file /sys/fs/f2fs/userdata/sec_fs_stat
12-03 00:39:35.336  1491  2357 W DeviceStorageMonitorService: updateBroadcasts_filenode(/data) fn_oldLevel:0, fn_newLevel:0, seq:1
12-03 00:39:35.373   747   902 I qti_sensors_hal: processReportInd: Accel - X: 5.078 Y: 3.099 Z: 9.430
12-03 00:39:35.374   747   902 I qti_sensors_hal: processReportInd: Gyro - X: 0.062 Y: 0.625 Z: -0.446 status: 3
12-03 00:39:35.374   747   951 I qti_sensors_hal: AutoRotation REPORT_IND (255)
12-03 00:39:35.374   747   951 W qti_sensors_hal: timestampCalc: Adjusting timestamp for rollover: 147336473360737, 2
12-03 00:39:35.374   747   951 D qti_sensors_hal: AutoRotation i 4 196608 c 1 1 7 255 ts: 533084464
12-03 00:39:35.376  1491  2277 D SensorHubManager: onGetSensorHubDataLocked: library(4) = 1, 1, 7, -1
12-03 00:39:35.377  1491  2278 D CAE     : onGetSensorHubData(SensorHubParserProvider.java:91) - onGetSensorHubData Event [event buffer len :4], AP_WAKEUP
12-03 00:39:35.377  1491  2278 I CAE     : parse(SensorHubParserProvider.java:192) - buffer size = 4
12-03 00:39:35.377  1491  2278 I CAE     : parse(SensorHubParserProvider.java:203) - 1, 1, 7, -1,
12-03 00:39:35.378  1491  2278 D CAE     : display(ContextProvider.java:375) - ================= AUTO_ROTATION =================
12-03 00:39:35.378  1491  2278 I CAE     : display(ContextProvider.java:391) - Angle=[-1]
12-03 00:39:35.379  1491  2283 D SemContextService: Service.updateContext() : service = Auto Rotation
12-03 00:39:35.379  1491  1652 D SemContextManager: onSemContextChanged() : event = Auto Rotation Angle : -1
12-03 00:39:35.380  1491  1652 D SemContextManager: AutoRotationEvent : Angle = -1
12-03 00:39:35.380  1491  1652 D WindowOrientationListener: OrientationSensorJudge.onSemContextChanged, Rotation: -1
12-03 00:39:35.381  1491  1652 V WindowManager: rotationForOrientation(orient=6, last=1); user=0 
12-03 00:39:35.381  1491  1652 V WindowOrientationListener: getProposedRotation :-1
12-03 00:39:35.381  1491  1652 V WindowManager: Computed rotation=1 for display id=0 based on lastOrientation=6 and oldRotation=1, caller=com.android.server.wm.DisplayContent.updateRotationUnchecked:1468 com.android.server.wm.WindowManagerService.updateRotationUnchecked:4194 com.android.server.wm.WindowManagerService.updateRotation:4175 com.android.server.wm.DisplayRotation$OrientationListener$UpdateRunnable.run:983 android.os.Handler.handleCallback:883 android.os.Handler.dispatchMessage:100 
12-03 00:39:35.383  1491  1652 V WindowManager: performShow on Window{c2df608 u0 StatusBar}: mDrawState=READY_TO_SHOW readyForDisplay=false starting=false during animation: policyVis=false parentHidden=false tok.hiddenRequested=false tok.hidden=false animating=false tok animating=false Callers=com.android.server.wm.WindowState.performShowLocked:4660 com.android.server.wm.WindowStateAnimator.commitFinishDrawingLocked:371 com.android.server.wm.DisplayContent.lambda$new$8$DisplayContent:935 com.android.server.wm.-$$Lambda$DisplayContent$qxt4izS31fb0LF2uo_OF9DMa7gc.accept:4 
12-03 00:39:35.390  1491  1655 V WindowManager: performShow on Window{c2df608 u0 StatusBar}: mDrawState=READY_TO_SHOW readyForDisplay=false starting=false during animation: policyVis=false parentHidden=false tok.hiddenRequested=false tok.hidden=false animating=false tok animating=false Callers=com.android.server.wm.WindowState.performShowLocked:4660 com.android.server.wm.DisplayContent.lambda$new$0$DisplayContent:662 com.android.server.wm.-$$Lambda$DisplayContent$0yxrqH9eGY2qTjH1u_BvaVrXCSA.accept:4 com.android.server.wm.WindowContainer$ForAllWindowsConsumerWrapper.apply:1184 
12-03 00:39:36.220  1491  2311 D InputReader: Btn_touch(3): value=1 when=49656.295198
12-03 00:39:36.221  1491  2311 I InputReader: Touch event's action is 0x0 (id=3, t=0) [pCnt=1, s=0.688 ] when=49656.295198
12-03 00:39:36.221  1491  2310 I InputDispatcher: Delivering touch to (11456): action: 0x0, f=0x0, d=0, 'c5a5ba1', t=1
12-03 00:39:36.223 11456 11456 D ViewRootImpl@7ba4a0c[GameActivity]: ViewPostIme pointer 0
12-03 00:39:36.388 11456 11534 D UE4     : [GameActivity] Used memory: 287204 (VmRSS:	  406592 kB)
12-03 00:39:36.455  1491  2311 D InputReader: Btn_touch(3): value=0 when=49656.529935
12-03 00:39:36.455  1491  2311 I InputReader: Touch event's action is 0x1 (id=3, t=0) [pCnt=1, s=] when=49656.529935
12-03 00:39:36.456  1491  2310 I InputDispatcher: Delivering touch to (11456): action: 0x1, f=0x0, d=0, 'c5a5ba1', t=1
12-03 00:39:36.457 11456 11456 D ViewRootImpl@7ba4a0c[GameActivity]: ViewPostIme pointer 1
12-03 00:39:36.458  1491  1491 D GameManagerService: identifyGamePackage. neu.edu.madcourse.Bello_CS5520_MoveMe, mCurrentUserId: 0, callerUserId: 0
12-03 00:39:36.458  1491  1491 D GamePkgDataHelper: getGamePkgData(). neu.edu.madcourse.Bello_CS5520_MoveMe
12-03 00:39:36.458  1491  1491 D CustomFrequencyManagerService: acquireDVFSLockLocked : type : DVFS_MIN_LIMIT  frequency : 1113600  uid : 1000  pid : 1491  pkgName : GESTURE_DETECTED@CPU_MIN@43
12-03 00:39:36.471  1491  4739 W BestClock: java.time.DateTimeException: Missing NTP fix
12-03 00:39:36.475  1241  1484 I netd    : tetherGetStats() <3.13ms>
12-03 00:39:36.479  1491  4739 W BestClock: java.time.DateTimeException: Missing NTP fix
12-03 00:39:36.481  1491  2338 W BestClock: java.time.DateTimeException: Missing NTP fix
12-03 00:39:36.484  1491  5606 W BestClock: java.time.DateTimeException: Missing NTP fix
12-03 00:39:36.488  1241  1484 I netd    : tetherGetStats() <3.23ms>
12-03 00:39:36.490  1491  5606 W BestClock: java.time.DateTimeException: Missing NTP fix
12-03 00:39:36.492  1491  2338 W BestClock: java.time.DateTimeException: Missing NTP fix
12-03 00:39:36.960  2489  2913 D NetworkController.MobileSignalController(0/2147483647): onSignalStrengthsChanged signalStrength=SignalStrength:{mCdma=Invalid,mGsm=Invalid,mWcdma=Invalid,mTdscdma=Invalid,mLte=CellSignalStrengthLte: rssi=-85 rsrp=-116 rsrq=-17 rssnr=-68 cqi=2147483647 ta=2147483647 level=0,mNr=Invalid,SignalBarInfo{ lteLevel=1 },P,rat=14,primary=CellSignalStrengthLte} level=1
12-03 00:39:36.961  2489  2913 D NetworkController.MobileSignalController(0/2147483647): getMobileIconGroup(): 0
12-03 00:39:37.109  1491  2311 D InputReader: Btn_touch(3): value=1 when=49657.183492
12-03 00:39:37.109  1491  2311 I InputReader: Touch event's action is 0x0 (id=3, t=0) [pCnt=1, s=0.689 ] when=49657.183492
12-03 00:39:37.109  1491  2310 I InputDispatcher: Delivering touch to (11456): action: 0x0, f=0x0, d=0, 'c5a5ba1', t=1
12-03 00:39:37.111 11456 11456 D ViewRootImpl@7ba4a0c[GameActivity]: ViewPostIme pointer 0
12-03 00:39:37.180  1491  1491 D CustomFrequencyManagerService: releaseDVFSLockLocked : Getting Lock type frm List : DVFS_MIN_LIMIT  frequency : 1113600  uid : 1000  pid : 1491  tag : GESTURE_DETECTED@CPU_MIN@43
12-03 00:39:37.379  1491  2311 D InputReader: Btn_touch(3): value=0 when=49657.454004
12-03 00:39:37.379  1491  2311 I InputReader: Touch event's action is 0x1 (id=3, t=0) [pCnt=1, s=] when=49657.454004
12-03 00:39:37.379  1491  2310 I InputDispatcher: Delivering touch to (11456): action: 0x1, f=0x0, d=0, 'c5a5ba1', t=1
12-03 00:39:37.381 11456 11456 D ViewRootImpl@7ba4a0c[GameActivity]: ViewPostIme pointer 1
12-03 00:39:37.382  1491  1491 D GameManagerService: identifyGamePackage. neu.edu.madcourse.Bello_CS5520_MoveMe, mCurrentUserId: 0, callerUserId: 0
12-03 00:39:37.382  1491  1491 D GamePkgDataHelper: getGamePkgData(). neu.edu.madcourse.Bello_CS5520_MoveMe
12-03 00:39:37.383  1491  1491 D CustomFrequencyManagerService: acquireDVFSLockLocked : type : DVFS_MIN_LIMIT  frequency : 1113600  uid : 1000  pid : 1491  pkgName : GESTURE_DETECTED@CPU_MIN@43
12-03 00:39:37.688  1491  2311 D InputReader: Btn_touch(3): value=1 when=49657.762586
12-03 00:39:37.688  1491  2311 I InputReader: Touch event's action is 0x0 (id=3, t=0) [pCnt=1, s=0.690 ] when=49657.762586
12-03 00:39:37.689  1491  2310 I InputDispatcher: Delivering touch to (11456): action: 0x0, f=0x0, d=0, 'c5a5ba1', t=1
12-03 00:39:37.690 11456 11456 D ViewRootImpl@7ba4a0c[GameActivity]: ViewPostIme pointer 0
12-03 00:39:37.883  1491  1491 D CustomFrequencyManagerService: releaseDVFSLockLocked : Getting Lock type frm List : DVFS_MIN_LIMIT  frequency : 1113600  uid : 1000  pid : 1491  tag : GESTURE_DETECTED@CPU_MIN@43
12-03 00:39:37.899  1491  2310 D PowerManagerService: [api] userActivityFromNative : 330 (event: 2 flags: 0) eventTime = 49657972
12-03 00:39:38.188  1491  2311 D InputReader: Btn_touch(3): value=0 when=49658.262696
12-03 00:39:38.188  1491  2311 I InputReader: Touch event's action is 0x1 (id=3, t=0) [pCnt=1, s=] when=49658.262696
12-03 00:39:38.189  1491  2310 I InputDispatcher: Delivering touch to (11456): action: 0x1, f=0x0, d=0, 'c5a5ba1', t=1
12-03 00:39:38.192 11456 11456 D ViewRootImpl@7ba4a0c[GameActivity]: ViewPostIme pointer 1
12-03 00:39:38.195  1491  1491 D GameManagerService: identifyGamePackage. neu.edu.madcourse.Bello_CS5520_MoveMe, mCurrentUserId: 0, callerUserId: 0
12-03 00:39:38.195  1491  1491 D GamePkgDataHelper: getGamePkgData(). neu.edu.madcourse.Bello_CS5520_MoveMe
12-03 00:39:38.195  1491  1491 D CustomFrequencyManagerService: acquireDVFSLockLocked : type : DVFS_MIN_LIMIT  frequency : 1113600  uid : 1000  pid : 1491  pkgName : GESTURE_DETECTED@CPU_MIN@43
12-03 00:39:38.228  2489  2913 D NetworkController.MobileSignalController(0/2147483647): onSignalStrengthsChanged signalStrength=SignalStrength:{mCdma=Invalid,mGsm=Invalid,mWcdma=Invalid,mTdscdma=Invalid,mLte=CellSignalStrengthLte: rssi=-85 rsrp=-116 rsrq=-17 rssnr=-62 cqi=2147483647 ta=2147483647 level=0,mNr=Invalid,SignalBarInfo{ lteLevel=1 },P,rat=14,primary=CellSignalStrengthLte} level=1
12-03 00:39:38.229  2489  2913 D NetworkController.MobileSignalController(0/2147483647): getMobileIconGroup(): 0
12-03 00:39:38.747  1491  2311 D InputReader: Btn_touch(3): value=1 when=49658.822128
12-03 00:39:38.748  1491  2311 I InputReader: Touch event's action is 0x0 (id=3, t=0) [pCnt=1, s=0.691 ] when=49658.822128
12-03 00:39:38.748  1491  2310 I InputDispatcher: Delivering touch to (11456): action: 0x0, f=0x0, d=0, 'c5a5ba1', t=1
12-03 00:39:38.751 11456 11456 D ViewRootImpl@7ba4a0c[GameActivity]: ViewPostIme pointer 0
12-03 00:39:38.752  1491  1491 D CustomFrequencyManagerService: releaseDVFSLockLocked : Getting Lock type frm List : DVFS_MIN_LIMIT  frequency : 1113600  uid : 1000  pid : 1491  tag : GESTURE_DETECTED@CPU_MIN@43
12-03 00:39:39.122   747   951 I qti_sensors_hal: AutoRotation REPORT_IND (1)
12-03 00:39:39.122   747   951 W qti_sensors_hal: timestampCalc: Adjusting timestamp for rollover: 147340225166246, 2
12-03 00:39:39.122   747   951 D qti_sensors_hal: AutoRotation i 4 196608 c 1 1 7 1 ts: 533207404
12-03 00:39:39.123  1491  2277 D SensorHubManager: onGetSensorHubDataLocked: library(4) = 1, 1, 7, 1
12-03 00:39:39.123  1491  2278 D CAE     : onGetSensorHubData(SensorHubParserProvider.java:91) - onGetSensorHubData Event [event buffer len :4], AP_WAKEUP
12-03 00:39:39.123  1491  2278 I CAE     : parse(SensorHubParserProvider.java:192) - buffer size = 4
12-03 00:39:39.124  1491  2278 I CAE     : parse(SensorHubParserProvider.java:203) - 1, 1, 7, 1,
12-03 00:39:39.124  1491  2278 D CAE     : display(ContextProvider.java:375) - ================= AUTO_ROTATION =================
12-03 00:39:39.124  1491  2278 I CAE     : display(ContextProvider.java:391) - Angle=[1]
12-03 00:39:39.124  1491  2283 D SemContextService: Service.updateContext() : service = Auto Rotation
12-03 00:39:39.125  1491  1652 D SemContextManager: onSemContextChanged() : event = Auto Rotation Angle : 1
12-03 00:39:39.125  1491  1652 D SemContextManager: AutoRotationEvent : Angle = 1
12-03 00:39:39.125  1491  1652 D WindowOrientationListener: scheduleRotationEvaluationLocked: ignoring, user is still touching the screen.
12-03 00:39:39.125  1491  1652 D WindowOrientationListener: OrientationSensorJudge.onSemContextChanged, Rotation: -1
12-03 00:39:39.366   747   902 I qti_sensors_hal: processReportInd: Light - 6d 109
12-03 00:39:39.988   747   902 I qti_sensors_hal: processReportInd: Cal Mag Filter, 0, 0, 0.000000, 0.000000, 0.000000, 0.000000, 0.000000, 0.000000, -32.499695, 17.349243, -33.221436
12-03 00:39:40.223  1491  2310 D PowerManagerService: [api] userActivityFromNative : 340 (event: 2 flags: 0) eventTime = 49660296
12-03 00:39:40.392  1491  2311 D InputReader: Btn_touch(3): value=0 when=49660.466127
12-03 00:39:40.392  1491  2311 I InputReader: Touch event's action is 0x1 (id=3, t=0) [pCnt=1, s=] when=49660.466127
12-03 00:39:40.392  1491  2310 I InputDispatcher: Delivering touch to (11456): action: 0x1, f=0x0, d=0, 'c5a5ba1', t=1
12-03 00:39:40.393 11456 11456 D ViewRootImpl@7ba4a0c[GameActivity]: ViewPostIme pointer 1
12-03 00:39:40.394  1491  1491 D GameManagerService: identifyGamePackage. neu.edu.madcourse.Bello_CS5520_MoveMe, mCurrentUserId: 0, callerUserId: 0
12-03 00:39:40.395  1491  1491 D GamePkgDataHelper: getGamePkgData(). neu.edu.madcourse.Bello_CS5520_MoveMe
12-03 00:39:40.395  1491  1491 D CustomFrequencyManagerService: acquireDVFSLockLocked : type : DVFS_MIN_LIMIT  frequency : 1113600  uid : 1000  pid : 1491  pkgName : GESTURE_DETECTED@CPU_MIN@43
12-03 00:39:40.798  2489  2913 D NetworkController.MobileSignalController(0/2147483647): onSignalStrengthsChanged signalStrength=SignalStrength:{mCdma=Invalid,mGsm=Invalid,mWcdma=Invalid,mTdscdma=Invalid,mLte=CellSignalStrengthLte: rssi=-87 rsrp=-116 rsrq=-17 rssnr=-62 cqi=2147483647 ta=2147483647 level=0,mNr=Invalid,SignalBarInfo{ lteLevel=1 },P,rat=14,primary=CellSignalStrengthLte} level=1
12-03 00:39:40.799  2489  2913 D NetworkController.MobileSignalController(0/2147483647): getMobileIconGroup(): 0
12-03 00:39:40.895  1491  1652 V WindowManager: rotationForOrientation(orient=6, last=1); user=0 
12-03 00:39:40.895  1491  1652 V WindowOrientationListener: getProposedRotation :1
12-03 00:39:40.896  1491  1652 V WindowManager: Computed rotation=1 for display id=0 based on lastOrientation=6 and oldRotation=1, caller=com.android.server.wm.DisplayContent.updateRotationUnchecked:1468 com.android.server.wm.WindowManagerService.updateRotationUnchecked:4194 com.android.server.wm.WindowManagerService.updateRotation:4175 com.android.server.wm.DisplayRotation$OrientationListener$UpdateRunnable.run:983 android.os.Handler.handleCallback:883 android.os.Handler.dispatchMessage:100 
12-03 00:39:40.896  1491  1491 D CustomFrequencyManagerService: releaseDVFSLockLocked : Getting Lock type frm List : DVFS_MIN_LIMIT  frequency : 1113600  uid : 1000  pid : 1491  tag : GESTURE_DETECTED@CPU_MIN@43
12-03 00:39:40.897  1491  1652 V WindowManager: performShow on Window{c2df608 u0 StatusBar}: mDrawState=READY_TO_SHOW readyForDisplay=false starting=false during animation: policyVis=false parentHidden=false tok.hiddenRequested=false tok.hidden=false animating=false tok animating=false Callers=com.android.server.wm.WindowState.performShowLocked:4660 com.android.server.wm.WindowStateAnimator.commitFinishDrawingLocked:371 com.android.server.wm.DisplayContent.lambda$new$8$DisplayContent:935 com.android.server.wm.-$$Lambda$DisplayContent$qxt4izS31fb0LF2uo_OF9DMa7gc.accept:4 
12-03 00:39:40.907  1491  1655 V WindowManager: performShow on Window{c2df608 u0 StatusBar}: mDrawState=READY_TO_SHOW readyForDisplay=false starting=false during animation: policyVis=false parentHidden=false tok.hiddenRequested=false tok.hidden=false animating=false tok animating=false Callers=com.android.server.wm.WindowState.performShowLocked:4660 com.android.server.wm.DisplayContent.lambda$new$0$DisplayContent:662 com.android.server.wm.-$$Lambda$DisplayContent$0yxrqH9eGY2qTjH1u_BvaVrXCSA.accept:4 com.android.server.wm.WindowContainer$ForAllWindowsConsumerWrapper.apply:1184 
12-03 00:39:41.131  1491  2311 D InputReader: Btn_touch(3): value=1 when=49661.205637
12-03 00:39:41.131  1491  2311 I InputReader: Touch event's action is 0x0 (id=3, t=0) [pCnt=1, s=0.692 ] when=49661.205637
12-03 00:39:41.132  1491  2310 I InputDispatcher: Delivering touch to (11456): action: 0x0, f=0x0, d=0, 'c5a5ba1', t=1
12-03 00:39:41.135 11456 11456 D ViewRootImpl@7ba4a0c[GameActivity]: ViewPostIme pointer 0
12-03 00:39:41.176   747   951 I qti_sensors_hal: AutoRotation REPORT_IND (255)
12-03 00:39:41.176   747   951 W qti_sensors_hal: timestampCalc: Adjusting timestamp for rollover: 147342288673326, 2
12-03 00:39:41.176   747   951 D qti_sensors_hal: AutoRotation i 4 196608 c 1 1 7 255 ts: 533275021
12-03 00:39:41.177  1491  2277 D SensorHubManager: onGetSensorHubDataLocked: library(4) = 1, 1, 7, -1
12-03 00:39:41.177  1491  2278 D CAE     : onGetSensorHubData(SensorHubParserProvider.java:91) - onGetSensorHubData Event [event buffer len :4], AP_WAKEUP
12-03 00:39:41.177  1491  2278 I CAE     : parse(SensorHubParserProvider.java:192) - buffer size = 4
12-03 00:39:41.178  1491  2278 I CAE     : parse(SensorHubParserProvider.java:203) - 1, 1, 7, -1,
12-03 00:39:41.178  1491  2278 D CAE     : display(ContextProvider.java:375) - ================= AUTO_ROTATION =================
12-03 00:39:41.178  1491  2278 I CAE     : display(ContextProvider.java:391) - Angle=[-1]
12-03 00:39:41.178  1491  2283 D SemContextService: Service.updateContext() : service = Auto Rotation
12-03 00:39:41.179  1491  1652 D SemContextManager: onSemContextChanged() : event = Auto Rotation Angle : -1
12-03 00:39:41.179  1491  1652 D SemContextManager: AutoRotationEvent : Angle = -1
