12-03 16:59:28.210   732 16361 V audio_hw_sec: sec_dsm_spkr_prot_control_tx_topology() dsm enabled (c:0 d:1 m:0)
12-03 16:59:28.211   732 16361 D audio_hw_primary: enable_snd_device: snd_device(2: speaker)
12-03 16:59:28.211   732 16361 D audio_route: Apply path: speaker
12-03 16:59:28.211   732 16361 D audio_hw_utils: audio_extn_utils_send_app_type_cfg: usecase->out_snd_device speaker
12-03 16:59:28.211   732 16361 D sdm660_platform: platform_split_snd_device: snd_device(2) num devices(0) new_snd_devices(0)
12-03 16:59:28.211   732 16361 E voice   : voice_is_in_call_rec_stream: input stream is NULL
12-03 16:59:28.211   732 16361 I audio_hw_utils: send_app_type_cfg_for_device PLAYBACK app_type 69937, acdb_dev_id 15, sample_rate 48000, snd_device_be_idx 45
12-03 16:59:28.212   732 16361 D sdm660_platform: platform_split_snd_device: snd_device(2) num devices(1) new_snd_devices(0)
12-03 16:59:28.212   732 16361 D ACDB-LOADER: ACDB -> send_audio_cal, acdb_id = 15, path = 0, app id = 0x11131, sample rate = 48000
12-03 16:59:28.212   732 16361 D ACDB-LOADER: ACDB -> send_asm_topology
12-03 16:59:28.212   732 16361 D ACDB-LOADER: ACDB -> ACDB_CMD_GET_AUDPROC_STREAM_TOPOLOGY_ID
12-03 16:59:28.212   732 16361 D ACDB-LOADER: ACDB -> send_adm_topology
12-03 16:59:28.212   732 16361 D ACDB-LOADER: ACDB -> ACDB_CMD_GET_AUDPROC_COMMON_TOPOLOGY_ID
12-03 16:59:28.212   732 16361 D ACDB-LOADER: ACDB -> send_audtable
12-03 16:59:28.212   732 16361 D ACDB-LOADER: ACDB -> ACDB_CMD_GET_AUDPROC_COMMON_TABLE_SIZE
12-03 16:59:28.212   732 16361 D         : ACDBFILE_MGR:Read the devices count as zero, please check the acdb file
12-03 16:59:28.212   732 16361 D ACDB-LOADER: ACDB -> ACDB_CMD_GET_AUDPROC_COMMON_TABLE
12-03 16:59:28.212   732 16361 D         : ACDBFILE_MGR:Read the devices count as zero, please check the acdb file
12-03 16:59:28.212   732 16361 D ACDB-LOADER: ACDB -> AUDIO_SET_AUDPROC_CAL
12-03 16:59:28.212   732 16361 D ACDB-LOADER: ACDB -> send_audvoltable
12-03 16:59:28.212   732 16361 D ACDB-LOADER: ACDB -> ACDB_CMD_GET_AUDPROC_VOL_STEP_TABLE_SIZE
12-03 16:59:28.212   732 16361 D         : ACDBFILE_MGR:Read the devices count as zero, please check the acdb file
12-03 16:59:28.212   732 16361 D ACDB-LOADER: ACDB -> ACDB_CMD_GET_AUDPROC_GAIN_DEP_STEP_TABLE, vol index 0
12-03 16:59:28.212   732 16361 D         : ACDBFILE_MGR:Read the devices count as zero, please check the acdb file
12-03 16:59:28.212   732 16361 D ACDB-LOADER: ACDB -> AUDIO_SET_VOL_CAL cal type = 12
12-03 16:59:28.212   732 16361 D ACDB-LOADER: ACDB -> ACDB_CMD_GET_AUDPROC_STREAM_TABLE_SIZE
12-03 16:59:28.212   732 16361 D ACDB-LOADER: ACDB -> send_audstrmtable
12-03 16:59:28.212   732 16361 D ACDB-LOADER: ACDB -> ACDB_CMD_GET_AUDPROC_STREAM_TABLE_V2
12-03 16:59:28.212   732 16361 D ACDB-LOADER: ACDB -> audstrm_cal->cal_type.cal_data.cal_size = 19476
12-03 16:59:28.212   732 16361 D ACDB-LOADER: ACDB -> send_afe_topology
12-03 16:59:28.212   732 16361 D ACDB-LOADER: ACDB -> ACDB_CMD_GET_AFE_TOPOLOGY_ID
12-03 16:59:28.212   732 16361 D ACDB-LOADER: ACDB -> GET_AFE_TOPOLOGY_ID for adcd_id 15, Topology Id 1000b900
12-03 16:59:28.212   732 16361 D ACDB-LOADER: ACDB -> send_afe_cal
12-03 16:59:28.212   732 16361 D ACDB-LOADER: ACDB -> ACDB_CMD_GET_AFE_COMMON_TABLE_SIZE
12-03 16:59:28.212   732 16361 D         : ACDBFILE_MGR:Read the devices count as zero, please check the acdb file
12-03 16:59:28.212   732 16361 D ACDB-LOADER: ACDB -> ACDB_CMD_GET_AFE_COMMON_TABLE
12-03 16:59:28.212   732 16361 D         : ACDBFILE_MGR:Read the devices count as zero, please check the acdb file
12-03 16:59:28.212   732 16361 D ACDB-LOADER: ACDB -> AUDIO_SET_AFE_CAL
12-03 16:59:28.212   732 16361 D ACDB-LOADER: ACDB -> send_hw_delay : acdb_id = 15 path = 0
12-03 16:59:28.212   732 16361 D ACDB-LOADER: ACDB -> ACDB_AVSYNC_INFO: ACDB_CMD_GET_DEVICE_PROPERTY
12-03 16:59:28.212   732 16361 D sdm660_platform: platform_split_snd_device: snd_device(2) num devices(0) new_snd_devices(0)
12-03 16:59:28.212   732 16361 I sdm660_platform: platform_get_custom_mtmx_params: no matching param with id 0 ip_ch 2 op_ch 2 uc_id 1 snd_dev 2
12-03 16:59:28.212   732 16361 D audio_hw_primary: enable_audio_route: apply mixer and update path: low-latency-playback speaker
12-03 16:59:28.212   732 16361 D audio_route: Apply path: low-latency-playback speaker
12-03 16:59:28.212   732 16361 D audio_route: Setting mixer control: TERT_MI2S_RX Audio Mixer MultiMedia5, value: 1
12-03 16:59:28.214   732 16361 D audio_hw_primary: select_devices: done
12-03 16:59:28.216 32324 32324 E .app.soundaliv: Not starting debugger since process cannot load the jdwp agent.
12-03 16:59:28.228 32324 32324 D ActivityThread: setConscryptValidator
12-03 16:59:28.229 32324 32324 D ActivityThread: setConscryptValidator - put
12-03 16:59:28.232  1491  2425 I ActivityManager: DSS OFF for com.sec.android.app.soundalive
12-03 16:59:28.236 32167 32249 D UE4     : [2021.12.03-22.59.28:236][  0]LogAudio: Display: Audio Device (ID: 1) registered with world 'Daytime_Green'.
12-03 16:59:28.238 32167 32249 D UE4     : [2021.12.03-22.59.28:238][  0]LogAIModule: Creating AISystem for world Daytime_Green
12-03 16:59:28.240   732 16361 D sdm660_platform: platform_set_channel_map mixer_ctl_name:Playback Channel Map13
12-03 16:59:28.240   732 16361 D sdm660_platform: platform_set_channel_map: set mapping(1 2 0 0 0 0 0 0) for channel:2
12-03 16:59:28.241   732 16361 D audio_hw_primary: start_output_stream: exit
12-03 16:59:28.244   790  1109 I FastMixer: handle music stream -2101
12-03 16:59:28.249  1241  1359 I netd    : firewallSetUidRule(2, 10131, 1) <5.77ms>
12-03 16:59:28.259 32167 32249 D UE4     : [2021.12.03-22.59.28:259][  0]LogLoad: Game class is 'BP_GameMode_C'
12-03 16:59:28.262 32167 32249 D UE4     : [2021.12.03-22.59.28:262][  0]LogWorld: Bringing World /Game/Levels/Daytime_Green.Daytime_Green up for play (max tick rate 0) at 2021.12.03-16.59.28
12-03 16:59:28.262 32167 32249 D UE4     : [2021.12.03-22.59.28:262][  0]LogWorld: Bringing up level for play took: 0.001283
12-03 16:59:28.263 32167 32249 D UE4     : [2021.12.03-22.59.28:263][  0]LogOnline: OSS: Creating online subsystem instance for: GooglePlay
12-03 16:59:28.263 32167 32249 D UE4     : [2021.12.03-22.59.28:263][  0]LogOnline: Warning: OSS: FOnlineSubsystemGooglePlayModule was disabled
12-03 16:59:28.264   790  1111 D AudioFlinger: mixer(0x7569fb08c0) Spend too much time to write: delta 98(effect 0, stage 0)
12-03 16:59:28.273 32167 32249 D UE4     : [2021.12.03-22.59.28:273][  0]LogScript: Warning: Accessed None trying to read property alter_layout_widget
12-03 16:59:28.273 32167 32249 D UE4     : 	BP_FirstPerson_C /Game/Levels/Daytime_Green.Daytime_Green:PersistentLevel.BP_FirstPerson_C_2147482532
12-03 16:59:28.273 32167 32249 D UE4     : 	Function /Game/Character_Blueprints/BP_FirstPerson.BP_FirstPerson_C:ExecuteUbergraph_BP_FirstPerson:04A7
12-03 16:59:28.273 32167 32249 D UE4     : [2021.12.03-22.59.28:273][  0]LogScript: Warning: Script call stack:
12-03 16:59:28.273 32167 32249 D UE4     : 	Function /Game/Character_Blueprints/BP_FirstPerson.BP_FirstPerson_C:ReceiveBeginPlay
12-03 16:59:28.273 32167 32249 D UE4     : 	Function /Game/Character_Blueprints/BP_FirstPerson.BP_FirstPerson_C:ExecuteUbergraph_BP_FirstPerson
12-03 16:59:28.273 32167 32249 D UE4     : 
12-03 16:59:28.273 32167 32249 D UE4     : [2021.12.03-22.59.28:273][  0]LogScript: Warning: Accessed None attempting to assign variable on an object
12-03 16:59:28.273 32167 32249 D UE4     : 	BP_FirstPerson_C /Game/Levels/Daytime_Green.Daytime_Green:PersistentLevel.BP_FirstPerson_C_2147482532
12-03 16:59:28.273 32167 32249 D UE4     : 	Function /Game/Character_Blueprints/BP_FirstPerson.BP_FirstPerson_C:ExecuteUbergraph_BP_FirstPerson:04BC
12-03 16:59:28.273 32167 32249 D UE4     : [2021.12.03-22.59.28:273][  0]LogScript: Warning: Script call stack:
12-03 16:59:28.273 32167 32249 D UE4     : 	Function /Game/Character_Blueprints/BP_FirstPerson.BP_FirstPerson_C:ReceiveBeginPlay
12-03 16:59:28.273 32167 32249 D UE4     : 	Function /Game/Character_Blueprints/BP_FirstPerson.BP_FirstPerson_C:ExecuteUbergraph_BP_FirstPerson
12-03 16:59:28.273 32167 32249 D UE4     : 
12-03 16:59:28.275 32167 32249 D UE4     : [2021.12.03-22.59.28:274][  0]LogLoad: Took 0.094950 seconds to LoadMap(/Game/Levels/Daytime_Green)
12-03 16:59:28.275 32167 32249 D UE4     : [2021.12.03-22.59.28:275][  0]LogSlate: Took 0.000432 seconds to synchronously load lazily loaded font '../../../Engine/Content/EngineFonts/Faces/RobotoBold.ufont' (160K)
12-03 16:59:28.283  1491  2359 W Binder  : Outgoing transactions from this process must be FLAG_ONEWAY
12-03 16:59:28.283  1491  2359 W Binder  : java.lang.Throwable
12-03 16:59:28.283  1491  2359 W Binder  : 	at android.os.BinderProxy.transact(BinderProxy.java:493)
12-03 16:59:28.283  1491  2359 W Binder  : 	at android.content.ContentProviderProxy.insert(ContentProviderNative.java:479)
12-03 16:59:28.283  1491  2359 W Binder  : 	at android.content.ContentResolver.insert(ContentResolver.java:1835)
12-03 16:59:28.283  1491  2359 W Binder  : 	at com.android.server.audio.AudioService.notifyDVFSToSoundAlive(AudioService.java:12265)
12-03 16:59:28.283  1491  2359 W Binder  : 	at com.android.server.audio.AudioService.handleCustomMessage(AudioService.java:9308)
12-03 16:59:28.283  1491  2359 W Binder  : 	at com.android.server.audio.AudioService$AudioHandler.handleMessage(AudioService.java:6479)
12-03 16:59:28.283  1491  2359 W Binder  : 	at android.os.Handler.dispatchMessage(Handler.java:107)
12-03 16:59:28.283  1491  2359 W Binder  : 	at android.os.Looper.loop(Looper.java:237)
12-03 16:59:28.283  1491  2359 W Binder  : 	at com.android.server.audio.AudioService$AudioSystemThread.run(AudioService.java:5891)
12-03 16:59:28.284 32167 32309 D UE4     : AndroidEGL::  ReleaseContextOwnership,  thread releasing rendering context tid: 32309
12-03 16:59:28.284 32167 32309 D UE4     : AndroidEGL::ResetDisplay()
12-03 16:59:28.285 32324 32324 D SoundAliveApplication: onCreate()
12-03 16:59:28.285 32324 32324 D SoundAliveApplication: getApplicationContext()
12-03 16:59:28.285 32324 32324 D SoundAliveApplication: The supported Features are : eq_knob,eq_custom,uhq_switch,uhq_level,adapt,dvfs_700000,tube,concert
12-03 16:59:28.285 32324 32324 D SoundAliveApplication: Is EQ Support : true
12-03 16:59:28.285 32324 32324 D SoundAliveApplication: Is UHQ Switch Support : true
12-03 16:59:28.286 32324 32324 D SoundAliveApplication: Is UHQ Level Support : true
12-03 16:59:28.286 32324 32324 D SoundAliveApplication: Is Karaoke Support : false
12-03 16:59:28.286 32324 32324 D SoundAliveApplication: Is TubeAmp Support : true
12-03 16:59:28.286 32324 32324 D SoundAliveApplication: Is Concert Hall Support : true
12-03 16:59:28.286 32324 32324 D SoundAliveApplication: Is AdaptSound Support : true
12-03 16:59:28.286 32324 32324 D SoundAliveApplication: Is UHQ Upscaler Support : true
12-03 16:59:28.286 32324 32324 D SoundAliveApplication: Is UHQ Default set : false
12-03 16:59:28.286 32324 32342 D SAContentProvider: Player/Screen Callback
12-03 16:59:28.289   790   790 V APM_AudioPolicyManager: listAudioPorts() role 0 type 0 num_ports 0 ports 0x75f6e34ae0
12-03 16:59:28.290   790   790 V APM_AudioPolicyManager: listAudioPorts() got 0 ports needed 12
12-03 16:59:28.290   790   790 V APM_AudioPolicyManager: listAudioPorts() role 0 type 0 num_ports 12 ports 0x7566877900
12-03 16:59:28.290   790   790 V APM_AudioPolicyManager: listAudioPorts() got 12 ports needed 12
12-03 16:59:28.291 32167 32249 D UE4     : [2021.12.03-22.59.28:291][  0]LogSlate: Took 0.000277 seconds to synchronously load lazily loaded font '../../../Engine/Content/Slate/Fonts/Roboto-Regular.ttf' (155K)
12-03 16:59:28.292 32167 32249 D UE4     : [2021.12.03-22.59.28:292][  0]LogRHI: Display: ShaderPipelineCache: Paused Batching. 1
12-03 16:59:28.292 32167 32249 D UE4     : [2021.12.03-22.59.28:292][  0]LogRHI: Display: ShaderPipelineCache: Resumed Batching. 0
12-03 16:59:28.292 32167 32249 D UE4     : [2021.12.03-22.59.28:292][  0]LogRHI: Display: ShaderPipelineCache: Batching Resumed.
12-03 16:59:28.292 32167 32249 D UE4     : [2021.12.03-22.59.28:292][  0]LogInit: Display: Engine is initialized. Leaving FEngineLoop::Init()
12-03 16:59:28.292 32167 32249 D UE4     : [2021.12.03-22.59.28:292][  0]LogAndroid: Passed GEngineLoop.Init()
12-03 16:59:28.293 32167 32347 D UE4     : [2021.12.03-22.59.28:293][  0]LogRenderer: Reallocating scene render targets to support 1176x576 Format 10 NumSamples 1 (Frame:1).
12-03 16:59:28.293 32324 32324 D AudioDeviceCallback: registerAudioDeviceCallback
12-03 16:59:28.293 32167 32249 D UE4     : [2021.12.03-22.59.28:293][  0]LogAndroidEvents: Display: LogAndroidEvents::DequeueAppEvent : 9, [width=-1, height=-1], APP_EVENT_STATE_ON_START
12-03 16:59:28.293 32167 32249 D UE4     : FAppEventManager::Tick processing, 9
12-03 16:59:28.293 32167 32249 D UE4     : [2021.12.03-22.59.28:293][  0]LogAndroidEvents: Display: LogAndroidEvents::DequeueAppEvent : 7, [width=-1, height=-1], APP_EVENT_STATE_ON_RESUME
12-03 16:59:28.293 32167 32249 D UE4     : FAppEventManager::Tick processing, 7
12-03 16:59:28.293 32167 32249 D UE4     : [2021.12.03-22.59.28:293][  0]LogAndroidEvents: Display: LogAndroidEvents::DequeueAppEvent : 0, [width=2220, height=1080], APP_EVENT_STATE_WINDOW_CREATED
12-03 16:59:28.293 32167 32249 D UE4     : FAppEventManager::Tick processing, 0
12-03 16:59:28.293 32167 32249 D UE4     : [2021.12.03-22.59.28:293][  0]LogAndroidEvents: Display: ExecWindowCreated
12-03 16:59:28.293 32167 32249 D UE4     : AndroidEGL::ReInitWindow()
12-03 16:59:28.293 32167 32249 D UE4     : [2021.12.03-22.59.28:293][  0]LogAndroid: AndroidEGL::RefreshWindowSize updating window size = 1176, 576, cached size : 0, 0 tid : 32249
12-03 16:59:28.293 32167 32249 D UE4     : [2021.12.03-22.59.28:293][  0]LogAndroid: AndroidEGL::ResizeSharedContextSurface, PImplData->Window=0x733048a010, PImplData->eglWidth=8, PImplData->eglHeight=8!, CachedWidth=1176, CachedHeight=576, tid: 32249
12-03 16:59:28.294 32167 32249 D UE4     : AndroidEGL::UnBindShared()
12-03 16:59:28.294 32167 32249 D UE4     : AndroidEGL::ResetDisplay()
12-03 16:59:28.294 32167 32249 D UE4     : AndroidEGL::DestroySharedSurface()
12-03 16:59:28.294 32167 32249 D UE4     : AndroidEGL::InitSharedSurface 0
12-03 16:59:28.294 32167 32249 D UE4     : AndroidEGL::InitSharedSurface, Using CachedWindowRect, width: 1176, height 576 
12-03 16:59:28.294 32167 32249 D UE4     : AndroidEGL::InitSharedSurface, Using width: 1176, height 576 
12-03 16:59:28.294 32324 32324 D AudioDeviceCallback: isExternalDevice... device.getType() = 1
12-03 16:59:28.294 32167 32249 D UE4     : AndroidEGL::InitSharedSurface, width: 1176, height 576 
12-03 16:59:28.294 32324 32324 D AudioDeviceCallback: isExternalDevice... device.getType() = 2
12-03 16:59:28.294 32167 32249 D UE4     : AndroidEGL::CreateEGLSharedSurface(), auxSurface = eglCreatePbufferSurface(), 8x8
12-03 16:59:28.294 32324 32324 D AudioDeviceCallback: isExternalDevice... device.getType() = 18
12-03 16:59:28.294 32324 32324 D AudioDeviceCallback: isExternalDevice... device.getType() = 15
12-03 16:59:28.294 32324 32324 D AudioDeviceCallback: isExternalDevice... device.getType() = 15
12-03 16:59:28.294 32324 32324 D AudioDeviceCallback: isExternalDevice... device.getType() = 18
12-03 16:59:28.294 32167 32249 D UE4     : ExecWindowCreated, 0, 1, 1
12-03 16:59:28.294 32167 32249 D UE4     : [2021.12.03-22.59.28:294][  0]LogAndroidEvents: Display: LogAndroidEvents::DequeueAppEvent : 11, [width=-1, height=-1], APP_EVENT_STATE_WINDOW_GAINED_FOCUS
12-03 16:59:28.294 32167 32249 D UE4     : FAppEventManager::Tick processing, 11
12-03 16:59:28.294 32167 32249 D UE4     : [2021.12.03-22.59.28:294][  0]LogAndroidEvents: Display: LogAndroidEvents::DequeueAppEvent : 14, [width=-1, height=-1], APP_EVENT_STATE_APP_ACTIVATED
12-03 16:59:28.294 32167 32249 D UE4     : FAppEventManager::Tick processing, 14
12-03 16:59:28.294 32167 32249 D UE4     : Execution will be resumed!
12-03 16:59:28.294 32167 32249 D UE4     : [2021.12.03-22.59.28:294][  0]LogAndroidEvents: Display: LogAndroidEvents::DequeueAppEvent : 15, [width=-1, height=-1], APP_EVENT_RUN_CALLBACK
12-03 16:59:28.294 32167 32249 D UE4     : FAppEventManager::Tick processing, 15
12-03 16:59:28.294 32167 32249 D UE4     : [2021.12.03-22.59.28:294][  0]LogAndroidEvents: Display: Event thread callback running.
12-03 16:59:28.294 32167 32249 D UE4     : [2021.12.03-22.59.28:294][  0]LogAndroid: performing app foregrounding callback.
12-03 16:59:28.295 32167 32249 D UE4     : [GameActivity] Registering volume receiver
12-03 16:59:28.296 32167 32167 D ViewRootImpl@c0c714c[GameActivity]: dispatchDetachedFromWindow
12-03 16:59:28.297  1491  2425 D InputTransport: Input channel destroyed: '5471d3d', fd=413
12-03 16:59:28.298  1491  2425 I WindowManager: Destroying surface Surface(name=neu.edu.madcourse.Bello_CS5520_MoveMe/com.epicgames.ue4.GameActivity$_32167)/@0x6827f9a called by com.android.server.wm.WindowStateAnimator.destroySurface:1725 com.android.server.wm.WindowStateAnimator.destroySurfaceLocked:684 com.android.server.wm.WindowState.removeImmediately:2282 com.android.server.wm.WindowState.removeIfPossible:2418 com.android.server.wm.WindowState.removeIfPossible:2297 com.android.server.wm.WindowManagerService.removeWindow:2029 com.android.server.wm.Session.remove:184 android.view.IWindowSession$Stub.onTransact:658 
12-03 16:59:28.298 32167 32249 D UE4     : [GameActivity] startVolumeReceiver: 8
12-03 16:59:28.298 32167 32249 D UE4     : nativeVolumeEvent(8)
12-03 16:59:28.298 32167 32249 D UE4     : [GameActivity] Registering battery receiver
12-03 16:59:28.299   795  1047 I SurfaceFlinger: id=2948 Removed neu.edu.madcourse.Bello_CS5520_MoveMe/com.epicgames.ue4.GameActivity$_32167#0 (47)
12-03 16:59:28.300 32167 32249 D UE4     : [GameActivity] Registering headset receiver
12-03 16:59:28.300  1491  2425 V WindowManager: performShow on Window{c2df608 u0 StatusBar}: mDrawState=READY_TO_SHOW readyForDisplay=false starting=false during animation: policyVis=false parentHidden=false tok.hiddenRequested=false tok.hidden=false animating=false tok animating=false Callers=com.android.server.wm.WindowState.performShowLocked:4660 com.android.server.wm.WindowStateAnimator.commitFinishDrawingLocked:371 com.android.server.wm.DisplayContent.lambda$new$8$DisplayContent:935 com.android.server.wm.-$$Lambda$DisplayContent$qxt4izS31fb0LF2uo_OF9DMa7gc.accept:4 
12-03 16:59:28.302 32167 32249 D UE4     : [GameActivity] startHeadsetReceiver: 0
12-03 16:59:28.302 32167 32249 D UE4     : nativeHeadsetEvent(0)
12-03 16:59:28.302 32167 32249 D UE4     : [2021.12.03-22.59.28:302][  0]LogCore: Display: AppLifetime: Application has entered foreground
12-03 16:59:28.303   795  1047 I SurfaceFlinger: id=2946 Removed 5471d3d neu.edu.madcourse.Bello_CS5520_MoveMe/com.epicgames.ue4.GameActivity#0 (47)
12-03 16:59:28.303 32167 32167 D InputTransport: Input channel destroyed: '5471d3d', fd=73
12-03 16:59:28.304 32167 32167 D UE4     : [GameActivity] Battery: status = 5, rawlevel = 100, scale = 100
12-03 16:59:28.304 32167 32167 D UE4     : nativeBatteryEvent(stat = 5, lvl = 100  temp = 28.10 C)
12-03 16:59:28.307   795   795 I Layer   : id=2946[1] Destroyed 5471d3d neu.edu.madcourse.Bello_CS5520_MoveMe/com.epicgames.ue4.GameActivity#0
12-03 16:59:28.307  1491  1655 V WindowManager: performShow on Window{c2df608 u0 StatusBar}: mDrawState=READY_TO_SHOW readyForDisplay=false starting=false during animation: policyVis=false parentHidden=false tok.hiddenRequested=false tok.hidden=false animating=false tok animating=false Callers=com.android.server.wm.WindowState.performShowLocked:4660 com.android.server.wm.DisplayContent.lambda$new$0$DisplayContent:662 com.android.server.wm.-$$Lambda$DisplayContent$0yxrqH9eGY2qTjH1u_BvaVrXCSA.accept:4 com.android.server.wm.WindowContainer$ForAllWindowsConsumerWrapper.apply:1184 
12-03 16:59:28.309   795   795 I Layer   : id=2948[1] Destroyed neu.edu.madcourse.Bello_CS5520_MoveMe/com.epicgames.ue4.GameActivity$_32167#0
12-03 16:59:28.310   795   795 I SurfaceFlinger: Display 0 HWC layers:
12-03 16:59:28.310   795   795 I SurfaceFlinger:     type    |    handle    | flag |  format   |   source crop (l,t,r,b)    |         frame       | name 
12-03 16:59:28.310   795   795 I SurfaceFlinger: ------------+--------------+------+-----------+----------------------------+---------------------+------
12-03 16:59:28.310   795   795 I SurfaceFlinger:      DEVICE | 0x7f3fadef00 | 0002 | RGBx_8888 |   0.0    0.0  576.0 1176.0 |    0    0 1080 2220 | SurfaceView - neu.edu.madcourse.Bell[...]icgames.ue4.GameActivity@e295f55@0#0
12-03 16:59:28.310   795   795 I SurfaceFlinger:      DEVICE | 0x7f4ae25e80 | 0000 | RGBA_8888 |   0.0    0.0 1080.0 2220.0 |    0    0 1080 2220 | neu.edu.madcourse.Bello_CS5520_MoveMe/com.epicgames.ue4.GameActivity$_32167#1
12-03 16:59:28.310   795   795 I SurfaceFlinger: 
12-03 16:59:28.328 32167 32309 D UE4     : [2021.12.03-22.59.28:328][  0]LogRHI: Using OpenGL program LRU cache: 0
12-03 16:59:28.403 32167 32249 D UE4     : [2021.12.03-22.59.28:402][  0]LogUdpMessaging: Initializing bridge on interface 0.0.0.0:0 to multicast group 230.0.0.1:6666.
12-03 16:59:28.403 32167 32249 D UE4     : [2021.12.03-22.59.28:403][  0]FUdpSocketBuilder: Failed to subscribe UdpMessageMulticastSocket to multicast group 230.0.0.1 on interface 0.0.0.0
12-03 16:59:28.403 32167 32249 D UE4     : [2021.12.03-22.59.28:403][  0]FUdpSocketBuilder: Failed to create and initialize socket UdpMessageMulticastSocket (last error: 55)
12-03 16:59:28.403 32167 32249 D UE4     : [2021.12.03-22.59.28:403][  0]LogUdpMessaging: Warning: StartTransport failed to create multicast socket on 0.0.0.0:0, joined to 230.0.0.1:6666 with TTL 1
12-03 16:59:28.831 32324 32324 D SAEffectManager: SoundAlive instance has created successfully.
12-03 16:59:28.832 32324 32324 I SAEffectManager: SAEffectManager : mDolby = getNewDolbyInstance
12-03 16:59:28.832 32324 32324 D SAEffectManager: getNewDolbyInstance() : _dolbyType is 1
12-03 16:59:28.835 32324 32324 D SAEffectManager: Dolby effect instance has created successfully.
12-03 16:59:28.836 32324 32324 I SAEffectManager: SAEffectManager : mDolbyGame = getNewDolbyInstance
12-03 16:59:28.836 32324 32324 D SAEffectManager: getNewDolbyInstance() : _dolbyType is 2
12-03 16:59:28.836 32324 32324 D SAEffectManager: This device doesn't support Dolby Atmos for Gaming, so returns null.
12-03 16:59:28.837 32324 32324 D SoundAliveApplication: resetUnsupportedEffects
12-03 16:59:28.841   566   566 D vold    : fdeGetPasswordType(1)
12-03 16:59:28.842 32324 32324 D SAm     : status_storage : 4
12-03 16:59:28.842 32324 32324 D SAm     : status_user : true
12-03 16:59:28.842 32324 32324 D SAm     : moving to decrypted-storage
12-03 16:59:28.843 32324 32324 D SAm     : moving shared-pref
12-03 16:59:28.845   566   566 D vold    : fdeGetPasswordType(1)
12-03 16:59:28.845 32324 32324 D SAm     : PreferencesManager status_storage : 4
12-03 16:59:28.846 32324 32324 D SAm     : PreferencesManager status_user : true
12-03 16:59:28.962 32324 32324 I SoundAliveApplication: reset setting-value for Surround
12-03 16:59:28.965 32324 32324 I chatty  : uid=10131(com.sec.android.app.soundalive) identical 6 lines
12-03 16:59:28.965 32324 32324 I SoundAliveApplication: reset setting-value for Surround
12-03 16:59:28.965 32324 32324 I AudioManager: getParameters keys = audioParam;l_device_current_output
12-03 16:59:28.968   790   790 V APM_AudioPolicyManager: getAudioPolicyConfig: audioParam;l_device_current_output
12-03 16:59:28.969   790   790 V APM_AudioPolicyManager: getNewOutputDevices selected devices AUDIO_DEVICE_NONE
12-03 16:59:28.969   790   790 V APM_AudioPolicyManager: ### curDeviceType : 2
12-03 16:59:28.969 32324 32324 D SoundAlivePolicyManager: Actual path retrieved: 2
12-03 16:59:28.969 32324 32324 D SoundAlivePolicyManager: isAudioPathSpeaker() : true
12-03 16:59:28.969 32324 32324 D SoundAlivePolicyManager: actual AudioPath : SA_PATH_SPK
12-03 16:59:28.969 32324 32324 I Feature : SUPPORT_HUN_FLOATING_FEATURE = trueCOUNTRY_CODE = Poland
12-03 16:59:28.969 32324 32324 D SADVFSHelper: Audio route update attempt
12-03 16:59:28.974 32324 32324 D SAPathManager: got Performance-mode as : 0
12-03 16:59:28.975 32324 32324 E DeXUtil : DesktopModeManager is null, so it can't be decided.
12-03 16:59:28.976 32324 32324 D SoundAlivePolicyManager: isGlobalEffectSupportCurrentAudioPath, currentDeviceType : 2
12-03 16:59:28.976 32324 32324 D SAPathManager: Effect 0 not supported on current path
12-03 16:59:28.976 32324 32324 D SoundAliveApplication: registerAudioPlaybackCallback : isRunningGameWhiteList : false
12-03 16:59:28.976 32324 32324 D SADVFSHelper: Either heavy-duty effect is Off or Music playback is not active
12-03 16:59:29.159 32167 32249 D UE4     : [2021.12.03-22.59.29:159][  0]LogTcpMessaging: Initializing TcpMessaging bridge, listening on 127.0.0.1:6666
12-03 16:59:29.164 32167 32249 D UE4     : [2021.12.03-22.59.29:164][  0]LogCore: Display: AppLifetime: Application has reactivated
12-03 16:59:29.165 32167 32249 D UE4     : [2021.12.03-22.59.29:165][  0]LogTemp: Android resume audio
12-03 16:59:29.175 32167 32309 D UE4     : [2021.12.03-22.59.29:175][  0]LogAndroid: AndroidEGL::ResizeRenderContextSurface, PImplData->Window=0x733048a010, PImplData->eglWidth=8, PImplData->eglHeight=8!, CachedWidth=1176, CachedHeight=576, tid: 32309
12-03 16:59:29.175 32167 32309 D UE4     : AndroidEGL::UnBindRender()
12-03 16:59:29.175 32167 32309 D UE4     : AndroidEGL::ResetDisplay()
12-03 16:59:29.177 32167 32309 D UE4     : AndroidEGL::DestroyRenderSurface()
12-03 16:59:29.189 32167 32309 D UE4     : AndroidEGL::InitRenderSurface 0, 1
12-03 16:59:29.189 32167 32309 D UE4     : AndroidEGL::InitRenderSurface, Using CachedWindowRect, width: 1176, height 576 
12-03 16:59:29.189 32167 32309 D UE4     : AndroidEGL::InitRenderSurface, Using width: 1176, height 576 
12-03 16:59:29.189 32167 32309 D UE4     : AndroidEGL::InitRenderSurface, wnd: 0x733048a010, width: 1176, height 576 
12-03 16:59:29.193 32167 32309 D UE4     : AndroidEGL::CreateEGLRenderSurface() 0x72aaab5780
12-03 16:59:29.200 32167 32249 D UE4     : [2021.12.03-22.59.29:200][  0]LogAndroid: Display: Low Power Mode Changed: 0
12-03 16:59:29.220 32167 32249 D UE4     : [2021.12.03-22.59.29:220][  0]LogSlate: InvalidateAllWidgets triggered.  All widgets were invalidated
12-03 16:59:29.324 32167 32249 D UE4     : [2021.12.03-22.59.29:324][  0]LogSlate: Slate font cache was flushed
12-03 16:59:29.344 32167 32249 D UE4     : [2021.12.03-22.59.29:344][  1]LogSlate: Took 0.000815 seconds to synchronously load lazily loaded font '../../../Engine/Content/Slate/Fonts/Roboto-Regular.ttf' (155K)
12-03 16:59:29.348 32167 32249 D UE4     : [2021.12.03-22.59.29:348][  1]LogSlate: Took 0.000869 seconds to synchronously load lazily loaded font '../../../Engine/Content/EngineFonts/Faces/RobotoBold.ufont' (160K)
12-03 16:59:29.915  2489  2913 D NetworkController.MobileSignalController(0/2147483647): onSignalStrengthsChanged signalStrength=SignalStrength:{mCdma=Invalid,mGsm=Invalid,mWcdma=Invalid,mTdscdma=Invalid,mLte=CellSignalStrengthLte: rssi=-81 rsrp=-110 rsrq=-14 rssnr=-36 cqi=2147483647 ta=2147483647 level=0,mNr=Invalid,SignalBarInfo{ lteLevel=2 },P,rat=14,primary=CellSignalStrengthLte} level=2
12-03 16:59:29.917  2489  2913 D NetworkController.MobileSignalController(0/2147483647): getMobileIconGroup(): 0
12-03 16:59:29.980 32324 32324 D SAPathManager: got Performance-mode as : 0
12-03 16:59:29.980 32324 32324 E DeXUtil : DesktopModeManager is null, so it can't be decided.
12-03 16:59:29.980 32324 32324 D SoundAlivePolicyManager: isGlobalEffectSupportCurrentAudioPath, currentDeviceType : 2
12-03 16:59:29.981 32324 32324 D SAPathManager: Effect 0 not supported on current path
12-03 16:59:29.981 32324 32324 D SoundAliveApplication: registerAudioPlaybackCallback : isRunningGameWhiteList : false
12-03 16:59:29.981 32324 32324 D SADVFSHelper: Either heavy-duty effect is Off or Music playback is not active
12-03 16:59:30.162 32167 32357 D UE4     : [2021.12.03-22.59.30:162][ 53]LogTcpMessaging: Started Connection to '127.0.0.1:37286'
12-03 16:59:30.163 32167 32357 D UE4     : [2021.12.03-22.59.30:163][ 53]LogTcpMessaging: Discovered node '7114F76C475D45D539C397BF9BD0CCFB' on connection '127.0.0.1:37286'...
12-03 16:59:30.698  1491  2377 D PkgPredictorService-NapPreloadController: Sent pkg = com.stameshabello.samplefirebaseapp type: ml
12-03 16:59:30.698  1491  2708 D ActivityManager: [ML] packageName : com.stameshabello.samplefirebaseapp type : ml
12-03 16:59:30.699  1491  2708 E ActivityManager: [ML]Checking for the Machine Learning isPkgEverLaunched :true, isPkgStopped : true
12-03 16:59:31.018 32324 32324 D SAPathManager: got Performance-mode as : 0
12-03 16:59:31.018 32324 32324 E DeXUtil : DesktopModeManager is null, so it can't be decided.
12-03 16:59:31.019 32324 32324 D SoundAlivePolicyManager: isGlobalEffectSupportCurrentAudioPath, currentDeviceType : 2
12-03 16:59:31.019 32324 32324 D SAPathManager: Effect 0 not supported on current path
12-03 16:59:31.019 32324 32324 D SoundAliveApplication: registerAudioPlaybackCallback : isRunningGameWhiteList : false
12-03 16:59:31.019 32324 32324 D SADVFSHelper: Either heavy-duty effect is Off or Music playback is not active
12-03 16:59:31.042   747   902 I qti_sensors_hal: processReportInd: Light - cb 203
12-03 16:59:31.193  2489  2913 D NetworkController.MobileSignalController(0/2147483647): onSignalStrengthsChanged signalStrength=SignalStrength:{mCdma=Invalid,mGsm=Invalid,mWcdma=Invalid,mTdscdma=Invalid,mLte=CellSignalStrengthLte: rssi=-79 rsrp=-110 rsrq=-15 rssnr=-30 cqi=2147483647 ta=2147483647 level=1,mNr=Invalid,SignalBarInfo{ lteLevel=2 },P,rat=14,primary=CellSignalStrengthLte} level=2
12-03 16:59:31.194  2489  2913 D NetworkController.MobileSignalController(0/2147483647): getMobileIconGroup(): 0
12-03 16:59:31.267  1491  1657 E Watchdog: !@Sync 2829 [2021-12-03 16:59:31.265] FD count : 573, wdog_way : pwdt
12-03 16:59:31.645 32167 32249 D UE4     : EngineMemoryWarningHandler: Mem Used 409.49 MB, Texture Memory 12.03 MB, Render Target memory 67.47 MB, OS Free 3466.69 MB
12-03 16:59:31.718  1491  8150 D GameManagerService: identifyGamePackage. neu.edu.madcourse.Bello_CS5520_MoveMe, mCurrentUserId: 0, callerUserId: 0
12-03 16:59:31.718  1491  8150 D GamePkgDataHelper: getGamePkgData(). neu.edu.madcourse.Bello_CS5520_MoveMe
12-03 16:59:31.752  1491  2625 W BestClock: java.time.DateTimeException: Missing NTP fix
12-03 16:59:31.762  1241  1359 I netd    : tetherGetStats() <6.61ms>
12-03 16:59:31.769  1491  2625 W BestClock: java.time.DateTimeException: Missing NTP fix
12-03 16:59:31.772  1491  2338 W BestClock: java.time.DateTimeException: Missing NTP fix
12-03 16:59:31.778  1491  2425 W BestClock: java.time.DateTimeException: Missing NTP fix
12-03 16:59:31.783  1241  1359 I netd    : tetherGetStats() <4.52ms>
12-03 16:59:31.790  1491  2425 W BestClock: java.time.DateTimeException: Missing NTP fix
12-03 16:59:31.792  1491  2338 W BestClock: java.time.DateTimeException: Missing NTP fix
12-03 16:59:31.979   795   795 I SurfaceFlinger: SFWD update time=84945522936136
12-03 16:59:32.728   747   951 I qti_sensors_hal: AutoRotation REPORT_IND (1)
12-03 16:59:32.728   747   951 D qti_sensors_hal: AutoRotation i 4 196608 c 1 1 7 1 ts: 2459756637
12-03 16:59:32.729  1491  2277 D SensorHubManager: onGetSensorHubDataLocked: library(4) = 1, 1, 7, 1
12-03 16:59:32.730  1491  2278 D CAE     : onGetSensorHubData(SensorHubParserProvider.java:91) - onGetSensorHubData Event [event buffer len :4], AP_WAKEUP
12-03 16:59:32.731  1491  2278 I CAE     : parse(SensorHubParserProvider.java:192) - buffer size = 4
12-03 16:59:32.731  1491  2278 I CAE     : parse(SensorHubParserProvider.java:203) - 1, 1, 7, 1,
12-03 16:59:32.731  1491  2278 D CAE     : display(ContextProvider.java:375) - ================= AUTO_ROTATION =================
12-03 16:59:32.732  1491  2278 I CAE     : display(ContextProvider.java:391) - Angle=[1]
12-03 16:59:32.732  1491  2283 D SemContextService: Service.updateContext() : service = Auto Rotation
12-03 16:59:32.732  1491  1652 D SemContextManager: onSemContextChanged() : event = Auto Rotation Angle : 1
12-03 16:59:32.732  1491  1652 D SemContextManager: AutoRotationEvent : Angle = 1
12-03 16:59:32.732  1491  1652 D WindowOrientationListener: OrientationSensorJudge.onSemContextChanged, Rotation: 1
12-03 16:59:32.734  1491  1652 V WindowManager: rotationForOrientation(orient=6, last=1); user=0 
12-03 16:59:32.734  1491  1652 V WindowOrientationListener: getProposedRotation :1
12-03 16:59:32.734  1491  1652 V WindowManager: Computed rotation=1 for display id=0 based on lastOrientation=6 and oldRotation=1, caller=com.android.server.wm.DisplayContent.updateRotationUnchecked:1468 com.android.server.wm.WindowManagerService.updateRotationUnchecked:4194 com.android.server.wm.WindowManagerService.updateRotation:4175 com.android.server.wm.DisplayRotation$OrientationListener$UpdateRunnable.run:983 android.os.Handler.handleCallback:883 android.os.Handler.dispatchMessage:100 
12-03 16:59:32.736  1491  1652 V WindowManager: performShow on Window{c2df608 u0 StatusBar}: mDrawState=READY_TO_SHOW readyForDisplay=false starting=false during animation: policyVis=false parentHidden=false tok.hiddenRequested=false tok.hidden=false animating=false tok animating=false Callers=com.android.server.wm.WindowState.performShowLocked:4660 com.android.server.wm.WindowStateAnimator.commitFinishDrawingLocked:371 com.android.server.wm.DisplayContent.lambda$new$8$DisplayContent:935 com.android.server.wm.-$$Lambda$DisplayContent$qxt4izS31fb0LF2uo_OF9DMa7gc.accept:4 
12-03 16:59:32.747  1491  1655 V WindowManager: performShow on Window{c2df608 u0 StatusBar}: mDrawState=READY_TO_SHOW readyForDisplay=false starting=false during animation: policyVis=false parentHidden=false tok.hiddenRequested=false tok.hidden=false animating=false tok animating=false Callers=com.android.server.wm.WindowState.performShowLocked:4660 com.android.server.wm.DisplayContent.lambda$new$0$DisplayContent:662 com.android.server.wm.-$$Lambda$DisplayContent$0yxrqH9eGY2qTjH1u_BvaVrXCSA.accept:4 com.android.server.wm.WindowContainer$ForAllWindowsConsumerWrapper.apply:1184 
12-03 16:59:33.044   747   951 I qti_sensors_hal: AutoRotation REPORT_IND (255)
12-03 16:59:33.044   747   951 D qti_sensors_hal: AutoRotation i 4 196608 c 1 1 7 255 ts: 2459766882
12-03 16:59:33.045  1491  2277 D SensorHubManager: onGetSensorHubDataLocked: library(4) = 1, 1, 7, -1
12-03 16:59:33.047  1491  2278 D CAE     : onGetSensorHubData(SensorHubParserProvider.java:91) - onGetSensorHubData Event [event buffer len :4], AP_WAKEUP
12-03 16:59:33.047  1491  2278 I CAE     : parse(SensorHubParserProvider.java:192) - buffer size = 4
12-03 16:59:33.047  1491  2278 I CAE     : parse(SensorHubParserProvider.java:203) - 1, 1, 7, -1,
12-03 16:59:33.048  1491  2278 D CAE     : display(ContextProvider.java:375) - ================= AUTO_ROTATION =================
12-03 16:59:33.048  1491  2278 I CAE     : display(ContextProvider.java:391) - Angle=[-1]
12-03 16:59:33.050  1491  2283 D SemContextService: Service.updateContext() : service = Auto Rotation
12-03 16:59:33.050  1491  1652 D SemContextManager: onSemContextChanged() : event = Auto Rotation Angle : -1
12-03 16:59:33.050  1491  1652 D SemContextManager: AutoRotationEvent : Angle = -1
12-03 16:59:33.050  1491  1652 D WindowOrientationListener: OrientationSensorJudge.onSemContextChanged, Rotation: -1
12-03 16:59:33.051  1491  1652 V WindowManager: rotationForOrientation(orient=6, last=1); user=0 
12-03 16:59:33.051  1491  1652 V WindowOrientationListener: getProposedRotation :-1
12-03 16:59:33.051  1491  1652 V WindowManager: Computed rotation=1 for display id=0 based on lastOrientation=6 and oldRotation=1, caller=com.android.server.wm.DisplayContent.updateRotationUnchecked:1468 com.android.server.wm.WindowManagerService.updateRotationUnchecked:4194 com.android.server.wm.WindowManagerService.updateRotation:4175 com.android.server.wm.DisplayRotation$OrientationListener$UpdateRunnable.run:983 android.os.Handler.handleCallback:883 android.os.Handler.dispatchMessage:100 
12-03 16:59:33.053  1491  1652 V WindowManager: performShow on Window{c2df608 u0 StatusBar}: mDrawState=READY_TO_SHOW readyForDisplay=false starting=false during animation: policyVis=false parentHidden=false tok.hiddenRequested=false tok.hidden=false animating=false tok animating=false Callers=com.android.server.wm.WindowState.performShowLocked:4660 com.android.server.wm.WindowStateAnimator.commitFinishDrawingLocked:371 com.android.server.wm.DisplayContent.lambda$new$8$DisplayContent:935 com.android.server.wm.-$$Lambda$DisplayContent$qxt4izS31fb0LF2uo_OF9DMa7gc.accept:4 
12-03 16:59:33.061  1491  1655 V WindowManager: performShow on Window{c2df608 u0 StatusBar}: mDrawState=READY_TO_SHOW readyForDisplay=false starting=false during animation: policyVis=false parentHidden=false tok.hiddenRequested=false tok.hidden=false animating=false tok animating=false Callers=com.android.server.wm.WindowState.performShowLocked:4660 com.android.server.wm.DisplayContent.lambda$new$0$DisplayContent:662 com.android.server.wm.-$$Lambda$DisplayContent$0yxrqH9eGY2qTjH1u_BvaVrXCSA.accept:4 com.android.server.wm.WindowContainer$ForAllWindowsConsumerWrapper.apply:1184 
12-03 16:59:33.301   747   951 I qti_sensors_hal: AutoRotation REPORT_IND (1)
12-03 16:59:33.301   747   951 D qti_sensors_hal: AutoRotation i 4 196608 c 1 1 7 1 ts: 2459775078
12-03 16:59:33.302  1491  2277 D SensorHubManager: onGetSensorHubDataLocked: library(4) = 1, 1, 7, 1
12-03 16:59:33.303  1491  2278 D CAE     : onGetSensorHubData(SensorHubParserProvider.java:91) - onGetSensorHubData Event [event buffer len :4], AP_WAKEUP
12-03 16:59:33.303  1491  2278 I CAE     : parse(SensorHubParserProvider.java:192) - buffer size = 4
12-03 16:59:33.304  1491  2278 I CAE     : parse(SensorHubParserProvider.java:203) - 1, 1, 7, 1,
12-03 16:59:33.304  1491  2278 D CAE     : display(ContextProvider.java:375) - ================= AUTO_ROTATION =================
12-03 16:59:33.306  1491  2278 I CAE     : display(ContextProvider.java:391) - Angle=[1]
12-03 16:59:33.307  1491  2283 D SemContextService: Service.updateContext() : service = Auto Rotation
12-03 16:59:33.307  1491  1652 D SemContextManager: onSemContextChanged() : event = Auto Rotation Angle : 1
12-03 16:59:33.307  1491  1652 D SemContextManager: AutoRotationEvent : Angle = 1
12-03 16:59:33.307  1491  1652 D WindowOrientationListener: OrientationSensorJudge.onSemContextChanged, Rotation: 1
12-03 16:59:33.309  1491  1652 V WindowManager: rotationForOrientation(orient=6, last=1); user=0 
12-03 16:59:33.309  1491  1652 V WindowOrientationListener: getProposedRotation :1
12-03 16:59:33.310  1491  1652 V WindowManager: Computed rotation=1 for display id=0 based on lastOrientation=6 and oldRotation=1, caller=com.android.server.wm.DisplayContent.updateRotationUnchecked:1468 com.android.server.wm.WindowManagerService.updateRotationUnchecked:4194 com.android.server.wm.WindowManagerService.updateRotation:4175 com.android.server.wm.DisplayRotation$OrientationListener$UpdateRunnable.run:983 android.os.Handler.handleCallback:883 android.os.Handler.dispatchMessage:100 
12-03 16:59:33.313  1491  1652 V WindowManager: performShow on Window{c2df608 u0 StatusBar}: mDrawState=READY_TO_SHOW readyForDisplay=false starting=false during animation: policyVis=false parentHidden=false tok.hiddenRequested=false tok.hidden=false animating=false tok animating=false Callers=com.android.server.wm.WindowState.performShowLocked:4660 com.android.server.wm.WindowStateAnimator.commitFinishDrawingLocked:371 com.android.server.wm.DisplayContent.lambda$new$8$DisplayContent:935 com.android.server.wm.-$$Lambda$DisplayContent$qxt4izS31fb0LF2uo_OF9DMa7gc.accept:4 
12-03 16:59:33.327  1491  1655 V WindowManager: performShow on Window{c2df608 u0 StatusBar}: mDrawState=READY_TO_SHOW readyForDisplay=false starting=false during animation: policyVis=false parentHidden=false tok.hiddenRequested=false tok.hidden=false animating=false tok animating=false Callers=com.android.server.wm.WindowState.performShowLocked:4660 com.android.server.wm.DisplayContent.lambda$new$0$DisplayContent:662 com.android.server.wm.-$$Lambda$DisplayContent$0yxrqH9eGY2qTjH1u_BvaVrXCSA.accept:4 com.android.server.wm.WindowContainer$ForAllWindowsConsumerWrapper.apply:1184 
12-03 16:59:33.578  1491  2311 D InputReader: Btn_touch(3): value=1 when=84947.120259
12-03 16:59:33.578  1491  2311 I InputReader: Touch event's action is 0x0 (id=3, t=0) [pCnt=1, s=0.721 ] when=84947.120259
12-03 16:59:33.579  1491  2310 I InputDispatcher: Delivering touch to (32167): action: 0x0, f=0x0, d=0, 'dab53d7', t=1
12-03 16:59:33.581 32167 32250 D UE4     : [2021.12.03-22.59.33:581][259]LogAndroid: Mobile HDR: YES
12-03 16:59:33.581 32167 32250 D UE4     : [2021.12.03-22.59.33:581][259]LogAndroidWindowUtils: Setting Width=1176 and Height=576 (requested scale = 0.800000)
12-03 16:59:33.582 32167 32167 D ViewRootImpl@7ba4a0c[GameActivity]: ViewPostIme pointer 0
12-03 16:59:33.743  2489  2913 D NetworkController.MobileSignalController(0/2147483647): onSignalStrengthsChanged signalStrength=SignalStrength:{mCdma=Invalid,mGsm=Invalid,mWcdma=Invalid,mTdscdma=Invalid,mLte=CellSignalStrengthLte: rssi=-83 rsrp=-111 rsrq=-15 rssnr=-30 cqi=2147483647 ta=2147483647 level=1,mNr=Invalid,SignalBarInfo{ lteLevel=1 },P,rat=14,primary=CellSignalStrengthLte} level=1
12-03 16:59:33.743  2489  2913 D NetworkController.MobileSignalController(0/2147483647): getMobileIconGroup(): 0
12-03 16:59:33.744  2489  2489 D SecStatusBarMobileView: updateState: MobileIconState(subId=2147483647, strengthId=2131232575, roaming=false, typeId=0, roamingId=0, activityId=0, slotId=0, visible=true)
12-03 16:59:33.790  1491  2310 D PowerManagerService: [api] userActivityFromNative : 20 (event: 2 flags: 0) eventTime = 84947332
12-03 16:59:34.700  1491  2311 D InputReader: Btn_touch(3): value=0 when=84948.243690
12-03 16:59:34.700  1491  2311 I InputReader: Touch event's action is 0x1 (id=3, t=0) [pCnt=1, s=] when=84948.243690
12-03 16:59:34.701  1491  2310 I InputDispatcher: Delivering touch to (32167): action: 0x1, f=0x0, d=0, 'dab53d7', t=1
12-03 16:59:34.702 32167 32167 D ViewRootImpl@7ba4a0c[GameActivity]: ViewPostIme pointer 1
12-03 16:59:34.702  1491  1491 D GameManagerService: identifyGamePackage. neu.edu.madcourse.Bello_CS5520_MoveMe, mCurrentUserId: 0, callerUserId: 0
12-03 16:59:34.702  1491  1491 D GamePkgDataHelper: getGamePkgData(). neu.edu.madcourse.Bello_CS5520_MoveMe
12-03 16:59:34.703  1491  1491 D CustomFrequencyManagerService: acquireDVFSLockLocked : type : DVFS_MIN_LIMIT  frequency : 1113600  uid : 1000  pid : 1491  pkgName : GESTURE_DETECTED@CPU_MIN@43
12-03 16:59:35.259  1491  1491 D CustomFrequencyManagerService: releaseDVFSLockLocked : Getting Lock type frm List : DVFS_MIN_LIMIT  frequency : 1113600  uid : 1000  pid : 1491  tag : GESTURE_DETECTED@CPU_MIN@43
12-03 16:59:35.365  1491  2311 D InputReader: Btn_touch(3): value=1 when=84948.907626
12-03 16:59:35.365  1491  2311 I InputReader: Touch event's action is 0x0 (id=3, t=0) [pCnt=1, s=0.722 ] when=84948.907626
12-03 16:59:35.365  1491  2310 I InputDispatcher: Delivering touch to (32167): action: 0x0, f=0x0, d=0, 'dab53d7', t=1
12-03 16:59:35.369 32167 32167 D ViewRootImpl@7ba4a0c[GameActivity]: ViewPostIme pointer 0
12-03 16:59:35.452  1491  2311 D InputReader: Btn_touch(3): value=0 when=84948.995319
12-03 16:59:35.452  1491  2311 I InputReader: Touch event's action is 0x1 (id=3, t=0) [pCnt=1, s=] when=84948.995319
12-03 16:59:35.452  1491  2310 I InputDispatcher: Delivering touch to (32167): action: 0x1, f=0x0, d=0, 'dab53d7', t=1
12-03 16:59:35.453 32167 32167 D ViewRootImpl@7ba4a0c[GameActivity]: ViewPostIme pointer 1
12-03 16:59:35.460 32167 32249 D UE4     : [2021.12.03-22.59.35:460][372]LogBlueprintUserMessages: [W_AlterLayout_Widget_C_2147482529] true
12-03 16:59:35.914  4484  4899 I WorkerManager: dispose()
12-03 16:59:35.915  4484  4899 W A       : Queue length for executor EventBus is now 11. Perhaps some tasks are too long, or the pool is too small.
12-03 16:59:35.936  1491  2425 I ActivityManager: Killing 30795:com.samsung.android.messaging/u0a120 (adj 965): empty #25
12-03 16:59:35.963  3849  4404 D SDHMS:com.sec.android.sdhms.thermal.siop.z: SIOP:: AP:181(334,110) BAT:281(281,0) CHG:303(303,0) USB:0(0,0) WIFI:283(295,0) PA:290(308,0) LRP:284(284,-999) LRF:284(284) LRB:284(284) 
12-03 16:59:35.982  1020  1020 I Zygote  : Process 30795 exited due to signal 9 (Killed)
12-03 16:59:35.983  1491  1668 I libprocessgroup: Successfully killed process cgroup uid 10120 pid 30795 in 44ms
12-03 16:59:35.984  1158 12073 I CameraService: UidPolicy: No processes running for a uid=10120 disabled=0
12-03 16:59:36.077   747   902 I qti_sensors_hal: processReportInd: Light - 2 2
12-03 16:59:36.568  1491  1691 D AutomaticBrightnessController: sendAmbientLux(2.0)
12-03 16:59:36.569  1491  1691 D PowerManagerUtil: fileWriteInt to /sys/class/lcd/panel/lux, 2
12-03 16:59:36.582  1491  1691 D AutomaticBrightnessController: [api] updateAutoBrightness :  53(0.21)      0 <      2.0 <     10 (adj:+0.0)
12-03 16:59:36.584  1491  1691 D DisplayPowerController: animateScreenStateChange: target=2, targetInternal=2, dualScreenPolicy=-1
12-03 16:59:36.584  1491  1691 D DisplayPowerController: getFinalBrightness : Summary is 53 -> 53
12-03 16:59:36.584  1491  1691 D DisplayPowerController: Animating brightness: target=53, rate=60 (PSM:, AB limit:(-1 ~ -1) MB Limit:(-1 ~ 365)
12-03 16:59:36.586  1491  1691 D DisplayPowerController: putScreenBrightnessSetting: transitionTime=983
12-03 16:59:36.587  1491  1691 D SettingsProvider: isChangeAllowed() : name = auto_brightness_transition_time
12-03 16:59:36.588  1491  1691 D DisplayPowerController: putScreenBrightnessSetting: brightness=53
12-03 16:59:36.589  1491  1691 D SettingsProvider: isChangeAllowed() : name = screen_brightness
12-03 16:59:36.590  1491  1491 V SettingsProvider: Notifying for 0: content://settings/system/auto_brightness_transition_time
12-03 16:59:36.592  1491  2519 I AdaptiveDisplaySolutionService: SettingsObserver onChange content://settings/system/screen_brightness
12-03 16:59:36.593  1491  1491 V SettingsProvider: Notifying for 0: content://settings/system/screen_brightness
12-03 16:59:36.593  1491  2519 D AdaptiveDisplaySolutionService: platform_brightness_value_changed() platform_brightness_value : 53 , mACLwithBrightness : false
12-03 16:59:36.593  1491  1691 D DisplayPowerController: [api] SettingsObserver: onChange: content://settings/system/screen_brightness
12-03 16:59:36.594  1491  1691 D DisplayPowerController: [api] handleSettingsChange: sm: 1 sb:  53 abAdj: 0.000 sbVr: 180
12-03 16:59:36.595  1491  1691 D DisplayPowerController: animateScreenStateChange: target=2, targetInternal=2, dualScreenPolicy=-1
12-03 16:59:36.595  1491  1691 D DisplayPowerController: getFinalBrightness : Summary is 53 -> 53
12-03 16:59:36.595  1491  2516 D CoverManager: registerListener
12-03 16:59:36.598  1491  2516 D MdnieScenarioControlService:  packageName : neu.edu.madcourse.Bello_CS5520_MoveMe    className : com.epicgames.ue4.GameActivity
12-03 16:59:36.599  1491  2516 V MdnieScenarioControlService: setUIMode from UI function(3)
12-03 16:59:36.600  2489  2489 W GraphicUtils: getTextEmpty : skipped with null text
12-03 16:59:36.602  2489  2489 W GraphicUtils: setLinearGradientTextColor : skipped with null text
12-03 16:59:36.605  2489  2489 D StatusBar.BrightnessController: BrightnessObserver.onChanged() : BRIGHTNESS_URI
12-03 16:59:36.608  2489  2489 W GraphicUtils: getTextEmpty : skipped with null text
12-03 16:59:36.608  2489  2489 W GraphicUtils: setLinearGradientTextColor : skipped with null text
12-03 16:59:36.609  2489  2489 D StatusBar.BrightnessController: updateSliderAnimationDuration() : 983
12-03 16:59:36.609  2489  2489 V StatusBar.BrightnessController: updateSlider() = 53
12-03 16:59:36.620   759   759 D SehLight: lcd : 110 +
12-03 16:59:36.630   759   759 D SehLight: lcd : 110 -
12-03 16:59:36.637   759   759 D SehLight: lcd : 109 +
12-03 16:59:36.648   759   759 D SehLight: lcd : 109 -
12-03 16:59:36.653   759   759 D SehLight: lcd : 108 +
12-03 16:59:36.664   759   759 D SehLight: lcd : 108 -
12-03 16:59:36.670   759   759 D SehLight: lcd : 107 +
12-03 16:59:36.675   747   902 I qti_sensors_hal: processReportInd: Accel - X: 6.719 Y: 1.816 Z: 7.293
12-03 16:59:36.681   759   759 D SehLight: lcd : 107 -
12-03 16:59:36.691   759   759 D SehLight: lcd : 106 +
12-03 16:59:36.694   747   902 I qti_sensors_hal: processReportInd: Gyro - X: -0.052 Y: 0.012 Z: 0.005 status: 3
12-03 16:59:36.698   759   759 D SehLight: lcd : 106 -
12-03 16:59:36.704   759   759 D SehLight: lcd : 105 +
12-03 16:59:36.706  1491  2311 D InputReader: Btn_touch(3): value=1 when=84950.248284
12-03 16:59:36.706  1491  2311 I InputReader: Touch event's action is 0x0 (id=3, t=0) [pCnt=1, s=0.723 ] when=84950.248284
12-03 16:59:36.706  1491  2310 I InputDispatcher: Delivering touch to (32167): action: 0x0, f=0x0, d=0, 'dab53d7', t=1
12-03 16:59:36.708  1491  2310 D PowerManagerService: [api] userActivityFromNative : 30 (event: 2 flags: 0) eventTime = 84950248
12-03 16:59:36.708 32167 32167 D ViewRootImpl@7ba4a0c[GameActivity]: ViewPostIme pointer 0
12-03 16:59:36.714   759   759 D SehLight: lcd : 105 -
12-03 16:59:36.718   759   759 D SehLight: lcd : 104 +
12-03 16:59:36.730   759   759 D SehLight: lcd : 104 -
12-03 16:59:36.736   759   759 D SehLight: lcd : 103 +
12-03 16:59:36.747   759   759 D SehLight: lcd : 103 -
