12-03 16:59:26.312  1491  1655 V WindowManager: performShow on Window{c2df608 u0 StatusBar}: mDrawState=READY_TO_SHOW readyForDisplay=false starting=false during animation: policyVis=false parentHidden=false tok.hiddenRequested=false tok.hidden=false animating=false tok animating=false Callers=com.android.server.wm.WindowState.performShowLocked:4660 com.android.server.wm.DisplayContent.lambda$new$0$DisplayContent:662 com.android.server.wm.-$$Lambda$DisplayContent$0yxrqH9eGY2qTjH1u_BvaVrXCSA.accept:4 com.android.server.wm.WindowContainer$ForAllWindowsConsumerWrapper.apply:1184 
12-03 16:59:26.433 32167 32167 D UE4     : In the JNI_OnLoad function
12-03 16:59:26.434 32167 32167 D UE4     : [JNI] - Failed to determine if app purchasing is enabled!
12-03 16:59:26.436 32167 32167 D UE4     : Path found as '/storage/emulated/0'
12-03 16:59:26.436 32167 32167 D UE4     : Font Path found as '/system/fonts/'
12-03 16:59:26.436 32167 32167 D UE4     : In the JNI_OnLoad function 5
12-03 16:59:26.438  1491 32163 I ActivityTaskManager: Launch time is false
12-03 16:59:26.439 32167 32167 D OVRPlugin: JNI_OnLoad
12-03 16:59:26.451 32167 32167 D PhoneWindow: forceLight changed to true [] from com.android.internal.policy.PhoneWindow.updateForceLightNavigationBar:4238 com.android.internal.policy.DecorView.updateColorViews:1491 com.android.internal.policy.PhoneWindow.dispatchWindowAttributesChanged:3216 android.view.Window.setFlags:1148 com.android.internal.policy.PhoneWindow.generateLayout:2444 
12-03 16:59:26.451 32167 32167 I MultiWindowDecorSupport: updateCaptionType >> DecorView@4364320[], isFloating: false, isApplication: true, hasWindowDecorCaption: false, hasWindowControllerCallback: true
12-03 16:59:26.451 32167 32167 D MultiWindowDecorSupport: setCaptionType = 0, DecorView = DecorView@4364320[]
12-03 16:59:26.463 32167 32249 D UE4     : Entering native app glue main function
12-03 16:59:26.463 32167 32249 D UE4     : Created event thread
12-03 16:59:26.463 32167 32249 D UE4     : Entered AndroidMain()
12-03 16:59:26.463 32167 32250 D UE4     : Entering event processing thread engine entry point
12-03 16:59:26.463 32167 32250 D UE4     : Prepared looper for event thread
12-03 16:59:26.463 32167 32250 D UE4     : Passed callback initialization
12-03 16:59:26.463 32167 32250 D UE4     : Passed sensor initialization
12-03 16:59:26.465 32167 32249 D UE4     : Controller interface supported
12-03 16:59:26.474 32167 32167 D Dialog  : mIsSamsungBasicInteraction = false
12-03 16:59:26.474 32167 32167 D Dialog  : mIsSamsungBasicInteraction = false, isMetaDataInActivity = false
12-03 16:59:26.476 32167 32167 D PhoneWindow: forceLight changed to true [] from com.android.internal.policy.PhoneWindow.updateForceLightNavigationBar:4238 com.android.internal.policy.DecorView.updateColorViews:1491 com.android.internal.policy.PhoneWindow.dispatchWindowAttributesChanged:3216 android.view.Window.setFlags:1148 com.android.internal.policy.PhoneWindow.generateLayout:2444 
12-03 16:59:26.477 32167 32167 I MultiWindowDecorSupport: updateCaptionType >> DecorView@e4e84d9[], isFloating: false, isApplication: true, hasWindowDecorCaption: false, hasWindowControllerCallback: false
12-03 16:59:26.477 32167 32167 D MultiWindowDecorSupport: setCaptionType = 0, DecorView = DecorView@e4e84d9[]
12-03 16:59:26.490  1491  2425 E WindowManager: App trying to use insecure INPUT_FEATURE_NO_INPUT_CHANNEL flag. Ignoring
12-03 16:59:26.490  1491  2425 D InputTransport: Input channel constructed: '5471d3d', fd=413
12-03 16:59:26.490  1491  2425 D InputTransport: Input channel constructed: '5471d3d', fd=589
12-03 16:59:26.491   795  1047 I SurfaceFlinger: id=2946 createSurf (0x0),-1 flag=80004, 5471d3d neu.edu.madcourse.Bello_CS5520_MoveMe/com.epicgames.ue4.GameActivity#0
12-03 16:59:26.491  1491  2425 D InputTransport: Input channel destroyed: '5471d3d', fd=589
12-03 16:59:26.493 32167 32167 D ViewRootImpl@c0c714c[GameActivity]: setView = com.android.internal.policy.DecorView@e4e84d9 TM=true MM=false
12-03 16:59:26.494 32167 32167 D UE4     : [GameActivity] Target SDK is 28.  This may cause issues if permissions are denied by the user.
12-03 16:59:26.495  1491  1655 V WindowManager: performShow on Window{c2df608 u0 StatusBar}: mDrawState=READY_TO_SHOW readyForDisplay=false starting=false during animation: policyVis=false parentHidden=false tok.hiddenRequested=false tok.hidden=false animating=false tok animating=false Callers=com.android.server.wm.WindowState.performShowLocked:4660 com.android.server.wm.DisplayContent.lambda$new$0$DisplayContent:662 com.android.server.wm.-$$Lambda$DisplayContent$0yxrqH9eGY2qTjH1u_BvaVrXCSA.accept:4 com.android.server.wm.WindowContainer$ForAllWindowsConsumerWrapper.apply:1184 
12-03 16:59:26.495 32167 32167 E PermissionHelper: GVRTransition2DActivity.getActivity() failed. Trying to get GameActivity.
12-03 16:59:26.496 32167 32167 D PermissionHelper: checkPermission: android.permission.WRITE_EXTERNAL_STORAGE has granted
12-03 16:59:26.627 32167 32167 D UE4     : [GameActivity] Vulkan version: 1.1.0
12-03 16:59:26.627 32167 32167 D UE4     : [GameActivity] Vulkan level: 0
12-03 16:59:26.628 32167 32167 D UE4     : [GameActivity] Found DepthBufferPreference = 0
12-03 16:59:26.628 32167 32167 D UE4     : [GameActivity] Found bPackageDataInsideApk = 0
12-03 16:59:26.628 32167 32167 D UE4     : [GameActivity] Found ProjectName = MoveMe
12-03 16:59:26.628 32167 32167 D UE4     : [GameActivity] Found AppType = 
12-03 16:59:26.629 32167 32167 D UE4     : [GameActivity] Found bHasOBBFiles = 0
12-03 16:59:26.629 32167 32167 D UE4     : [GameActivity] Found bVerifyOBBOnStartUp = false
12-03 16:59:26.629 32167 32167 D UE4     : [GameActivity] UI hiding set to true
12-03 16:59:26.629 32167 32167 D UE4     : [GameActivity] BuildConfiguration set to Development
12-03 16:59:26.629 32167 32167 D UE4     : [GameActivity] UseExternalFilesDir set to false
12-03 16:59:26.629 32167 32167 D UE4     : [GameActivity] PublicLogFiles set to false
12-03 16:59:26.629 32167 32167 D UE4     : [GameActivity] AllowIMU set to true
12-03 16:59:26.629 32167 32167 D UE4     : [GameActivity] SupportsVulkan set to false
12-03 16:59:26.629 32167 32251 D UE4     : [GameActivity] [MemoryAdvisor] Significant amount of memory is available for allocation. Estimate is 4029 MB
12-03 16:59:26.630 32167 32167 D UE4     : [GameActivity] No Oculus Mobile mode detected.
12-03 16:59:26.632 32167 32167 D UE4     : [GameActivity] Using commandline from: /storage/emulated/0/UE4Game/MoveMe/UE4CommandLine.txt
12-03 16:59:26.632 32167 32167 D UE4     : [GameActivity] Parsing commandline: ../../../MoveMe/MoveMe.uproject  /Game/Levels/Daytime_Green -Messaging -SessionId=336F4D1B4AF42FC61D7CC5A67A0A78A7 -SessionOwner="bello" -SessionName="Launch On Device" -iterative
12-03 16:59:26.633 32167 32167 I AdrenoGLES: QUALCOMM build                   : 6e9cf50, Ia11ce2d146
12-03 16:59:26.633 32167 32167 I AdrenoGLES: Build Date                       : 10/20/20
12-03 16:59:26.633 32167 32167 I AdrenoGLES: OpenGL ES Shader Compiler Version: EV031.27.05.03
12-03 16:59:26.633 32167 32167 I AdrenoGLES: Local Branch                     : 
12-03 16:59:26.633 32167 32167 I AdrenoGLES: Remote Branch                    : refs/tags/AU_LINUX_ANDROID_LA.UM.8.2.R1.10.00.00.556.057
12-03 16:59:26.633 32167 32167 I AdrenoGLES: Remote Branch                    : NONE
12-03 16:59:26.633 32167 32167 I AdrenoGLES: Reconstruct Branch               : NOTHING
12-03 16:59:26.633 32167 32167 I AdrenoGLES: Build Config                     : S L 8.0.12 AArch64
12-03 16:59:26.637 32167 32167 I AdrenoGLES: PFP: 0x005ff113, ME: 0x005ff066
12-03 16:59:26.642   743   825 I SDM     : HWCDisplay::GetHdrCapabilities: HDR is not supported
12-03 16:59:26.642   743   825 I SDM     : HWCDisplay::GetHdrCapabilities: HDR is not supported
12-03 16:59:26.658 32167 32167 D UE4     : [GameActivity] ro.hardware: qcom
12-03 16:59:26.658 32167 32167 D UE4     : [GameActivity] ro.hardware.chipname: SDM660
12-03 16:59:26.658 32167 32167 D UE4     : [GameActivity] Hardware: Qualcomm Technologies, Inc SDM660
12-03 16:59:26.659 32167 32167 D UE4     : [GameActivity] Memory: 5699 MB
12-03 16:59:26.662 32167 32167 D UE4     : [GameActivity] UseAffinity: false
12-03 16:59:26.662 32167 32167 D UE4     : [GameActivity] BigCoreMask: 0xffff
12-03 16:59:26.662 32167 32167 D UE4     : [GameActivity] LittleCoreMask: 0x0
12-03 16:59:26.662 32167 32167 D UE4     : [GameActivity] APK path: /data/app/neu.edu.madcourse.Bello_CS5520_MoveMe-a49mc8V09XmBC79_6ciHgw==/base.apk
12-03 16:59:26.662 32167 32167 D UE4     : [GameActivity] OBB in APK: false
12-03 16:59:26.664 32167 32167 D UE4     : InternalFilePath found as '/data/user/0/neu.edu.madcourse.Bello_CS5520_MoveMe/files'
12-03 16:59:26.664 32167 32167 D UE4     : ExternalFilePath found as '/storage/emulated/0/Android/data/neu.edu.madcourse.Bello_CS5520_MoveMe/files'
12-03 16:59:26.664 32167 32167 D UE4     : App is running in Landscape
12-03 16:59:26.664 32167 32167 D UE4     : [GameActivity] Android version is 10
12-03 16:59:26.664 32167 32167 D UE4     : [GameActivity] Android manufacturer is samsung
12-03 16:59:26.664 32167 32167 D UE4     : [GameActivity] Android model is SM-A920F
12-03 16:59:26.664 32167 32167 D UE4     : [GameActivity] Android build number is QP1A.190711.020.A920FXXS5CUD1
12-03 16:59:26.664 32167 32167 D UE4     : [GameActivity] OS language is set to en_US
12-03 16:59:26.664 32167 32167 D UE4     : [GameActivity] Debugger attached is false
12-03 16:59:26.702 32167 32167 D Dialog  : mIsSamsungBasicInteraction = false
12-03 16:59:26.702 32167 32167 D Dialog  : mIsSamsungBasicInteraction = false, isMetaDataInActivity = false
12-03 16:59:26.708 32167 32167 D Dialog  : mIsSamsungBasicInteraction = false
12-03 16:59:26.708 32167 32167 D Dialog  : mIsSamsungBasicInteraction = false, isMetaDataInActivity = false
12-03 16:59:26.751 32167 32167 W PopupManager: You have not specified a View to use as content view for popups. Falling back to the Activity content view. Note that this may not work as expected in multi-screen environments
12-03 16:59:26.756 32167 32167 D UE4     : [GameActivity] googleClient is valid
12-03 16:59:26.756 32167 32167 D UE4     : [GameActivity] ==============> GameActive.onCreate complete!
12-03 16:59:26.759 32167 32167 D UE4     : [GameActivity] Creating console command broadcast listener
12-03 16:59:26.759 32167 32250 D UE4     : LogAndroidEvents::EnqueueAppEvent : 9, [width=-1, height=-1], tid = 32250, APP_EVENT_STATE_ON_START
12-03 16:59:26.760 32167 32167 D UE4     : [GameActivity] ==================================> Inside onStart function in GameActivity
12-03 16:59:26.760 32167 32167 V UE4     : [GameApp] App in foreground
12-03 16:59:26.762 32167 32167 D ViewRootImpl@c0c714c[GameActivity]: stopped(false) old=false
12-03 16:59:26.762 32167 32250 D UE4     : Case APP_CMD_RESUME
12-03 16:59:26.762 32167 32167 D UE4     : [GameActivity] === Restoring Transparent Bars ===
12-03 16:59:26.762 32167 32250 D UE4     : LogAndroidEvents::EnqueueAppEvent : 7, [width=-1, height=-1], tid = 32250, APP_EVENT_STATE_ON_RESUME
12-03 16:59:26.762 32167 32167 D UE4     : [GameActivity] ==============> [JAVA] AndroidThunkJava_KeepScreenOn(false) - Enabled screen saver
12-03 16:59:26.763 32167 32167 D UE4     : [GameActivity] ==============> [JAVA] AndroidThunkJava_DisableScreenCapture(false) - Enabled screen captures
12-03 16:59:26.763 32167 32167 D UE4     : [GameActivity] Registering sensor listeners
12-03 16:59:26.764  1491  2425 D SensorService: Calling batch handle==1 flags=0 rate=20000000 timeout== 0
12-03 16:59:26.765   747   747 I qti_sensors_hal: batch:sensor(android.sensor.accelerometer) handle:0 flags:0x0 period_ns 20000000
12-03 16:59:26.765   747   747 I qti_sensors_hal: SMGRReportAdd:sensor(android.sensor.accelerometer) handle=0, sample_rate=50.000000 report_rate=0 buffer=0
12-03 16:59:26.769 32167 32167 D SensorManager: registerListener :: 1, LSM6DSL Accelerometer, 20000, 0,  
12-03 16:59:26.769  1491  2425 D SensorService: Calling batch handle==3 flags=0 rate=20000000 timeout== 0
12-03 16:59:26.769   747   747 I qti_sensors_hal: batch:sensor(android.sensor.magnetic_field) handle:10 flags:0x0 period_ns 20000000
12-03 16:59:26.769   747   747 I qti_sensors_hal: batch: current sample rate, report rate & buffering are equal to requested (50.000000,0.000000,0)
12-03 16:59:26.770   747   747 I qti_sensors_hal: SMGRReportAdd:sensor(android.sensor.magnetic_field) handle=10, sample_rate=50.000000 report_rate=0 buffer=0
12-03 16:59:26.777 32167 32167 D SensorManager: registerListener :: 3, AK09918 Magnetometer, 20000, 0,  
12-03 16:59:26.777  1491  2425 D SensorService: Calling batch handle==5 flags=0 rate=20000000 timeout== 0
12-03 16:59:26.777   747   747 I qti_sensors_hal: batch:sensor(android.sensor.gyroscope) handle:2 flags:0x0 period_ns 20000000
12-03 16:59:26.777   747   747 I qti_sensors_hal: batch: current sample rate, report rate & buffering are equal to requested (50.000000,0.000000,0)
12-03 16:59:26.777   747   747 I qti_sensors_hal: SMGRReportAdd:sensor(android.sensor.gyroscope) handle=2, sample_rate=50.000000 report_rate=0 buffer=0
12-03 16:59:26.781 32167 32167 D SensorManager: registerListener :: 5, LSM6DSL Gyroscope, 20000, 0,  
12-03 16:59:26.781 32167 32167 D UE4     : App is running in Landscape
12-03 16:59:26.781 32167 32167 D UE4     : [GameActivity] === Restoring Transparent Bars ===
12-03 16:59:26.781 32167 32167 D UE4     : [GameActivity] ==============> Resuming main init
12-03 16:59:26.787   747   902 I qti_sensors_hal: processReportInd: Accel - X: 0.045 Y: -0.048 Z: 9.854
12-03 16:59:26.789 32167 32249 D UE4     : APK Commandline: ../../../MoveMe/MoveMe.uproject  /Game/Levels/Daytime_Green -Messaging -SessionId=336F4D1B4AF42FC61D7CC5A67A0A78A7 -SessionOwner="bello" -SessionName="Launch On Device" -iterative
12-03 16:59:26.789 32167 32249 D UE4     : Override Commandline: ../../../MoveMe/MoveMe.uproject  /Game/Levels/Daytime_Green -Messaging -SessionId=336F4D1B4AF42FC61D7CC5A67A0A78A7 -SessionOwner="bello" -SessionName="Launch On Device" -iterative
12-03 16:59:26.789 32167 32249 D UE4     : Final commandline: ../../../MoveMe/MoveMe.uproject  /Game/Levels/Daytime_Green -Messaging -SessionId=336F4D1B4AF42FC61D7CC5A67A0A78A7 -SessionOwner="bello" -SessionName="Launch On Device" -iterative
12-03 16:59:26.789 32167 32249 D UE4     : Created sync event
12-03 16:59:26.792 32167 32167 D UE4     : [GameActivity] ==============> GameActive.onResume complete!
12-03 16:59:26.796  1491  2425 E WindowManager: App trying to use insecure INPUT_FEATURE_NO_INPUT_CHANNEL flag. Ignoring
12-03 16:59:26.796  1491  2425 D InputTransport: Input channel constructed: 'dab53d7', fd=589
12-03 16:59:26.796  1491  2425 D InputTransport: Input channel constructed: 'dab53d7', fd=610
12-03 16:59:26.797   747   902 I qti_sensors_hal: processReportInd: Cal Mag Filter, 0, 0, 0.000000, 0.000000, 0.000000, 0.000000, 0.000000, 0.000000, -13.699341, 7.475281, -41.244507
12-03 16:59:26.797   795  3217 I SurfaceFlinger: id=2947 createSurf (0x0),-1 flag=80004, dab53d7 neu.edu.madcourse.Bello_CS5520_MoveMe/com.epicgames.ue4.GameActivity#0
12-03 16:59:26.797  1491  2425 D InputTransport: Input channel destroyed: 'dab53d7', fd=610
12-03 16:59:26.799 32167 32167 D ViewRootImpl@7ba4a0c[GameActivity]: setView = com.android.internal.policy.DecorView@4364320 TM=true MM=false
12-03 16:59:26.805  1491  2425 V WindowManager: Relayout Window{5471d3d u0 neu.edu.madcourse.Bello_CS5520_MoveMe/com.epicgames.ue4.GameActivity}: viewVisibility=0 req=2220x1080
12-03 16:59:26.806  1491  2425 V WindowManager: performShow on Window{c2df608 u0 StatusBar}: mDrawState=READY_TO_SHOW readyForDisplay=false starting=false during animation: policyVis=false parentHidden=false tok.hiddenRequested=false tok.hidden=false animating=false tok animating=false Callers=com.android.server.wm.WindowState.performShowLocked:4660 com.android.server.wm.WindowStateAnimator.commitFinishDrawingLocked:371 com.android.server.wm.DisplayContent.lambda$new$8$DisplayContent:935 com.android.server.wm.-$$Lambda$DisplayContent$qxt4izS31fb0LF2uo_OF9DMa7gc.accept:4 
12-03 16:59:26.807   795  3217 I SurfaceFlinger: id=2948 createSurf (2220x1080),1 flag=4, neu.edu.madcourse.Bello_CS5520_MoveMe/com.epicgames.ue4.GameActivity$_32167#0
12-03 16:59:26.808   747   902 I qti_sensors_hal: processReportInd: Gyro - X: -0.099 Y: -0.138 Z: 0.004 status: 3
12-03 16:59:26.808  1491  2425 D WindowManager: makeSurface duration=1 name=neu.edu.madcourse.Bello_CS5520_MoveMe/com.epicgames.ue4.GameActivity$_32167
12-03 16:59:26.809  1491  2425 V WindowManager: Relayout 32167: mAttrs={(0,0)(fillxfill) gr=CENTER sim={adjust=pan forwardNavigation} ty=APPLICATION fmt=TRANSLUCENT wanim=0x1030001
12-03 16:59:26.809  1491  2425 V WindowManager:   fl=1810508
12-03 16:59:26.809  1491  2425 V WindowManager:   pfl=10020000
12-03 16:59:26.809  1491  2425 V WindowManager:   vsysui=f16 naviIconColor=0}
12-03 16:59:26.811  1491  1655 V WindowManager: performShow on Window{c2df608 u0 StatusBar}: mDrawState=READY_TO_SHOW readyForDisplay=false starting=false during animation: policyVis=false parentHidden=false tok.hiddenRequested=false tok.hidden=false animating=false tok animating=false Callers=com.android.server.wm.WindowState.performShowLocked:4660 com.android.server.wm.DisplayContent.lambda$new$0$DisplayContent:662 com.android.server.wm.-$$Lambda$DisplayContent$0yxrqH9eGY2qTjH1u_BvaVrXCSA.accept:4 com.android.server.wm.WindowContainer$ForAllWindowsConsumerWrapper.apply:1184 
12-03 16:59:26.812 32167 32167 D ViewRootImpl@c0c714c[GameActivity]: Relayout returned: old=(0,0,2220,1080) new=(0,0,2220,1080) req=(2220,1080)0 dur=7 res=0x7 s={true 497047085056} ch=true
12-03 16:59:26.812 32167 32222 D OpenGLRenderer: createReliableSurface : 0x73ba5ef600, 0x73ba50a000
12-03 16:59:26.812 32167 32222 I AdrenoGLES: QUALCOMM build                   : 6e9cf50, Ia11ce2d146
12-03 16:59:26.812 32167 32222 I AdrenoGLES: Build Date                       : 10/20/20
12-03 16:59:26.812 32167 32222 I AdrenoGLES: OpenGL ES Shader Compiler Version: EV031.27.05.03
12-03 16:59:26.812 32167 32222 I AdrenoGLES: Local Branch                     : 
12-03 16:59:26.812 32167 32222 I AdrenoGLES: Remote Branch                    : refs/tags/AU_LINUX_ANDROID_LA.UM.8.2.R1.10.00.00.556.057
12-03 16:59:26.812 32167 32222 I AdrenoGLES: Remote Branch                    : NONE
12-03 16:59:26.812 32167 32222 I AdrenoGLES: Reconstruct Branch               : NOTHING
12-03 16:59:26.812 32167 32222 I AdrenoGLES: Build Config                     : S L 8.0.12 AArch64
12-03 16:59:26.816 32167 32222 I AdrenoGLES: PFP: 0x005ff113, ME: 0x005ff066
12-03 16:59:26.826 32167 32167 E DecorView: mWindow.mActivityCurrentConfig is null
12-03 16:59:26.834   562   562 I hwservicemanager: getTransport: Cannot find entry android.hardware.graphics.mapper@3.0::IMapper/default in either framework or device manifest.
12-03 16:59:26.834 32167 32222 W Gralloc3: mapper 3.x is not supported
12-03 16:59:26.855 32167 32167 D SurfaceView: onWindowVisibilityChanged(0) true android.view.SurfaceView{e295f55 V.E...... ......I. 0,0-0,0} of ViewRootImpl@7ba4a0c[GameActivity]
12-03 16:59:26.859  1491  2425 V WindowManager: Relayout Window{dab53d7 u0 neu.edu.madcourse.Bello_CS5520_MoveMe/com.epicgames.ue4.GameActivity}: viewVisibility=0 req=2220x1080
12-03 16:59:26.860  1491  2425 V WindowManager: performShow on Window{c2df608 u0 StatusBar}: mDrawState=READY_TO_SHOW readyForDisplay=false starting=false during animation: policyVis=false parentHidden=false tok.hiddenRequested=false tok.hidden=false animating=false tok animating=false Callers=com.android.server.wm.WindowState.performShowLocked:4660 com.android.server.wm.WindowStateAnimator.commitFinishDrawingLocked:371 com.android.server.wm.DisplayContent.lambda$new$8$DisplayContent:935 com.android.server.wm.-$$Lambda$DisplayContent$qxt4izS31fb0LF2uo_OF9DMa7gc.accept:4 
12-03 16:59:26.861  1491  2425 W WindowManager: preserveSurfaceLocked: failed, no surface, w=Window{dab53d7 u0 neu.edu.madcourse.Bello_CS5520_MoveMe/com.epicgames.ue4.GameActivity}
12-03 16:59:26.862   795  3217 I SurfaceFlinger: id=2949 createSurf (2220x1080),1 flag=4, neu.edu.madcourse.Bello_CS5520_MoveMe/com.epicgames.ue4.GameActivity$_32167#1
12-03 16:59:26.863  1491  2425 D WindowManager: makeSurface duration=1 name=neu.edu.madcourse.Bello_CS5520_MoveMe/com.epicgames.ue4.GameActivity$_32167
12-03 16:59:26.863  1491  2425 V WindowManager: Changing focus from null to Window{dab53d7 u0 neu.edu.madcourse.Bello_CS5520_MoveMe/com.epicgames.ue4.GameActivity} displayId=0 Callers=com.android.server.wm.RootWindowContainer.updateFocusedWindowLocked:203 com.android.server.wm.WindowManagerService.updateFocusedWindowLocked:6112 com.android.server.wm.WindowManagerService.relayoutWindow:2559 com.android.server.wm.Session.relayout:202 android.view.IWindowSession$Stub.onTransact:708 com.android.server.wm.Session.onTransact:142 
12-03 16:59:26.863  1491  2425 D StatusBarManagerService: notifyRequestedSystemKey recent=false home=false
12-03 16:59:26.864  1491  1652 D WindowManager: setSystemUiVisibility: displayId=0, vis=0x971e, fullVis=0x0, dockVis=0x0, win=Window{dab53d7 u0 neu.edu.madcourse.Bello_CS5520_MoveMe/com.epicgames.ue4.GameActivity}
12-03 16:59:26.864  2489  2489 D LightBarController: onNavigationVisibilityChanged : vis = 971e, nbModeChanged = false navigationBarMode = 4, navbarColorManagedByIme = false
12-03 16:59:26.864  1491  2425 V WindowManager: Relayout 32167: mAttrs={(0,0)(fillxfill) sim={adjust=resize} ty=BASE_APPLICATION fmt=RGBA_8888 wanim=0x1030001 sysuil=true
12-03 16:59:26.864  1491  2425 V WindowManager:   fl=1810500
12-03 16:59:26.864  1491  2425 V WindowManager:   pfl=10020000
12-03 16:59:26.864  1491  2425 V WindowManager:   vsysui=1716 naviIconColor=0}
12-03 16:59:26.864  1491  2625 D WindowManager: adjustSystemUiVisibilityLw: displayId=0, vis=0x971e, resetVis=0x0, clearVis=0x0
12-03 16:59:26.864  1491  2625 D InputManager-JNI: setSystemUiVisibility dexmode: false changed: true displayid: 0 visibility: 0x971e DD: 0x971e OD: 0x0
12-03 16:59:26.867 32167 32167 D ViewRootImpl@7ba4a0c[GameActivity]: Relayout returned: old=(0,0,2220,1080) new=(0,0,2220,1080) req=(2220,1080)0 dur=7 res=0x7 s={true 494731296768} ch=true
12-03 16:59:26.867 32167 32222 D OpenGLRenderer: createReliableSurface : 0x7322e7e9c0, 0x7330488000
12-03 16:59:26.870   795  1047 W ServiceManager: Permission failure: android.permission.ACCESS_SURFACE_FLINGER from uid=10287 pid=32167
12-03 16:59:26.870   795  1047 D PermissionCache: checking android.permission.ACCESS_SURFACE_FLINGER for uid=10287 => denied (253 us)
12-03 16:59:26.870   795  1047 I SurfaceFlinger: id=2950 createSurf (0x0),2 flag=4, Bounds for - neu.edu.madcourse.Bello_CS5520_MoveMe/com.epicgames.ue4.GameActivity@0#0
12-03 16:59:26.872   795  1047 I SurfaceFlinger: id=2951 createSurf (2220x1080),4 flag=404, SurfaceView - neu.edu.madcourse.Bello_CS5520_MoveMe/com.epicgames.ue4.GameActivity@e295f55@0#0
12-03 16:59:26.873   795  1047 I SurfaceFlinger: id=2952 createSurf (0x0),-1 flag=20404, Background for -SurfaceView - neu.edu.madcourse.Bello_CS5520_MoveMe/com.epicgames.ue4.GameActivity@e295f55@0#0
12-03 16:59:26.874 32167 32167 D SurfaceView: surfaceCreated 1 #8 android.view.SurfaceView{e295f55 V.E...... ......ID 0,0-2220,1080}
12-03 16:59:26.874 32167 32167 D SurfaceView: surfaceChanged (2220,1080) 1 #8 android.view.SurfaceView{e295f55 V.E...... ......ID 0,0-2220,1080}
12-03 16:59:26.874 32167 32250 D UE4     : Case APP_CMD_INIT_WINDOW
12-03 16:59:26.875 32167 32250 D UE4     : LogAndroidEvents::EnqueueAppEvent : 0, [width=2220, height=1080], tid = 32250, APP_EVENT_STATE_WINDOW_CREATED
12-03 16:59:26.877  1491  1655 V WindowManager: performShow on Window{c2df608 u0 StatusBar}: mDrawState=READY_TO_SHOW readyForDisplay=false starting=false during animation: policyVis=false parentHidden=false tok.hiddenRequested=false tok.hidden=false animating=false tok animating=false Callers=com.android.server.wm.WindowState.performShowLocked:4660 com.android.server.wm.DisplayContent.lambda$new$0$DisplayContent:662 com.android.server.wm.-$$Lambda$DisplayContent$0yxrqH9eGY2qTjH1u_BvaVrXCSA.accept:4 com.android.server.wm.WindowContainer$ForAllWindowsConsumerWrapper.apply:1184 
12-03 16:59:26.883  1491  2625 D WindowManager: finishDrawingWindow: Window{dab53d7 u0 neu.edu.madcourse.Bello_CS5520_MoveMe/com.epicgames.ue4.GameActivity} mDrawState=DRAW_PENDING
12-03 16:59:26.884  1491  1655 I WindowManager: Reparenting to leash, surface=Surface(name=c26e3da NavigationBar0)/@0xecb6977
12-03 16:59:26.884   795   853 I SurfaceFlinger: id=2953 createSurf (0x0),-1 flag=80004, Surface(name=c26e3da NavigationBar0)/@0xecb6977 - animation-leash#0
12-03 16:59:26.884  1491  1655 D WindowManager: makeSurface duration=1 leash=Surface(name=Surface(name=c26e3da NavigationBar0)/@0xecb6977 - animation-leash)/@0x2b352e2
12-03 16:59:26.885  2489  2489 V NavBarStoreImpl: handleEvent [EventType] ON_NAVBAR_WINDOW_STATE_CHANGED [Module] NavigationBarFragment  KEYS_NAVBAR_WINDOW_STATE=1
12-03 16:59:26.885  2489  2489 V NavBarStoreImpl: --[Band]GESTURE_PACK_HIDE_GESTURE_INTERCEPT_WINDOW
12-03 16:59:26.885  2489  2489 V NavBarStoreImpl: ----isEnabled(GESTURE_INTERCEPT_WINDOW_ATTACHED)=false
12-03 16:59:26.885  1491  1655 V WindowManager: performShow on Window{c2df608 u0 StatusBar}: mDrawState=READY_TO_SHOW readyForDisplay=false starting=false during animation: policyVis=false parentHidden=false tok.hiddenRequested=false tok.hidden=false animating=false tok animating=false Callers=com.android.server.wm.WindowState.performShowLocked:4660 com.android.server.wm.WindowStateAnimator.commitFinishDrawingLocked:371 com.android.server.wm.DisplayContent.lambda$new$8$DisplayContent:935 com.android.server.wm.-$$Lambda$DisplayContent$qxt4izS31fb0LF2uo_OF9DMa7gc.accept:4 
12-03 16:59:26.886  1491  1655 D ViewRootImpl@62e4cd1[Bello_CS5520_MoveMe]: MSG_RESIZED: frame=(0,0,2220,1080) ci=(0,0,0,0) vi=(0,0,0,0) or=2
12-03 16:59:26.887  1491  2625 D WindowManager: finishDrawingWindow: Window{5471d3d u0 neu.edu.madcourse.Bello_CS5520_MoveMe/com.epicgames.ue4.GameActivity} mDrawState=DRAW_PENDING
12-03 16:59:26.887 32167 32167 D UE4     : [GameActivity] === Thermal status changed to 0
12-03 16:59:26.888  1491  1655 V WindowManager: performShow on Window{c2df608 u0 StatusBar}: mDrawState=READY_TO_SHOW readyForDisplay=false starting=false during animation: policyVis=false parentHidden=false tok.hiddenRequested=false tok.hidden=false animating=false tok animating=false Callers=com.android.server.wm.WindowState.performShowLocked:4660 com.android.server.wm.WindowStateAnimator.commitFinishDrawingLocked:371 com.android.server.wm.DisplayContent.lambda$new$8$DisplayContent:935 com.android.server.wm.-$$Lambda$DisplayContent$qxt4izS31fb0LF2uo_OF9DMa7gc.accept:4 
12-03 16:59:26.890  1491  1655 V WindowManager: performShow on Window{c2df608 u0 StatusBar}: mDrawState=READY_TO_SHOW readyForDisplay=false starting=false during animation: policyVis=false parentHidden=false tok.hiddenRequested=false tok.hidden=false animating=false tok animating=false Callers=com.android.server.wm.WindowState.performShowLocked:4660 com.android.server.wm.WindowStateAnimator.commitFinishDrawingLocked:371 com.android.server.wm.DisplayContent.lambda$new$8$DisplayContent:935 com.android.server.wm.-$$Lambda$DisplayContent$qxt4izS31fb0LF2uo_OF9DMa7gc.accept:4 
12-03 16:59:26.891  1491  1655 D CustomFrequencyManagerService: acquireDVFSLockLocked : type : DVFS_MIN_LIMIT  frequency : 1401600  uid : 1000  pid : 1491  pkgName : AMS_RESUME_TAIL@CPU_MIN@26
12-03 16:59:26.892  1491  1655 D ActivityManagerPerformance: AMP_acquire() TAIL
12-03 16:59:26.892  1491  1655 D CustomFrequencyManagerService: FrequencyrequestList.getNextSchedTunePolicyRequest, index: 2
12-03 16:59:26.892  1491  1655 D CustomFrequencyManagerService: releaseDVFSLockLocked : Getting Lock type frm List : DVFS_MIN_LIMIT  frequency : 2208000  uid : 1000  pid : 1491  tag : AMS_APP_SWITCH@CPU_MIN@59
12-03 16:59:26.893  1491  1655 D ActivityManagerPerformance: AMP_release() APP_SWITCH
12-03 16:59:26.894  1491  2625 V WindowManager: Relayout Window{dab53d7 u0 neu.edu.madcourse.Bello_CS5520_MoveMe/com.epicgames.ue4.GameActivity}: viewVisibility=0 req=2220x1080
12-03 16:59:26.894  1491  1665 I ActivityTaskManager: Displayed neu.edu.madcourse.Bello_CS5520_MoveMe/com.epicgames.ue4.GameActivity: +1s476ms
12-03 16:59:26.894  1491  2625 V WindowManager: performShow on Window{c2df608 u0 StatusBar}: mDrawState=READY_TO_SHOW readyForDisplay=false starting=false during animation: policyVis=false parentHidden=false tok.hiddenRequested=false tok.hidden=false animating=false tok animating=false Callers=com.android.server.wm.WindowState.performShowLocked:4660 com.android.server.wm.WindowStateAnimator.commitFinishDrawingLocked:371 com.android.server.wm.DisplayContent.lambda$new$8$DisplayContent:935 com.android.server.wm.-$$Lambda$DisplayContent$qxt4izS31fb0LF2uo_OF9DMa7gc.accept:4 
12-03 16:59:26.895  1491  2584 D InputDispatcher: Focus entered window (32167): dab53d7 in display 0 0
12-03 16:59:26.895  1491  1655 V WindowManager: Relayout Window{7c49336 u0 Splash Screen neu.edu.madcourse.Bello_CS5520_MoveMe}: viewVisibility=0 req=2220x1080
12-03 16:59:26.896  1491  2625 V WindowManager: Relayout 32167: mAttrs={(0,0)(fillxfill) sim={adjust=resize} ty=BASE_APPLICATION fmt=RGBA_8888 wanim=0x1030001 sysuil=true
12-03 16:59:26.896  1491  2625 V WindowManager:   fl=1810500
12-03 16:59:26.896  1491  2625 V WindowManager:   pfl=10020000
12-03 16:59:26.896  1491  2625 V WindowManager:   vsysui=1716 naviIconColor=0}
12-03 16:59:26.896  1491  1655 V WindowManager: performShow on Window{c2df608 u0 StatusBar}: mDrawState=READY_TO_SHOW readyForDisplay=false starting=false during animation: policyVis=false parentHidden=false tok.hiddenRequested=false tok.hidden=false animating=false tok animating=false Callers=com.android.server.wm.WindowState.performShowLocked:4660 com.android.server.wm.WindowStateAnimator.commitFinishDrawingLocked:371 com.android.server.wm.DisplayContent.lambda$new$8$DisplayContent:935 com.android.server.wm.-$$Lambda$DisplayContent$qxt4izS31fb0LF2uo_OF9DMa7gc.accept:4 
12-03 16:59:26.898  1491  1655 V WindowManager: Relayout 1491: mAttrs={(0,0)(fillxfill) sim={adjust=pan} ty=APPLICATION_STARTING wanim=0x1030001
12-03 16:59:26.898  1491  1655 V WindowManager:   fl=1830518
12-03 16:59:26.898  1491  1655 V WindowManager:   pfl=10020011
12-03 16:59:26.898  1491  1655 V WindowManager:   vsysui=10 naviIconColor=0}
12-03 16:59:26.898  1491  1655 D ViewRootImpl@62e4cd1[Bello_CS5520_MoveMe]: Relayout returned: old=(0,0,2220,1080) new=(0,0,2220,1080) req=(2220,1080)0 dur=4 res=0x1 s={true 494731595776} ch=false
12-03 16:59:26.899 32167 32167 D ViewRootImpl@7ba4a0c[GameActivity]: Relayout returned: old=(0,0,2220,1080) new=(0,0,2220,1080) req=(2220,1080)0 dur=10 res=0x1 s={true 494731296768} ch=false
12-03 16:59:26.900 32167 32167 D ViewRootImpl@c0c714c[GameActivity]: MSG_RESIZED_REPORT: frame=(0,0,2220,1080) ci=(0,0,126,0) vi=(0,0,126,0) or=2
12-03 16:59:26.900  1491  1655 E DecorView: mWindow.mActivityCurrentConfig is null
12-03 16:59:26.900 32167 32167 D ViewRootImpl@7ba4a0c[GameActivity]: MSG_WINDOW_FOCUS_CHANGED 1 1
12-03 16:59:26.900 32167 32167 D InputMethodManager: prepareNavigationBarInfo() DecorView@4364320[GameActivity]
12-03 16:59:26.901 32167 32167 D InputMethodManager: getNavigationBarColor() -855310
12-03 16:59:26.901 32167 32250 D UE4     : LogAndroidEvents::EnqueueAppEvent : 11, [width=-1, height=-1], tid = 32250, APP_EVENT_STATE_WINDOW_GAINED_FOCUS
12-03 16:59:26.901 32167 32250 D UE4     : LogAndroidEvents::EnqueueAppEvent : 14, [width=-1, height=-1], tid = 32250, APP_EVENT_STATE_APP_ACTIVATED
12-03 16:59:26.901 32167 32250 D UE4     : LogAndroidEvents::EnqueueAppEvent : 15, [width=-1, height=-1], tid = 32250, APP_EVENT_RUN_CALLBACK
12-03 16:59:26.906  1491  1655 V WindowManager: performShow on Window{c2df608 u0 StatusBar}: mDrawState=READY_TO_SHOW readyForDisplay=false starting=false during animation: policyVis=false parentHidden=false tok.hiddenRequested=false tok.hidden=false animating=false tok animating=false Callers=com.android.server.wm.WindowState.performShowLocked:4660 com.android.server.wm.DisplayContent.lambda$new$0$DisplayContent:662 com.android.server.wm.-$$Lambda$DisplayContent$0yxrqH9eGY2qTjH1u_BvaVrXCSA.accept:4 com.android.server.wm.WindowContainer$ForAllWindowsConsumerWrapper.apply:1184 
12-03 16:59:26.911 32167 32167 D EmergencyMode: [EmergencyManager] android createPackageContext successful
12-03 16:59:26.915 32167 32167 D InputMethodManager: prepareNavigationBarInfo() DecorView@4364320[GameActivity]
12-03 16:59:26.915 32167 32167 D InputMethodManager: getNavigationBarColor() -855310
12-03 16:59:26.915 32167 32167 V InputMethodManager: Starting input: tba=neu.edu.madcourse.Bello_CS5520_MoveMe ic=null mNaviBarColor -855310 mIsGetNaviBarColorSuccess true , NavVisible : false , NavTrans : false
12-03 16:59:26.915 32167 32167 D InputMethodManager: startInputInner - Id : 0
12-03 16:59:26.915 32167 32167 I InputMethodManager: startInputInner - mService.startInputOrWindowGainedFocus
12-03 16:59:26.916  1491  2425 D InputMethodManagerService: mSecureKeypadEnabled = false
12-03 16:59:26.916  1491  2425 V InputMethodManagerService: startInputOrWindowGainedFocusInternalLocked: reason=WINDOW_FOCUS_GAIN client=android.os.BinderProxy@ec76201 inputContext=null missingMethods= attribute=android.view.inputmethod.EditorInfo@6885c3a startInputFlags=FIRST_WINDOW_FOCUS_GAIN|INITIAL_CONNECTION softInputMode=STATE_UNSPECIFIED|ADJUST_RESIZE windowFlags=#1810500 unverifiedTargetSdkVersion=28
12-03 16:59:26.916  1491  2425 V InputMethodManagerService: IME PreRendering MASTER flag: false, LowRam: false
12-03 16:59:26.916  1491  2425 V InputMethodManagerService: Unspecified window will hide input
12-03 16:59:26.916  1491  2425 V InputMethodManagerService: hideCurrentInputLocked : shouldHideSoftInput is false
12-03 16:59:26.916  1491  2425 D InputMethodManagerService: mDesktopModeManager null!
12-03 16:59:26.916  1491  2425 V InputMethodManagerService: getDisplayIdOfInputMethodWindowToBeAdded : 0
12-03 16:59:26.916  1491  2425 V InputMethodManagerService: unbindCurrentInputLocked: client=android.os.BinderProxy@cd75c54
12-03 16:59:26.916  1491  2425 D InputMethodManagerService: IME window vis: 0 active: 0 inv: 0 displayId: 0
12-03 16:59:26.916  1491  2425 D InputMethodManagerService: isImeSwitcherDisabledPackage : false
12-03 16:59:26.917  1491  2425 V InputMethodManagerService: switching to client: client=android.os.BinderProxy@ec76201 keyguard=false
12-03 16:59:26.917  1491  2425 V InputMethodManagerService: Creating new session for client ClientState{30520eb uid=10287 pid=32167 displayId=0}
12-03 16:59:26.917  1491  2425 D InputTransport: Input channel constructed: 'ClientS', fd=610
12-03 16:59:26.917  1491  2425 D InputTransport: Input channel constructed: 'ClientS', fd=657
12-03 16:59:26.917  2917  2917 D InputTransport: Input channel destroyed: 'ClientS', fd=89
12-03 16:59:26.917  1491  2425 D InputTransport: Input channel destroyed: 'ClientS', fd=657
12-03 16:59:26.918 32167 32167 D UE4     : [GameActivity] === Restoring Transparent Bars due to Visibility Change ===
12-03 16:59:26.918 32167 32167 D UE4     : [GameActivity] === Restoring Transparent Bars ===
12-03 16:59:26.919  1491  2425 V InputMethodManagerService: Disabling: SessionState{uid 10144 pid 2917 method cc40b2 session 230ca68 channel ClientState{f37eea2 uid=10144 pid=2917 displayId=0} (server)}
12-03 16:59:26.919  1491  2425 V InputMethodManagerService: Enabling: SessionState{uid 10287 pid 32167 method cc40b2 session 179f4e1 channel ClientState{30520eb uid=10287 pid=32167 displayId=0} (server)}
12-03 16:59:26.919 32167 32167 D ViewRootImpl@c0c714c[GameActivity]: MSG_RESIZED_REPORT: frame=(0,0,2220,1080) ci=(0,0,126,0) vi=(0,0,0,0) or=2
12-03 16:59:26.920  1491  2425 D InputMethodManagerService: checkDisplayOfStartInputAndUpdateKeyboard display Id 0last 0
12-03 16:59:26.920  1491  2425 D InputTransport: Input channel constructed: 'ClientS', fd=657
12-03 16:59:26.920 32167 32167 D ViewRootImpl@7ba4a0c[GameActivity]: MSG_RESIZED: frame=(0,0,2220,1080) ci=(0,0,126,0) vi=(0,0,0,0) or=2
12-03 16:59:26.920  1491  2425 D InputTransport: Input channel destroyed: 'ClientS', fd=657
12-03 16:59:26.922 32167 32167 E DecorView: mWindow.mActivityCurrentConfig is null
12-03 16:59:26.922  9848  9848 I SKBD_Performance: [IIManager] [PF_CL][onFinishInput] 356302
12-03 16:59:26.922  9848  9848 D InputMethodService: checkDisplayOfStartInputAndUpdateKeyboard display Id 0last 0
12-03 16:59:26.923  9848  9848 I SKBD    : SamsungKeypad [IMI] onStartInput - caller pid : 32167, caller uid : 10287
12-03 16:59:26.923  9848  9848 I SKBD    : SamsungKeypad ConnectionUtils.getNetworkStateValue() =  0
12-03 16:59:26.924  1491  1655 E DecorView: mWindow.mActivityCurrentConfig is null
12-03 16:59:26.925  1491  1666 I ApplicationPolicy: isApplicationExternalStorageWhitelisted:com.google.android.googlequicksearchbox user:0
12-03 16:59:26.925  1491  1666 D ApplicationPolicy: isApplicationExternalStorageWhitelisted: DO is not enabled on user 0. Allowed.
12-03 16:59:26.925  1491  1666 D ActivityManager: package  com.google.android.googlequicksearchbox, user - 0 is SDcard whitelisted
12-03 16:59:26.925  1491  1666 I ApplicationPolicy: isApplicationExternalStorageBlacklisted:com.google.android.googlequicksearchbox user:0
12-03 16:59:26.925  1491  1666 D ApplicationPolicy: isApplicationExternalStorageBlacklisted: DO is not enabled on user 0. Allowed.
12-03 16:59:26.925  1491  1666 I ApplicationPolicy: isApplicationExternalStorageBlacklisted:com.google.android.googlequicksearchbox user:0
12-03 16:59:26.925  1491  1666 D ApplicationPolicy: isApplicationExternalStorageBlacklisted: DO is not enabled on user 0. Allowed.
12-03 16:59:26.931  1491  1655 D ViewRootImpl@62e4cd1[Bello_CS5520_MoveMe]: dispatchDetachedFromWindow
12-03 16:59:26.932  1491  1655 D InputTransport: Input channel destroyed: '7c49336', fd=558
12-03 16:59:26.933  1491  1655 I WindowManager: Reparenting to leash, surface=Surface(name=7c49336 Splash Screen neu.edu.madcourse.Bello_CS5520_MoveMe)/@0x3f086f4
12-03 16:59:26.933   795   862 I SurfaceFlinger: id=2954 createSurf (0x0),-1 flag=80004, Surface(name=7c49336 Splash Screen neu.edu.madcourse.Bello_CS5520_MoveMe)/@0x3f086f4 - animation-leash#0
12-03 16:59:26.933  1491  1655 D WindowManager: makeSurface duration=1 leash=Surface(name=Surface(name=7c49336 Splash Screen neu.edu.madcourse.Bello_CS5520_MoveMe)/@0x3f086f4 - animation-leash)/@0xb3ffe1d
12-03 16:59:26.934  1491  1655 V WindowManager: performShow on Window{c2df608 u0 StatusBar}: mDrawState=READY_TO_SHOW readyForDisplay=false starting=false during animation: policyVis=false parentHidden=false tok.hiddenRequested=false tok.hidden=false animating=false tok animating=false Callers=com.android.server.wm.WindowState.performShowLocked:4660 com.android.server.wm.WindowStateAnimator.commitFinishDrawingLocked:371 com.android.server.wm.DisplayContent.lambda$new$8$DisplayContent:935 com.android.server.wm.-$$Lambda$DisplayContent$qxt4izS31fb0LF2uo_OF9DMa7gc.accept:4 
12-03 16:59:26.936  1491  1655 D InputTransport: Input channel destroyed: '7c49336', fd=559
12-03 16:59:26.936  1491  1655 V WindowManager: performShow on Window{c2df608 u0 StatusBar}: mDrawState=READY_TO_SHOW readyForDisplay=false starting=false during animation: policyVis=false parentHidden=false tok.hiddenRequested=false tok.hidden=false animating=false tok animating=false Callers=com.android.server.wm.WindowState.performShowLocked:4660 com.android.server.wm.DisplayContent.lambda$new$0$DisplayContent:662 com.android.server.wm.-$$Lambda$DisplayContent$0yxrqH9eGY2qTjH1u_BvaVrXCSA.accept:4 com.android.server.wm.WindowContainer$ForAllWindowsConsumerWrapper.apply:1184 
12-03 16:59:26.939  1491  2425 D WindowManager: finishDrawingWindow: Window{5471d3d u0 neu.edu.madcourse.Bello_CS5520_MoveMe/com.epicgames.ue4.GameActivity} mDrawState=HAS_DRAWN
12-03 16:59:26.939 32167 32167 D InputMethodManager: prepareNavigationBarInfo() DecorView@4364320[GameActivity]
12-03 16:59:26.940 32167 32167 D InputMethodManager: getNavigationBarColor() -855310
12-03 16:59:26.940 32167 32167 V InputMethodManager: Starting input: tba=neu.edu.madcourse.Bello_CS5520_MoveMe ic=null mNaviBarColor -855310 mIsGetNaviBarColorSuccess true , NavVisible : false , NavTrans : false
12-03 16:59:26.940 32167 32167 D InputMethodManager: startInputInner - Id : 0
12-03 16:59:26.941  1020  1020 D Zygote  : Forked child process 32273
12-03 16:59:26.945  1491  1655 V WindowManager: performShow on Window{c2df608 u0 StatusBar}: mDrawState=READY_TO_SHOW readyForDisplay=false starting=false during animation: policyVis=false parentHidden=false tok.hiddenRequested=false tok.hidden=false animating=false tok animating=false Callers=com.android.server.wm.WindowState.performShowLocked:4660 com.android.server.wm.DisplayContent.lambda$new$0$DisplayContent:662 com.android.server.wm.-$$Lambda$DisplayContent$0yxrqH9eGY2qTjH1u_BvaVrXCSA.accept:4 com.android.server.wm.WindowContainer$ForAllWindowsConsumerWrapper.apply:1184 
12-03 16:59:26.947  1491  1667 I ActivityManager: Start proc 32273:com.google.android.googlequicksearchbox:train/u0a150 for service {com.google.android.googlequicksearchbox/com.google.android.apps.gsa.staticplugins.fedass.ipc.service.TrainCommunicationService}
12-03 16:59:26.947 32273 32273 E Zygote  : isWhitelistProcess - Process is Whitelisted
12-03 16:59:26.949 32273 32273 E Zygote  : accessInfo : 1
12-03 16:59:26.960 32273 32273 E searchbox:trai: Not starting debugger since process cannot load the jdwp agent.
12-03 16:59:26.961  1491  1655 V WindowManager: performShow on Window{c2df608 u0 StatusBar}: mDrawState=READY_TO_SHOW readyForDisplay=false starting=false during animation: policyVis=false parentHidden=false tok.hiddenRequested=false tok.hidden=false animating=false tok animating=false Callers=com.android.server.wm.WindowState.performShowLocked:4660 com.android.server.wm.DisplayContent.lambda$new$0$DisplayContent:662 com.android.server.wm.-$$Lambda$DisplayContent$0yxrqH9eGY2qTjH1u_BvaVrXCSA.accept:4 com.android.server.wm.WindowContainer$ForAllWindowsConsumerWrapper.apply:1184 
12-03 16:59:26.962   795  3217 I SurfaceFlinger: id=2931 Removed AppWindowToken{205837b token=Token{6396f0a ActivityRecord{448a375 u0 neu.edu.madcourse.Bello_CS5520_MoveMe/com.epicgames.ue4.SplashActivity t277}}}#0 (52)
12-03 16:59:26.968 32273 32273 D ActivityThread: setConscryptValidator
12-03 16:59:26.968 32273 32273 D ActivityThread: setConscryptValidator - put
12-03 16:59:26.972  1491  2425 I ActivityManager: DSS OFF for com.google.android.googlequicksearchbox
12-03 16:59:26.977   795   795 I Layer   : id=2931[1] Destroyed AppWindowToken{205837b token=Token{6396f0a ActivityRecord{448a375 u0 neu.edu.madcourse.Bello_CS5520_MoveMe/com.epicgames.ue4.SplashActivity t277}}}#0
12-03 16:59:26.982   795   795 I SurfaceFlinger: Display 0 HWC layers:
12-03 16:59:26.982   795   795 I SurfaceFlinger:     type    |    handle    | flag |  format   |   source crop (l,t,r,b)    |         frame       | name 
12-03 16:59:26.982   795   795 I SurfaceFlinger: ------------+--------------+------+-----------+----------------------------+---------------------+------
12-03 16:59:26.982   795   795 I SurfaceFlinger:  SOLID_COLOR |              | 0002 |  Unknown  |   0.0    0.0    0.0    0.0 |    0    0 1080 2220 | Background for -SurfaceView - neu.ed[...]icgames.ue4.GameActivity@e295f55@0#0
12-03 16:59:26.982   795   795 I SurfaceFlinger:      DEVICE | 0x7f4ae25e80 | 0000 | RGBA_8888 |   0.0    0.0 1080.0 2220.0 |    0    0 1080 2220 | neu.edu.madcourse.Bello_CS5520_MoveMe/com.epicgames.ue4.GameActivity$_32167#1
12-03 16:59:26.982   795   795 I SurfaceFlinger:      DEVICE | 0x7f3f9d8080 | 0000 | RGBA_8888 |   0.0    0.0 1080.0 2220.0 |    0    0 1080 2220 | neu.edu.madcourse.Bello_CS5520_MoveMe/com.epicgames.ue4.GameActivity$_32167#0
12-03 16:59:26.982   795   795 I SurfaceFlinger:      DEVICE | 0x7f3f9d8100 | 0002 | RGBA_8888 |   0.0    0.0 2220.0 1080.0 |    0    0 1080 2220 | Splash Screen neu.edu.madcourse.Bello_CS5520_MoveMe#0
12-03 16:59:26.982   795   795 I SurfaceFlinger:      DEVICE | 0x7f4ae25500 | 0000 | RGBA_8888 |   0.0    0.0 1080.0  126.0 |    0 2094 1080 2220 | Navigat
12-03 16:59:26.982   795   795 I SurfaceFlinger: ionBar0$_2489#0
12-03 16:59:26.982   795   795 I SurfaceFlinger: 
12-03 16:59:26.985 32167 32249 D UE4     : EGL Extensions: 
12-03 16:59:26.985 32167 32249 D UE4     : EGL_KHR_get_all_proc_addresses EGL_ANDROID_presentation_time EGL_KHR_swap_buffers_with_damage EGL_ANDROID_get_native_client_buffer EGL_ANDROID_front_buffer_auto_refresh EGL_ANDROID_get_frame_timestamps EGL_EXT_surface_SMPTE2086_metadata EGL_EXT_surface_CTA861_3_metadata EGL_KHR_image EGL_KHR_image_base EGL_EXT_image_gl_colorspace EGL_KHR_lock_surface EGL_KHR_gl_colorspace EGL_KHR_gl_texture_2D_image EGL_KHR_gl_texture_3D_image EGL_KHR_gl_texture_cubemap_image EGL_KHR_gl_renderbuffer_image EGL_KHR_reusable_sync EGL_KHR_fence_sync EGL_KHR_create_context EGL_KHR_surfaceless_context EGL_EXT_create_context_robustness EGL_ANDROID_image_native_buffer EGL_KHR_wait_sync EGL_ANDROID_recordable EGL_KHR_partial_update EGL_EXT_pixel_format_float EGL_KHR_create_context_no_error EGL_KHR_mutable_render_buffer EGL_EXT_yuv_surface EGL_EXT_protected_content EGL_IMG_context_priority EGL_KHR_no_config_context 
12-03 16:59:26.988 32167 32249 D UE4     : FAndroidGPUInfo
12-03 16:59:26.988 32167 32249 D UE4     : AndroidEGL::InitRenderSurface 1, 1
12-03 16:59:26.988 32167 32249 D UE4     : AndroidEGL::InitRenderSurface, wnd: 0x733048a010, width: 8, height 8 
12-03 16:59:26.988 32167 32249 D UE4     : AndroidEGL::CreateEGLRenderSurface() 0x732719ae00
12-03 16:59:26.988 32167 32249 D UE4     : AndroidEGL::InitSharedSurface 1
12-03 16:59:26.988 32167 32249 D UE4     : AndroidEGL::InitSharedSurface, width: 8, height 8 
12-03 16:59:26.988 32167 32249 D UE4     : AndroidEGL::CreateEGLSharedSurface(), auxSurface = eglCreatePbufferSurface(), 8x8
12-03 16:59:26.992 32273 32273 I searchbox:trai: The ClassLoaderContext is a special shared library.
12-03 16:59:26.994 32167 32249 D vulkan  : searching for layers in '/data/app/neu.edu.madcourse.Bello_CS5520_MoveMe-a49mc8V09XmBC79_6ciHgw==/lib/arm64'
12-03 16:59:26.994 32167 32249 D vulkan  : searching for layers in '/data/app/neu.edu.madcourse.Bello_CS5520_MoveMe-a49mc8V09XmBC79_6ciHgw==/base.apk!/lib/arm64-v8a'
12-03 16:59:26.996 32167 32249 I AdrenoVK: QUALCOMM build          : 6e9cf50, Ia11ce2d146
12-03 16:59:26.996 32167 32249 I AdrenoVK: Build Date              : 10/20/20
12-03 16:59:26.996 32167 32249 I AdrenoVK: Shader Compiler Version : EV031.27.05.03
12-03 16:59:26.996 32167 32249 I AdrenoVK: Local Branch            : 
12-03 16:59:26.996 32167 32249 I AdrenoVK: Remote Branch           : refs/tags/AU_LINUX_ANDROID_LA.UM.8.2.R1.10.00.00.556.057
12-03 16:59:26.996 32167 32249 I AdrenoVK: Remote Branch           : NONE
12-03 16:59:26.996 32167 32249 I AdrenoVK: Reconstruct Branch      : NOTHING
12-03 16:59:26.996 32167 32249 I AdrenoVK: Build Config            : S L 8.0.12 AArch64
12-03 16:59:26.997 32167 32249 D UE4     : LogInit: Display: Loading text-based GConfig....
12-03 16:59:27.010  1491  1655 I WindowManager: Reparenting to original parent: Surface(name=AppWindowToken{fc0612a token=Token{fe98a15 ActivityRecord{48967cc u0 neu.edu.madcourse.Bello_CS5520_MoveMe/com.epicgames.ue4.GameActivity t277}}})/@0xf635f19, destroyLeash=true, surface=Surface(name=7c49336 Splash Screen neu.edu.madcourse.Bello_CS5520_MoveMe)/@0x3f086f4
12-03 16:59:27.011  1491  1655 E WindowManager: win=Window{7c49336 u0 Splash Screen neu.edu.madcourse.Bello_CS5520_MoveMe EXITING} destroySurfaces: appStopped=false win.mWindowRemovalAllowed=true win.mRemoveOnExit=true win.mViewVisibility=0 caller=com.android.server.wm.AppWindowToken.destroySurfaces:1200 com.android.server.wm.AppWindowToken.destroySurfaces:1181 com.android.server.wm.WindowState.onExitAnimationDone:5030 com.android.server.wm.WindowStateAnimator.onAnimationFinished:284 com.android.server.wm.WindowState.onAnimationFinished:5471 com.android.server.wm.-$$Lambda$yVRF8YoeNdTa8GR1wDStVsHu8xM.run:2 com.android.server.wm.SurfaceAnimator.lambda$getFinishedCallback$0$SurfaceAnimator:100 
12-03 16:59:27.011  1491  1655 I WindowManager: Destroying surface Surface(name=Splash Screen neu.edu.madcourse.Bello_CS5520_MoveMe)/@0xa9f4bde called by com.android.server.wm.WindowStateAnimator.destroySurface:1725 com.android.server.wm.WindowStateAnimator.destroySurfaceLocked:684 com.android.server.wm.WindowState.destroySurfaceUnchecked:3482 com.android.server.wm.WindowState.destroySurface:3456 com.android.server.wm.AppWindowToken.destroySurfaces:1200 com.android.server.wm.AppWindowToken.destroySurfaces:1181 com.android.server.wm.WindowState.onExitAnimationDone:5030 com.android.server.wm.WindowStateAnimator.onAnimationFinished:284 
12-03 16:59:27.013  1491  1655 V WindowManager: performShow on Window{c2df608 u0 StatusBar}: mDrawState=READY_TO_SHOW readyForDisplay=false starting=false during animation: policyVis=false parentHidden=false tok.hiddenRequested=false tok.hidden=false animating=false tok animating=false Callers=com.android.server.wm.WindowState.performShowLocked:4660 com.android.server.wm.WindowStateAnimator.commitFinishDrawingLocked:371 com.android.server.wm.DisplayContent.lambda$new$8$DisplayContent:935 com.android.server.wm.-$$Lambda$DisplayContent$qxt4izS31fb0LF2uo_OF9DMa7gc.accept:4 
12-03 16:59:27.015   795  3217 I SurfaceFlinger: id=2933 Removed 7c49336 Splash Screen neu.edu.madcourse.Bello_CS5520_MoveMe#0 (51)
