12-01 16:46:57.238  1491  1655 V WindowManager: performShow on Window{c2df608 u0 StatusBar}: mDrawState=READY_TO_SHOW readyForDisplay=false starting=false during animation: policyVis=false parentHidden=false tok.hiddenRequested=false tok.hidden=false animating=false tok animating=false Callers=com.android.server.wm.WindowState.performShowLocked:4660 com.android.server.wm.DisplayContent.lambda$new$0$DisplayContent:662 com.android.server.wm.-$$Lambda$DisplayContent$0yxrqH9eGY2qTjH1u_BvaVrXCSA.accept:4 com.android.server.wm.WindowContainer$ForAllWindowsConsumerWrapper.apply:1184 
12-01 16:46:57.241  1491  8025 D BatteryService: Sending ACTION_BATTERY_CHANGED. scale:100, info:{.chargerAcOnline = false, .chargerUsbOnline = true, .chargerWirelessOnline = false, .maxChargingCurrent = 0, .maxChargingVoltage = 0, .batteryStatus = FULL, .batteryHealth = GOOD, .batteryPresent = true, .batteryLevel = 100, .batteryVoltage = 4202, .batteryTemperature = 281, .batteryCurrent = 0, .batteryCycleCount = 0, .batteryFullCharge = 3700000, .batteryChargeCounter = 3700000, .batteryTechnology = Li-ion}
12-01 16:46:57.241  1491  8025 D BatteryService: online:4, current avg:-161, charge type:1, POGO powered:false, power sharing:false, high voltage charger:false, charger_type:0, capacity:280000, misc_event:0, current_event:0, current_now:-402
12-01 16:46:57.243  2440  2440 D BigDataInfoController: Intent : android.intent.action.BATTERY_CHANGED
12-01 16:46:57.243  2489  2489 D KeyguardUpdateMonitor: received broadcast android.intent.action.BATTERY_CHANGED
12-01 16:46:57.243  2489  2489 D KeyguardUpdateMonitor: handleBatteryUpdate
12-01 16:46:57.243  2440  2440 D BigDataInfoController: Intent : android.intent.action.BATTERY_CHANGED
12-01 16:46:57.244  1491  1491 I MotionRecognitionService: Plugged
12-01 16:46:57.244  1491  1491 D MotionRecognitionService:   mCableConnection= 1
12-01 16:46:57.244  1491  1491 D MotionRecognitionService: set cable connected : mGripEnabled = false
12-01 16:46:57.245  1491  1491 D UsbDeviceManager: received ACTION_BATTERY_CHANGED
12-01 16:46:57.245  1491  1650 D UsbDeviceManager: handleMessage -> MSG_UPDATE_CHARGING_STATE: mUsbCharging=true
12-01 16:46:57.245  1491  1650 D UsbDeviceManager: updateUsbNotification(false): mConnected=true mConfigured=true mCurrentFunctions=mtp,adb mHostConnected=false mSourcePower=false mSinkPower=true mUsbCharging=true mUseUsbNotification=true
12-01 16:46:57.245  1491  1650 D UsbDeviceManager: Set mCurrentFunctionsForNoti=mtp
12-01 16:46:57.245  1491  1650 D DexObserverFW: isDexModeOn() : false
12-01 16:46:57.246  1491  1650 D DexObserverFW: isSemiDexModeOn() : false
12-01 16:46:57.246  1491  1650 D UsbDeviceManager: id=27 mUsbNotificationId=27
12-01 16:46:57.246  2489  2489 D PowerUI : priorPlugType = 2 mPlugType = 2 priorBatteryStatus = 5 mBatteryStatus = 5
12-01 16:46:57.246  2489  2489 D PowerUI : Battery swelling mode - priorBatterySwellingMode = 0 mBatterySwellingMode = 0 mBatteryStatus = 5
12-01 16:46:57.253 20835 20835 D UE4     : Used memory before allocating anything was 163.24MB
12-01 16:46:57.253  2489  2489 D QSContainerImpl: getDisplayHeight portrait? false  displayHeight= 1080
12-01 16:46:57.319  1491  1655 I WindowManager: Reparenting to original parent: Surface(name=WallpaperWindowToken{8d4aee8 token=android.os.Binder@a97a00b})/@0x4c1a215, destroyLeash=true, surface=Surface(name=8328dab com.android.systemui.ImageWallpaper)/@0x1ecd86c
12-01 16:46:57.320  1491  1655 V WindowManager: performShow on Window{c2df608 u0 StatusBar}: mDrawState=READY_TO_SHOW readyForDisplay=false starting=false during animation: policyVis=false parentHidden=false tok.hiddenRequested=false tok.hidden=false animating=false tok animating=false Callers=com.android.server.wm.WindowState.performShowLocked:4660 com.android.server.wm.WindowStateAnimator.commitFinishDrawingLocked:371 com.android.server.wm.DisplayContent.lambda$new$8$DisplayContent:935 com.android.server.wm.-$$Lambda$DisplayContent$qxt4izS31fb0LF2uo_OF9DMa7gc.accept:4 
12-01 16:46:57.321   795   853 I SurfaceFlinger: id=2691 Removed Surface(name=8328dab com.android.systemui.ImageWallpaper)/@0x1ecd86c - animation-leash#0 (45)
12-01 16:46:57.335   795   795 I Layer   : id=2691[1] Destroyed Surface(name=8328dab com.android.systemui.ImageWallpaper)/@0x1ecd86c - animation-leash#0
12-01 16:46:57.336  1491  1655 V WindowManager: performShow on Window{c2df608 u0 StatusBar}: mDrawState=READY_TO_SHOW readyForDisplay=false starting=false during animation: policyVis=false parentHidden=false tok.hiddenRequested=false tok.hidden=false animating=false tok animating=false Callers=com.android.server.wm.WindowState.performShowLocked:4660 com.android.server.wm.DisplayContent.lambda$new$0$DisplayContent:662 com.android.server.wm.-$$Lambda$DisplayContent$0yxrqH9eGY2qTjH1u_BvaVrXCSA.accept:4 com.android.server.wm.WindowContainer$ForAllWindowsConsumerWrapper.apply:1184 
12-01 16:46:57.369  1491  1655 I WindowManager: Reparenting to original parent: Surface(name=WindowToken{f82a985 android.os.BinderProxy@eb9b3ef})/@0xf59c009, destroyLeash=true, surface=Surface(name=c26e3da NavigationBar0)/@0xecb6977
12-01 16:46:57.370  1491  1655 V WindowManager: performShow on Window{c2df608 u0 StatusBar}: mDrawState=READY_TO_SHOW readyForDisplay=false starting=false during animation: policyVis=false parentHidden=false tok.hiddenRequested=false tok.hidden=false animating=false tok animating=false Callers=com.android.server.wm.WindowState.performShowLocked:4660 com.android.server.wm.WindowStateAnimator.commitFinishDrawingLocked:371 com.android.server.wm.DisplayContent.lambda$new$8$DisplayContent:935 com.android.server.wm.-$$Lambda$DisplayContent$qxt4izS31fb0LF2uo_OF9DMa7gc.accept:4 
12-01 16:46:57.371   795   853 I SurfaceFlinger: id=2692 Removed Surface(name=c26e3da NavigationBar0)/@0xecb6977 - animation-leash#0 (44)
12-01 16:46:57.385   795   795 I Layer   : id=2692[1] Destroyed Surface(name=c26e3da NavigationBar0)/@0xecb6977 - animation-leash#0
12-01 16:46:57.386  1491  1655 V WindowManager: performShow on Window{c2df608 u0 StatusBar}: mDrawState=READY_TO_SHOW readyForDisplay=false starting=false during animation: policyVis=false parentHidden=false tok.hiddenRequested=false tok.hidden=false animating=false tok animating=false Callers=com.android.server.wm.WindowState.performShowLocked:4660 com.android.server.wm.DisplayContent.lambda$new$0$DisplayContent:662 com.android.server.wm.-$$Lambda$DisplayContent$0yxrqH9eGY2qTjH1u_BvaVrXCSA.accept:4 com.android.server.wm.WindowContainer$ForAllWindowsConsumerWrapper.apply:1184 
12-01 16:46:57.387  1491  1655 V WindowManager: performShow on Window{c2df608 u0 StatusBar}: mDrawState=READY_TO_SHOW readyForDisplay=false starting=false during animation: policyVis=false parentHidden=false tok.hiddenRequested=false tok.hidden=false animating=false tok animating=false Callers=com.android.server.wm.WindowState.performShowLocked:4660 com.android.server.wm.WindowStateAnimator.commitFinishDrawingLocked:371 com.android.server.wm.DisplayContent.lambda$new$8$DisplayContent:935 com.android.server.wm.-$$Lambda$DisplayContent$qxt4izS31fb0LF2uo_OF9DMa7gc.accept:4 
12-01 16:46:57.402  1491  1655 V WindowManager: performShow on Window{c2df608 u0 StatusBar}: mDrawState=READY_TO_SHOW readyForDisplay=false starting=false during animation: policyVis=false parentHidden=false tok.hiddenRequested=false tok.hidden=false animating=false tok animating=false Callers=com.android.server.wm.WindowState.performShowLocked:4660 com.android.server.wm.DisplayContent.lambda$new$0$DisplayContent:662 com.android.server.wm.-$$Lambda$DisplayContent$0yxrqH9eGY2qTjH1u_BvaVrXCSA.accept:4 com.android.server.wm.WindowContainer$ForAllWindowsConsumerWrapper.apply:1184 
12-01 16:46:57.541 20628 20628 D AcmsServiceMonitor: StopSvcRunnable - run
12-01 16:46:57.552 20628 20628 D AcmsJobIntentService: Enter Oncreate
12-01 16:46:57.552 20628 20628 D AcmsServiceMonitor: AcmsServiceMonitor.getAcmsSvcMonitor() - Enter
12-01 16:46:57.554 20628 20653 D AcmsJobIntentService: Enter onHandleWork : com.samsung.android.mirrorlink.DESTROY_ACMS
12-01 16:46:57.554 20628 20653 D AcmsJobIntentService: destroy ACMS process
12-01 16:46:57.555 20628 20628 I AcmsJobIntentService: onDestroy
12-01 16:46:57.555 20628 20628 D AcmsServiceMonitor: getSvcCounter - Counter value: 0
12-01 16:46:57.556 20628 20628 I AcmsJobIntentService: cleanUp - inside service clean up
12-01 16:46:57.556 20628 20628 D AcmsServiceMonitor: getSvcCounter - Counter value: 0
12-01 16:46:57.556 20628 20628 D AcmsJobIntentService: killing acms process
12-01 16:46:57.556 20628 20628 I Process : Sending signal. PID: 20628 SIG: 9
12-01 16:46:57.562 20835 20835 D UE4     : In the JNI_OnLoad function
12-01 16:46:57.563 20835 20835 D UE4     : [JNI] - Failed to determine if app purchasing is enabled!
12-01 16:46:57.565 20835 20835 D UE4     : Path found as '/storage/emulated/0'
12-01 16:46:57.565 20835 20835 D UE4     : Font Path found as '/system/fonts/'
12-01 16:46:57.565 20835 20835 D UE4     : In the JNI_OnLoad function 5
12-01 16:46:57.568 20835 20835 D OVRPlugin: JNI_OnLoad
12-01 16:46:57.575  1491  4745 I ActivityManager: Process ACMS.Process (pid 20628) has died: fore SVC (406,3022)
12-01 16:46:57.576  1491  1668 I libprocessgroup: Successfully killed process cgroup uid 1000 pid 20628 in 0ms
12-01 16:46:57.576  1020  1020 I Zygote  : Process 20628 exited due to signal 9 (Killed)
12-01 16:46:57.579 20835 20835 D PhoneWindow: forceLight changed to true [] from com.android.internal.policy.PhoneWindow.updateForceLightNavigationBar:4238 com.android.internal.policy.DecorView.updateColorViews:1491 com.android.internal.policy.PhoneWindow.dispatchWindowAttributesChanged:3216 android.view.Window.setFlags:1148 com.android.internal.policy.PhoneWindow.generateLayout:2444 
12-01 16:46:57.580 20835 20835 I MultiWindowDecorSupport: updateCaptionType >> DecorView@4364320[], isFloating: false, isApplication: true, hasWindowDecorCaption: false, hasWindowControllerCallback: true
12-01 16:46:57.580 20835 20835 D MultiWindowDecorSupport: setCaptionType = 0, DecorView = DecorView@4364320[]
12-01 16:46:57.591 20835 20913 D UE4     : Entering native app glue main function
12-01 16:46:57.591 20835 20913 D UE4     : Created event thread
12-01 16:46:57.591 20835 20913 D UE4     : Entered AndroidMain()
12-01 16:46:57.591 20835 20914 D UE4     : Entering event processing thread engine entry point
12-01 16:46:57.592 20835 20914 D UE4     : Prepared looper for event thread
12-01 16:46:57.592 20835 20914 D UE4     : Passed callback initialization
12-01 16:46:57.592 20835 20914 D UE4     : Passed sensor initialization
12-01 16:46:57.593 20835 20913 D UE4     : Controller interface supported
12-01 16:46:57.602 20835 20835 D Dialog  : mIsSamsungBasicInteraction = false
12-01 16:46:57.602 20835 20835 D Dialog  : mIsSamsungBasicInteraction = false, isMetaDataInActivity = false
12-01 16:46:57.604 20835 20835 D PhoneWindow: forceLight changed to true [] from com.android.internal.policy.PhoneWindow.updateForceLightNavigationBar:4238 com.android.internal.policy.DecorView.updateColorViews:1491 com.android.internal.policy.PhoneWindow.dispatchWindowAttributesChanged:3216 android.view.Window.setFlags:1148 com.android.internal.policy.PhoneWindow.generateLayout:2444 
12-01 16:46:57.605 20835 20835 I MultiWindowDecorSupport: updateCaptionType >> DecorView@e4e84d9[], isFloating: false, isApplication: true, hasWindowDecorCaption: false, hasWindowControllerCallback: false
12-01 16:46:57.605 20835 20835 D MultiWindowDecorSupport: setCaptionType = 0, DecorView = DecorView@e4e84d9[]
12-01 16:46:57.611  1491 20831 I ActivityTaskManager: Launch time is false
12-01 16:46:57.618  1491  4745 E WindowManager: App trying to use insecure INPUT_FEATURE_NO_INPUT_CHANNEL flag. Ignoring
12-01 16:46:57.618  1491  4745 D InputTransport: Input channel constructed: 'e79a796', fd=415
12-01 16:46:57.618  1491  4745 D InputTransport: Input channel constructed: 'e79a796', fd=647
12-01 16:46:57.618   795  3357 I SurfaceFlinger: id=2696 createSurf (0x0),-1 flag=80004, e79a796 neu.edu.madcourse.Bello_CS5520_MoveMe/com.epicgames.ue4.GameActivity#0
12-01 16:46:57.619  1491  4745 D InputTransport: Input channel destroyed: 'e79a796', fd=647
12-01 16:46:57.621 20835 20835 D ViewRootImpl@c0c714c[GameActivity]: setView = com.android.internal.policy.DecorView@e4e84d9 TM=true MM=false
12-01 16:46:57.622 20835 20835 D UE4     : [GameActivity] Target SDK is 28.  This may cause issues if permissions are denied by the user.
12-01 16:46:57.623 20835 20835 E PermissionHelper: GVRTransition2DActivity.getActivity() failed. Trying to get GameActivity.
12-01 16:46:57.624 20835 20835 D PermissionHelper: checkPermission: android.permission.WRITE_EXTERNAL_STORAGE has granted
12-01 16:46:57.635  1491  1655 V WindowManager: performShow on Window{c2df608 u0 StatusBar}: mDrawState=READY_TO_SHOW readyForDisplay=false starting=false during animation: policyVis=false parentHidden=false tok.hiddenRequested=false tok.hidden=false animating=false tok animating=false Callers=com.android.server.wm.WindowState.performShowLocked:4660 com.android.server.wm.DisplayContent.lambda$new$0$DisplayContent:662 com.android.server.wm.-$$Lambda$DisplayContent$0yxrqH9eGY2qTjH1u_BvaVrXCSA.accept:4 com.android.server.wm.WindowContainer$ForAllWindowsConsumerWrapper.apply:1184 
12-01 16:46:57.755 20835 20835 D UE4     : [GameActivity] Vulkan version: 1.1.0
12-01 16:46:57.755 20835 20835 D UE4     : [GameActivity] Vulkan level: 0
12-01 16:46:57.756 20835 20835 D UE4     : [GameActivity] Found DepthBufferPreference = 0
12-01 16:46:57.756 20835 20835 D UE4     : [GameActivity] Found bPackageDataInsideApk = 0
12-01 16:46:57.756 20835 20835 D UE4     : [GameActivity] Found ProjectName = MoveMe
12-01 16:46:57.756 20835 20835 D UE4     : [GameActivity] Found AppType = 
12-01 16:46:57.756 20835 20835 D UE4     : [GameActivity] Found bHasOBBFiles = 0
12-01 16:46:57.756 20835 20835 D UE4     : [GameActivity] Found bVerifyOBBOnStartUp = false
12-01 16:46:57.756 20835 20835 D UE4     : [GameActivity] UI hiding set to true
12-01 16:46:57.756 20835 20835 D UE4     : [GameActivity] BuildConfiguration set to Development
12-01 16:46:57.757 20835 20835 D UE4     : [GameActivity] UseExternalFilesDir set to false
12-01 16:46:57.757 20835 20835 D UE4     : [GameActivity] PublicLogFiles set to false
12-01 16:46:57.757 20835 20835 D UE4     : [GameActivity] AllowIMU set to true
12-01 16:46:57.757 20835 20835 D UE4     : [GameActivity] SupportsVulkan set to false
12-01 16:46:57.757 20835 20915 D UE4     : [GameActivity] [MemoryAdvisor] Significant amount of memory is available for allocation. Estimate is 4029 MB
12-01 16:46:57.758 20835 20835 D UE4     : [GameActivity] No Oculus Mobile mode detected.
12-01 16:46:57.759 20835 20835 D UE4     : [GameActivity] Using commandline from: /storage/emulated/0/UE4Game/MoveMe/UE4CommandLine.txt
12-01 16:46:57.760 20835 20835 D UE4     : [GameActivity] Parsing commandline: ../../../MoveMe/MoveMe.uproject  /Game/Daytime_Green -Messaging -SessionId=233E85B64041366CF294C8836477B2C9 -SessionOwner="bello" -SessionName="Launch On Device" -iterative
12-01 16:46:57.761 20835 20835 I AdrenoGLES: QUALCOMM build                   : 6e9cf50, Ia11ce2d146
12-01 16:46:57.761 20835 20835 I AdrenoGLES: Build Date                       : 10/20/20
12-01 16:46:57.761 20835 20835 I AdrenoGLES: OpenGL ES Shader Compiler Version: EV031.27.05.03
12-01 16:46:57.761 20835 20835 I AdrenoGLES: Local Branch                     : 
12-01 16:46:57.761 20835 20835 I AdrenoGLES: Remote Branch                    : refs/tags/AU_LINUX_ANDROID_LA.UM.8.2.R1.10.00.00.556.057
12-01 16:46:57.761 20835 20835 I AdrenoGLES: Remote Branch                    : NONE
12-01 16:46:57.761 20835 20835 I AdrenoGLES: Reconstruct Branch               : NOTHING
12-01 16:46:57.761 20835 20835 I AdrenoGLES: Build Config                     : S L 8.0.12 AArch64
12-01 16:46:57.764 20835 20835 I AdrenoGLES: PFP: 0x005ff113, ME: 0x005ff066
12-01 16:46:57.769   743   825 I SDM     : HWCDisplay::GetHdrCapabilities: HDR is not supported
12-01 16:46:57.770   743   825 I SDM     : HWCDisplay::GetHdrCapabilities: HDR is not supported
12-01 16:46:57.782 20835 20835 D UE4     : [GameActivity] ro.hardware: qcom
12-01 16:46:57.783 20835 20835 D UE4     : [GameActivity] ro.hardware.chipname: SDM660
12-01 16:46:57.783 20835 20835 D UE4     : [GameActivity] Hardware: Qualcomm Technologies, Inc SDM660
12-01 16:46:57.783 20835 20835 D UE4     : [GameActivity] Memory: 5699 MB
12-01 16:46:57.786 20835 20835 D UE4     : [GameActivity] UseAffinity: false
12-01 16:46:57.786 20835 20835 D UE4     : [GameActivity] BigCoreMask: 0xffff
12-01 16:46:57.786 20835 20835 D UE4     : [GameActivity] LittleCoreMask: 0x0
12-01 16:46:57.787 20835 20835 D UE4     : [GameActivity] APK path: /data/app/neu.edu.madcourse.Bello_CS5520_MoveMe-rujaMi25Sn-moLW8yK7vfQ==/base.apk
12-01 16:46:57.787 20835 20835 D UE4     : [GameActivity] OBB in APK: false
12-01 16:46:57.789 20835 20835 D UE4     : InternalFilePath found as '/data/user/0/neu.edu.madcourse.Bello_CS5520_MoveMe/files'
12-01 16:46:57.789 20835 20835 D UE4     : ExternalFilePath found as '/storage/emulated/0/Android/data/neu.edu.madcourse.Bello_CS5520_MoveMe/files'
12-01 16:46:57.789 20835 20835 D UE4     : App is running in Landscape
12-01 16:46:57.789 20835 20835 D UE4     : [GameActivity] Android version is 10
12-01 16:46:57.789 20835 20835 D UE4     : [GameActivity] Android manufacturer is samsung
12-01 16:46:57.789 20835 20835 D UE4     : [GameActivity] Android model is SM-A920F
12-01 16:46:57.789 20835 20835 D UE4     : [GameActivity] Android build number is QP1A.190711.020.A920FXXS5CUD1
12-01 16:46:57.789 20835 20835 D UE4     : [GameActivity] OS language is set to en_US
12-01 16:46:57.789 20835 20835 D UE4     : [GameActivity] Debugger attached is false
12-01 16:46:57.826 20835 20835 D Dialog  : mIsSamsungBasicInteraction = false
12-01 16:46:57.826 20835 20835 D Dialog  : mIsSamsungBasicInteraction = false, isMetaDataInActivity = false
12-01 16:46:57.832 20835 20835 D Dialog  : mIsSamsungBasicInteraction = false
12-01 16:46:57.832 20835 20835 D Dialog  : mIsSamsungBasicInteraction = false, isMetaDataInActivity = false
12-01 16:46:57.875 20835 20835 W PopupManager: You have not specified a View to use as content view for popups. Falling back to the Activity content view. Note that this may not work as expected in multi-screen environments
12-01 16:46:57.879 20835 20835 D UE4     : [GameActivity] googleClient is valid
12-01 16:46:57.879 20835 20835 D UE4     : [GameActivity] ==============> GameActive.onCreate complete!
12-01 16:46:57.882 20835 20835 D UE4     : [GameActivity] Creating console command broadcast listener
12-01 16:46:57.882 20835 20914 D UE4     : LogAndroidEvents::EnqueueAppEvent : 9, [width=-1, height=-1], tid = 20914, APP_EVENT_STATE_ON_START
12-01 16:46:57.883 20835 20835 D UE4     : [GameActivity] ==================================> Inside onStart function in GameActivity
12-01 16:46:57.884 20835 20835 V UE4     : [GameApp] App in foreground
12-01 16:46:57.885 20835 20835 D ViewRootImpl@c0c714c[GameActivity]: stopped(false) old=false
12-01 16:46:57.886 20835 20914 D UE4     : Case APP_CMD_RESUME
12-01 16:46:57.886 20835 20835 D UE4     : [GameActivity] === Restoring Transparent Bars ===
12-01 16:46:57.886 20835 20914 D UE4     : LogAndroidEvents::EnqueueAppEvent : 7, [width=-1, height=-1], tid = 20914, APP_EVENT_STATE_ON_RESUME
12-01 16:46:57.886 20835 20835 D UE4     : [GameActivity] ==============> [JAVA] AndroidThunkJava_KeepScreenOn(false) - Enabled screen saver
12-01 16:46:57.886 20835 20835 D UE4     : [GameActivity] ==============> [JAVA] AndroidThunkJava_DisableScreenCapture(false) - Enabled screen captures
12-01 16:46:57.886 20835 20835 D UE4     : [GameActivity] Registering sensor listeners
12-01 16:46:57.887  1491  4745 D SensorService: Calling batch handle==1 flags=0 rate=20000000 timeout== 0
12-01 16:46:57.887   747   986 I qti_sensors_hal: batch:sensor(android.sensor.accelerometer) handle:0 flags:0x0 period_ns 20000000
12-01 16:46:57.887   747   986 I qti_sensors_hal: batch: current sample rate, report rate & buffering are equal to requested (50.000000,0.000000,0)
12-01 16:46:57.888   747   986 I qti_sensors_hal: SMGRReportAdd:sensor(android.sensor.accelerometer) handle=0, sample_rate=50.000000 report_rate=0 buffer=0
12-01 16:46:57.890 20835 20835 D SensorManager: registerListener :: 1, LSM6DSL Accelerometer, 20000, 0,  
12-01 16:46:57.890  1491  4745 D SensorService: Calling batch handle==3 flags=0 rate=20000000 timeout== 0
12-01 16:46:57.890   747   986 I qti_sensors_hal: batch:sensor(android.sensor.magnetic_field) handle:10 flags:0x0 period_ns 20000000
12-01 16:46:57.890   747   986 I qti_sensors_hal: batch: current sample rate, report rate & buffering are equal to requested (50.000000,0.000000,0)
12-01 16:46:57.891   747   986 I qti_sensors_hal: SMGRReportAdd:sensor(android.sensor.magnetic_field) handle=10, sample_rate=50.000000 report_rate=0 buffer=0
12-01 16:46:57.897 20835 20835 D SensorManager: registerListener :: 3, AK09918 Magnetometer, 20000, 0,  
12-01 16:46:57.897  1491  4745 D SensorService: Calling batch handle==5 flags=0 rate=20000000 timeout== 0
12-01 16:46:57.898   747   986 I qti_sensors_hal: batch:sensor(android.sensor.gyroscope) handle:2 flags:0x0 period_ns 20000000
12-01 16:46:57.898   747   986 I qti_sensors_hal: batch: current sample rate, report rate & buffering are equal to requested (50.000000,0.000000,0)
12-01 16:46:57.898   747   986 I qti_sensors_hal: SMGRReportAdd:sensor(android.sensor.gyroscope) handle=2, sample_rate=50.000000 report_rate=0 buffer=0
12-01 16:46:57.902 20835 20835 D SensorManager: registerListener :: 5, LSM6DSL Gyroscope, 20000, 0,  
12-01 16:46:57.902 20835 20835 D UE4     : App is running in Landscape
12-01 16:46:57.902 20835 20835 D UE4     : [GameActivity] === Restoring Transparent Bars ===
12-01 16:46:57.902 20835 20835 D UE4     : [GameActivity] ==============> Resuming main init
12-01 16:46:57.907 20835 20913 D UE4     : APK Commandline: ../../../MoveMe/MoveMe.uproject  /Game/Daytime_Green -Messaging -SessionId=951856C44A74D385B214E99365A10244 -SessionOwner="bello" -SessionName="Launch On Device" -iterative
12-01 16:46:57.908 20835 20913 D UE4     : Override Commandline: ../../../MoveMe/MoveMe.uproject  /Game/Daytime_Green -Messaging -SessionId=233E85B64041366CF294C8836477B2C9 -SessionOwner="bello" -SessionName="Launch On Device" -iterative
12-01 16:46:57.908 20835 20913 D UE4     : Final commandline: ../../../MoveMe/MoveMe.uproject  /Game/Daytime_Green -Messaging -SessionId=233E85B64041366CF294C8836477B2C9 -SessionOwner="bello" -SessionName="Launch On Device" -iterative
12-01 16:46:57.908 20835 20913 D UE4     : Created sync event
12-01 16:46:57.909   747   902 I qti_sensors_hal: processReportInd: Cal Mag Filter, 0, 0, 0.000000, 0.000000, 0.000000, 0.000000, 0.000000, 0.000000, 21.682739, 23.048401, -30.734253
12-01 16:46:57.913 20835 20835 D UE4     : [GameActivity] ==============> GameActive.onResume complete!
12-01 16:46:57.917  1491  4745 E WindowManager: App trying to use insecure INPUT_FEATURE_NO_INPUT_CHANNEL flag. Ignoring
12-01 16:46:57.917  1491  4745 D InputTransport: Input channel constructed: 'd6a6488', fd=647
12-01 16:46:57.917  1491  4745 D InputTransport: Input channel constructed: 'd6a6488', fd=652
12-01 16:46:57.918   795   853 I SurfaceFlinger: id=2697 createSurf (0x0),-1 flag=80004, d6a6488 neu.edu.madcourse.Bello_CS5520_MoveMe/com.epicgames.ue4.GameActivity#0
12-01 16:46:57.918  1491  4745 D InputTransport: Input channel destroyed: 'd6a6488', fd=652
12-01 16:46:57.920 20835 20835 D ViewRootImpl@7ba4a0c[GameActivity]: setView = com.android.internal.policy.DecorView@4364320 TM=true MM=false
12-01 16:46:57.926  1491  4745 V WindowManager: Relayout Window{e79a796 u0 neu.edu.madcourse.Bello_CS5520_MoveMe/com.epicgames.ue4.GameActivity}: viewVisibility=0 req=2220x1080
12-01 16:46:57.926   747   902 I qti_sensors_hal: processReportInd: Accel - X: -0.029 Y: -0.115 Z: 9.861
12-01 16:46:57.927   747   902 I qti_sensors_hal: processReportInd: Gyro - X: -0.004 Y: -0.025 Z: -0.059 status: 3
12-01 16:46:57.927  1491  4745 V WindowManager: performShow on Window{c2df608 u0 StatusBar}: mDrawState=READY_TO_SHOW readyForDisplay=false starting=false during animation: policyVis=false parentHidden=false tok.hiddenRequested=false tok.hidden=false animating=false tok animating=false Callers=com.android.server.wm.WindowState.performShowLocked:4660 com.android.server.wm.WindowStateAnimator.commitFinishDrawingLocked:371 com.android.server.wm.DisplayContent.lambda$new$8$DisplayContent:935 com.android.server.wm.-$$Lambda$DisplayContent$qxt4izS31fb0LF2uo_OF9DMa7gc.accept:4 
12-01 16:46:57.928   795   853 I SurfaceFlinger: id=2698 createSurf (2220x1080),1 flag=4, neu.edu.madcourse.Bello_CS5520_MoveMe/com.epicgames.ue4.GameActivity$_20835#0
12-01 16:46:57.929  1491  4745 D WindowManager: makeSurface duration=1 name=neu.edu.madcourse.Bello_CS5520_MoveMe/com.epicgames.ue4.GameActivity$_20835
12-01 16:46:57.930  1491  4745 V WindowManager: Relayout 20835: mAttrs={(0,0)(fillxfill) gr=CENTER sim={adjust=pan forwardNavigation} ty=APPLICATION fmt=TRANSLUCENT wanim=0x1030001
12-01 16:46:57.930  1491  4745 V WindowManager:   fl=1810508
12-01 16:46:57.930  1491  4745 V WindowManager:   pfl=10020000
12-01 16:46:57.930  1491  4745 V WindowManager:   vsysui=f16 naviIconColor=0}
12-01 16:46:57.933 20835 20835 D ViewRootImpl@c0c714c[GameActivity]: Relayout returned: old=(0,0,2220,1080) new=(0,0,2220,1080) req=(2220,1080)0 dur=8 res=0x7 s={true 497047085056} ch=true
12-01 16:46:57.933 20835 20892 D OpenGLRenderer: createReliableSurface : 0x73ba5ef600, 0x73ba50a000
12-01 16:46:57.934 20835 20892 I AdrenoGLES: QUALCOMM build                   : 6e9cf50, Ia11ce2d146
12-01 16:46:57.934 20835 20892 I AdrenoGLES: Build Date                       : 10/20/20
12-01 16:46:57.934 20835 20892 I AdrenoGLES: OpenGL ES Shader Compiler Version: EV031.27.05.03
12-01 16:46:57.934 20835 20892 I AdrenoGLES: Local Branch                     : 
12-01 16:46:57.934 20835 20892 I AdrenoGLES: Remote Branch                    : refs/tags/AU_LINUX_ANDROID_LA.UM.8.2.R1.10.00.00.556.057
12-01 16:46:57.934 20835 20892 I AdrenoGLES: Remote Branch                    : NONE
12-01 16:46:57.934 20835 20892 I AdrenoGLES: Reconstruct Branch               : NOTHING
12-01 16:46:57.934 20835 20892 I AdrenoGLES: Build Config                     : S L 8.0.12 AArch64
12-01 16:46:57.934  1491  1655 V WindowManager: performShow on Window{c2df608 u0 StatusBar}: mDrawState=READY_TO_SHOW readyForDisplay=false starting=false during animation: policyVis=false parentHidden=false tok.hiddenRequested=false tok.hidden=false animating=false tok animating=false Callers=com.android.server.wm.WindowState.performShowLocked:4660 com.android.server.wm.DisplayContent.lambda$new$0$DisplayContent:662 com.android.server.wm.-$$Lambda$DisplayContent$0yxrqH9eGY2qTjH1u_BvaVrXCSA.accept:4 com.android.server.wm.WindowContainer$ForAllWindowsConsumerWrapper.apply:1184 
12-01 16:46:57.937 20835 20892 I AdrenoGLES: PFP: 0x005ff113, ME: 0x005ff066
12-01 16:46:57.947 20835 20835 E DecorView: mWindow.mActivityCurrentConfig is null
12-01 16:46:57.950   562   562 I hwservicemanager: getTransport: Cannot find entry android.hardware.graphics.mapper@3.0::IMapper/default in either framework or device manifest.
12-01 16:46:57.951 20835 20892 W Gralloc3: mapper 3.x is not supported
12-01 16:46:57.971 20835 20835 D SurfaceView: onWindowVisibilityChanged(0) true android.view.SurfaceView{e295f55 V.E...... ......I. 0,0-0,0} of ViewRootImpl@7ba4a0c[GameActivity]
12-01 16:46:57.975  1491  4745 V WindowManager: Relayout Window{d6a6488 u0 neu.edu.madcourse.Bello_CS5520_MoveMe/com.epicgames.ue4.GameActivity}: viewVisibility=0 req=2220x1080
12-01 16:46:57.976  1491  4745 V WindowManager: performShow on Window{c2df608 u0 StatusBar}: mDrawState=READY_TO_SHOW readyForDisplay=false starting=false during animation: policyVis=false parentHidden=false tok.hiddenRequested=false tok.hidden=false animating=false tok animating=false Callers=com.android.server.wm.WindowState.performShowLocked:4660 com.android.server.wm.WindowStateAnimator.commitFinishDrawingLocked:371 com.android.server.wm.DisplayContent.lambda$new$8$DisplayContent:935 com.android.server.wm.-$$Lambda$DisplayContent$qxt4izS31fb0LF2uo_OF9DMa7gc.accept:4 
12-01 16:46:57.977  1491  4745 W WindowManager: preserveSurfaceLocked: failed, no surface, w=Window{d6a6488 u0 neu.edu.madcourse.Bello_CS5520_MoveMe/com.epicgames.ue4.GameActivity}
12-01 16:46:57.978   795   853 I SurfaceFlinger: id=2699 createSurf (2220x1080),1 flag=4, neu.edu.madcourse.Bello_CS5520_MoveMe/com.epicgames.ue4.GameActivity$_20835#1
12-01 16:46:57.979  1491  4745 D WindowManager: makeSurface duration=1 name=neu.edu.madcourse.Bello_CS5520_MoveMe/com.epicgames.ue4.GameActivity$_20835
12-01 16:46:57.979  1491  4745 V WindowManager: Changing focus from null to Window{d6a6488 u0 neu.edu.madcourse.Bello_CS5520_MoveMe/com.epicgames.ue4.GameActivity} displayId=0 Callers=com.android.server.wm.RootWindowContainer.updateFocusedWindowLocked:203 com.android.server.wm.WindowManagerService.updateFocusedWindowLocked:6112 com.android.server.wm.WindowManagerService.relayoutWindow:2559 com.android.server.wm.Session.relayout:202 android.view.IWindowSession$Stub.onTransact:708 com.android.server.wm.Session.onTransact:142 
12-01 16:46:57.979  1491  4745 D StatusBarManagerService: notifyRequestedSystemKey recent=false home=false
12-01 16:46:57.980  1491  1652 D WindowManager: setSystemUiVisibility: displayId=0, vis=0x971e, fullVis=0x0, dockVis=0x0, win=Window{d6a6488 u0 neu.edu.madcourse.Bello_CS5520_MoveMe/com.epicgames.ue4.GameActivity}
12-01 16:46:57.980  1491  4745 V WindowManager: Relayout 20835: mAttrs={(0,0)(fillxfill) sim={adjust=resize} ty=BASE_APPLICATION fmt=RGBA_8888 wanim=0x1030001 sysuil=true
12-01 16:46:57.980  1491  4745 V WindowManager:   fl=1810500
12-01 16:46:57.980  1491  4745 V WindowManager:   pfl=10020000
12-01 16:46:57.980  1491  4745 V WindowManager:   vsysui=1716 naviIconColor=0}
12-01 16:46:57.981  2489  2489 D LightBarController: onNavigationVisibilityChanged : vis = 971e, nbModeChanged = false navigationBarMode = 4, navbarColorManagedByIme = false
12-01 16:46:57.981  1491  3942 D WindowManager: adjustSystemUiVisibilityLw: displayId=0, vis=0x971e, resetVis=0x0, clearVis=0x0
12-01 16:46:57.981  1491  3942 D InputManager-JNI: setSystemUiVisibility dexmode: false changed: true displayid: 0 visibility: 0x971e DD: 0x971e OD: 0x0
12-01 16:46:57.982 20835 20835 D ViewRootImpl@7ba4a0c[GameActivity]: Relayout returned: old=(0,0,2220,1080) new=(0,0,2220,1080) req=(2220,1080)0 dur=7 res=0x7 s={true 494730915840} ch=true
12-01 16:46:57.983 20835 20892 D OpenGLRenderer: createReliableSurface : 0x7322e939c0, 0x733042b000
12-01 16:46:57.984  1491  1655 V WindowManager: performShow on Window{c2df608 u0 StatusBar}: mDrawState=READY_TO_SHOW readyForDisplay=false starting=false during animation: policyVis=false parentHidden=false tok.hiddenRequested=false tok.hidden=false animating=false tok animating=false Callers=com.android.server.wm.WindowState.performShowLocked:4660 com.android.server.wm.DisplayContent.lambda$new$0$DisplayContent:662 com.android.server.wm.-$$Lambda$DisplayContent$0yxrqH9eGY2qTjH1u_BvaVrXCSA.accept:4 com.android.server.wm.WindowContainer$ForAllWindowsConsumerWrapper.apply:1184 
12-01 16:46:57.986   795  1047 W ServiceManager: Permission failure: android.permission.ACCESS_SURFACE_FLINGER from uid=10285 pid=20835
12-01 16:46:57.986   795  1047 D PermissionCache: checking android.permission.ACCESS_SURFACE_FLINGER for uid=10285 => denied (246 us)
12-01 16:46:57.986   795  1047 I SurfaceFlinger: id=2700 createSurf (0x0),2 flag=4, Bounds for - neu.edu.madcourse.Bello_CS5520_MoveMe/com.epicgames.ue4.GameActivity@0#0
12-01 16:46:57.988   795  1047 I SurfaceFlinger: id=2701 createSurf (2220x1080),4 flag=404, SurfaceView - neu.edu.madcourse.Bello_CS5520_MoveMe/com.epicgames.ue4.GameActivity@e295f55@0#0
12-01 16:46:57.989   795  1047 I SurfaceFlinger: id=2702 createSurf (0x0),-1 flag=20404, Background for -SurfaceView - neu.edu.madcourse.Bello_CS5520_MoveMe/com.epicgames.ue4.GameActivity@e295f55@0#0
12-01 16:46:57.990 20835 20835 D SurfaceView: surfaceCreated 1 #8 android.view.SurfaceView{e295f55 V.E...... ......ID 0,0-2220,1080}
12-01 16:46:57.990 20835 20835 D SurfaceView: surfaceChanged (2220,1080) 1 #8 android.view.SurfaceView{e295f55 V.E...... ......ID 0,0-2220,1080}
12-01 16:46:57.990 20835 20914 D UE4     : Case APP_CMD_INIT_WINDOW
12-01 16:46:57.991 20835 20914 D UE4     : LogAndroidEvents::EnqueueAppEvent : 0, [width=2220, height=1080], tid = 20914, APP_EVENT_STATE_WINDOW_CREATED
12-01 16:46:57.999  1491  3942 D WindowManager: finishDrawingWindow: Window{d6a6488 u0 neu.edu.madcourse.Bello_CS5520_MoveMe/com.epicgames.ue4.GameActivity} mDrawState=DRAW_PENDING
12-01 16:46:58.000  1491  1655 I WindowManager: Reparenting to leash, surface=Surface(name=c26e3da NavigationBar0)/@0xecb6977
12-01 16:46:58.000   795   853 I SurfaceFlinger: id=2703 createSurf (0x0),-1 flag=80004, Surface(name=c26e3da NavigationBar0)/@0xecb6977 - animation-leash#0
12-01 16:46:58.000  1491  1655 D WindowManager: makeSurface duration=1 leash=Surface(name=Surface(name=c26e3da NavigationBar0)/@0xecb6977 - animation-leash)/@0xb791c07
12-01 16:46:58.001  2489  2489 V NavBarStoreImpl: handleEvent [EventType] ON_NAVBAR_WINDOW_STATE_CHANGED [Module] NavigationBarFragment  KEYS_NAVBAR_WINDOW_STATE=1
12-01 16:46:58.001  2489  2489 V NavBarStoreImpl: --[Band]GESTURE_PACK_HIDE_GESTURE_INTERCEPT_WINDOW
12-01 16:46:58.001  2489  2489 V NavBarStoreImpl: ----isEnabled(GESTURE_INTERCEPT_WINDOW_ATTACHED)=false
12-01 16:46:58.001  1491  1655 V WindowManager: performShow on Window{c2df608 u0 StatusBar}: mDrawState=READY_TO_SHOW readyForDisplay=false starting=false during animation: policyVis=false parentHidden=false tok.hiddenRequested=false tok.hidden=false animating=false tok animating=false Callers=com.android.server.wm.WindowState.performShowLocked:4660 com.android.server.wm.WindowStateAnimator.commitFinishDrawingLocked:371 com.android.server.wm.DisplayContent.lambda$new$8$DisplayContent:935 com.android.server.wm.-$$Lambda$DisplayContent$qxt4izS31fb0LF2uo_OF9DMa7gc.accept:4 
12-01 16:46:58.002  1491  3942 D WindowManager: finishDrawingWindow: Window{e79a796 u0 neu.edu.madcourse.Bello_CS5520_MoveMe/com.epicgames.ue4.GameActivity} mDrawState=DRAW_PENDING
12-01 16:46:58.003 20835 20835 D UE4     : [GameActivity] === Thermal status changed to 0
12-01 16:46:58.003  1491  1655 V WindowManager: performShow on Window{c2df608 u0 StatusBar}: mDrawState=READY_TO_SHOW readyForDisplay=false starting=false during animation: policyVis=false parentHidden=false tok.hiddenRequested=false tok.hidden=false animating=false tok animating=false Callers=com.android.server.wm.WindowState.performShowLocked:4660 com.android.server.wm.DisplayContent.lambda$new$0$DisplayContent:662 com.android.server.wm.-$$Lambda$DisplayContent$0yxrqH9eGY2qTjH1u_BvaVrXCSA.accept:4 com.android.server.wm.WindowContainer$ForAllWindowsConsumerWrapper.apply:1184 
12-01 16:46:58.004  1491  1655 D ViewRootImpl@a3b5450[Bello_CS5520_MoveMe]: MSG_RESIZED: frame=(0,0,2220,1080) ci=(0,0,0,0) vi=(0,0,0,0) or=2
12-01 16:46:58.005  1491  1655 V WindowManager: performShow on Window{c2df608 u0 StatusBar}: mDrawState=READY_TO_SHOW readyForDisplay=false starting=false during animation: policyVis=false parentHidden=false tok.hiddenRequested=false tok.hidden=false animating=false tok animating=false Callers=com.android.server.wm.WindowState.performShowLocked:4660 com.android.server.wm.WindowStateAnimator.commitFinishDrawingLocked:371 com.android.server.wm.DisplayContent.lambda$new$8$DisplayContent:935 com.android.server.wm.-$$Lambda$DisplayContent$qxt4izS31fb0LF2uo_OF9DMa7gc.accept:4 
12-01 16:46:58.007  1491  1655 V WindowManager: performShow on Window{c2df608 u0 StatusBar}: mDrawState=READY_TO_SHOW readyForDisplay=false starting=false during animation: policyVis=false parentHidden=false tok.hiddenRequested=false tok.hidden=false animating=false tok animating=false Callers=com.android.server.wm.WindowState.performShowLocked:4660 com.android.server.wm.WindowStateAnimator.commitFinishDrawingLocked:371 com.android.server.wm.DisplayContent.lambda$new$8$DisplayContent:935 com.android.server.wm.-$$Lambda$DisplayContent$qxt4izS31fb0LF2uo_OF9DMa7gc.accept:4 
12-01 16:46:58.008  1491  1655 D CustomFrequencyManagerService: acquireDVFSLockLocked : type : DVFS_MIN_LIMIT  frequency : 1401600  uid : 1000  pid : 1491  pkgName : AMS_RESUME_TAIL@CPU_MIN@26
12-01 16:46:58.009  1491  1655 D ActivityManagerPerformance: AMP_acquire() TAIL
12-01 16:46:58.009  1491  1655 D CustomFrequencyManagerService: FrequencyrequestList.getNextSchedTunePolicyRequest, index: 2
12-01 16:46:58.009  1491  1655 D CustomFrequencyManagerService: releaseDVFSLockLocked : Getting Lock type frm List : DVFS_MIN_LIMIT  frequency : 2208000  uid : 1000  pid : 1491  tag : AMS_APP_SWITCH@CPU_MIN@59
12-01 16:46:58.009  1491  1655 D ActivityManagerPerformance: AMP_release() APP_SWITCH
12-01 16:46:58.010  1491  1665 I ActivityTaskManager: Displayed neu.edu.madcourse.Bello_CS5520_MoveMe/com.epicgames.ue4.GameActivity: +1s421ms
12-01 16:46:58.010  1491  4746 V WindowManager: Relayout Window{d6a6488 u0 neu.edu.madcourse.Bello_CS5520_MoveMe/com.epicgames.ue4.GameActivity}: viewVisibility=0 req=2220x1080
12-01 16:46:58.011  1491  4746 V WindowManager: performShow on Window{c2df608 u0 StatusBar}: mDrawState=READY_TO_SHOW readyForDisplay=false starting=false during animation: policyVis=false parentHidden=false tok.hiddenRequested=false tok.hidden=false animating=false tok animating=false Callers=com.android.server.wm.WindowState.performShowLocked:4660 com.android.server.wm.WindowStateAnimator.commitFinishDrawingLocked:371 com.android.server.wm.DisplayContent.lambda$new$8$DisplayContent:935 com.android.server.wm.-$$Lambda$DisplayContent$qxt4izS31fb0LF2uo_OF9DMa7gc.accept:4 
12-01 16:46:58.012  1491  4746 V WindowManager: Relayout 20835: mAttrs={(0,0)(fillxfill) sim={adjust=resize} ty=BASE_APPLICATION fmt=RGBA_8888 wanim=0x1030001 sysuil=true
12-01 16:46:58.012  1491  4746 V WindowManager:   fl=1810500
12-01 16:46:58.012  1491  4746 V WindowManager:   pfl=10020000
12-01 16:46:58.012  1491  4746 V WindowManager:   vsysui=1716 naviIconColor=0}
12-01 16:46:58.015 20835 20835 D ViewRootImpl@7ba4a0c[GameActivity]: Relayout returned: old=(0,0,2220,1080) new=(0,0,2220,1080) req=(2220,1080)0 dur=11 res=0x1 s={true 494730915840} ch=false
12-01 16:46:58.015 20835 20835 D ViewRootImpl@c0c714c[GameActivity]: MSG_RESIZED_REPORT: frame=(0,0,2220,1080) ci=(0,0,126,0) vi=(0,0,126,0) or=2
12-01 16:46:58.016 20835 20835 D ViewRootImpl@7ba4a0c[GameActivity]: MSG_WINDOW_FOCUS_CHANGED 1 1
12-01 16:46:58.016 20835 20835 D InputMethodManager: prepareNavigationBarInfo() DecorView@4364320[GameActivity]
12-01 16:46:58.016 20835 20835 D InputMethodManager: getNavigationBarColor() -855310
12-01 16:46:58.016 20835 20914 D UE4     : LogAndroidEvents::EnqueueAppEvent : 11, [width=-1, height=-1], tid = 20914, APP_EVENT_STATE_WINDOW_GAINED_FOCUS
12-01 16:46:58.016 20835 20914 D UE4     : LogAndroidEvents::EnqueueAppEvent : 14, [width=-1, height=-1], tid = 20914, APP_EVENT_STATE_APP_ACTIVATED
12-01 16:46:58.016 20835 20914 D UE4     : LogAndroidEvents::EnqueueAppEvent : 15, [width=-1, height=-1], tid = 20914, APP_EVENT_RUN_CALLBACK
12-01 16:46:58.017  1491  1655 V WindowManager: Relayout Window{4d37649 u0 Splash Screen neu.edu.madcourse.Bello_CS5520_MoveMe}: viewVisibility=0 req=2220x1080
12-01 16:46:58.019  1491  4746 D InputDispatcher: Focus entered window (20835): d6a6488 in display 0 0
12-01 16:46:58.020  1491  1655 V WindowManager: performShow on Window{c2df608 u0 StatusBar}: mDrawState=READY_TO_SHOW readyForDisplay=false starting=false during animation: policyVis=false parentHidden=false tok.hiddenRequested=false tok.hidden=false animating=false tok animating=false Callers=com.android.server.wm.WindowState.performShowLocked:4660 com.android.server.wm.WindowStateAnimator.commitFinishDrawingLocked:371 com.android.server.wm.DisplayContent.lambda$new$8$DisplayContent:935 com.android.server.wm.-$$Lambda$DisplayContent$qxt4izS31fb0LF2uo_OF9DMa7gc.accept:4 
12-01 16:46:58.021  1491  1655 V WindowManager: Relayout 1491: mAttrs={(0,0)(fillxfill) sim={adjust=pan} ty=APPLICATION_STARTING wanim=0x1030001
12-01 16:46:58.021  1491  1655 V WindowManager:   fl=1830518
12-01 16:46:58.021  1491  1655 V WindowManager:   pfl=10020011
12-01 16:46:58.021  1491  1655 V WindowManager:   vsysui=10 naviIconColor=0}
12-01 16:46:58.021  1491  1655 D ViewRootImpl@a3b5450[Bello_CS5520_MoveMe]: Relayout returned: old=(0,0,2220,1080) new=(0,0,2220,1080) req=(2220,1080)0 dur=4 res=0x1 s={true 492621475840} ch=false
12-01 16:46:58.024  1491  1655 E DecorView: mWindow.mActivityCurrentConfig is null
12-01 16:46:58.025 20835 20835 D EmergencyMode: [EmergencyManager] android createPackageContext successful
12-01 16:46:58.030  1491  1655 V WindowManager: performShow on Window{c2df608 u0 StatusBar}: mDrawState=READY_TO_SHOW readyForDisplay=false starting=false during animation: policyVis=false parentHidden=false tok.hiddenRequested=false tok.hidden=false animating=false tok animating=false Callers=com.android.server.wm.WindowState.performShowLocked:4660 com.android.server.wm.DisplayContent.lambda$new$0$DisplayContent:662 com.android.server.wm.-$$Lambda$DisplayContent$0yxrqH9eGY2qTjH1u_BvaVrXCSA.accept:4 com.android.server.wm.WindowContainer$ForAllWindowsConsumerWrapper.apply:1184 
12-01 16:46:58.030 20835 20835 D InputMethodManager: prepareNavigationBarInfo() DecorView@4364320[GameActivity]
12-01 16:46:58.030 20835 20835 D InputMethodManager: getNavigationBarColor() -855310
12-01 16:46:58.031 20835 20835 V InputMethodManager: Starting input: tba=neu.edu.madcourse.Bello_CS5520_MoveMe ic=null mNaviBarColor -855310 mIsGetNaviBarColorSuccess true , NavVisible : false , NavTrans : false
12-01 16:46:58.031 20835 20835 D InputMethodManager: startInputInner - Id : 0
12-01 16:46:58.031 20835 20835 I InputMethodManager: startInputInner - mService.startInputOrWindowGainedFocus
12-01 16:46:58.031  1491  4746 D InputMethodManagerService: mSecureKeypadEnabled = false
12-01 16:46:58.031  1491  4746 V InputMethodManagerService: startInputOrWindowGainedFocusInternalLocked: reason=WINDOW_FOCUS_GAIN client=android.os.BinderProxy@6bfc8ca inputContext=null missingMethods= attribute=android.view.inputmethod.EditorInfo@e75c059 startInputFlags=FIRST_WINDOW_FOCUS_GAIN|INITIAL_CONNECTION softInputMode=STATE_UNSPECIFIED|ADJUST_RESIZE windowFlags=#1810500 unverifiedTargetSdkVersion=28
12-01 16:46:58.032  1491  4746 V InputMethodManagerService: IME PreRendering MASTER flag: false, LowRam: false
12-01 16:46:58.032  1491  4746 V InputMethodManagerService: Unspecified window will hide input
12-01 16:46:58.032  1491  4746 V InputMethodManagerService: hideCurrentInputLocked : shouldHideSoftInput is false
12-01 16:46:58.032  1491  4746 D InputMethodManagerService: mDesktopModeManager null!
12-01 16:46:58.032  1491  4746 V InputMethodManagerService: getDisplayIdOfInputMethodWindowToBeAdded : 0
12-01 16:46:58.032  1491  4746 V InputMethodManagerService: unbindCurrentInputLocked: client=android.os.BinderProxy@cd75c54
12-01 16:46:58.032  1491  4746 D InputMethodManagerService: IME window vis: 0 active: 0 inv: 0 displayId: 0
12-01 16:46:58.032  1491  4746 D InputMethodManagerService: isImeSwitcherDisabledPackage : false
12-01 16:46:58.032  1491  4746 V InputMethodManagerService: switching to client: client=android.os.BinderProxy@6bfc8ca keyguard=false
12-01 16:46:58.032  2917  2917 D InputTransport: Input channel destroyed: 'ClientS', fd=85
12-01 16:46:58.032  1491  4746 V InputMethodManagerService: Creating new session for client ClientState{694341e uid=10285 pid=20835 displayId=0}
12-01 16:46:58.032  1491  4746 D InputTransport: Input channel constructed: 'ClientS', fd=652
12-01 16:46:58.032  1491  4746 D InputTransport: Input channel constructed: 'ClientS', fd=655
12-01 16:46:58.032  1491  4746 D InputTransport: Input channel destroyed: 'ClientS', fd=655
12-01 16:46:58.033 20835 20835 D UE4     : [GameActivity] === Restoring Transparent Bars due to Visibility Change ===
12-01 16:46:58.033 20835 20835 D UE4     : [GameActivity] === Restoring Transparent Bars ===
12-01 16:46:58.033  1491  4746 V InputMethodManagerService: Disabling: SessionState{uid 10144 pid 2917 method cc40b2 session 230ca68 channel ClientState{f37eea2 uid=10144 pid=2917 displayId=0} (server)}
12-01 16:46:58.034  1491  4746 V InputMethodManagerService: Enabling: SessionState{uid 10285 pid 20835 method cc40b2 session 8cb742a channel ClientState{694341e uid=10285 pid=20835 displayId=0} (server)}
12-01 16:46:58.035  1491  4746 D InputMethodManagerService: checkDisplayOfStartInputAndUpdateKeyboard display Id 0last 0
12-01 16:46:58.035  1491  4746 D InputTransport: Input channel constructed: 'ClientS', fd=655
12-01 16:46:58.035  1491  4746 D InputTransport: Input channel destroyed: 'ClientS', fd=655
12-01 16:46:58.037  9848  9848 I SKBD_Performance: [IIManager] [PF_CL][onFinishInput] 545261
12-01 16:46:58.037  9848  9848 D InputMethodService: checkDisplayOfStartInputAndUpdateKeyboard display Id 0last 0
12-01 16:46:58.039  9848  9848 I SKBD    : SamsungKeypad [IMI] onStartInput - caller pid : 20835, caller uid : 10285
12-01 16:46:58.039  9848  9848 I SKBD    : SamsungKeypad ConnectionUtils.getNetworkStateValue() =  0
12-01 16:46:58.042  1491  3942 D WindowManager: finishDrawingWindow: Window{e79a796 u0 neu.edu.madcourse.Bello_CS5520_MoveMe/com.epicgames.ue4.GameActivity} mDrawState=HAS_DRAWN
12-01 16:46:58.043 20835 20835 D ViewRootImpl@c0c714c[GameActivity]: MSG_RESIZED_REPORT: frame=(0,0,2220,1080) ci=(0,0,126,0) vi=(0,0,0,0) or=2
12-01 16:46:58.044 20835 20835 D ViewRootImpl@7ba4a0c[GameActivity]: MSG_RESIZED: frame=(0,0,2220,1080) ci=(0,0,126,0) vi=(0,0,0,0) or=2
12-01 16:46:58.044  1491  1655 E DecorView: mWindow.mActivityCurrentConfig is null
12-01 16:46:58.046 20835 20835 E DecorView: mWindow.mActivityCurrentConfig is null
12-01 16:46:58.050  1491  1655 D ViewRootImpl@a3b5450[Bello_CS5520_MoveMe]: dispatchDetachedFromWindow
12-01 16:46:58.051 20835 20835 D InputMethodManager: prepareNavigationBarInfo() DecorView@4364320[GameActivity]
12-01 16:46:58.051 20835 20835 D InputMethodManager: getNavigationBarColor() -855310
12-01 16:46:58.051 20835 20835 V InputMethodManager: Starting input: tba=neu.edu.madcourse.Bello_CS5520_MoveMe ic=null mNaviBarColor -855310 mIsGetNaviBarColorSuccess true , NavVisible : false , NavTrans : false
12-01 16:46:58.051 20835 20835 D InputMethodManager: startInputInner - Id : 0
12-01 16:46:58.053  1491  1655 D InputTransport: Input channel destroyed: '4d37649', fd=417
12-01 16:46:58.054  1491  1655 I WindowManager: Reparenting to leash, surface=Surface(name=4d37649 Splash Screen neu.edu.madcourse.Bello_CS5520_MoveMe)/@0xae2191
12-01 16:46:58.054   795  3217 I SurfaceFlinger: id=2704 createSurf (0x0),-1 flag=80004, Surface(name=4d37649 Splash Screen neu.edu.madcourse.Bello_CS5520_MoveMe)/@0xae2191 - animation-leash#0
12-01 16:46:58.055  1491  1655 D WindowManager: makeSurface duration=1 leash=Surface(name=Surface(name=4d37649 Splash Screen neu.edu.madcourse.Bello_CS5520_MoveMe)/@0xae2191 - animation-leash)/@0xf84a8f6
12-01 16:46:58.057  1491  1655 V WindowManager: performShow on Window{c2df608 u0 StatusBar}: mDrawState=READY_TO_SHOW readyForDisplay=false starting=false during animation: policyVis=false parentHidden=false tok.hiddenRequested=false tok.hidden=false animating=false tok animating=false Callers=com.android.server.wm.WindowState.performShowLocked:4660 com.android.server.wm.WindowStateAnimator.commitFinishDrawingLocked:371 com.android.server.wm.DisplayContent.lambda$new$8$DisplayContent:935 com.android.server.wm.-$$Lambda$DisplayContent$qxt4izS31fb0LF2uo_OF9DMa7gc.accept:4 
12-01 16:46:58.058  1491  1655 D InputTransport: Input channel destroyed: '4d37649', fd=645
12-01 16:46:58.061  1491  1654 I ActivityManager: Killing 19768:com.samsung.android.scloud/5009 (adj 985): empty #25
12-01 16:46:58.062  1491  1654 I ActivityManager: Killing 18451:com.google.android.googlequicksearchbox:train/u0a150 (adj 900): empty #26
12-01 16:46:58.065  1491  3942 D WindowManager: finishDrawingWindow: Window{e79a796 u0 neu.edu.madcourse.Bello_CS5520_MoveMe/com.epicgames.ue4.GameActivity} mDrawState=HAS_DRAWN
12-01 16:46:58.067  1491  1655 V WindowManager: performShow on Window{c2df608 u0 StatusBar}: mDrawState=READY_TO_SHOW readyForDisplay=false starting=false during animation: policyVis=false parentHidden=false tok.hiddenRequested=false tok.hidden=false animating=false tok animating=false Callers=com.android.server.wm.WindowState.performShowLocked:4660 com.android.server.wm.DisplayContent.lambda$new$0$DisplayContent:662 com.android.server.wm.-$$Lambda$DisplayContent$0yxrqH9eGY2qTjH1u_BvaVrXCSA.accept:4 com.android.server.wm.WindowContainer$ForAllWindowsConsumerWrapper.apply:1184 
12-01 16:46:58.068   795   862 I SurfaceFlinger: id=2681 Removed AppWindowToken{2078216 token=Token{3be2b31 ActivityRecord{c8dabd8 u0 neu.edu.madcourse.Bello_CS5520_MoveMe/com.epicgames.ue4.SplashActivity t273}}}#0 (52)
12-01 16:46:58.084   795   795 I Layer   : id=2681[1] Destroyed AppWindowToken{2078216 token=Token{3be2b31 ActivityRecord{c8dabd8 u0 neu.edu.madcourse.Bello_CS5520_MoveMe/com.epicgames.ue4.SplashActivity t273}}}#0
