12-01 16:46:58.476 20835 20913 D UE4     : [2021.12.01-22.46.58:476][  0]LogRHI:   GL_OES_compressed_ETC1_RGB8_texture
12-01 16:46:58.476 20835 20913 D UE4     : [2021.12.01-22.46.58:476][  0]LogRHI:   GL_AMD_compressed_ATC_texture
12-01 16:46:58.476 20835 20913 D UE4     : [2021.12.01-22.46.58:476][  0]LogRHI:   GL_KHR_texture_compression_astc_ldr
12-01 16:46:58.476 20835 20913 D UE4     : [2021.12.01-22.46.58:476][  0]LogRHI:   GL_KHR_texture_compression_astc_hdr
12-01 16:46:58.476 20835 20913 D UE4     : [2021.12.01-22.46.58:476][  0]LogRHI:   GL_OES_texture_compression_astc
12-01 16:46:58.476 20835 20913 D UE4     : [2021.12.01-22.46.58:476][  0]LogRHI:   GL_OES_texture_npot
12-01 16:46:58.476 20835 20913 D UE4     : [2021.12.01-22.46.58:476][  0]LogRHI:   GL_EXT_texture_filter_anisotropic
12-01 16:46:58.476 20835 20913 D UE4     : [2021.12.01-22.46.58:476][  0]LogRHI:   GL_EXT_texture_format_BGRA8888
12-01 16:46:58.476 20835 20913 D UE4     : [2021.12.01-22.46.58:476][  0]LogRHI:   GL_EXT_read_format_bgra
12-01 16:46:58.476 20835 20913 D UE4     : [2021.12.01-22.46.58:476][  0]LogRHI:   GL_OES_texture_3D
12-01 16:46:58.476 20835 20913 D UE4     : [2021.12.01-22.46.58:476][  0]LogRHI:   GL_EXT_color_buffer_float
12-01 16:46:58.476 20835 20913 D UE4     : [2021.12.01-22.46.58:476][  0]LogRHI:   GL_EXT_color_buffer_half_float
12-01 16:46:58.476 20835 20913 D UE4     : [2021.12.01-22.46.58:476][  0]LogRHI:   GL_QCOM_alpha_test
12-01 16:46:58.476 20835 20913 D UE4     : [2021.12.01-22.46.58:476][  0]LogRHI:   GL_OES_depth24
12-01 16:46:58.476 20835 20913 D UE4     : [2021.12.01-22.46.58:476][  0]LogRHI:   GL_OES_packed_depth_stencil
12-01 16:46:58.476 20835 20913 D UE4     : [2021.12.01-22.46.58:476][  0]LogRHI:   GL_OES_depth_texture
12-01 16:46:58.476 20835 20913 D UE4     : [2021.12.01-22.46.58:476][  0]LogRHI:   GL_OES_depth_texture_cube_map
12-01 16:46:58.476 20835 20913 D UE4     : [2021.12.01-22.46.58:476][  0]LogRHI:   GL_EXT_sRGB
12-01 16:46:58.476 20835 20913 D UE4     : [2021.12.01-22.46.58:476][  0]LogRHI:   GL_OES_texture_float
12-01 16:46:58.476 20835 20913 D UE4     : [2021.12.01-22.46.58:476][  0]LogRHI:   GL_OES_texture_float_linear
12-01 16:46:58.476 20835 20913 D UE4     : [2021.12.01-22.46.58:476][  0]LogRHI:   GL_OES_texture_half_float
12-01 16:46:58.476 20835 20913 D UE4     : [2021.12.01-22.46.58:476][  0]LogRHI:   GL_OES_texture_half_float_linear
12-01 16:46:58.476 20835 20913 D UE4     : [2021.12.01-22.46.58:476][  0]LogRHI:   GL_EXT_texture_type_2_10_10_10_REV
12-01 16:46:58.476 20835 20913 D UE4     : [2021.12.01-22.46.58:476][  0]LogRHI:   GL_EXT_texture_sRGB_decode
12-01 16:46:58.476 20835 20913 D UE4     : [2021.12.01-22.46.58:476][  0]LogRHI:   GL_EXT_texture_format_sRGB_override
12-01 16:46:58.476 20835 20913 D UE4     : [2021.12.01-22.46.58:476][  0]LogRHI:   GL_OES_element_index_uint
12-01 16:46:58.476 20835 20913 D UE4     : [2021.12.01-22.46.58:476][  0]LogRHI:   GL_EXT_copy_image
12-01 16:46:58.476 20835 20913 D UE4     : [2021.12.01-22.46.58:476][  0]LogRHI:   GL_EXT_geometry_shader
12-01 16:46:58.476 20835 20913 D UE4     : [2021.12.01-22.46.58:476][  0]LogRHI:   GL_EXT_tessellation_shader
12-01 16:46:58.476 20835 20913 D UE4     : [2021.12.01-22.46.58:476][  0]LogRHI:   GL_OES_texture_stencil8
12-01 16:46:58.476 20835 20913 D UE4     : [2021.12.01-22.46.58:476][  0]LogRHI:   GL_EXT_shader_io_blocks
12-01 16:46:58.476 20835 20913 D UE4     : [2021.12.01-22.46.58:476][  0]LogRHI:   GL_OES_shader_image_atomic
12-01 16:46:58.476 20835 20913 D UE4     : [2021.12.01-22.46.58:476][  0]LogRHI:   GL_OES_sample_variables
12-01 16:46:58.476 20835 20913 D UE4     : [2021.12.01-22.46.58:476][  0]LogRHI:   GL_EXT_texture_border_clamp
12-01 16:46:58.477 20835 20913 D UE4     : [2021.12.01-22.46.58:476][  0]LogRHI:   GL_EXT_EGL_image_external_wrap_modes
12-01 16:46:58.477 20835 20913 D UE4     : [2021.12.01-22.46.58:477][  0]LogRHI:   GL_EXT_multisampled_render_to_texture
12-01 16:46:58.477 20835 20913 D UE4     : [2021.12.01-22.46.58:477][  0]LogRHI:   GL_EXT_multisampled_render_to_texture2
12-01 16:46:58.477 20835 20913 D UE4     : [2021.12.01-22.46.58:477][  0]LogRHI:   GL_OES_shader_multisample_interpolation
12-01 16:46:58.477 20835 20913 D UE4     : [2021.12.01-22.46.58:477][  0]LogRHI:   GL_EXT_texture_cube_map_array
12-01 16:46:58.477 20835 20913 D UE4     : [2021.12.01-22.46.58:477][  0]LogRHI:   GL_EXT_draw_buffers_indexed
12-01 16:46:58.477 20835 20913 D UE4     : [2021.12.01-22.46.58:477][  0]LogRHI:   GL_EXT_gpu_shader5
12-01 16:46:58.477 20835 20913 D UE4     : [2021.12.01-22.46.58:477][  0]LogRHI:   GL_EXT_robustness
12-01 16:46:58.477 20835 20913 D UE4     : [2021.12.01-22.46.58:477][  0]LogRHI:   GL_EXT_texture_buffer
12-01 16:46:58.477 20835 20913 D UE4     : [2021.12.01-22.46.58:477][  0]LogRHI:   GL_EXT_shader_framebuffer_fetch
12-01 16:46:58.477 20835 20913 D UE4     : [2021.12.01-22.46.58:477][  0]LogRHI:   GL_ARM_shader_framebuffer_fetch_depth_stencil
12-01 16:46:58.477 20835 20913 D UE4     : [2021.12.01-22.46.58:477][  0]LogRHI:   GL_OES_texture_storage_multisample_2d_array
12-01 16:46:58.477 20835 20913 D UE4     : [2021.12.01-22.46.58:477][  0]LogRHI:   GL_OES_sample_shading
12-01 16:46:58.477 20835 20913 D UE4     : [2021.12.01-22.46.58:477][  0]LogRHI:   GL_OES_get_program_binary
12-01 16:46:58.477 20835 20913 D UE4     : [2021.12.01-22.46.58:477][  0]LogRHI:   GL_EXT_debug_label
12-01 16:46:58.477 20835 20913 D UE4     : [2021.12.01-22.46.58:477][  0]LogRHI:   GL_KHR_blend_equation_advanced
12-01 16:46:58.477 20835 20913 D UE4     : [2021.12.01-22.46.58:477][  0]LogRHI:   GL_KHR_blend_equation_advanced_coherent
12-01 16:46:58.477 20835 20913 D UE4     : [2021.12.01-22.46.58:477][  0]LogRHI:   GL_QCOM_tiled_rendering
12-01 16:46:58.477 20835 20913 D UE4     : [2021.12.01-22.46.58:477][  0]LogRHI:   GL_ANDROID_extension_pack_es31a
12-01 16:46:58.477 20835 20913 D UE4     : [2021.12.01-22.46.58:477][  0]LogRHI:   GL_EXT_primitive_bounding_box
12-01 16:46:58.477 20835 20913 D UE4     : [2021.12.01-22.46.58:477][  0]LogRHI:   GL_OES_standard_derivatives
12-01 16:46:58.477 20835 20913 D UE4     : [2021.12.01-22.46.58:477][  0]LogRHI:   GL_OES_vertex_array_object
12-01 16:46:58.477 20835 20913 D UE4     : [2021.12.01-22.46.58:477][  0]LogRHI:   GL_EXT_disjoint_timer_query
12-01 16:46:58.477 20835 20913 D UE4     : [2021.12.01-22.46.58:477][  0]LogRHI:   GL_KHR_debug
12-01 16:46:58.477 20835 20913 D UE4     : [2021.12.01-22.46.58:477][  0]LogRHI:   GL_EXT_YUV_target
12-01 16:46:58.477 20835 20913 D UE4     : [2021.12.01-22.46.58:477][  0]LogRHI:   GL_EXT_sRGB_write_control
12-01 16:46:58.477 20835 20913 D UE4     : [2021.12.01-22.46.58:477][  0]LogRHI:   GL_EXT_texture_norm16
12-01 16:46:58.477 20835 20913 D UE4     : [2021.12.01-22.46.58:477][  0]LogRHI:   GL_EXT_discard_framebuffer
12-01 16:46:58.477 20835 20913 D UE4     : [2021.12.01-22.46.58:477][  0]LogRHI:   GL_OES_surfaceless_context
12-01 16:46:58.477 20835 20913 D UE4     : [2021.12.01-22.46.58:477][  0]LogRHI:   GL_OVR_multiview
12-01 16:46:58.477 20835 20913 D UE4     : [2021.12.01-22.46.58:477][  0]LogRHI:   GL_OVR_multiview2
12-01 16:46:58.477 20835 20913 D UE4     : [2021.12.01-22.46.58:477][  0]LogRHI:   GL_EXT_texture_sRGB_R8
12-01 16:46:58.477 20835 20913 D UE4     : [2021.12.01-22.46.58:477][  0]LogRHI:   GL_KHR_no_error
12-01 16:46:58.477 20835 20913 D UE4     : [2021.12.01-22.46.58:477][  0]LogRHI:   GL_EXT_debug_marker
12-01 16:46:58.477 20835 20913 D UE4     : [2021.12.01-22.46.58:477][  0]LogRHI:   GL_OES_EGL_image_external_essl3
12-01 16:46:58.477 20835 20913 D UE4     : [2021.12.01-22.46.58:477][  0]LogRHI:   GL_OVR_multiview_multisampled_render_to_texture
12-01 16:46:58.477 20835 20913 D UE4     : [2021.12.01-22.46.58:477][  0]LogRHI:   GL_EXT_buffer_storage
12-01 16:46:58.478 20835 20913 D UE4     : [2021.12.01-22.46.58:478][  0]LogRHI:   GL_EXT_external_buffer
12-01 16:46:58.478 20835 20913 D UE4     : [2021.12.01-22.46.58:478][  0]LogRHI:   GL_EXT_blit_framebuffer_params
12-01 16:46:58.478 20835 20913 D UE4     : [2021.12.01-22.46.58:478][  0]LogRHI:   GL_EXT_clip_cull_distance
12-01 16:46:58.478 20835 20913 D UE4     : [2021.12.01-22.46.58:478][  0]LogRHI:   GL_EXT_protected_textures
12-01 16:46:58.478 20835 20913 D UE4     : [2021.12.01-22.46.58:478][  0]LogRHI:   GL_EXT_shader_non_constant_global_initializers
12-01 16:46:58.478 20835 20913 D UE4     : [2021.12.01-22.46.58:478][  0]LogRHI:   GL_QCOM_texture_foveated
12-01 16:46:58.478 20835 20913 D UE4     : [2021.12.01-22.46.58:478][  0]LogRHI:   GL_QCOM_shader_framebuffer_fetch_noncoherent
12-01 16:46:58.478 20835 20913 D UE4     : [2021.12.01-22.46.58:478][  0]LogRHI:   GL_QCOM_shader_framebuffer_fetch_rate
12-01 16:46:58.478 20835 20913 D UE4     : [2021.12.01-22.46.58:478][  0]LogRHI:   GL_EXT_memory_object
12-01 16:46:58.478 20835 20913 D UE4     : [2021.12.01-22.46.58:478][  0]LogRHI:   GL_EXT_memory_object_fd
12-01 16:46:58.478 20835 20913 D UE4     : [2021.12.01-22.46.58:478][  0]LogRHI:   GL_EXT_EGL_image_array
12-01 16:46:58.478 20835 20913 D UE4     : [2021.12.01-22.46.58:478][  0]LogRHI:   GL_NV_shader_noperspective_interpolation
12-01 16:46:58.478 20835 20913 D UE4     : [2021.12.01-22.46.58:478][  0]LogRHI:   GL_KHR_robust_buffer_access_behavior
12-01 16:46:58.478 20835 20913 D UE4     : [2021.12.01-22.46.58:478][  0]LogRHI:   GL_EXT_EGL_image_storage
12-01 16:46:58.478 20835 20913 D UE4     : [2021.12.01-22.46.58:478][  0]LogRHI:   GL_EXT_blend_func_extended
12-01 16:46:58.478 20835 20913 D UE4     : [2021.12.01-22.46.58:478][  0]LogRHI:   GL_EXT_clip_control
12-01 16:46:58.478 20835 20913 D UE4     : [2021.12.01-22.46.58:478][  0]LogRHI:   GL_OES_texture_view
12-01 16:46:58.478 20835 20913 D UE4     : [2021.12.01-22.46.58:478][  0]LogRHI:   GL_EXT_fragment_invocation_density
12-01 16:46:58.478 20835 20913 D UE4     : [2021.12.01-22.46.58:478][  0]LogRHI:   GL_QCOM_YUV_texture_gather
12-01 16:46:58.478 20835 20913 D UE4     : [2021.12.01-22.46.58:478][  0]LogRHI:   GL_MAX_VERTEX_ATTRIBS: 32
12-01 16:46:58.478 20835 20913 D UE4     : [2021.12.01-22.46.58:478][  0]LogRHI:   GL_MAX_VARYING_VECTORS: 31
12-01 16:46:58.478 20835 20913 D UE4     : [2021.12.01-22.46.58:478][  0]LogRHI:   GL_MAX_VERTEX_UNIFORM_VECTORS: 256
12-01 16:46:58.478 20835 20913 D UE4     : [2021.12.01-22.46.58:478][  0]LogRHI:   GL_MAX_FRAGMENT_UNIFORM_VECTORS: 256
12-01 16:46:58.478 20835 20913 D UE4     : [2021.12.01-22.46.58:478][  0]LogRHI:   GL_TEXTURE_BUFFER_OFFSET_ALIGNMENT: 64
12-01 16:46:58.478 20835 20913 D UE4     : [2021.12.01-22.46.58:478][  0]LogRHI:   GL_MAX_COMBINED_IMAGE_UNIFORMS: 20
12-01 16:46:58.478 20835 20913 D UE4     : [2021.12.01-22.46.58:478][  0]LogRHI:   GL_MAX_COMPUTE_IMAGE_UNIFORMS: 8
12-01 16:46:58.478 20835 20913 D UE4     : [2021.12.01-22.46.58:478][  0]LogRHI:   GL_MAX_FRAGMENT_IMAGE_UNIFORMS: 4
12-01 16:46:58.479 20835 20913 D UE4     : [2021.12.01-22.46.58:479][  0]LogRHI: Fragment shader lowp precision: 10
12-01 16:46:58.479 20835 20913 D UE4     : [2021.12.01-22.46.58:479][  0]LogRHI: Fragment shader mediump precision: 10
12-01 16:46:58.479 20835 20913 D UE4     : [2021.12.01-22.46.58:479][  0]LogRHI: Fragment shader highp precision: 23
12-01 16:46:58.479 20835 20913 D UE4     : [2021.12.01-22.46.58:479][  0]LogRHI: Support for 4x MSAA detected
12-01 16:46:58.479 20835 20913 D UE4     : [2021.12.01-22.46.58:479][  0]LogRHI: Device supports mobile multi-view.
12-01 16:46:58.480 20835 20913 D UE4     : [2021.12.01-22.46.58:480][  0]LogRHI: Image external enabled: ImageExternalESSL300
12-01 16:46:58.480 20835 20913 D UE4     : [2021.12.01-22.46.58:480][  0]LogRHI: Using QCOM_shader_framebuffer_fetch_noncoherent
12-01 16:46:58.480 20835 20913 D UE4     : [2021.12.01-22.46.58:480][  0]LogRHI:   GL_MAX_TEXTURE_SIZE: 16384
12-01 16:46:58.480 20835 20913 D UE4     : [2021.12.01-22.46.58:480][  0]LogRHI:   GL_MAX_CUBE_MAP_TEXTURE_SIZE: 16384
12-01 16:46:58.480 20835 20913 D UE4     : [2021.12.01-22.46.58:480][  0]LogRHI:   GL_MAX_ARRAY_TEXTURE_LAYERS: 2048
12-01 16:46:58.480 20835 20913 D UE4     : [2021.12.01-22.46.58:480][  0]LogRHI:   GL_MAX_3D_TEXTURE_SIZE: 2048
12-01 16:46:58.480 20835 20913 D UE4     : [2021.12.01-22.46.58:480][  0]LogRHI:   GL_MAX_RENDERBUFFER_SIZE: 16384
12-01 16:46:58.481 20835 20913 D UE4     : [2021.12.01-22.46.58:481][  0]LogRHI:   GL_MAX_TEXTURE_IMAGE_UNITS: 16
12-01 16:46:58.481 20835 20913 D UE4     : [2021.12.01-22.46.58:481][  0]LogRHI:   GL_MAX_DRAW_BUFFERS: 8
12-01 16:46:58.481 20835 20913 D UE4     : [2021.12.01-22.46.58:481][  0]LogRHI:   GL_MAX_COLOR_ATTACHMENTS: 8
12-01 16:46:58.481 20835 20913 D UE4     : [2021.12.01-22.46.58:481][  0]LogRHI:   GL_MAX_SAMPLES: 4
12-01 16:46:58.481 20835 20913 D UE4     : [2021.12.01-22.46.58:481][  0]LogRHI:   GL_MAX_COLOR_TEXTURE_SAMPLES: 4
12-01 16:46:58.481 20835 20913 D UE4     : [2021.12.01-22.46.58:481][  0]LogRHI:   GL_MAX_DEPTH_TEXTURE_SAMPLES: 4
12-01 16:46:58.481 20835 20913 D UE4     : [2021.12.01-22.46.58:481][  0]LogRHI:   GL_MAX_INTEGER_SAMPLES: 1
12-01 16:46:58.481 20835 20913 D UE4     : [2021.12.01-22.46.58:481][  0]LogRHI:   GL_MAX_COMBINED_TEXTURE_IMAGE_UNITS: 96
12-01 16:46:58.481 20835 20913 D UE4     : [2021.12.01-22.46.58:481][  0]LogRHI:   GL_MAX_VERTEX_ATTRIBS: 32
12-01 16:46:58.481 20835 20913 D UE4     : [2021.12.01-22.46.58:481][  0]LogRHI:   GL_MAX_COMPUTE_WORK_GROUP_INVOCATIONS: 1024
12-01 16:46:58.481 20835 20913 D UE4     : [2021.12.01-22.46.58:481][  0]LogRHI:   GL_MAX_COMPUTE_SHARED_MEMORY_SIZE: 32768
12-01 16:46:58.481 20835 20913 D UE4     : [2021.12.01-22.46.58:481][  0]LogRHI:   GL_MAX_TEXTURE_MAX_ANISOTROPY_EXT: 16
12-01 16:46:58.481 20835 20913 D UE4     : [2021.12.01-22.46.58:481][  0]LogRHI: OpenGL MajorVersion = 3, MinorVersion = 1, ShaderPlatform = GLSL_ES3_1_ANDROID, FeatureLevel = ES3_1
12-01 16:46:58.481 20835 20913 D UE4     : [2021.12.01-22.46.58:481][  0]LogRHI: PLATFORM_ANDROID
12-01 16:46:58.481 20835 20913 D UE4     : [2021.12.01-22.46.58:481][  0]LogAndroid: Unlocking android HW window during preinit.
12-01 16:46:58.481 20835 20913 D UE4     : [2021.12.01-22.46.58:481][  0]LogRHI: Enabling program binary cache as /storage/emulated/0/Android/data/neu.edu.madcourse.Bello_CS5520_MoveMe/files/ProgramBinaryCache/GLSL_ES3_1_ANDROID_9D964C69AA08F6BA696A7ABFE937BF078EE0A47D
12-01 16:46:58.481 20835 20913 D UE4     : [2021.12.01-22.46.58:481][  0]LogRHI: FOpenGLProgramBinaryCache will be initialized when ShaderPipelineCache opens its file
12-01 16:46:58.482 20835 20913 D UE4     : [2021.12.01-22.46.58:482][  0]LogRHI: Texture pool is 400 MB (of 0 MB total graphics mem)
12-01 16:46:58.483 20835 20913 D UE4     : [2021.12.01-22.46.58:483][  0]LogRHI: OpenGL deferred texture creation, no config rule set: 0
12-01 16:46:58.489 20835 20913 D UE4     : [2021.12.01-22.46.58:489][  0]LogRendererCore: Ray tracing is disabled. Reason: r.RayTracing=0.
12-01 16:46:58.489 20835 20913 D UE4     : [2021.12.01-22.46.58:489][  0]LogShaderLibrary: Display: Using ../../../MoveMe/Content/ShaderArchive-Global-GLSL_ES3_1_ANDROID.ushaderbytecode for material shader code. Total 564 unique shaders.
12-01 16:46:58.490 20835 20913 D UE4     : [2021.12.01-22.46.58:490][  0]LogShaderLibrary: Display: Cooked Context: Using Shared Shader Library Global
12-01 16:46:58.490 20835 20913 D UE4     : [2021.12.01-22.46.58:490][  0]LogShaderLibrary: Display: Logical shader library 'Global' has been created, components 1
12-01 16:46:58.490 20835 20913 D UE4     : [2021.12.01-22.46.58:490][  0]LogShaderLibrary: Display: Running without a pakfile and did not find a monolithic library 'Global_SC' - attempting disk search for its chunks
12-01 16:46:58.490 20835 20913 D UE4     : [2021.12.01-22.46.58:490][  0]LogShaderLibrary: Display:    ....  not found
12-01 16:46:58.490 20835 20913 D UE4     : [2021.12.01-22.46.58:490][  0]LogShaderLibrary: Display: Running without a pakfile and did not find a monolithic library 'MediaCompositing' - attempting disk search for its chunks
12-01 16:46:58.490 20835 20913 D UE4     : [2021.12.01-22.46.58:490][  0]LogShaderLibrary: Display:    ....  not found
12-01 16:46:58.491 20835 20913 D UE4     : [2021.12.01-22.46.58:491][  0]LogShaderLibrary: Display: Running without a pakfile and did not find a monolithic library 'MediaCompositing' - attempting disk search for its chunks
12-01 16:46:58.491 20835 20913 D UE4     : [2021.12.01-22.46.58:491][  0]LogShaderLibrary: Display:    ....  not found
12-01 16:46:58.491 20835 20913 D UE4     : [2021.12.01-22.46.58:491][  0]LogShaderLibrary: Display: Running without a pakfile and did not find a monolithic library 'GeometryMode' - attempting disk search for its chunks
12-01 16:46:58.491 20835 20913 D UE4     : [2021.12.01-22.46.58:491][  0]LogShaderLibrary: Display:    ....  not found
12-01 16:46:58.491 20835 20913 D UE4     : [2021.12.01-22.46.58:491][  0]LogShaderLibrary: Display: Running without a pakfile and did not find a monolithic library 'GeometryMode' - attempting disk search for its chunks
12-01 16:46:58.491 20835 20913 D UE4     : [2021.12.01-22.46.58:491][  0]LogShaderLibrary: Display:    ....  not found
12-01 16:46:58.492 20835 20913 D UE4     : [2021.12.01-22.46.58:492][  0]LogShaderLibrary: Display: Running without a pakfile and did not find a monolithic library 'SpeedTreeImporter' - attempting disk search for its chunks
12-01 16:46:58.492 20835 20913 D UE4     : [2021.12.01-22.46.58:492][  0]LogShaderLibrary: Display:    ....  not found
12-01 16:46:58.492 20835 20913 D UE4     : [2021.12.01-22.46.58:492][  0]LogShaderLibrary: Display: Running without a pakfile and did not find a monolithic library 'SpeedTreeImporter' - attempting disk search for its chunks
12-01 16:46:58.492 20835 20913 D UE4     : [2021.12.01-22.46.58:492][  0]LogShaderLibrary: Display:    ....  not found
12-01 16:46:58.493 20835 20913 D UE4     : [2021.12.01-22.46.58:492][  0]LogShaderLibrary: Display: Running without a pakfile and did not find a monolithic library 'Paper2D' - attempting disk search for its chunks
12-01 16:46:58.493 20835 20913 D UE4     : [2021.12.01-22.46.58:493][  0]LogShaderLibrary: Display:    ....  not found
12-01 16:46:58.493 20835 20913 D UE4     : [2021.12.01-22.46.58:493][  0]LogShaderLibrary: Display: Running without a pakfile and did not find a monolithic library 'Paper2D' - attempting disk search for its chunks
12-01 16:46:58.493 20835 20913 D UE4     : [2021.12.01-22.46.58:493][  0]LogShaderLibrary: Display:    ....  not found
12-01 16:46:58.494 20835 20913 D UE4     : [2021.12.01-22.46.58:494][  0]LogShaderLibrary: Display: Running without a pakfile and did not find a monolithic library 'Niagara' - attempting disk search for its chunks
12-01 16:46:58.494 20835 20913 D UE4     : [2021.12.01-22.46.58:494][  0]LogShaderLibrary: Display:    ....  not found
12-01 16:46:58.494 20835 20913 D UE4     : [2021.12.01-22.46.58:494][  0]LogShaderLibrary: Display: Running without a pakfile and did not find a monolithic library 'Niagara' - attempting disk search for its chunks
12-01 16:46:58.494 20835 20913 D UE4     : [2021.12.01-22.46.58:494][  0]LogShaderLibrary: Display:    ....  not found
12-01 16:46:58.495 20835 20913 D UE4     : [2021.12.01-22.46.58:495][  0]LogShaderLibrary: Display: Running without a pakfile and did not find a monolithic library 'AnimationSharing' - attempting disk search for its chunks
12-01 16:46:58.495 20835 20913 D UE4     : [2021.12.01-22.46.58:495][  0]LogShaderLibrary: Display:    ....  not found
12-01 16:46:58.495 20835 20913 D UE4     : [2021.12.01-22.46.58:495][  0]LogShaderLibrary: Display: Running without a pakfile and did not find a monolithic library 'AnimationSharing' - attempting disk search for its chunks
12-01 16:46:58.495 20835 20913 D UE4     : [2021.12.01-22.46.58:495][  0]LogShaderLibrary: Display:    ....  not found
12-01 16:46:58.496 20835 20913 D UE4     : [2021.12.01-22.46.58:496][  0]LogShaderLibrary: Display: Running without a pakfile and did not find a monolithic library 'Takes' - attempting disk search for its chunks
12-01 16:46:58.496 20835 20913 D UE4     : [2021.12.01-22.46.58:496][  0]LogShaderLibrary: Display:    ....  not found
12-01 16:46:58.496 20835 20913 D UE4     : [2021.12.01-22.46.58:496][  0]LogShaderLibrary: Display: Running without a pakfile and did not find a monolithic library 'Takes' - attempting disk search for its chunks
12-01 16:46:58.496 20835 20913 D UE4     : [2021.12.01-22.46.58:496][  0]LogShaderLibrary: Display:    ....  not found
12-01 16:46:58.497 20835 20913 D UE4     : [2021.12.01-22.46.58:497][  0]LogShaderLibrary: Display: Running without a pakfile and did not find a monolithic library 'DatasmithContent' - attempting disk search for its chunks
12-01 16:46:58.497 20835 20913 D UE4     : [2021.12.01-22.46.58:497][  0]LogShaderLibrary: Display:    ....  not found
12-01 16:46:58.497 20835 20913 D UE4     : [2021.12.01-22.46.58:497][  0]LogShaderLibrary: Display: Running without a pakfile and did not find a monolithic library 'DatasmithContent' - attempting disk search for its chunks
12-01 16:46:58.497 20835 20913 D UE4     : [2021.12.01-22.46.58:497][  0]LogShaderLibrary: Display:    ....  not found
12-01 16:46:58.497 20835 20913 D UE4     : [2021.12.01-22.46.58:497][  0]LogShaderLibrary: Display: Running without a pakfile and did not find a monolithic library 'ChaosSolverPlugin' - attempting disk search for its chunks
12-01 16:46:58.497 20835 20913 D UE4     : [2021.12.01-22.46.58:497][  0]LogShaderLibrary: Display:    ....  not found
12-01 16:46:58.498 20835 20913 D UE4     : [2021.12.01-22.46.58:498][  0]LogShaderLibrary: Display: Running without a pakfile and did not find a monolithic library 'ChaosSolverPlugin' - attempting disk search for its chunks
12-01 16:46:58.498 20835 20913 D UE4     : [2021.12.01-22.46.58:498][  0]LogShaderLibrary: Display:    ....  not found
12-01 16:46:58.498 20835 20913 D UE4     : [2021.12.01-22.46.58:498][  0]LogShaderLibrary: Display: Running without a pakfile and did not find a monolithic library 'MotoSynth' - attempting disk search for its chunks
12-01 16:46:58.498 20835 20913 D UE4     : [2021.12.01-22.46.58:498][  0]LogShaderLibrary: Display:    ....  not found
12-01 16:46:58.498 20835 20913 D UE4     : [2021.12.01-22.46.58:498][  0]LogShaderLibrary: Display: Running without a pakfile and did not find a monolithic library 'MotoSynth' - attempting disk search for its chunks
12-01 16:46:58.498 20835 20913 D UE4     : [2021.12.01-22.46.58:498][  0]LogShaderLibrary: Display:    ....  not found
12-01 16:46:58.498 20835 20913 D UE4     : [2021.12.01-22.46.58:498][  0]LogShaderLibrary: Display: Running without a pakfile and did not find a monolithic library 'GeometryProcessing' - attempting disk search for its chunks
12-01 16:46:58.498 20835 20913 D UE4     : [2021.12.01-22.46.58:498][  0]LogShaderLibrary: Display:    ....  not found
12-01 16:46:58.498 20835 20913 D UE4     : [2021.12.01-22.46.58:498][  0]LogShaderLibrary: Display: Running without a pakfile and did not find a monolithic library 'GeometryProcessing' - attempting disk search for its chunks
12-01 16:46:58.498 20835 20913 D UE4     : [2021.12.01-22.46.58:498][  0]LogShaderLibrary: Display:    ....  not found
12-01 16:46:58.498 20835 20913 D UE4     : [2021.12.01-22.46.58:498][  0]LogShaderLibrary: Display: Running without a pakfile and did not find a monolithic library 'ChaosNiagara' - attempting disk search for its chunks
12-01 16:46:58.499 20835 20913 D UE4     : [2021.12.01-22.46.58:499][  0]LogShaderLibrary: Display:    ....  not found
12-01 16:46:58.499 20835 20913 D UE4     : [2021.12.01-22.46.58:499][  0]LogShaderLibrary: Display: Running without a pakfile and did not find a monolithic library 'ChaosNiagara' - attempting disk search for its chunks
12-01 16:46:58.499 20835 20913 D UE4     : [2021.12.01-22.46.58:499][  0]LogShaderLibrary: Display:    ....  not found
12-01 16:46:58.499 20835 20913 D UE4     : [2021.12.01-22.46.58:499][  0]LogShaderLibrary: Display: Running without a pakfile and did not find a monolithic library 'ChaosClothEditor' - attempting disk search for its chunks
12-01 16:46:58.499 20835 20913 D UE4     : [2021.12.01-22.46.58:499][  0]LogShaderLibrary: Display:    ....  not found
12-01 16:46:58.499 20835 20913 D UE4     : [2021.12.01-22.46.58:499][  0]LogShaderLibrary: Display: Running without a pakfile and did not find a monolithic library 'ChaosClothEditor' - attempting disk search for its chunks
12-01 16:46:58.499 20835 20913 D UE4     : [2021.12.01-22.46.58:499][  0]LogShaderLibrary: Display:    ....  not found
12-01 16:46:58.499 20835 20913 D UE4     : [2021.12.01-22.46.58:499][  0]LogShaderLibrary: Display: Running without a pakfile and did not find a monolithic library 'PythonScriptPlugin' - attempting disk search for its chunks
12-01 16:46:58.499 20835 20913 D UE4     : [2021.12.01-22.46.58:499][  0]LogShaderLibrary: Display:    ....  not found
12-01 16:46:58.499 20835 20913 D UE4     : [2021.12.01-22.46.58:499][  0]LogShaderLibrary: Display: Running without a pakfile and did not find a monolithic library 'PythonScriptPlugin' - attempting disk search for its chunks
12-01 16:46:58.499 20835 20913 D UE4     : [2021.12.01-22.46.58:499][  0]LogShaderLibrary: Display:    ....  not found
12-01 16:46:58.500 20835 20913 D UE4     : [2021.12.01-22.46.58:500][  0]LogShaderLibrary: Display: Running without a pakfile and did not find a monolithic library 'GeometryCollectionPlugin' - attempting disk search for its chunks
12-01 16:46:58.500 20835 20913 D UE4     : [2021.12.01-22.46.58:500][  0]LogShaderLibrary: Display:    ....  not found
12-01 16:46:58.500 20835 20913 D UE4     : [2021.12.01-22.46.58:500][  0]LogShaderLibrary: Display: Running without a pakfile and did not find a monolithic library 'GeometryCollectionPlugin' - attempting disk search for its chunks
12-01 16:46:58.500 20835 20913 D UE4     : [2021.12.01-22.46.58:500][  0]LogShaderLibrary: Display:    ....  not found
12-01 16:46:58.500 20835 20913 D UE4     : [2021.12.01-22.46.58:500][  0]LogShaderLibrary: Display: Running without a pakfile and did not find a monolithic library 'Synthesis' - attempting disk search for its chunks
12-01 16:46:58.500 20835 20913 D UE4     : [2021.12.01-22.46.58:500][  0]LogShaderLibrary: Display:    ....  not found
12-01 16:46:58.500 20835 20913 D UE4     : [2021.12.01-22.46.58:500][  0]LogShaderLibrary: Display: Running without a pakfile and did not find a monolithic library 'Synthesis' - attempting disk search for its chunks
12-01 16:46:58.500 20835 20913 D UE4     : [2021.12.01-22.46.58:500][  0]LogShaderLibrary: Display:    ....  not found
12-01 16:46:58.500 20835 20913 D UE4     : [2021.12.01-22.46.58:500][  0]LogShaderLibrary: Display: Running without a pakfile and did not find a monolithic library 'OpenXREyeTracker' - attempting disk search for its chunks
12-01 16:46:58.500 20835 20913 D UE4     : [2021.12.01-22.46.58:500][  0]LogShaderLibrary: Display:    ....  not found
12-01 16:46:58.500 20835 20913 D UE4     : [2021.12.01-22.46.58:500][  0]LogShaderLibrary: Display: Running without a pakfile and did not find a monolithic library 'OpenXREyeTracker' - attempting disk search for its chunks
12-01 16:46:58.501 20835 20913 D UE4     : [2021.12.01-22.46.58:501][  0]LogShaderLibrary: Display:    ....  not found
12-01 16:46:58.501 20835 20913 D UE4     : [2021.12.01-22.46.58:501][  0]LogShaderLibrary: Display: Running without a pakfile and did not find a monolithic library 'AudioSynesthesia' - attempting disk search for its chunks
12-01 16:46:58.501 20835 20913 D UE4     : [2021.12.01-22.46.58:501][  0]LogShaderLibrary: Display:    ....  not found
12-01 16:46:58.501 20835 20913 D UE4     : [2021.12.01-22.46.58:501][  0]LogShaderLibrary: Display: Running without a pakfile and did not find a monolithic library 'AudioSynesthesia' - attempting disk search for its chunks
12-01 16:46:58.501 20835 20913 D UE4     : [2021.12.01-22.46.58:501][  0]LogShaderLibrary: Display:    ....  not found
12-01 16:46:58.501 20835 20913 D UE4     : [2021.12.01-22.46.58:501][  0]LogShaderLibrary: Display: Running without a pakfile and did not find a monolithic library 'OpenXRHandTracking' - attempting disk search for its chunks
12-01 16:46:58.501 20835 20913 D UE4     : [2021.12.01-22.46.58:501][  0]LogShaderLibrary: Display:    ....  not found
12-01 16:46:58.501 20835 20913 D UE4     : [2021.12.01-22.46.58:501][  0]LogShaderLibrary: Display: Running without a pakfile and did not find a monolithic library 'OpenXRHandTracking' - attempting disk search for its chunks
12-01 16:46:58.501 20835 20913 D UE4     : [2021.12.01-22.46.58:501][  0]LogShaderLibrary: Display:    ....  not found
12-01 16:46:58.501 20835 20913 D UE4     : [2021.12.01-22.46.58:501][  0]LogShaderLibrary: Display: Running without a pakfile and did not find a monolithic library 'OpenXR' - attempting disk search for its chunks
12-01 16:46:58.502 20835 20913 D UE4     : [2021.12.01-22.46.58:502][  0]LogShaderLibrary: Display:    ....  not found
12-01 16:46:58.502 20835 20913 D UE4     : [2021.12.01-22.46.58:502][  0]LogShaderLibrary: Display: Running without a pakfile and did not find a monolithic library 'OpenXR' - attempting disk search for its chunks
12-01 16:46:58.502 20835 20913 D UE4     : [2021.12.01-22.46.58:502][  0]LogShaderLibrary: Display:    ....  not found
12-01 16:46:58.502 20835 20913 D UE4     : [2021.12.01-22.46.58:502][  0]LogShaderLibrary: Display: Running without a pakfile and did not find a monolithic library 'OculusVR' - attempting disk search for its chunks
12-01 16:46:58.502 20835 20913 D UE4     : [2021.12.01-22.46.58:502][  0]LogShaderLibrary: Display:    ....  not found
12-01 16:46:58.502 20835 20913 D UE4     : [2021.12.01-22.46.58:502][  0]LogShaderLibrary: Display: Running without a pakfile and did not find a monolithic library 'OculusVR' - attempting disk search for its chunks
12-01 16:46:58.502 20835 20913 D UE4     : [2021.12.01-22.46.58:502][  0]LogShaderLibrary: Display:    ....  not found
12-01 16:46:58.502 20835 20913 D UE4     : [2021.12.01-22.46.58:502][  0]LogTemp: Warning: Clearing the OS Cache
12-01 16:46:58.502 20835 20913 D UE4     : [2021.12.01-22.46.58:502][  0]LogODSC: ODSC Thread active.
12-01 16:46:58.508  1491  1491 D CustomFrequencyManagerService: FrequencyrequestList.getNextCStateDisableRequest, index: 3
12-01 16:46:58.509  1491  1491 D CustomFrequencyManagerService: releaseDVFSLockLocked : Getting Lock type frm List : DVFS_MIN_LIMIT  frequency : 1401600  uid : 1000  pid : 1491  tag : AMS_RESUME_TAIL@CPU_MIN@26
12-01 16:46:58.529 20835 20913 D UE4     : [2021.12.01-22.46.58:529][  0]LogSlate: Using FreeType 2.10.4
12-01 16:46:58.530 20835 20913 D UE4     : [2021.12.01-22.46.58:530][  0]LogSlate: SlateFontServices - WITH_FREETYPE: 1, WITH_HARFBUZZ: 1
12-01 16:46:58.530 20835 20913 D UE4     : [2021.12.01-22.46.58:530][  0]LogHMD: Failed to load openxr_loader.dll
12-01 16:46:58.530 20835 20913 D UE4     : [2021.12.01-22.46.58:530][  0]LogHMD: Failed to initialize core functions. Please check that you have a valid OpenXR runtime installed.
12-01 16:46:58.531 20835 20913 D UE4     : [2021.12.01-22.46.58:531][  0]LogImageWrapper: Warning: PNG Warning: iCCP: known incorrect sRGB profile
12-01 16:46:58.531 20835 20913 D UE4     : [2021.12.01-22.46.58:531][  0]LogImageWrapper: Warning: PNG Warning: iCCP: known incorrect sRGB profile
12-01 16:46:58.531 20835 20929 D UE4     : [2021.12.01-22.46.58:531][  0]LogImageWrapper: Warning: PNG Warning: iCCP: known incorrect sRGB profile
12-01 16:46:58.532 20835 20929 D UE4     : [2021.12.01-22.46.58:532][  0]LogImageWrapper: Warning: PNG Warning: iCCP: known incorrect sRGB profile
12-01 16:46:58.532 20835 20930 D UE4     : [2021.12.01-22.46.58:532][  0]LogImageWrapper: Warning: PNG Warning: iCCP: known incorrect sRGB profile
12-01 16:46:58.532 20835 20930 D UE4     : [2021.12.01-22.46.58:532][  0]LogImageWrapper: Warning: PNG Warning: iCCP: known incorrect sRGB profile
12-01 16:46:58.532 20835 20913 D UE4     : [2021.12.01-22.46.58:532][  0]LogImageWrapper: Warning: PNG Warning: iCCP: known incorrect sRGB profile
12-01 16:46:58.532 20835 20913 D UE4     : [2021.12.01-22.46.58:532][  0]LogImageWrapper: Warning: PNG Warning: iCCP: known incorrect sRGB profile
12-01 16:46:58.533 20835 20929 D UE4     : [2021.12.01-22.46.58:533][  0]LogImageWrapper: Warning: PNG Warning: iCCP: known incorrect sRGB profile
12-01 16:46:58.533 20835 20913 D UE4     : [2021.12.01-22.46.58:533][  0]LogImageWrapper: Warning: PNG Warning: iCCP: known incorrect sRGB profile
12-01 16:46:58.533 20835 20913 D UE4     : [2021.12.01-22.46.58:533][  0]LogImageWrapper: Warning: PNG Warning: iCCP: known incorrect sRGB profile
12-01 16:46:58.533 20835 20931 D UE4     : [2021.12.01-22.46.58:533][  0]LogImageWrapper: Warning: PNG Warning: iCCP: known incorrect sRGB profile
12-01 16:46:58.534 20835 20931 D UE4     : [2021.12.01-22.46.58:533][  0]LogImageWrapper: Warning: PNG Warning: iCCP: known incorrect sRGB profile
12-01 16:46:58.534 20835 20929 D UE4     : [2021.12.01-22.46.58:534][  0]LogImageWrapper: Warning: PNG Warning: iCCP: known incorrect sRGB profile
12-01 16:46:58.534 20835 20930 D UE4     : [2021.12.01-22.46.58:534][  0]LogImageWrapper: Warning: PNG Warning: iCCP: known incorrect sRGB profile
12-01 16:46:58.534 20835 20930 D UE4     : [2021.12.01-22.46.58:534][  0]LogImageWrapper: Warning: PNG Warning: iCCP: known incorrect sRGB profile
12-01 16:46:58.534 20835 20928 D UE4     : [2021.12.01-22.46.58:534][  0]LogImageWrapper: Warning: PNG Warning: iCCP: known incorrect sRGB profile
12-01 16:46:58.534 20835 20928 D UE4     : [2021.12.01-22.46.58:534][  0]LogImageWrapper: Warning: PNG Warning: iCCP: known incorrect sRGB profile
12-01 16:46:58.535 20835 20913 D UE4     : [2021.12.01-22.46.58:535][  0]LogImageWrapper: Warning: PNG Warning: iCCP: known incorrect sRGB profile
12-01 16:46:58.535 20835 20913 D UE4     : [2021.12.01-22.46.58:535][  0]LogImageWrapper: Warning: PNG Warning: iCCP: known incorrect sRGB profile
12-01 16:46:58.535 20835 20929 D UE4     : [2021.12.01-22.46.58:535][  0]LogImageWrapper: Warning: PNG Warning: iCCP: known incorrect sRGB profile
12-01 16:46:58.536 20835 20929 D UE4     : [2021.12.01-22.46.58:536][  0]LogImageWrapper: Warning: PNG Warning: iCCP: known incorrect sRGB profile
12-01 16:46:58.536 20835 20931 D UE4     : [2021.12.01-22.46.58:536][  0]LogImageWrapper: Warning: PNG Warning: iCCP: known incorrect sRGB profile
12-01 16:46:58.536 20835 20931 D UE4     : [2021.12.01-22.46.58:536][  0]LogImageWrapper: Warning: PNG Warning: iCCP: known incorrect sRGB profile
12-01 16:46:58.536 20835 20913 D UE4     : [2021.12.01-22.46.58:536][  0]LogImageWrapper: Warning: PNG Warning: iCCP: known incorrect sRGB profile
12-01 16:46:58.536 20835 20913 D UE4     : [2021.12.01-22.46.58:536][  0]LogImageWrapper: Warning: PNG Warning: iCCP: known incorrect sRGB profile
12-01 16:46:58.536 20835 20929 D UE4     : [2021.12.01-22.46.58:536][  0]LogImageWrapper: Warning: PNG Warning: iCCP: known incorrect sRGB profile
12-01 16:46:58.537 20835 20929 D UE4     : [2021.12.01-22.46.58:537][  0]LogImageWrapper: Warning: PNG Warning: iCCP: known incorrect sRGB profile
12-01 16:46:58.537 20835 20931 D UE4     : [2021.12.01-22.46.58:537][  0]LogImageWrapper: Warning: PNG Warning: iCCP: known incorrect sRGB profile
12-01 16:46:58.537 20835 20931 D UE4     : [2021.12.01-22.46.58:537][  0]LogImageWrapper: Warning: PNG Warning: iCCP: known incorrect sRGB profile
12-01 16:46:58.537 20835 20913 D UE4     : [2021.12.01-22.46.58:537][  0]LogImageWrapper: Warning: PNG Warning: iCCP: known incorrect sRGB profile
12-01 16:46:58.537 20835 20913 D UE4     : [2021.12.01-22.46.58:537][  0]LogImageWrapper: Warning: PNG Warning: iCCP: known incorrect sRGB profile
12-01 16:46:58.537 20835 20929 D UE4     : [2021.12.01-22.46.58:537][  0]LogImageWrapper: Warning: PNG Warning: iCCP: known incorrect sRGB profile
12-01 16:46:58.538 20835 20929 D UE4     : [2021.12.01-22.46.58:538][  0]LogImageWrapper: Warning: PNG Warning: iCCP: known incorrect sRGB profile
12-01 16:46:58.538 20835 20928 D UE4     : [2021.12.01-22.46.58:538][  0]LogImageWrapper: Warning: PNG Warning: iCCP: known incorrect sRGB profile
12-01 16:46:58.538 20835 20928 D UE4     : [2021.12.01-22.46.58:538][  0]LogImageWrapper: Warning: PNG Warning: iCCP: known incorrect sRGB profile
12-01 16:46:58.538 20835 20931 D UE4     : [2021.12.01-22.46.58:538][  0]LogImageWrapper: Warning: PNG Warning: iCCP: known incorrect sRGB profile
12-01 16:46:58.539 20835 20931 D UE4     : [2021.12.01-22.46.58:539][  0]LogImageWrapper: Warning: PNG Warning: iCCP: known incorrect sRGB profile
12-01 16:46:58.539 20835 20913 D UE4     : [2021.12.01-22.46.58:539][  0]LogImageWrapper: Warning: PNG Warning: iCCP: known incorrect sRGB profile
12-01 16:46:58.539 20835 20913 D UE4     : [2021.12.01-22.46.58:539][  0]LogImageWrapper: Warning: PNG Warning: iCCP: known incorrect sRGB profile
12-01 16:46:58.540 20835 20928 D UE4     : [2021.12.01-22.46.58:540][  0]LogImageWrapper: Warning: PNG Warning: iCCP: known incorrect sRGB profile
12-01 16:46:58.540 20835 20928 D UE4     : [2021.12.01-22.46.58:540][  0]LogImageWrapper: Warning: PNG Warning: iCCP: known incorrect sRGB profile
12-01 16:46:58.540 20835 20931 D UE4     : [2021.12.01-22.46.58:540][  0]LogImageWrapper: Warning: PNG Warning: iCCP: known incorrect sRGB profile
12-01 16:46:58.540 20835 20931 D UE4     : [2021.12.01-22.46.58:540][  0]LogImageWrapper: Warning: PNG Warning: iCCP: known incorrect sRGB profile
12-01 16:46:58.541 20835 20928 D UE4     : [2021.12.01-22.46.58:541][  0]LogImageWrapper: Warning: PNG Warning: iCCP: known incorrect sRGB profile
12-01 16:46:58.541 20835 20928 D UE4     : [2021.12.01-22.46.58:541][  0]LogImageWrapper: Warning: PNG Warning: iCCP: known incorrect sRGB profile
12-01 16:46:58.541 20835 20929 D UE4     : [2021.12.01-22.46.58:541][  0]LogImageWrapper: Warning: PNG Warning: iCCP: known incorrect sRGB profile
12-01 16:46:58.541 20835 20929 D UE4     : [2021.12.01-22.46.58:541][  0]LogImageWrapper: Warning: PNG Warning: iCCP: known incorrect sRGB profile
12-01 16:46:58.541 20835 20913 D UE4     : [2021.12.01-22.46.58:541][  0]LogImageWrapper: Warning: PNG Warning: iCCP: known incorrect sRGB profile
12-01 16:46:58.542 20835 20913 D UE4     : [2021.12.01-22.46.58:542][  0]LogImageWrapper: Warning: PNG Warning: iCCP: known incorrect sRGB profile
12-01 16:46:58.542 20835 20928 D UE4     : [2021.12.01-22.46.58:542][  0]LogImageWrapper: Warning: PNG Warning: iCCP: known incorrect sRGB profile
12-01 16:46:58.542 20835 20928 D UE4     : [2021.12.01-22.46.58:542][  0]LogImageWrapper: Warning: PNG Warning: iCCP: known incorrect sRGB profile
12-01 16:46:58.542 20835 20929 D UE4     : [2021.12.01-22.46.58:542][  0]LogImageWrapper: Warning: PNG Warning: iCCP: known incorrect sRGB profile
12-01 16:46:58.542 20835 20929 D UE4     : [2021.12.01-22.46.58:542][  0]LogImageWrapper: Warning: PNG Warning: iCCP: known incorrect sRGB profile
12-01 16:46:58.542 20835 20913 D UE4     : [2021.12.01-22.46.58:542][  0]LogImageWrapper: Warning: PNG Warning: iCCP: known incorrect sRGB profile
12-01 16:46:58.543 20835 20913 D UE4     : [2021.12.01-22.46.58:543][  0]LogImageWrapper: Warning: PNG Warning: iCCP: known incorrect sRGB profile
12-01 16:46:58.543 20835 20928 D UE4     : [2021.12.01-22.46.58:543][  0]LogImageWrapper: Warning: PNG Warning: iCCP: known incorrect sRGB profile
12-01 16:46:58.543 20835 20928 I chatty  : uid=10285(neu.edu.madcourse.Bello_CS5520_MoveMe) identical 1 line
12-01 16:46:58.543 20835 20928 D UE4     : [2021.12.01-22.46.58:543][  0]LogImageWrapper: Warning: PNG Warning: iCCP: known incorrect sRGB profile
12-01 16:46:58.544 20835 20929 D UE4     : [2021.12.01-22.46.58:544][  0]LogImageWrapper: Warning: PNG Warning: iCCP: known incorrect sRGB profile
12-01 16:46:58.544 20835 20929 D UE4     : [2021.12.01-22.46.58:544][  0]LogImageWrapper: Warning: PNG Warning: iCCP: known incorrect sRGB profile
12-01 16:46:58.544 20835 20913 D UE4     : [2021.12.01-22.46.58:544][  0]LogImageWrapper: Warning: PNG Warning: iCCP: known incorrect sRGB profile
12-01 16:46:58.544 20835 20913 D UE4     : [2021.12.01-22.46.58:544][  0]LogImageWrapper: Warning: PNG Warning: iCCP: cHRM chunk does not match sRGB
12-01 16:46:58.544 20835 20913 D UE4     : [2021.12.01-22.46.58:544][  0]LogImageWrapper: Warning: PNG Warning: iCCP: known incorrect sRGB profile
12-01 16:46:58.544 20835 20913 D UE4     : [2021.12.01-22.46.58:544][  0]LogImageWrapper: Warning: PNG Warning: iCCP: cHRM chunk does not match sRGB
12-01 16:46:58.544 20835 20930 D UE4     : [2021.12.01-22.46.58:544][  0]LogImageWrapper: Warning: PNG Warning: iCCP: known incorrect sRGB profile
12-01 16:46:58.544 20835 20930 D UE4     : [2021.12.01-22.46.58:544][  0]LogImageWrapper: Warning: PNG Warning: iCCP: known incorrect sRGB profile
12-01 16:46:58.545 20835 20929 D UE4     : [2021.12.01-22.46.58:545][  0]LogImageWrapper: Warning: PNG Warning: iCCP: known incorrect sRGB profile
12-01 16:46:58.545 20835 20929 D UE4     : [2021.12.01-22.46.58:545][  0]LogImageWrapper: Warning: PNG Warning: iCCP: known incorrect sRGB profile
12-01 16:46:58.545 20835 20913 D UE4     : [2021.12.01-22.46.58:545][  0]LogImageWrapper: Warning: PNG Warning: iCCP: known incorrect sRGB profile
12-01 16:46:58.545 20835 20913 I chatty  : uid=10285(neu.edu.madcourse.Bello_CS5520_MoveMe) identical 2 lines
12-01 16:46:58.545 20835 20913 D UE4     : [2021.12.01-22.46.58:545][  0]LogImageWrapper: Warning: PNG Warning: iCCP: known incorrect sRGB profile
12-01 16:46:58.546 20835 20931 D UE4     : [2021.12.01-22.46.58:546][  0]LogImageWrapper: Warning: PNG Warning: iCCP: known incorrect sRGB profile
12-01 16:46:58.546 20835 20931 D UE4     : [2021.12.01-22.46.58:546][  0]LogImageWrapper: Warning: PNG Warning: iCCP: known incorrect sRGB profile
12-01 16:46:58.546 20835 20913 D UE4     : [2021.12.01-22.46.58:546][  0]LogImageWrapper: Warning: PNG Warning: iCCP: known incorrect sRGB profile
12-01 16:46:58.546 20835 20913 D UE4     : [2021.12.01-22.46.58:546][  0]LogImageWrapper: Warning: PNG Warning: iCCP: known incorrect sRGB profile
12-01 16:46:58.555 20835 20928 D UE4     : [2021.12.01-22.46.58:555][  0]LogImageWrapper: Warning: PNG Warning: iCCP: known incorrect sRGB profile
12-01 16:46:58.556 20835 20929 D UE4     : [2021.12.01-22.46.58:556][  0]LogImageWrapper: Warning: PNG Warning: iCCP: known incorrect sRGB profile
12-01 16:46:58.556 20835 20929 D UE4     : [2021.12.01-22.46.58:556][  0]LogImageWrapper: Warning: PNG Warning: iCCP: known incorrect sRGB profile
12-01 16:46:58.557 20835 20931 D UE4     : [2021.12.01-22.46.58:556][  0]LogImageWrapper: Warning: PNG Warning: iCCP: known incorrect sRGB profile
12-01 16:46:58.557 20835 20931 D UE4     : [2021.12.01-22.46.58:557][  0]LogImageWrapper: Warning: PNG Warning: iCCP: known incorrect sRGB profile
12-01 16:46:58.557 20835 20913 D UE4     : [2021.12.01-22.46.58:557][  0]LogImageWrapper: Warning: PNG Warning: iCCP: known incorrect sRGB profile
12-01 16:46:58.557 20835 20913 D UE4     : [2021.12.01-22.46.58:557][  0]LogImageWrapper: Warning: PNG Warning: iCCP: known incorrect sRGB profile
12-01 16:46:58.557 20835 20929 D UE4     : [2021.12.01-22.46.58:557][  0]LogImageWrapper: Warning: PNG Warning: iCCP: known incorrect sRGB profile
12-01 16:46:58.557 20835 20913 D UE4     : [2021.12.01-22.46.58:557][  0]LogImageWrapper: Warning: PNG Warning: iCCP: known incorrect sRGB profile
12-01 16:46:58.558 20835 20913 D UE4     : [2021.12.01-22.46.58:558][  0]LogImageWrapper: Warning: PNG Warning: iCCP: known incorrect sRGB profile
12-01 16:46:58.558 20835 20928 D UE4     : [2021.12.01-22.46.58:558][  0]LogImageWrapper: Warning: PNG Warning: iCCP: known incorrect sRGB profile
12-01 16:46:58.558 20835 20928 D UE4     : [2021.12.01-22.46.58:558][  0]LogImageWrapper: Warning: PNG Warning: iCCP: known incorrect sRGB profile
12-01 16:46:58.558 20835 20930 D UE4     : [2021.12.01-22.46.58:558][  0]LogImageWrapper: Warning: PNG Warning: iCCP: known incorrect sRGB profile
12-01 16:46:58.558 20835 20930 D UE4     : [2021.12.01-22.46.58:558][  0]LogImageWrapper: Warning: PNG Warning: iCCP: known incorrect sRGB profile
12-01 16:46:58.558 20835 20913 D UE4     : [2021.12.01-22.46.58:558][  0]LogImageWrapper: Warning: PNG Warning: iCCP: known incorrect sRGB profile
12-01 16:46:58.559 20835 20913 D UE4     : [2021.12.01-22.46.58:559][  0]LogImageWrapper: Warning: PNG Warning: iCCP: known incorrect sRGB profile
12-01 16:46:58.559 20835 20928 D UE4     : [2021.12.01-22.46.58:559][  0]LogImageWrapper: Warning: PNG Warning: iCCP: known incorrect sRGB profile
12-01 16:46:58.559 20835 20928 D UE4     : [2021.12.01-22.46.58:559][  0]LogImageWrapper: Warning: PNG Warning: iCCP: known incorrect sRGB profile
12-01 16:46:58.559 20835 20930 D UE4     : [2021.12.01-22.46.58:559][  0]LogImageWrapper: Warning: PNG Warning: iCCP: known incorrect sRGB profile
12-01 16:46:58.559 20835 20930 D UE4     : [2021.12.01-22.46.58:559][  0]LogImageWrapper: Warning: PNG Warning: iCCP: known incorrect sRGB profile
12-01 16:46:58.559 20835 20913 D UE4     : [2021.12.01-22.46.58:559][  0]LogImageWrapper: Warning: PNG Warning: iCCP: known incorrect sRGB profile
12-01 16:46:58.560 20835 20913 D UE4     : [2021.12.01-22.46.58:560][  0]LogImageWrapper: Warning: PNG Warning: iCCP: known incorrect sRGB profile
12-01 16:46:58.560 20835 20930 D UE4     : [2021.12.01-22.46.58:560][  0]LogImageWrapper: Warning: PNG Warning: iCCP: known incorrect sRGB profile
12-01 16:46:58.560 20835 20930 D UE4     : [2021.12.01-22.46.58:560][  0]LogImageWrapper: Warning: PNG Warning: iCCP: known incorrect sRGB profile
12-01 16:46:58.560 20835 20929 D UE4     : [2021.12.01-22.46.58:560][  0]LogImageWrapper: Warning: PNG Warning: iCCP: known incorrect sRGB profile
12-01 16:46:58.561 20835 20931 D UE4     : [2021.12.01-22.46.58:561][  0]LogImageWrapper: Warning: PNG Warning: iCCP: known incorrect sRGB profile
12-01 16:46:58.561 20835 20931 D UE4     : [2021.12.01-22.46.58:561][  0]LogImageWrapper: Warning: PNG Warning: iCCP: known incorrect sRGB profile
12-01 16:46:58.561 20835 20913 D UE4     : [2021.12.01-22.46.58:561][  0]LogImageWrapper: Warning: PNG Warning: iCCP: known incorrect sRGB profile
12-01 16:46:58.561 20835 20913 D UE4     : [2021.12.01-22.46.58:561][  0]LogImageWrapper: Warning: PNG Warning: iCCP: known incorrect sRGB profile
12-01 16:46:58.562 20835 20931 D UE4     : [2021.12.01-22.46.58:562][  0]LogImageWrapper: Warning: PNG Warning: iCCP: known incorrect sRGB profile
12-01 16:46:58.562 20835 20931 D UE4     : [2021.12.01-22.46.58:562][  0]LogImageWrapper: Warning: PNG Warning: iCCP: known incorrect sRGB profile
12-01 16:46:58.562 20835 20930 D UE4     : [2021.12.01-22.46.58:562][  0]LogImageWrapper: Warning: PNG Warning: iCCP: known incorrect sRGB profile
12-01 16:46:58.562 20835 20930 D UE4     : [2021.12.01-22.46.58:562][  0]LogImageWrapper: Warning: PNG Warning: iCCP: known incorrect sRGB profile
12-01 16:46:58.562 20835 20928 D UE4     : [2021.12.01-22.46.58:562][  0]LogImageWrapper: Warning: PNG Warning: iCCP: known incorrect sRGB profile
12-01 16:46:58.563 20835 20930 D UE4     : [2021.12.01-22.46.58:563][  0]LogImageWrapper: Warning: PNG Warning: iCCP: known incorrect sRGB profile
12-01 16:46:58.563 20835 20930 D UE4     : [2021.12.01-22.46.58:563][  0]LogImageWrapper: Warning: PNG Warning: iCCP: known incorrect sRGB profile
12-01 16:46:58.563 20835 20929 D UE4     : [2021.12.01-22.46.58:563][  0]LogImageWrapper: Warning: PNG Warning: iCCP: known incorrect sRGB profile
12-01 16:46:58.563 20835 20929 D UE4     : [2021.12.01-22.46.58:563][  0]LogImageWrapper: Warning: PNG Warning: iCCP: known incorrect sRGB profile
12-01 16:46:58.563 20835 20913 D UE4     : [2021.12.01-22.46.58:563][  0]LogImageWrapper: Warning: PNG Warning: iCCP: known incorrect sRGB profile
12-01 16:46:58.564 20835 20913 D UE4     : [2021.12.01-22.46.58:564][  0]LogImageWrapper: Warning: PNG Warning: iCCP: known incorrect sRGB profile
12-01 16:46:58.564 20835 20930 D UE4     : [2021.12.01-22.46.58:564][  0]LogImageWrapper: Warning: PNG Warning: iCCP: known incorrect sRGB profile
12-01 16:46:58.564 20835 20930 D UE4     : [2021.12.01-22.46.58:564][  0]LogImageWrapper: Warning: PNG Warning: iCCP: cHRM chunk does not match sRGB
12-01 16:46:58.564 20835 20930 D UE4     : [2021.12.01-22.46.58:564][  0]LogImageWrapper: Warning: PNG Warning: iCCP: known incorrect sRGB profile
12-01 16:46:58.564 20835 20930 D UE4     : [2021.12.01-22.46.58:564][  0]LogImageWrapper: Warning: PNG Warning: iCCP: cHRM chunk does not match sRGB
12-01 16:46:58.564 20835 20929 D UE4     : [2021.12.01-22.46.58:564][  0]LogImageWrapper: Warning: PNG Warning: iCCP: known incorrect sRGB profile
12-01 16:46:58.564 20835 20929 D UE4     : [2021.12.01-22.46.58:564][  0]LogImageWrapper: Warning: PNG Warning: iCCP: cHRM chunk does not match sRGB
12-01 16:46:58.565 20835 20929 D UE4     : [2021.12.01-22.46.58:565][  0]LogImageWrapper: Warning: PNG Warning: iCCP: known incorrect sRGB profile
12-01 16:46:58.565 20835 20929 D UE4     : [2021.12.01-22.46.58:565][  0]LogImageWrapper: Warning: PNG Warning: iCCP: cHRM chunk does not match sRGB
12-01 16:46:58.565 20835 20913 D UE4     : [2021.12.01-22.46.58:565][  0]LogImageWrapper: Warning: PNG Warning: iCCP: known incorrect sRGB profile
12-01 16:46:58.565 20835 20913 D UE4     : [2021.12.01-22.46.58:565][  0]LogImageWrapper: Warning: PNG Warning: iCCP: cHRM chunk does not match sRGB
12-01 16:46:58.565 20835 20913 D UE4     : [2021.12.01-22.46.58:565][  0]LogImageWrapper: Warning: PNG Warning: iCCP: known incorrect sRGB profile
12-01 16:46:58.565 20835 20913 D UE4     : [2021.12.01-22.46.58:565][  0]LogImageWrapper: Warning: PNG Warning: iCCP: cHRM chunk does not match sRGB
