12-03 00:39:41.179  1491  1652 D WindowOrientationListener: scheduleRotationEvaluationLocked: ignoring, user is still touching the screen.
12-03 00:39:41.179  1491  1652 D WindowOrientationListener: OrientationSensorJudge.onSemContextChanged, Rotation: -1
12-03 00:39:41.254   747   951 I qti_sensors_hal: AutoRotation REPORT_IND (1)
12-03 00:39:41.254   747   951 W qti_sensors_hal: timestampCalc: Adjusting timestamp for rollover: 147342351203844, 2
12-03 00:39:41.254   747   951 D qti_sensors_hal: AutoRotation i 4 196608 c 1 1 7 1 ts: 533277070
12-03 00:39:41.254  1491  2277 D SensorHubManager: onGetSensorHubDataLocked: library(4) = 1, 1, 7, 1
12-03 00:39:41.255  1491  2278 D CAE     : onGetSensorHubData(SensorHubParserProvider.java:91) - onGetSensorHubData Event [event buffer len :4], AP_WAKEUP
12-03 00:39:41.255  1491  2278 I CAE     : parse(SensorHubParserProvider.java:192) - buffer size = 4
12-03 00:39:41.255  1491  2278 I CAE     : parse(SensorHubParserProvider.java:203) - 1, 1, 7, 1,
12-03 00:39:41.255  1491  2278 D CAE     : display(ContextProvider.java:375) - ================= AUTO_ROTATION =================
12-03 00:39:41.256  1491  2278 I CAE     : display(ContextProvider.java:391) - Angle=[1]
12-03 00:39:41.256  1491  2283 D SemContextService: Service.updateContext() : service = Auto Rotation
12-03 00:39:41.256  1491  1652 D SemContextManager: onSemContextChanged() : event = Auto Rotation Angle : 1
12-03 00:39:41.256  1491  1652 D SemContextManager: AutoRotationEvent : Angle = 1
12-03 00:39:41.256  1491  1652 D WindowOrientationListener: OrientationSensorJudge.onSemContextChanged, Rotation: -1
12-03 00:39:41.688   747   951 I qti_sensors_hal: AutoRotation REPORT_IND (255)
12-03 00:39:41.689   747   951 W qti_sensors_hal: timestampCalc: Adjusting timestamp for rollover: 147342788917467, 2
12-03 00:39:41.689   747   951 D qti_sensors_hal: AutoRotation i 4 196608 c 1 1 7 255 ts: 533291413
12-03 00:39:41.689  1491  2277 D SensorHubManager: onGetSensorHubDataLocked: library(4) = 1, 1, 7, -1
12-03 00:39:41.689  1491  2278 D CAE     : onGetSensorHubData(SensorHubParserProvider.java:91) - onGetSensorHubData Event [event buffer len :4], AP_WAKEUP
12-03 00:39:41.690  1491  2278 I CAE     : parse(SensorHubParserProvider.java:192) - buffer size = 4
12-03 00:39:41.690  1491  2278 I CAE     : parse(SensorHubParserProvider.java:203) - 1, 1, 7, -1,
12-03 00:39:41.690  1491  2278 D CAE     : display(ContextProvider.java:375) - ================= AUTO_ROTATION =================
12-03 00:39:41.690  1491  2278 I CAE     : display(ContextProvider.java:391) - Angle=[-1]
12-03 00:39:41.691  1491  2283 D SemContextService: Service.updateContext() : service = Auto Rotation
12-03 00:39:41.691  1491  1652 D SemContextManager: onSemContextChanged() : event = Auto Rotation Angle : -1
12-03 00:39:41.691  1491  1652 D SemContextManager: AutoRotationEvent : Angle = -1
12-03 00:39:41.691  1491  1652 D WindowOrientationListener: scheduleRotationEvaluationLocked: ignoring, user is still touching the screen.
12-03 00:39:41.691  1491  1652 D WindowOrientationListener: OrientationSensorJudge.onSemContextChanged, Rotation: -1
12-03 00:39:41.700  1491  2311 D InputReader: Btn_touch(3): value=0 when=49661.775341
12-03 00:39:41.700  1491  2311 I InputReader: Touch event's action is 0x1 (id=3, t=0) [pCnt=1, s=] when=49661.775341
12-03 00:39:41.701  1491  2310 I InputDispatcher: Delivering touch to (11456): action: 0x1, f=0x0, d=0, 'c5a5ba1', t=1
12-03 00:39:41.702 11456 11456 D ViewRootImpl@7ba4a0c[GameActivity]: ViewPostIme pointer 1
12-03 00:39:41.702  1491  1491 D GameManagerService: identifyGamePackage. neu.edu.madcourse.Bello_CS5520_MoveMe, mCurrentUserId: 0, callerUserId: 0
12-03 00:39:41.702  1491  1491 D GamePkgDataHelper: getGamePkgData(). neu.edu.madcourse.Bello_CS5520_MoveMe
12-03 00:39:41.703  1491  1491 D CustomFrequencyManagerService: acquireDVFSLockLocked : type : DVFS_MIN_LIMIT  frequency : 1113600  uid : 1000  pid : 1491  pkgName : GESTURE_DETECTED@CPU_MIN@43
12-03 00:39:41.748   747   951 I qti_sensors_hal: AutoRotation REPORT_IND (1)
12-03 00:39:41.748   747   951 W qti_sensors_hal: timestampCalc: Adjusting timestamp for rollover: 147342851447984, 2
12-03 00:39:41.748   747   951 D qti_sensors_hal: AutoRotation i 4 196608 c 1 1 7 1 ts: 533293462
12-03 00:39:41.749  1491  2277 D SensorHubManager: onGetSensorHubDataLocked: library(4) = 1, 1, 7, 1
12-03 00:39:41.750  1491  2278 D CAE     : onGetSensorHubData(SensorHubParserProvider.java:91) - onGetSensorHubData Event [event buffer len :4], AP_WAKEUP
12-03 00:39:41.750  1491  2278 I CAE     : parse(SensorHubParserProvider.java:192) - buffer size = 4
12-03 00:39:41.750  1491  2278 I CAE     : parse(SensorHubParserProvider.java:203) - 1, 1, 7, 1,
12-03 00:39:41.751  1491  2278 D CAE     : display(ContextProvider.java:375) - ================= AUTO_ROTATION =================
12-03 00:39:41.751  1491  2278 I CAE     : display(ContextProvider.java:391) - Angle=[1]
12-03 00:39:41.751  1491  2283 D SemContextService: Service.updateContext() : service = Auto Rotation
12-03 00:39:41.752  1491  1652 D SemContextManager: onSemContextChanged() : event = Auto Rotation Angle : 1
12-03 00:39:41.752  1491  1652 D SemContextManager: AutoRotationEvent : Angle = 1
12-03 00:39:41.752  1491  1652 D WindowOrientationListener: OrientationSensorJudge.onSemContextChanged, Rotation: -1
12-03 00:39:41.865   747   951 I qti_sensors_hal: AutoRotation REPORT_IND (255)
12-03 00:39:41.866   747   951 W qti_sensors_hal: timestampCalc: Adjusting timestamp for rollover: 147342976509019, 2
12-03 00:39:41.866   747   951 D qti_sensors_hal: AutoRotation i 4 196608 c 1 1 7 255 ts: 533297560
12-03 00:39:41.867  1491  2277 D SensorHubManager: onGetSensorHubDataLocked: library(4) = 1, 1, 7, -1
12-03 00:39:41.867  1491  2278 D CAE     : onGetSensorHubData(SensorHubParserProvider.java:91) - onGetSensorHubData Event [event buffer len :4], AP_WAKEUP
12-03 00:39:41.868  1491  2278 I CAE     : parse(SensorHubParserProvider.java:192) - buffer size = 4
12-03 00:39:41.868  1491  2278 I CAE     : parse(SensorHubParserProvider.java:203) - 1, 1, 7, -1,
12-03 00:39:41.868  1491  2278 D CAE     : display(ContextProvider.java:375) - ================= AUTO_ROTATION =================
12-03 00:39:41.868  1491  2278 I CAE     : display(ContextProvider.java:391) - Angle=[-1]
12-03 00:39:41.869  1491  2283 D SemContextService: Service.updateContext() : service = Auto Rotation
12-03 00:39:41.869  1491  1652 D SemContextManager: onSemContextChanged() : event = Auto Rotation Angle : -1
12-03 00:39:41.869  1491  1652 D SemContextManager: AutoRotationEvent : Angle = -1
12-03 00:39:41.869  1491  1652 D WindowOrientationListener: OrientationSensorJudge.onSemContextChanged, Rotation: -1
12-03 00:39:42.027  1491  2311 D InputReader: Btn_touch(3): value=1 when=49662.101681
12-03 00:39:42.027  1491  2311 I InputReader: Touch event's action is 0x0 (id=3, t=0) [pCnt=1, s=0.693 ] when=49662.101681
12-03 00:39:42.027  1491  2310 I InputDispatcher: Delivering touch to (11456): action: 0x0, f=0x0, d=0, 'c5a5ba1', t=1
12-03 00:39:42.028 11456 11456 D ViewRootImpl@7ba4a0c[GameActivity]: ViewPostIme pointer 0
12-03 00:39:42.122   747   951 I qti_sensors_hal: AutoRotation REPORT_IND (1)
12-03 00:39:42.122   747   951 W qti_sensors_hal: timestampCalc: Adjusting timestamp for rollover: 147343226631090, 2
12-03 00:39:42.122   747   951 D qti_sensors_hal: AutoRotation i 4 196608 c 1 1 7 1 ts: 533305756
12-03 00:39:42.123  1491  2277 D SensorHubManager: onGetSensorHubDataLocked: library(4) = 1, 1, 7, 1
12-03 00:39:42.123  1491  2278 D CAE     : onGetSensorHubData(SensorHubParserProvider.java:91) - onGetSensorHubData Event [event buffer len :4], AP_WAKEUP
12-03 00:39:42.124  1491  2278 I CAE     : parse(SensorHubParserProvider.java:192) - buffer size = 4
12-03 00:39:42.124  1491  2278 I CAE     : parse(SensorHubParserProvider.java:203) - 1, 1, 7, 1,
12-03 00:39:42.124  1491  2278 D CAE     : display(ContextProvider.java:375) - ================= AUTO_ROTATION =================
12-03 00:39:42.124  1491  2278 I CAE     : display(ContextProvider.java:391) - Angle=[1]
12-03 00:39:42.125  1491  2283 D SemContextService: Service.updateContext() : service = Auto Rotation
12-03 00:39:42.125  1491  1652 D SemContextManager: onSemContextChanged() : event = Auto Rotation Angle : 1
12-03 00:39:42.125  1491  1652 D SemContextManager: AutoRotationEvent : Angle = 1
12-03 00:39:42.125  1491  1652 D WindowOrientationListener: OrientationSensorJudge.onSemContextChanged, Rotation: -1
12-03 00:39:42.233  1491  2310 D PowerManagerService: [api] userActivityFromNative : 350 (event: 2 flags: 0) eventTime = 49662307
12-03 00:39:42.259  1491  1491 D CustomFrequencyManagerService: releaseDVFSLockLocked : Getting Lock type frm List : DVFS_MIN_LIMIT  frequency : 1113600  uid : 1000  pid : 1491  tag : GESTURE_DETECTED@CPU_MIN@43
12-03 00:39:42.760   795   795 I SurfaceFlinger: SFWD update time=49662835203085
12-03 00:39:43.280  3849  4404 D SDHMS:com.sec.android.sdhms.thermal.siop.z: SIOP:: AP:196(340,110) BAT:275(275,0) CHG:309(309,0) USB:0(0,0) WIFI:285(301,0) PA:306(315,0) LRP:288(288,-999) LRF:288(288) LRB:288(288) 
12-03 00:39:43.294  1491  2310 D PowerManagerService: [api] userActivityFromNative : 360 (event: 2 flags: 0) eventTime = 49663367
12-03 00:39:43.356  2489  2913 D NetworkController.MobileSignalController(0/2147483647): onSignalStrengthsChanged signalStrength=SignalStrength:{mCdma=Invalid,mGsm=Invalid,mWcdma=Invalid,mTdscdma=Invalid,mLte=CellSignalStrengthLte: rssi=-85 rsrp=-117 rsrq=-17 rssnr=-56 cqi=2147483647 ta=2147483647 level=0,mNr=Invalid,SignalBarInfo{ lteLevel=1 },P,rat=14,primary=CellSignalStrengthLte} level=1
12-03 00:39:43.357  2489  2913 D NetworkController.MobileSignalController(0/2147483647): getMobileIconGroup(): 0
12-03 00:39:44.333  1491  2310 D PowerManagerService: [api] userActivityFromNative : 370 (event: 2 flags: 0) eventTime = 49664406
12-03 00:39:44.401   747   902 I qti_sensors_hal: processReportInd: Light - c 12
12-03 00:39:44.855  1491  2311 D InputReader: Btn_touch(3): value=0 when=49664.929901
12-03 00:39:44.855  1491  2311 I InputReader: Touch event's action is 0x1 (id=3, t=0) [pCnt=1, s=] when=49664.929901
12-03 00:39:44.856  1491  2310 I InputDispatcher: Delivering touch to (11456): action: 0x1, f=0x0, d=0, 'c5a5ba1', t=1
12-03 00:39:44.857 11456 11456 D ViewRootImpl@7ba4a0c[GameActivity]: ViewPostIme pointer 1
12-03 00:39:44.859  1491  1491 D GameManagerService: identifyGamePackage. neu.edu.madcourse.Bello_CS5520_MoveMe, mCurrentUserId: 0, callerUserId: 0
12-03 00:39:44.859  1491  1491 D GamePkgDataHelper: getGamePkgData(). neu.edu.madcourse.Bello_CS5520_MoveMe
12-03 00:39:44.859  1491  1491 D CustomFrequencyManagerService: acquireDVFSLockLocked : type : DVFS_MIN_LIMIT  frequency : 1113600  uid : 1000  pid : 1491  pkgName : GESTURE_DETECTED@CPU_MIN@43
12-03 00:39:45.181   747   951 I qti_sensors_hal: AutoRotation REPORT_IND (255)
12-03 00:39:45.181   747   951 W qti_sensors_hal: timestampCalc: Adjusting timestamp for rollover: 147346290626451, 2
12-03 00:39:45.181   747   951 D qti_sensors_hal: AutoRotation i 4 196608 c 1 1 7 255 ts: 533406157
12-03 00:39:45.182  1491  2277 D SensorHubManager: onGetSensorHubDataLocked: library(4) = 1, 1, 7, -1
12-03 00:39:45.183  1491  2278 D CAE     : onGetSensorHubData(SensorHubParserProvider.java:91) - onGetSensorHubData Event [event buffer len :4], AP_WAKEUP
12-03 00:39:45.183  1491  2278 I CAE     : parse(SensorHubParserProvider.java:192) - buffer size = 4
12-03 00:39:45.183  1491  2278 I CAE     : parse(SensorHubParserProvider.java:203) - 1, 1, 7, -1,
12-03 00:39:45.183  1491  2278 D CAE     : display(ContextProvider.java:375) - ================= AUTO_ROTATION =================
12-03 00:39:45.184  1491  2278 I CAE     : display(ContextProvider.java:391) - Angle=[-1]
12-03 00:39:45.184  1491  2283 D SemContextService: Service.updateContext() : service = Auto Rotation
12-03 00:39:45.184  1491  1652 D SemContextManager: onSemContextChanged() : event = Auto Rotation Angle : -1
12-03 00:39:45.184  1491  1652 D SemContextManager: AutoRotationEvent : Angle = -1
12-03 00:39:45.184  1491  1652 D WindowOrientationListener: OrientationSensorJudge.onSemContextChanged, Rotation: -1
12-03 00:39:45.260   747   902 I qti_sensors_hal: processReportInd: Accel - X: 4.743 Y: -0.680 Z: 8.432
12-03 00:39:45.260   747   902 I qti_sensors_hal: processReportInd: Gyro - X: -0.039 Y: 0.484 Z: 0.423 status: 3
12-03 00:39:45.361  1491  1491 D CustomFrequencyManagerService: releaseDVFSLockLocked : Getting Lock type frm List : DVFS_MIN_LIMIT  frequency : 1113600  uid : 1000  pid : 1491  tag : GESTURE_DETECTED@CPU_MIN@43
12-03 00:39:46.426 11456 11534 D UE4     : [GameActivity] Used memory: 287204 (VmRSS:	  406864 kB)
12-03 00:39:46.504  1491  4739 W BestClock: java.time.DateTimeException: Missing NTP fix
12-03 00:39:46.515  1241  1484 I netd    : tetherGetStats() <6.14ms>
12-03 00:39:46.526  1491  4739 W BestClock: java.time.DateTimeException: Missing NTP fix
12-03 00:39:46.528  1491  2338 W BestClock: java.time.DateTimeException: Missing NTP fix
12-03 00:39:46.531  1491  5606 W BestClock: java.time.DateTimeException: Missing NTP fix
12-03 00:39:46.536  1241  1484 I netd    : tetherGetStats() <2.97ms>
12-03 00:39:46.539  1491  5606 W BestClock: java.time.DateTimeException: Missing NTP fix
12-03 00:39:46.541  1491  2338 W BestClock: java.time.DateTimeException: Missing NTP fix
12-03 00:39:46.577  2489  2913 D NetworkController.MobileSignalController(0/2147483647): onSignalStrengthsChanged signalStrength=SignalStrength:{mCdma=Invalid,mGsm=Invalid,mWcdma=Invalid,mTdscdma=Invalid,mLte=CellSignalStrengthLte: rssi=-83 rsrp=-118 rsrq=-17 rssnr=-60 cqi=2147483647 ta=2147483647 level=0,mNr=Invalid,SignalBarInfo{ no level },P,rat=14,primary=CellSignalStrengthLte} level=0
12-03 00:39:46.578  2489  2913 D NetworkController.MobileSignalController(0/2147483647): getMobileIconGroup(): 0
12-03 00:39:46.585  2489  2489 D SecStatusBarMobileView: updateState: MobileIconState(subId=2147483647, strengthId=2131232573, roaming=false, typeId=0, roamingId=0, activityId=0, slotId=0, visible=true)
12-03 00:39:48.489  2489  2913 D NetworkController.MobileSignalController(0/2147483647): onSignalStrengthsChanged signalStrength=SignalStrength:{mCdma=Invalid,mGsm=Invalid,mWcdma=Invalid,mTdscdma=Invalid,mLte=CellSignalStrengthLte: rssi=-83 rsrp=-117 rsrq=-17 rssnr=-60 cqi=2147483647 ta=2147483647 level=0,mNr=Invalid,SignalBarInfo{ lteLevel=1 },P,rat=14,primary=CellSignalStrengthLte} level=1
12-03 00:39:48.491  2489  2913 D NetworkController.MobileSignalController(0/2147483647): getMobileIconGroup(): 0
12-03 00:39:48.495  2489  2489 D SecStatusBarMobileView: updateState: MobileIconState(subId=2147483647, strengthId=2131232575, roaming=false, typeId=0, roamingId=0, activityId=0, slotId=0, visible=true)
12-03 00:39:48.874  1491  1657 E Watchdog: !@Sync 1654 [2021-12-03 00:39:48.874] FD count : 573, wdog_way : pwdt
12-03 00:39:49.437   747   902 I qti_sensors_hal: processReportInd: Light - 63 99
12-03 00:39:50.402   747   902 I qti_sensors_hal: processReportInd: Cal Mag Filter, 0, 0, 0.000000, 0.000000, 0.000000, 0.000000, 0.000000, 0.000000, -4.714966, 15.417480, -44.885254
12-03 00:39:52.574  1491  2291 D SamsungAlarmManager: Expired : 8
12-03 00:39:52.575  1491  2291 V SamsungAlarmManager: Sending to uid : 1000 listener=android.app.AlarmManager$ListenerWrapper@24ac746 alarm=Alarm{8b25d07 type 3 when 147353710 android}
12-03 00:39:52.576  1491  2677 D SLocation: SP is not support Q OS upgrade model!
12-03 00:39:52.580  1491  2291 I SamsungAlarmManager: setLocked to kernel - T:2 / 20211203T004004, SetElapsed=147365139, nowELAPSED=147353716
12-03 00:39:52.580  1491  2291 I SamsungAlarmManager: setLocked to kernel - T:3 / 20211203T004000, SetElapsed=147361136, nowELAPSED=147353717
12-03 00:39:52.586  1491  2677 D SamsungAlarmManager: setExact Listener (T:3/F:9/AC:false) 20211203T004052 - CU:1000/CP:1491
12-03 00:39:52.586  1491  2677 I SamsungAlarmManager: setLocked to kernel - T:2 / 20211203T004004, SetElapsed=147365139, nowELAPSED=147353723
12-03 00:39:52.586  1491  2677 I SamsungAlarmManager: setLocked to kernel - T:3 / 20211203T003959, SetElapsed=147361136, nowELAPSED=147353723
12-03 00:39:52.967  2489  2913 D NetworkController.MobileSignalController(0/2147483647): onSignalStrengthsChanged signalStrength=SignalStrength:{mCdma=Invalid,mGsm=Invalid,mWcdma=Invalid,mTdscdma=Invalid,mLte=CellSignalStrengthLte: rssi=-79 rsrp=-116 rsrq=-15 rssnr=-58 cqi=2147483647 ta=2147483647 level=0,mNr=Invalid,SignalBarInfo{ lteLevel=1 },P,rat=14,primary=CellSignalStrengthLte} level=1
12-03 00:39:52.970  2489  2913 D NetworkController.MobileSignalController(0/2147483647): getMobileIconGroup(): 0
12-03 00:39:53.360  3849  4404 D SDHMS:com.sec.android.sdhms.thermal.siop.z: SIOP:: AP:200(339,110) BAT:275(275,0) CHG:312(312,0) USB:0(0,0) WIFI:288(304,0) PA:309(316,0) LRP:290(290,-999) LRF:290(290) LRB:290(290) 
12-03 00:39:53.604  2489  2913 D NetworkController.MobileSignalController(0/2147483647): onSignalStrengthsChanged signalStrength=SignalStrength:{mCdma=Invalid,mGsm=Invalid,mWcdma=Invalid,mTdscdma=Invalid,mLte=CellSignalStrengthLte: rssi=-81 rsrp=-115 rsrq=-15 rssnr=-56 cqi=2147483647 ta=2147483647 level=0,mNr=Invalid,SignalBarInfo{ lteLevel=1 },P,rat=14,primary=CellSignalStrengthLte} level=1
12-03 00:39:53.605  2489  2913 D NetworkController.MobileSignalController(0/2147483647): getMobileIconGroup(): 0
12-03 00:39:54.473   747   902 I qti_sensors_hal: processReportInd: Light - 7f 127
12-03 00:39:55.148   747   902 I qti_sensors_hal: processReportInd: Accel - X: 1.838 Y: -0.234 Z: 9.992
12-03 00:39:55.148   747   902 I qti_sensors_hal: processReportInd: Gyro - X: 0.015 Y: 0.141 Z: 0.045 status: 3
12-03 00:39:56.515 11456 11534 D UE4     : [GameActivity] Used memory: 287204 (VmRSS:	  407136 kB)
12-03 00:39:56.585  1491  5606 W BestClock: java.time.DateTimeException: Missing NTP fix
12-03 00:39:56.592  1241  1484 I netd    : tetherGetStats() <5.23ms>
12-03 00:39:56.598  1491  5606 W BestClock: java.time.DateTimeException: Missing NTP fix
12-03 00:39:56.601  1491  2338 W BestClock: java.time.DateTimeException: Missing NTP fix
12-03 00:39:56.606  1491  4739 W BestClock: java.time.DateTimeException: Missing NTP fix
12-03 00:39:56.610  1241  1484 I netd    : tetherGetStats() <3.08ms>
12-03 00:39:56.616  1491  4739 W BestClock: java.time.DateTimeException: Missing NTP fix
12-03 00:39:56.618  1491  2338 W BestClock: java.time.DateTimeException: Missing NTP fix
12-03 00:39:58.077  3324  4425 D ContactsProvider_EventLog: contents_sample_state: [CONTACT contacts(4) data(28) accounts({com.google (2)=2, com.google (6)=2}) accounts deleted({}) in_trash(in_trash(0), in_trash_for_sync(0)) calls([]) countryIso(US) userId(0)  ]

12-03 00:39:58.077  3324  4425 D ContactsProvider_EventLog: contents_sample_state: [ agr({[6]=2, [2]=2})  ]

12-03 00:39:58.077  3324  4425 D ContactsProvider_EventLog: contents_sample_state: [ actCnt({android.process.acore(3324)=1})  ]

12-03 00:39:58.077  3324  4425 D ContactsProvider_EventLog: contents_sample_state: [PROFILE contacts(0) data(0) accounts({})  ] [SAPROFILE contacts(0) data(0) accounts({})  ]

12-03 00:39:58.077  3324  4425 D ContactsProvider_EventLog: contents_sample_state: [STORAGE Contacts(CE) Profile(CE) SAProfile(CE) CallLog(CE)  ]
12-03 00:39:59.369  2489  2913 D NetworkController.MobileSignalController(0/2147483647): onSignalStrengthsChanged signalStrength=SignalStrength:{mCdma=Invalid,mGsm=Invalid,mWcdma=Invalid,mTdscdma=Invalid,mLte=CellSignalStrengthLte: rssi=-85 rsrp=-112 rsrq=-12 rssnr=-60 cqi=2147483647 ta=2147483647 level=0,mNr=Invalid,SignalBarInfo{ lteLevel=1 },P,rat=14,primary=CellSignalStrengthLte} level=1
12-03 00:39:59.373  2489  2913 D NetworkController.MobileSignalController(0/2147483647): getMobileIconGroup(): 0
12-03 00:39:59.509   747   902 I qti_sensors_hal: processReportInd: Light - 76 118
12-03 00:39:59.999  1491  2291 D SamsungAlarmManager: Expired : 8
12-03 00:40:00.000  1491  2291 V SamsungAlarmManager: Sending to uid : 1000 listener=com.android.server.AlarmManagerService$2@f8b3921 alarm=Alarm{8bbb9a0 type 3 when 147361136 android}
12-03 00:40:00.003  1491  2291 D SamsungAlarmManager: setExact Listener (T:3/F:1/AC:false) 20211203T004100 - CU:1000/CP:1491
12-03 00:40:00.003  1491  2291 I SamsungAlarmManager: setLocked to kernel - T:2 / 20211203T004004, SetElapsed=147365139, nowELAPSED=147361139
12-03 00:40:00.004  2489  2489 D KeyguardUpdateMonitor: received broadcast android.intent.action.TIME_TICK
12-03 00:40:00.004  2489  2489 D KeyguardUpdateMonitor: handleTimeUpdate
12-03 00:40:00.005  1491  2291 I SamsungAlarmManager: setLocked to kernel - T:2 / 20211203T004004, SetElapsed=147365139, nowELAPSED=147361142
12-03 00:40:00.008  2489  2489 D QSClockBellTower: He is ready to ring the bell. (((timeText:12:40, skipUpdateForDemo:false, dateText:Fri, December 3, shortenDateText = Fri, Dec 3)))
12-03 00:40:00.008  2489  2489 D QSClock : status_bar_clock notifyTimeChanged(currentTime:12:40) mClockVisibleByPolicy:true, mClockVisibleByUser:true, visible?true, parent:android.widget.LinearLayout{4b011ac V.E...... ......ID 0,0-97,63 #7f0a0381 app:id/left_clock_container}
12-03 00:40:00.009  2489  2489 D QSClockBellTower: Everyone heard the bell. run(currentTime:1638513600007,   getTime():Fri Dec 03 00:40:00 CST 2021,   getTimeZone():libcore.util.ZoneInfo[id="America/Chicago",mRawOffset=-21600000,mEarliestRawOffset=-21600000,mUseDst=true,mDstSavings=3600000,transitions=235])
12-03 00:40:00.010  2489  2489 W GraphicUtils: getTextEmpty : skipped with null text
12-03 00:40:00.010  2489  2489 W GraphicUtils: setLinearGradientTextColor : skipped with null text
12-03 00:40:00.024  2489  2489 D QSContainerImpl: getDisplayHeight portrait? false  displayHeight= 1080
12-03 00:40:00.696   747   902 I qti_sensors_hal: processReportInd: Cal Mag Filter, 0, 0, 0.000000, 0.000000, 0.000000, 0.000000, 0.000000, 0.000000, -9.503174, 17.320251, -42.434692
12-03 00:40:01.283  2489  2913 D NetworkController.MobileSignalController(0/2147483647): onSignalStrengthsChanged signalStrength=SignalStrength:{mCdma=Invalid,mGsm=Invalid,mWcdma=Invalid,mTdscdma=Invalid,mLte=CellSignalStrengthLte: rssi=-83 rsrp=-112 rsrq=-12 rssnr=-54 cqi=2147483647 ta=2147483647 level=0,mNr=Invalid,SignalBarInfo{ lteLevel=1 },P,rat=14,primary=CellSignalStrengthLte} level=1
12-03 00:40:01.287  2489  2913 D NetworkController.MobileSignalController(0/2147483647): getMobileIconGroup(): 0
12-03 00:40:03.422  3849  4404 D SDHMS:com.sec.android.sdhms.thermal.siop.z: SIOP:: AP:205(341,110) BAT:275(275,0) CHG:314(314,0) USB:0(0,0) WIFI:289(308,0) PA:311(319,0) LRP:291(291,-999) LRF:291(291) LRB:291(291) 
12-03 00:40:04.002  1491  2291 D SamsungAlarmManager: Expired : 4
12-03 00:40:04.003  1491  2291 V SamsungAlarmManager: Sending to uid : 1000 listener=android.app.AlarmManager$ListenerWrapper@c3cf959 alarm=Alarm{dc5791e type 2 when 147365139 android}
12-03 00:40:04.004  1491  2291 V SamsungAlarmManager: Sending to uid : 10144 listener=android.os.BinderProxy@4fabb36 alarm=Alarm{32fe5ff type 1 when 1638513600000 com.sec.android.app.launcher}
12-03 00:40:04.005  2917  2917 D LiveIconUpdateEventHandler: onMinuteChanged
12-03 00:40:04.006  2917  2917 D LiveIconUpdateEventHandler: setMinuteChangeAlarm
12-03 00:40:04.007  1491  2291 I SamsungAlarmManager: setLocked to kernel - T:2 / 20211203T004547, SetElapsed=147708842, nowELAPSED=147365144
12-03 00:40:04.008  1491  2291 I SamsungAlarmManager: setLocked to kernel - T:3 / 20211203T004052, SetElapsed=147413713, nowELAPSED=147365144
12-03 00:40:04.009  1491  2341 D SamsungAlarmManager: setInexact Listener (T:2/F:8/AC:false) 20211203T004212 - CU:1000/CP:1491
12-03 00:40:04.009  1491  2341 I SamsungAlarmManager: setLocked to kernel - T:2 / 20211203T004212, SetElapsed=147493140, nowELAPSED=147365145
12-03 00:40:04.009  1491  2341 I SamsungAlarmManager: setLocked to kernel - T:3 / 20211203T004052, SetElapsed=147413713, nowELAPSED=147365145
12-03 00:40:04.013  1491  4739 D SamsungAlarmManager: setInexact Listener (T:1/F:0/AC:false) 20211203T004100 - CU:10144/CP:2917
12-03 00:40:04.013  1491  4739 I SamsungAlarmManager: setLocked to kernel - T:2 / 20211203T004212, SetElapsed=147493140, nowELAPSED=147365150
12-03 00:40:04.013  1491  4739 I SamsungAlarmManager: setLocked to kernel - T:3 / 20211203T004052, SetElapsed=147413713, nowELAPSED=147365150
12-03 00:40:04.017  1491  2348 I WifiScanController: scan requested by WifiConnectivityManager
12-03 00:40:04.021  1491  2348 D SamsungAlarmManager: setInexact Listener (T:2/F:8/AC:false) 20211203T004019 - CU:1000/CP:1491
12-03 00:40:04.021  1491  2348 I SamsungAlarmManager: setLocked to kernel - T:2 / 20211203T004019, SetElapsed=147380157, nowELAPSED=147365157
12-03 00:40:04.022  1491  2344 E MobileWipsFrameworkService: unbinded can not send 12
12-03 00:40:04.022  1491  1491 D WifiConnectivityMonitor: com.samsung.android.server.wifi.WCM_SCAN_STARTED
12-03 00:40:04.348  1491  2323 D BatteryService: Sending ACTION_BATTERY_CHANGED. scale:100, info:{.chargerAcOnline = false, .chargerUsbOnline = true, .chargerWirelessOnline = false, .maxChargingCurrent = 0, .maxChargingVoltage = 0, .batteryStatus = FULL, .batteryHealth = GOOD, .batteryPresent = true, .batteryLevel = 100, .batteryVoltage = 4272, .batteryTemperature = 280, .batteryCurrent = 0, .batteryCycleCount = 0, .batteryFullCharge = 3700000, .batteryChargeCounter = 3700000, .batteryTechnology = Li-ion}
12-03 00:40:04.348  1491  2323 D BatteryService: online:4, current avg:-3, charge type:0, POGO powered:false, power sharing:false, high voltage charger:false, charger_type:0, capacity:280000, misc_event:0, current_event:0, current_now:-3
12-03 00:40:04.349  1491  1491 I MotionRecognitionService: Plugged
12-03 00:40:04.349  1491  1491 D MotionRecognitionService:   mCableConnection= 1
12-03 00:40:04.349  1491  1491 D MotionRecognitionService: set cable connected : mGripEnabled = false
12-03 00:40:04.349  1491  1491 D UsbDeviceManager: received ACTION_BATTERY_CHANGED
12-03 00:40:04.350  2440  2440 D BigDataInfoController: Intent : android.intent.action.BATTERY_CHANGED
12-03 00:40:04.350  2440  2440 D BigDataInfoController: Intent : android.intent.action.BATTERY_CHANGED
12-03 00:40:04.351  1491  1650 D UsbDeviceManager: handleMessage -> MSG_UPDATE_CHARGING_STATE: mUsbCharging=true
12-03 00:40:04.352  2489  2489 D KeyguardUpdateMonitor: received broadcast android.intent.action.BATTERY_CHANGED
12-03 00:40:04.352  1491  1650 D UsbDeviceManager: updateUsbNotification(false): mConnected=true mConfigured=true mCurrentFunctions=mtp,adb mHostConnected=false mSourcePower=false mSinkPower=true mUsbCharging=true mUseUsbNotification=true
12-03 00:40:04.352  1491  1650 D UsbDeviceManager: Set mCurrentFunctionsForNoti=mtp
12-03 00:40:04.353  1491  1650 D DexObserverFW: isDexModeOn() : false
12-03 00:40:04.353  2489  2489 D PowerUI : priorPlugType = 2 mPlugType = 2 priorBatteryStatus = 5 mBatteryStatus = 5
12-03 00:40:04.353  2489  2489 D PowerUI : Battery swelling mode - priorBatterySwellingMode = 0 mBatterySwellingMode = 0 mBatteryStatus = 5
12-03 00:40:04.353  1491  1650 D DexObserverFW: isSemiDexModeOn() : false
12-03 00:40:04.353  1491  1650 D UsbDeviceManager: id=27 mUsbNotificationId=27
12-03 00:40:04.353  2489  2489 D KeyguardUpdateMonitor: handleBatteryUpdate
12-03 00:40:04.355  2489  2489 D QSContainerImpl: getDisplayHeight portrait? false  displayHeight= 1080
12-03 00:40:04.356 11456 11456 D UE4     : [GameActivity] Battery: status = 5, rawlevel = 100, scale = 100
12-03 00:40:04.356 11456 11456 D UE4     : nativeBatteryEvent(stat = 5, lvl = 100  temp = 28.00 C)
12-03 00:40:04.544   747   902 I qti_sensors_hal: processReportInd: Light - 75 117
12-03 00:40:05.035   747   902 I qti_sensors_hal: processReportInd: Accel - X: 2.108 Y: -0.672 Z: 9.698
12-03 00:40:05.035   747   902 I qti_sensors_hal: processReportInd: Gyro - X: -0.012 Y: 0.012 Z: -0.006 status: 3
12-03 00:40:05.823  1289  2481 I LOWI-8.6.0.72: [LOWI-Scan] lowi_close_record:Scan done in 147345763ms, 8 APs in scan results
12-03 00:40:05.824  1491  4739 D WificondControl: Scan result ready event
12-03 00:40:05.825  1491  2348 D SamsungAlarmManager: Cancel Alarm calling from uid:1000 pid :1491 / listener:android.app.AlarmManager$ListenerWrapper@24c092a
12-03 00:40:05.826  1491  2348 I SamsungAlarmManager: setLocked to kernel - T:2 / 20211203T004212, SetElapsed=147493140, nowELAPSED=147366963
12-03 00:40:05.827  1491  2348 I SamsungAlarmManager: setLocked to kernel - T:3 / 20211203T004052, SetElapsed=147413713, nowELAPSED=147366963
12-03 00:40:05.846  1491  2344 E MobileWipsFrameworkService: unbinded can not send 13
12-03 00:40:05.864  1491  2341 D ScoredNetworkEvaluator: evaluateNetworks
12-03 00:40:05.866  1491  2341 D WifiConnectivityManager: Skip setting firmware roaming configuration since max BSSID blacklist size is zero
12-03 00:40:06.542 11456 11534 D UE4     : [GameActivity] Used memory: 287204 (VmRSS:	  407400 kB)
12-03 00:40:06.671  1491  4739 W BestClock: java.time.DateTimeException: Missing NTP fix
12-03 00:40:06.679  1241  1484 I netd    : tetherGetStats() <4.74ms>
12-03 00:40:06.686  1491  4739 W BestClock: java.time.DateTimeException: Missing NTP fix
12-03 00:40:06.689  1491  2338 W BestClock: java.time.DateTimeException: Missing NTP fix
12-03 00:40:06.691  1491  5606 W BestClock: java.time.DateTimeException: Missing NTP fix
12-03 00:40:06.696  1241  1484 I netd    : tetherGetStats() <2.79ms>
12-03 00:40:06.701  1491  5606 W BestClock: java.time.DateTimeException: Missing NTP fix
12-03 00:40:06.703  1491  2338 W BestClock: java.time.DateTimeException: Missing NTP fix
12-03 00:40:09.580   747   902 I qti_sensors_hal: processReportInd: Light - 76 118
12-03 00:40:11.250   747   902 I qti_sensors_hal: processReportInd: Cal Mag Filter, 0, 0, 0.000000, 0.000000, 0.000000, 0.000000, 0.000000, 0.000000, -9.236145, 16.273499, -41.697693
12-03 00:40:12.760   795   795 I SurfaceFlinger: SFWD update time=49692835548803
12-03 00:40:13.527  3849  4404 D SDHMS:com.sec.android.sdhms.thermal.siop.z: SIOP:: AP:210(346,110) BAT:280(280,0) CHG:318(318,0) USB:0(0,0) WIFI:292(313,0) PA:314(323,0) LRP:294(294,-999) LRF:294(294) LRB:294(294) 
12-03 00:40:14.616   747   902 I qti_sensors_hal: processReportInd: Light - 75 117
12-03 00:40:14.922   747   902 I qti_sensors_hal: processReportInd: Accel - X: 2.142 Y: -0.622 Z: 9.636
12-03 00:40:14.922   747   902 I qti_sensors_hal: processReportInd: Gyro - X: 0.002 Y: 0.010 Z: -0.001 status: 3
12-03 00:40:16.618 11456 11534 D UE4     : [GameActivity] Used memory: 287204 (VmRSS:	  407664 kB)
12-03 00:40:16.763  1491  5606 W BestClock: java.time.DateTimeException: Missing NTP fix
12-03 00:40:16.772  1241  1484 I netd    : tetherGetStats() <5.82ms>
12-03 00:40:16.779  1491  5606 W BestClock: java.time.DateTimeException: Missing NTP fix
12-03 00:40:16.782  1491  2338 W BestClock: java.time.DateTimeException: Missing NTP fix
12-03 00:40:16.786  1491  4739 W BestClock: java.time.DateTimeException: Missing NTP fix
12-03 00:40:16.791  1241  1484 I netd    : tetherGetStats() <3.32ms>
12-03 00:40:16.794  1491  4739 W BestClock: java.time.DateTimeException: Missing NTP fix
12-03 00:40:16.797  1491  2338 W BestClock: java.time.DateTimeException: Missing NTP fix
12-03 00:40:18.883  1491  1657 E Watchdog: !@Sync 1655 [2021-12-03 00:40:18.883] FD count : 573, wdog_way : pwdt
12-03 00:40:19.653   747   902 I qti_sensors_hal: processReportInd: Light - 76 118
12-03 00:40:21.745   747   902 I qti_sensors_hal: processReportInd: Cal Mag Filter, 0, 0, 0.000000, 0.000000, 0.000000, 0.000000, 0.000000, 0.000000, -9.298706, 13.653564, -43.251038
12-03 00:40:22.513  1491  2311 D InputReader: Btn_touch(3): value=1 when=49702.587302
12-03 00:40:22.513  1491  2311 I InputReader: Touch event's action is 0x0 (id=3, t=0) [pCnt=1, s=0.694 ] when=49702.587302
12-03 00:40:22.513  1491  2310 I InputDispatcher: Delivering touch to (11456): action: 0x0, f=0x0, d=0, 'c5a5ba1', t=1
12-03 00:40:22.515 11456 11456 D ViewRootImpl@7ba4a0c[GameActivity]: ViewPostIme pointer 0
12-03 00:40:22.532  1491  1652 D WindowManager: setSystemUiVisibility: displayId=0, vis=0x3c00971e, fullVis=0x0, dockVis=0x0, win=Window{c5a5ba1 u0 neu.edu.madcourse.Bello_CS5520_MoveMe/com.epicgames.ue4.GameActivity}
12-03 00:40:22.533  2489  2489 D LightBarController: onSystemUiVisibilityChanged fullVis=0 mask=ffffffff oldFullVal=0 newFullVal=0 fullDiff=0 mFullscreenLight=false isLight(Full)=false  mLastStatusBarMode=4 newBarMode=1 
12-03 00:40:22.535  2489  2489 V NavBarStoreImpl: handleEvent [EventType] ON_NAVBAR_MODE_CHANGED [Module] NavigationBarFragment  KEYS_NAVBAR_MODE=1
12-03 00:40:22.535  1491  5606 D WindowManager: adjustSystemUiVisibilityLw: displayId=0, vis=0xc00971e, resetVis=0x0, clearVis=0x0
12-03 00:40:22.535  2489  2489 V NavBarStoreImpl: --[Band]REMOTE_VIEW_PACK_INVALIDATE_NAVBAR_REMOTEVIEW
12-03 00:40:22.535  2489  2489 V NavBarStoreImpl: ----isEnabled(NAVBAR_GESTURAL_MODE)=false
12-03 00:40:22.535  2489  2489 D LightBarController: onNavigationVisibilityChanged : vis = 3c00971e, nbModeChanged = true navigationBarMode = 1, navbarColorManagedByIme = false
12-03 00:40:22.536  1491  5606 I WindowManager: Reparenting to leash, surface=Surface(name=c2df608 StatusBar)/@0x77d78b2
12-03 00:40:22.536   795  3217 I SurfaceFlinger: id=2889 createSurf (0x0),-1 flag=80004, Surface(name=c2df608 StatusBar)/@0x77d78b2 - animation-leash#0
12-03 00:40:22.537  1491  5606 D WindowManager: makeSurface duration=1 leash=Surface(name=Surface(name=c2df608 StatusBar)/@0x77d78b2 - animation-leash)/@0xf5065ce
12-03 00:40:22.538  1491  5606 I WindowManager: Reparenting to leash, surface=Surface(name=c26e3da NavigationBar0)/@0xecb6977
12-03 00:40:22.538   795  3217 I SurfaceFlinger: id=2890 createSurf (0x0),-1 flag=80004, Surface(name=c26e3da NavigationBar0)/@0xecb6977 - animation-leash#0
12-03 00:40:22.539  1491  5606 D WindowManager: makeSurface duration=1 leash=Surface(name=Surface(name=c26e3da NavigationBar0)/@0xecb6977 - animation-leash)/@0x16fc3fc
12-03 00:40:22.539  1491  5606 D InputManager-JNI: setSystemUiVisibility dexmode: false changed: true displayid: 0 visibility: 0xc00971e DD: 0xc00971e OD: 0x0
12-03 00:40:22.543  1491  1652 D WindowManager: setSystemUiVisibility: displayId=0, vis=0xc00971e, fullVis=0x0, dockVis=0x0, win=Window{c5a5ba1 u0 neu.edu.madcourse.Bello_CS5520_MoveMe/com.epicgames.ue4.GameActivity}
12-03 00:40:22.547  2489  2489 D LightBarController: onNavigationVisibilityChanged : vis = c00971e, nbModeChanged = false navigationBarMode = 1, navbarColorManagedByIme = false
12-03 00:40:22.547  2489  2489 V NavBarStoreImpl: handleEvent [EventType] ON_NAVBAR_WINDOW_STATE_CHANGED [Module] NavigationBarFragment  KEYS_NAVBAR_WINDOW_STATE=0
12-03 00:40:22.547  2489  2489 V NavBarStoreImpl: --[Band]GESTURE_PACK_HIDE_GESTURE_INTERCEPT_WINDOW
12-03 00:40:22.547  2489  2489 V NavBarStoreImpl: ----isEnabled(GESTURE_INTERCEPT_WINDOW_ATTACHED)=false
12-03 00:40:22.550  2489  2489 D LightBarController: onNavigationVisibilityChanged : vis = c00971e, nbModeChanged = false navigationBarMode = 1, navbarColorManagedByIme = false
12-03 00:40:22.593   795   795 I SurfaceFlinger: Display 0 HWC layers:
12-03 00:40:22.593   795   795 I SurfaceFlinger:     type    |    handle    | flag |  format   |   source crop (l,t,r,b)    |         frame       | name 
12-03 00:40:22.593   795   795 I SurfaceFlinger: ------------+--------------+------+-----------+----------------------------+---------------------+------
12-03 00:40:22.593   795   795 I SurfaceFlinger:      DEVICE | 0x7f3fadee00 | 0002 | RGBx_8888 |   0.0    0.0  576.0 1176.0 |    0    0 1080 2220 | SurfaceView - neu.edu.madcourse.Bell[...]icgames.ue4.GameActivity@e295f55@0#0
12-03 00:40:22.593   795   795 I SurfaceFlinger:      DEVICE | 0x7f3bbff000 | 0000 | RGBA_8888 |   0.0    0.0 1080.0 2220.0 |    0    0 1080 2220 | neu.edu.madcourse.Bello_CS5520_MoveMe/com.epicgames.ue4.GameActivity$_11456#1
12-03 00:40:22.593   795   795 I SurfaceFlinger:      DEVICE | 0x7f3fa41c00 | 0000 | RGBA_8888 |   0.0    0.0   12.0 2220.0 | 1068    0 1080 2220 | StatusBar$_2489#0
12-03 00:40:22.593   795   795 I SurfaceFlinger:      DEVICE | 0x7f4ae25900 | 0000 | RGBA_8888 |   0.0    0.0 1080.0   24.0 |    0 2196 1080 2220 | NavigationBar0$_2489#0
12-03 00:40:22.593   795   795 I SurfaceFlinger: 
12-03 00:40:22.612  1491  2311 D InputReader: Btn_touch(3): value=0 when=49702.687343
12-03 00:40:22.612  1491  2311 I InputReader: Touch event's action is 0x1 (id=3, t=0) [pCnt=1, s=] when=49702.687343
12-03 00:40:22.613  1491  2310 I InputDispatcher: Delivering touch to (11456): action: 0x1, f=0x0, d=0, 'c5a5ba1', t=1
12-03 00:40:22.615 11456 11456 D ViewRootImpl@7ba4a0c[GameActivity]: ViewPostIme pointer 1
12-03 00:40:22.616  1491  1491 D GameManagerService: identifyGamePackage. neu.edu.madcourse.Bello_CS5520_MoveMe, mCurrentUserId: 0, callerUserId: 0
12-03 00:40:22.616  1491  1491 D GamePkgDataHelper: getGamePkgData(). neu.edu.madcourse.Bello_CS5520_MoveMe
12-03 00:40:22.616  1491  1491 D CustomFrequencyManagerService: acquireDVFSLockLocked : type : DVFS_MIN_LIMIT  frequency : 1113600  uid : 1000  pid : 1491  pkgName : GESTURE_DETECTED@CPU_MIN@43
12-03 00:40:22.804  1491  1655 I WindowManager: Reparenting to original parent: Surface(name=WindowToken{73b0fab android.os.BinderProxy@d846825})/@0x6c96a98, destroyLeash=true, surface=Surface(name=c2df608 StatusBar)/@0x77d78b2
12-03 00:40:22.804  1491  1655 I WindowManager: Reparenting to original parent: Surface(name=WindowToken{f82a985 android.os.BinderProxy@eb9b3ef})/@0xf59c009, destroyLeash=true, surface=Surface(name=c26e3da NavigationBar0)/@0xecb6977
12-03 00:40:22.807   795   862 I SurfaceFlinger: id=2889 Removed Surface(name=c2df608 StatusBar)/@0x77d78b2 - animation-leash#0 (47)
12-03 00:40:22.809   795  3357 I SurfaceFlinger: id=2890 Removed Surface(name=c26e3da NavigationBar0)/@0xecb6977 - animation-leash#0 (47)
12-03 00:40:22.820   795   795 I Layer   : id=2889[1] Destroyed Surface(name=c2df608 StatusBar)/@0x77d78b2 - animation-leash#0
12-03 00:40:22.821   795   795 I Layer   : id=2890[1] Destroyed Surface(name=c26e3da NavigationBar0)/@0xecb6977 - animation-leash#0
12-03 00:40:23.153  1491  2311 D InputReader: Btn_touch(3): value=1 when=49703.228421
12-03 00:40:23.153  1491  2311 I InputReader: Touch event's action is 0x0 (id=3, t=0) [pCnt=1, s=0.695 ] when=49703.228421
12-03 00:40:23.154  1491  2310 I InputDispatcher: Delivering touch to (2489): action: 0x0, f=0x0, d=0, 'c26e3da', t=1
12-03 00:40:23.155  2489  2489 D ViewRootImpl@60e774d[NavigationBar0]: ViewPostIme pointer 0
12-03 00:40:23.156  2489  3467 I KeyButtonView: injectInputEvent - 187
12-03 00:40:23.156  1491  1537 D InputDispatcher: Inject key (2489): action=0, f=0x48, time=49703230000000
12-03 00:40:23.159  1491  1537 D WindowManager: interceptKeyTq s_result=1
12-03 00:40:23.159  1491  1537 D PhoneWindowManagerExtension: f.b. a=false hd=true eme=false ksno = false id=1 Caller=com.android.server.policy.PhoneWindowManager.performHapticFeedback:6676 com.android.server.policy.PhoneWindowManager.performHapticFeedback:6666 com.android.server.policy.PhoneWindowManager.interceptKeyBeforeQueueing:5166 com.android.server.wm.InputManagerCallback.interceptKeyBeforeQueueing:185 com.android.server.input.InputManagerService.interceptKeyBeforeQueueing:3168 
12-03 00:40:23.159  1491  1537 D PhoneWindowManagerExtension: haptic disabled by policy
12-03 00:40:23.236  1491  2311 D InputReader: Btn_touch(3): value=0 when=49703.310203
12-03 00:40:23.236  1491  2311 I InputReader: Touch event's action is 0x1 (id=3, t=0) [pCnt=1, s=] when=49703.310203
12-03 00:40:23.236  1491  2310 I InputDispatcher: Delivering touch to (2489): action: 0x1, f=0x0, d=0, 'c26e3da', t=1
12-03 00:40:23.236  2489  2489 D ViewRootImpl@60e774d[NavigationBar0]: ViewPostIme pointer 1
12-03 00:40:23.237  2489  3467 I KeyButtonView: injectInputEvent - 187
12-03 00:40:23.238  1491  1537 D InputDispatcher: Inject key (2489): action=1, f=0x48, time=49703312000000
12-03 00:40:23.238  1491  1537 D WindowManager: interceptKeyTq s_result=1
12-03 00:40:23.238  1491  1491 D GameManagerService: identifyGamePackage. neu.edu.madcourse.Bello_CS5520_MoveMe, mCurrentUserId: 0, callerUserId: 0
12-03 00:40:23.238  1491  1491 D GamePkgDataHelper: getGamePkgData(). neu.edu.madcourse.Bello_CS5520_MoveMe
12-03 00:40:23.238  1491  1491 D CustomFrequencyManagerService: acquireDVFSLockLocked : type : DVFS_MIN_LIMIT  frequency : 1113600  uid : 1000  pid : 1491  pkgName : GESTURE_DETECTED@CPU_MIN@43
12-03 00:40:23.242  1491  2310 D PowerManagerService: [api] userActivity : event: 0 flags: 0 (uid: 1000 pid: 1491) eventTime = 49703316
12-03 00:40:23.243  1491  2310 I Telecom:SamsungTelecomServiceImpl: getCallState - callingPid : 1491 / processName : sts
12-03 00:40:23.248  1491  1491 D InputMethodManagerService: IME window vis: 0 active: 0 inv: 0 displayId: 0
12-03 00:40:23.248  1491  1491 D InputMethodManagerService: isImeSwitcherDisabledPackage : false
12-03 00:40:23.248  2489  2922 D vol.VolumeDialogControl: onReceive ACTION_CLOSE_SYSTEM_DIALOGS
12-03 00:40:23.249  2489  2913 D LocationControllerImpl: onReceive() = android.intent.action.CLOSE_SYSTEM_DIALOGS
12-03 00:40:23.249  2489  2913 D LocationControllerImpl: onReceive() = android.intent.action.CLOSE_SYSTEM_DIALOGS
12-03 00:40:23.250  2917  2917 D RecentsView: mIsInTaskLaunchRemoteAnimating=false
12-03 00:40:23.251  2917  2917 D UserEvent: 
12-03 00:40:23.251  2917  2917 D UserEvent: -----------------------------------------------------
12-03 00:40:23.251  2917  2917 D UserEvent: action:RECENTS_BUTTON
12-03 00:40:23.251  2917  2917 D UserEvent:  Source child:APP
12-03 00:40:23.251  2917  2917 D UserEvent:  Destination child:TASKSWITCHER
12-03 00:40:23.251  2917  2917 D UserEvent:  Elapsed container 149053 ms, session 149053 ms, action 0 ms
12-03 00:40:23.251  2917  2917 D UserEvent: 
12-03 00:40:23.251  2917  2917 D LauncherActivityControllerHelper: prepareRecentsUI
12-03 00:40:23.253  2917  2917 D Launcher.Hotword: setHotWordDetection : call requestHotWordDetection false
12-03 00:40:23.253  2917  2917 D StateManager: onStateTransitionStart mState = com.android.launcher3.uioverrides.states.OverviewState@6ed31fe
12-03 00:40:23.253  2489  2489 V StatusBar: onReceive: Intent { act=android.intent.action.CLOSE_SYSTEM_DIALOGS flg=0x50000010 (has extras) }
12-03 00:40:23.253  2489  2489 V StatusBar: mStatusBarWindow: com.android.systemui.statusbar.phone.StatusBarWindowView{29ca5cb V.E...... ........ 0,0-2220,63} canPanelBeCollapsed(): false
12-03 00:40:23.254  2489  2489 D SecVolume.SecVolumeStore: dispatch [ACTION_DISMISS_REQUESTED] with [STATE_NO_DISPATCH]
12-03 00:40:23.255  2917  2917 D BlurOperator: progress = 0.0, mBlurProgress = 0.0, forced = false, mForced = false
12-03 00:40:23.255  2917  2917 D BlurOperator: mSetTime = 1638511406459, currentTimeMs = 1638513623255
12-03 00:40:23.255  2917  2917 D BlurOperator: blurAmount = 0.0, mBgBlurAmount = 0.15, show = false, mPreBlur = 0.0
12-03 00:40:23.256  2917  2917 D RecentsUIControllerImpl: updateElementsVisiblity event=ON_ENTER
12-03 00:40:23.256  2917  2917 D RecentsUIControllerImpl: name=ClearAll visible=true
12-03 00:40:23.256  2917  2917 D RecentsUIControllerImpl: name=Searchbar visible=true
12-03 00:40:23.256  2917  2917 D LiveIconViewUpdater: onUpdateLiveIcon -1
12-03 00:40:23.257  2917  2917 E libprocessgroup: set_timerslack_ns write failed: Operation not permitted
12-03 00:40:23.257  2917  3920 D RecommendedItemsProvider: Request to get recent list
12-03 00:40:23.257  2917  3920 D RecommendedItemsProvider: <HotseatItems> : (4) [{com.samsung.android.dialer/com.samsung.android.dialer.DialtactsActivity} / UserHandle{0}, {com.samsung.android.app.contacts/com.samsung.android.contacts.contactslist.PeopleActivity} / UserHandle{0}, {com.samsung.android.messaging/com.android.mms.ui.ConversationComposer} / UserHandle{0}, {com.sec.android.app.camera/com.sec.android.app.camera.Camera} / UserHandle{0}]
12-03 00:40:23.257  2917  3920 D RecommendedItemsProvider: <Hidden> : (0) []
12-03 00:40:23.257  2917  3920 D RecommendedItemsProvider: Wait to get recent list
12-03 00:40:23.258  2917  2917 D LiveIconViewUpdater: onUpdateLiveIcon -1
12-03 00:40:23.258  2917  2917 D RecentsUIControllerImpl: name=Recommended visible=true
12-03 00:40:23.258  2917  2917 D BlurOperator: progress = 0.0, mBlurProgress = 0.0, forced = false, mForced = false
12-03 00:40:23.258  2917  2917 D BlurOperator: mSetTime = 1638513623255, currentTimeMs = 1638513623258
12-03 00:40:23.258  2917  2917 D BlurOperator: blurAmount = 0.0, mBgBlurAmount = 0.15, show = false, mPreBlur = 0.0
12-03 00:40:23.260  2489  2489 V SecVolume: {"mActionType":"ACTION_DISMISS_REQUESTED","mBool":{"FROM_OUTSIDE":true},"mDisabled":[],"mEnabled":[],"mImportant":[],"mInt":{},"mLong":{},"mString":{},"mUnImportant":[]}
12-03 00:40:23.260  2489  2489 D SecVolume.SecVolumeStore:   > New State : [STATE_NO_DISPATCH]
12-03 00:40:23.260  2489  2489 D PopupUI.PopupUI: PopupUIReceiver.onReceive() action : android.intent.action.CLOSE_SYSTEM_DIALOGS
12-03 00:40:23.261  2489  2489 D Tile.MobileDataTile: action:android.intent.action.CLOSE_SYSTEM_DIALOGS
12-03 00:40:23.261  2917  2917 D RecentsUIControllerImpl: updateElementsVisiblity event=ON_STATE_TRANSITION_COMPLETE
12-03 00:40:23.261  2917  2917 D StateManager: goToStateAnimated mStateChanged is false
12-03 00:40:23.261  1491  4072 D ActivityTaskManager: setRequestedOrientation(-1) from com.sec.android.app.launcher
12-03 00:40:23.261  2917  2917 I StateManager: goToState no animation to com.android.launcher3.uioverrides.states.OverviewState@6ed31fe
12-03 00:40:23.262  2917  2917 D ActivityOptions: makeRemoteAnimation, adapter=android.view.RemoteAnimationAdapter@4a56a3f, caller=com.android.systemui.shared.system.ActivityOptionsCompat.makeRemoteAnimation:68 com.android.quickstep.util.RemoteAnimationProvider.toActivityOptions:45 com.android.launcher3.LauncherInitListener.registerAndStartActivity:88 
12-03 00:40:23.265  1491  4072 I ActivityTaskManager: START u0 {act=android.intent.action.MAIN cat=[android.intent.category.HOME] flg=0x10000000 cmp=com.sec.android.app.launcher/.activities.LauncherActivity (has extras)} from uid 10144
12-03 00:40:23.279  1491  4072 D CustomFrequencyManagerService: acquireDVFSLockLocked : type : DVFS_MIN_LIMIT  frequency : 2208000  uid : 1000  pid : 1491  pkgName : AMS_APP_HOME@CPU_MIN@71
12-03 00:40:23.282  1491  4072 D ActivityManagerPerformance: AMP_acquire() HOME
12-03 00:40:23.282  1491  4072 D ActivityTaskManager: MultiTaskingTaskLaunchParamsModifier:task=null display-id=0 display-windowing-mode=1
12-03 00:40:23.282  1491  4072 D ActivityTaskManager: MultiTaskingTaskLaunchParamsModifier:tid=219 display-from-task=0 display-id=0 display-windowing-mode=1 non-freeform-display maximized-bounds
12-03 00:40:23.283  1491  4072 D ActivityTaskManager: updateMinimizedState: unknown notifyReason=2
12-03 00:40:23.283  1491  4072 D ActivityTaskManager: updateMinimizedState: unknown notifyReason=2
12-03 00:40:23.284  1491  4072 D InputDispatcher: Focused application set to (0): 951e7a6
12-03 00:40:23.284  1491  4072 V WindowManager: Changing focus from Window{c5a5ba1 u0 neu.edu.madcourse.Bello_CS5520_MoveMe/com.epicgames.ue4.GameActivity} to null displayId=0 Callers=com.android.server.wm.RootWindowContainer.updateFocusedWindowLocked:203 com.android.server.wm.WindowManagerService.updateFocusedWindowLocked:6112 com.android.server.wm.ActivityDisplay.setFocusedApp:1500 com.android.server.wm.ActivityTaskManagerService.setResumedActivityUncheckLocked:6708 com.android.server.wm.ActivityRecord.moveFocusableActivityToTop:1799 com.android.server.wm.ActivityStack.moveTaskToFrontLocked:5557 
12-03 00:40:23.286  1491  4072 V WindowManager: Setting visibility of Window{5adb967 u0 com.samsung.android.app.spage}: true, caller=com.android.server.wm.WindowContainer.sendAppVisibilityToClients:640 com.android.server.wm.WindowState.sendAppVisibilityToClients:3363 com.android.server.wm.WindowContainer.sendAppVisibilityToClients:640 com.android.server.wm.AppWindowToken.setClientHidden:622 com.android.server.wm.AppWindowToken.setVisibility:718 
12-03 00:40:23.287  1491  4072 V WindowManager: Setting visibility of Window{999b2c9 u0 com.sec.android.app.launcher/com.sec.android.app.launcher.activities.LauncherActivity}: true, caller=com.android.server.wm.WindowContainer.sendAppVisibilityToClients:640 com.android.server.wm.AppWindowToken.setClientHidden:622 com.android.server.wm.AppWindowToken.setVisibility:718 com.android.server.wm.ActivityRecord.setVisibility:2124 com.android.server.wm.ActivityStack.resumeTopActivityInnerLocked:3376 
12-03 00:40:23.287  1491  4072 V WindowManager: rotationForOrientation(orient=-1, last=1); user=0 
12-03 00:40:23.287  1491  4072 V WindowOrientationListener: getProposedRotation :-1
12-03 00:40:23.287  1491  4072 V WindowManager: Computed rotation=1 for display id=0 based on lastOrientation=-1 and oldRotation=1, caller=com.android.server.wm.DisplayContent.updateOrientationFromAppTokens:1443 com.android.server.wm.DisplayContent.updateOrientationFromAppTokens:1397 com.android.server.wm.DisplayContent.onDescendantOrientationChanged:1338 com.android.server.wm.WindowContainer.onDescendantOrientationChanged:738 com.android.server.wm.WindowContainer.onDescendantOrientationChanged:738 com.android.server.wm.WindowContainer.onDescendantOrientationChanged:738 
12-03 00:40:23.287  1491  4072 V WindowManager: rotationForOrientation(orient=-1, last=1); user=0 
12-03 00:40:23.288  1491  4072 V WindowOrientationListener: getProposedRotation :-1
