12-01 16:46:59.225   732 16361 D audio_hw_primary: check_usecases_codec_backend:becf: force routing 1
12-01 16:46:59.225   732 16361 E sdm660_platform: platform_check_backends_match: Invalid snd_device = 
12-01 16:46:59.225   732 16361 D audio_hw_primary: check_usecases_codec_backend:becf: (74) check_usecases curr device: speaker, usecase device: backends match 0
12-01 16:46:59.225   732 16361 D audio_hw_primary: check_usecases_codec_backend:becf: check_usecases num.of Usecases to switch 0
12-01 16:46:59.225   732 16361 D hardware_info: hw_info_append_hw_type : device_name = speaker
12-01 16:46:59.226   732 16361 V audio_hw_sec: sec_dsm_spkr_prot_control_tx_topology() enable:1, dsm_is_enabled:0
12-01 16:46:59.226   732 16361 D hardware_info: hw_info_append_hw_type : device_name = vi-feedback
12-01 16:46:59.226   732 16361 D audio_hw_primary: enable_snd_device: snd_device(273: vi-feedback)
12-01 16:46:59.226   732 16361 D audio_route: Apply path: vi-feedback
12-01 16:46:59.226   732 16361 D audio_hw_utils: audio_extn_utils_send_app_type_cfg: usecase->in_snd_device vi-feedback
12-01 16:46:59.226   732 16361 E voice   : voice_is_in_call_rec_stream: input stream is NULL
12-01 16:46:59.226   732 16361 D sdm660_platform: platform_split_snd_device: snd_device(273) num devices(0) new_snd_devices(0)
12-01 16:46:59.226 20835 20913 D UE4     : [2021.12.01-22.46.59:226][  0]LogNetVersion: Set ProjectVersion to 1.0.0.0. Version Checksum will be recalculated on next use.
12-01 16:46:59.226 20835 20913 D UE4     : [2021.12.01-22.46.59:226][  0]LogInit: Texture streaming: Enabled
12-01 16:46:59.226   732 16361 E voice   : voice_is_in_call_rec_stream: input stream is NULL
12-01 16:46:59.226   732 16361 I audio_hw_utils: send_app_type_cfg_for_device default app_type 69938, acdb_dev_id 102, sample_rate 48000, snd_device_be_idx 46
12-01 16:46:59.227   732 16361 D sdm660_platform: platform_split_snd_device: snd_device(273) num devices(1) new_snd_devices(0)
12-01 16:46:59.227   732 16361 D ACDB-LOADER: ACDB -> send_audio_cal, acdb_id = 102, path = 1, app id = 0x11132, sample rate = 48000
12-01 16:46:59.227   732 16361 D ACDB-LOADER: ACDB -> send_asm_topology
12-01 16:46:59.227   732 16361 D ACDB-LOADER: ACDB -> ACDB_CMD_GET_AUDPROC_STREAM_TOPOLOGY_ID
12-01 16:46:59.227   732 16361 D ACDB-LOADER: ACDB -> send_adm_topology
12-01 16:46:59.227   732 16361 D ACDB-LOADER: ACDB -> ACDB_CMD_GET_AUDPROC_COMMON_TOPOLOGY_ID
12-01 16:46:59.227   732 16361 D ACDB-LOADER: ACDB -> send_audtable
12-01 16:46:59.227   732 16361 D ACDB-LOADER: ACDB -> ACDB_CMD_GET_AUDPROC_COMMON_TABLE_SIZE
12-01 16:46:59.227   732 16361 D         : ACDBFILE_MGR:Read the devices count as zero, please check the acdb file
12-01 16:46:59.227   732 16361 D ACDB-LOADER: ACDB -> ACDB_CMD_GET_AUDPROC_COMMON_TABLE
12-01 16:46:59.227   732 16361 D         : ACDBFILE_MGR:Read the devices count as zero, please check the acdb file
12-01 16:46:59.227   732 16361 D ACDB-LOADER: ACDB -> AUDIO_SET_AUDPROC_CAL
12-01 16:46:59.227   732 16361 D ACDB-LOADER: ACDB -> send_audvoltable
12-01 16:46:59.227   732 16361 D ACDB-LOADER: ACDB -> ACDB_CMD_GET_AUDPROC_VOL_STEP_TABLE_SIZE
12-01 16:46:59.227   732 16361 D         : ACDBFILE_MGR:Read the devices count as zero, please check the acdb file
12-01 16:46:59.227   732 16361 D ACDB-LOADER: ACDB -> ACDB_CMD_GET_AUDPROC_GAIN_DEP_STEP_TABLE, vol index 0
12-01 16:46:59.227   732 16361 D         : ACDBFILE_MGR:Read the devices count as zero, please check the acdb file
12-01 16:46:59.227   732 16361 D         : Failed to fetch the lookup information of the device 00000066 
12-01 16:46:59.227   732 16361 E ACDB-LOADER: Error: ACDB AudProc vol returned = -19
12-01 16:46:59.227   732 16361 D ACDB-LOADER: ACDB -> AUDIO_SET_VOL_CAL cal type = 12
12-01 16:46:59.227   732 16361 D ACDB-LOADER: ACDB -> ACDB_CMD_GET_AUDPROC_STREAM_TABLE_SIZE
12-01 16:46:59.227   732 16361 D ACDB-LOADER: ACDB -> send_audstrmtable
12-01 16:46:59.227   732 16361 D ACDB-LOADER: ACDB -> ACDB_CMD_GET_AUDPROC_STREAM_TABLE_V2
12-01 16:46:59.227   732 16361 D ACDB-LOADER: ACDB -> audstrm_cal->cal_type.cal_data.cal_size = 19476
12-01 16:46:59.227   732 16361 D ACDB-LOADER: ACDB -> send_afe_topology
12-01 16:46:59.227   732 16361 D ACDB-LOADER: ACDB -> ACDB_CMD_GET_AFE_TOPOLOGY_ID
12-01 16:46:59.227   732 16361 D ACDB-LOADER: ACDB -> GET_AFE_TOPOLOGY_ID for adcd_id 102, Topology Id 1000b901
12-01 16:46:59.227   732 16361 D ACDB-LOADER: ACDB -> send_afe_cal
12-01 16:46:59.227   732 16361 D ACDB-LOADER: ACDB -> ACDB_CMD_GET_AFE_COMMON_TABLE_SIZE
12-01 16:46:59.227   732 16361 D         : ACDBFILE_MGR:Read the devices count as zero, please check the acdb file
12-01 16:46:59.227   732 16361 D ACDB-LOADER: ACDB -> ACDB_CMD_GET_AFE_COMMON_TABLE
12-01 16:46:59.227   732 16361 D         : ACDBFILE_MGR:Read the devices count as zero, please check the acdb file
12-01 16:46:59.227   732 16361 D ACDB-LOADER: ACDB -> AUDIO_SET_AFE_CAL
12-01 16:46:59.227   732 16361 D ACDB-LOADER: ACDB -> send_hw_delay : acdb_id = 102 path = 1
12-01 16:46:59.227   732 16361 D ACDB-LOADER: ACDB -> ACDB_AVSYNC_INFO: ACDB_CMD_GET_DEVICE_PROPERTY
12-01 16:46:59.227   732 16361 D audio_hw_primary: enable_audio_route: apply mixer and update path: spkr-vi-feedback
12-01 16:46:59.227   732 16361 D audio_route: Apply path: spkr-vi-feedback
12-01 16:46:59.227   732 16361 D audio_route: Setting mixer control: TERT_MI2S_RX_VI_FB_MUX, value: 2
12-01 16:46:59.229   732 16361 D audio_route: Setting mixer control: MultiMedia2 Mixer TERT_MI2S_TX, value: 1
12-01 16:46:59.233  1491  2359 W Binder  : Outgoing transactions from this process must be FLAG_ONEWAY
12-01 16:46:59.233  1491  2359 W Binder  : java.lang.Throwable
12-01 16:46:59.233  1491  2359 W Binder  : 	at android.os.BinderProxy.transact(BinderProxy.java:493)
12-01 16:46:59.233  1491  2359 W Binder  : 	at android.content.ContentProviderProxy.insert(ContentProviderNative.java:479)
12-01 16:46:59.233  1491  2359 W Binder  : 	at android.content.ContentResolver.insert(ContentResolver.java:1835)
12-01 16:46:59.233  1491  2359 W Binder  : 	at com.android.server.audio.AudioService.notifyDVFSToSoundAlive(AudioService.java:12265)
12-01 16:46:59.233  1491  2359 W Binder  : 	at com.android.server.audio.AudioService.handleCustomMessage(AudioService.java:9308)
12-01 16:46:59.233  1491  2359 W Binder  : 	at com.android.server.audio.AudioService$AudioHandler.handleMessage(AudioService.java:6479)
12-01 16:46:59.233  1491  2359 W Binder  : 	at android.os.Handler.dispatchMessage(Handler.java:107)
12-01 16:46:59.233  1491  2359 W Binder  : 	at android.os.Looper.loop(Looper.java:237)
12-01 16:46:59.233  1491  2359 W Binder  : 	at com.android.server.audio.AudioService$AudioSystemThread.run(AudioService.java:5891)
12-01 16:46:59.234 20221 20239 D SAContentProvider: Player/Screen Callback
12-01 16:46:59.237 20835 20913 D UE4     : [2021.12.01-22.46.59:237][  0]LogAudio: Display: Audio Device (ID: 1) registered with world 'Untitled'.
12-01 16:46:59.237 20835 20913 D UE4     : [2021.12.01-22.46.59:237][  0]LogSlate: Updating window title bar state: overlay mode, drag disabled, window buttons hidden, title bar hidden
12-01 16:46:59.238 20835 20913 D UE4     : [2021.12.01-22.46.59:238][  0]LogInit: Display: Game Engine Initialized.
12-01 16:46:59.239 20835 20913 D UE4     : [2021.12.01-22.46.59:239][  0]LogInit: Display: Starting Game.
12-01 16:46:59.239 20835 20913 D UE4     : [2021.12.01-22.46.59:239][  0]LogNet: Browse: /Game/Daytime_Green?Name=Player
12-01 16:46:59.240 20835 20913 D UE4     : [2021.12.01-22.46.59:240][  0]LogLoad: LoadMap: /Game/Daytime_Green?Name=Player
12-01 16:46:59.240 20835 20913 D UE4     : [2021.12.01-22.46.59:240][  0]LogWorld: BeginTearingDown for /Temp/Untitled_0
12-01 16:46:59.242 20835 20913 D UE4     : [2021.12.01-22.46.59:242][  0]LogWorld: UWorld::CleanupWorld for Untitled, bSessionEnded=true, bCleanupResources=true
12-01 16:46:59.243 20835 20913 D UE4     : [2021.12.01-22.46.59:243][  0]LogSlate: InvalidateAllWidgets triggered.  All widgets were invalidated
12-01 16:46:59.254 20835 20913 D UE4     : [2021.12.01-22.46.59:254][  0]LogAudio: Display: Audio Device unregistered from world 'None'.
12-01 16:46:59.257 20835 20913 D UE4     : [2021.12.01-22.46.59:257][  0]LogUObjectHash: Compacting FUObjectHashTables data took   1.67ms
12-01 16:46:59.270   732 16361 V audio_hw_sec: sec_dsm_spkr_prot_control_tx_topology() dsm enabled (c:0 d:1 m:0)
12-01 16:46:59.271   732 16361 D audio_hw_primary: enable_snd_device: snd_device(2: speaker)
12-01 16:46:59.271   732 16361 D audio_route: Apply path: speaker
12-01 16:46:59.271   732 16361 D audio_hw_utils: audio_extn_utils_send_app_type_cfg: usecase->out_snd_device speaker
12-01 16:46:59.271   732 16361 D sdm660_platform: platform_split_snd_device: snd_device(2) num devices(0) new_snd_devices(0)
12-01 16:46:59.271   732 16361 E voice   : voice_is_in_call_rec_stream: input stream is NULL
12-01 16:46:59.271   732 16361 I audio_hw_utils: send_app_type_cfg_for_device PLAYBACK app_type 69937, acdb_dev_id 15, sample_rate 48000, snd_device_be_idx 45
12-01 16:46:59.272   732 16361 D sdm660_platform: platform_split_snd_device: snd_device(2) num devices(1) new_snd_devices(0)
12-01 16:46:59.272   732 16361 D ACDB-LOADER: ACDB -> send_audio_cal, acdb_id = 15, path = 0, app id = 0x11131, sample rate = 48000
12-01 16:46:59.272   732 16361 D ACDB-LOADER: ACDB -> send_asm_topology
12-01 16:46:59.272   732 16361 D ACDB-LOADER: ACDB -> ACDB_CMD_GET_AUDPROC_STREAM_TOPOLOGY_ID
12-01 16:46:59.272   732 16361 D ACDB-LOADER: ACDB -> send_adm_topology
12-01 16:46:59.272   732 16361 D ACDB-LOADER: ACDB -> ACDB_CMD_GET_AUDPROC_COMMON_TOPOLOGY_ID
12-01 16:46:59.272   732 16361 D ACDB-LOADER: ACDB -> send_audtable
12-01 16:46:59.272   732 16361 D ACDB-LOADER: ACDB -> ACDB_CMD_GET_AUDPROC_COMMON_TABLE_SIZE
12-01 16:46:59.272   732 16361 D         : ACDBFILE_MGR:Read the devices count as zero, please check the acdb file
12-01 16:46:59.272   732 16361 D ACDB-LOADER: ACDB -> ACDB_CMD_GET_AUDPROC_COMMON_TABLE
12-01 16:46:59.272   732 16361 D         : ACDBFILE_MGR:Read the devices count as zero, please check the acdb file
12-01 16:46:59.272   732 16361 D ACDB-LOADER: ACDB -> AUDIO_SET_AUDPROC_CAL
12-01 16:46:59.272   732 16361 D ACDB-LOADER: ACDB -> send_audvoltable
12-01 16:46:59.272   732 16361 D ACDB-LOADER: ACDB -> ACDB_CMD_GET_AUDPROC_VOL_STEP_TABLE_SIZE
12-01 16:46:59.272   732 16361 D         : ACDBFILE_MGR:Read the devices count as zero, please check the acdb file
12-01 16:46:59.272   732 16361 D ACDB-LOADER: ACDB -> ACDB_CMD_GET_AUDPROC_GAIN_DEP_STEP_TABLE, vol index 0
12-01 16:46:59.272   732 16361 D         : ACDBFILE_MGR:Read the devices count as zero, please check the acdb file
12-01 16:46:59.272   732 16361 D ACDB-LOADER: ACDB -> AUDIO_SET_VOL_CAL cal type = 12
12-01 16:46:59.272   732 16361 D ACDB-LOADER: ACDB -> ACDB_CMD_GET_AUDPROC_STREAM_TABLE_SIZE
12-01 16:46:59.272   732 16361 D ACDB-LOADER: ACDB -> send_audstrmtable
12-01 16:46:59.272   732 16361 D ACDB-LOADER: ACDB -> ACDB_CMD_GET_AUDPROC_STREAM_TABLE_V2
12-01 16:46:59.273   732 16361 D ACDB-LOADER: ACDB -> audstrm_cal->cal_type.cal_data.cal_size = 19476
12-01 16:46:59.273   732 16361 D ACDB-LOADER: ACDB -> send_afe_topology
12-01 16:46:59.273   732 16361 D ACDB-LOADER: ACDB -> ACDB_CMD_GET_AFE_TOPOLOGY_ID
12-01 16:46:59.273   732 16361 D ACDB-LOADER: ACDB -> GET_AFE_TOPOLOGY_ID for adcd_id 15, Topology Id 1000b900
12-01 16:46:59.273   732 16361 D ACDB-LOADER: ACDB -> send_afe_cal
12-01 16:46:59.273   732 16361 D ACDB-LOADER: ACDB -> ACDB_CMD_GET_AFE_COMMON_TABLE_SIZE
12-01 16:46:59.273   732 16361 D         : ACDBFILE_MGR:Read the devices count as zero, please check the acdb file
12-01 16:46:59.273   732 16361 D ACDB-LOADER: ACDB -> ACDB_CMD_GET_AFE_COMMON_TABLE
12-01 16:46:59.273   732 16361 D         : ACDBFILE_MGR:Read the devices count as zero, please check the acdb file
12-01 16:46:59.273   732 16361 D ACDB-LOADER: ACDB -> AUDIO_SET_AFE_CAL
12-01 16:46:59.273   732 16361 D ACDB-LOADER: ACDB -> send_hw_delay : acdb_id = 15 path = 0
12-01 16:46:59.273   732 16361 D ACDB-LOADER: ACDB -> ACDB_AVSYNC_INFO: ACDB_CMD_GET_DEVICE_PROPERTY
12-01 16:46:59.273   732 16361 D sdm660_platform: platform_split_snd_device: snd_device(2) num devices(0) new_snd_devices(0)
12-01 16:46:59.273   732 16361 I sdm660_platform: platform_get_custom_mtmx_params: no matching param with id 0 ip_ch 2 op_ch 2 uc_id 1 snd_dev 2
12-01 16:46:59.273   732 16361 D audio_hw_primary: enable_audio_route: apply mixer and update path: low-latency-playback speaker
12-01 16:46:59.273   732 16361 D audio_route: Apply path: low-latency-playback speaker
12-01 16:46:59.273   732 16361 D audio_route: Setting mixer control: TERT_MI2S_RX Audio Mixer MultiMedia5, value: 1
12-01 16:46:59.275   732 16361 D audio_hw_primary: select_devices: done
12-01 16:46:59.306   732 16361 D sdm660_platform: platform_set_channel_map mixer_ctl_name:Playback Channel Map13
12-01 16:46:59.306   732 16361 D sdm660_platform: platform_set_channel_map: set mapping(1 2 0 0 0 0 0 0) for channel:2
12-01 16:46:59.307   732 16361 D audio_hw_primary: start_output_stream: exit
12-01 16:46:59.311   790  1109 I FastMixer: handle music stream -2101
12-01 16:46:59.322 20835 20913 D UE4     : [2021.12.01-22.46.59:322][  0]LogAudio: Display: Audio Device (ID: 1) registered with world 'Daytime_Green'.
12-01 16:46:59.326 20835 20913 D UE4     : [2021.12.01-22.46.59:326][  0]LogAIModule: Creating AISystem for world Daytime_Green
12-01 16:46:59.331   790  1111 D AudioFlinger: mixer(0x7569fb08c0) Spend too much time to write: delta 105(effect 0, stage 0)
12-01 16:46:59.345 20835 20913 D UE4     : [2021.12.01-22.46.59:345][  0]LogLoad: Game class is 'Camera_Movement_Mode_Attempt2_C'
12-01 16:46:59.351 20835 20913 D UE4     : [2021.12.01-22.46.59:351][  0]LogWorld: Bringing World /Game/Daytime_Green.Daytime_Green up for play (max tick rate 0) at 2021.12.01-16.46.59
12-01 16:46:59.351 20835 20913 D UE4     : [2021.12.01-22.46.59:351][  0]LogWorld: Bringing up level for play took: 0.003292
12-01 16:46:59.353 20835 20913 D UE4     : [2021.12.01-22.46.59:353][  0]LogOnline: OSS: Creating online subsystem instance for: GooglePlay
12-01 16:46:59.353 20835 20913 D UE4     : [2021.12.01-22.46.59:353][  0]LogOnline: Warning: OSS: FOnlineSubsystemGooglePlayModule was disabled
12-01 16:46:59.360 20835 20913 D UE4     : [2021.12.01-22.46.59:360][  0]LogLoad: Took 0.120831 seconds to LoadMap(/Game/Daytime_Green)
12-01 16:46:59.395 20835 20952 D UE4     : AndroidEGL::  ReleaseContextOwnership,  thread releasing rendering context tid: 20952
12-01 16:46:59.395 20835 20952 D UE4     : AndroidEGL::ResetDisplay()
12-01 16:46:59.409 20835 20913 D UE4     : [2021.12.01-22.46.59:409][  0]LogSlate: Took 0.000648 seconds to synchronously load lazily loaded font '../../../Engine/Content/Slate/Fonts/Roboto-Regular.ttf' (155K)
12-01 16:46:59.411 20835 20913 D UE4     : [2021.12.01-22.46.59:411][  0]LogRHI: Display: ShaderPipelineCache: Paused Batching. 1
12-01 16:46:59.411 20835 20913 D UE4     : [2021.12.01-22.46.59:411][  0]LogRHI: Display: ShaderPipelineCache: Resumed Batching. 0
12-01 16:46:59.411 20835 20913 D UE4     : [2021.12.01-22.46.59:411][  0]LogRHI: Display: ShaderPipelineCache: Batching Resumed.
12-01 16:46:59.411 20835 20913 D UE4     : [2021.12.01-22.46.59:411][  0]LogInit: Display: Engine is initialized. Leaving FEngineLoop::Init()
12-01 16:46:59.411 20835 20913 D UE4     : [2021.12.01-22.46.59:411][  0]LogAndroid: Passed GEngineLoop.Init()
12-01 16:46:59.412 20835 20913 D UE4     : [2021.12.01-22.46.59:412][  0]LogAndroidEvents: Display: LogAndroidEvents::DequeueAppEvent : 9, [width=-1, height=-1], APP_EVENT_STATE_ON_START
12-01 16:46:59.413 20835 20913 D UE4     : FAppEventManager::Tick processing, 9
12-01 16:46:59.413 20835 20913 D UE4     : [2021.12.01-22.46.59:413][  0]LogAndroidEvents: Display: LogAndroidEvents::DequeueAppEvent : 7, [width=-1, height=-1], APP_EVENT_STATE_ON_RESUME
12-01 16:46:59.413 20835 20913 D UE4     : FAppEventManager::Tick processing, 7
12-01 16:46:59.413 20835 20913 D UE4     : [2021.12.01-22.46.59:413][  0]LogAndroidEvents: Display: LogAndroidEvents::DequeueAppEvent : 0, [width=2220, height=1080], APP_EVENT_STATE_WINDOW_CREATED
12-01 16:46:59.413 20835 20913 D UE4     : FAppEventManager::Tick processing, 0
12-01 16:46:59.413 20835 20913 D UE4     : [2021.12.01-22.46.59:413][  0]LogAndroidEvents: Display: ExecWindowCreated
12-01 16:46:59.413 20835 20913 D UE4     : AndroidEGL::ReInitWindow()
12-01 16:46:59.413 20835 20913 D UE4     : [2021.12.01-22.46.59:413][  0]LogAndroid: AndroidEGL::RefreshWindowSize updating window size = 1176, 576, cached size : 0, 0 tid : 20913
12-01 16:46:59.413 20835 20913 D UE4     : [2021.12.01-22.46.59:413][  0]LogAndroid: AndroidEGL::ResizeSharedContextSurface, PImplData->Window=0x733043b010, PImplData->eglWidth=8, PImplData->eglHeight=8!, CachedWidth=1176, CachedHeight=576, tid: 20913
12-01 16:46:59.413 20835 20913 D UE4     : AndroidEGL::UnBindShared()
12-01 16:46:59.413 20835 20913 D UE4     : AndroidEGL::ResetDisplay()
12-01 16:46:59.413 20835 20913 D UE4     : AndroidEGL::DestroySharedSurface()
12-01 16:46:59.414 20835 20913 D UE4     : AndroidEGL::InitSharedSurface 0
12-01 16:46:59.414 20835 20913 D UE4     : AndroidEGL::InitSharedSurface, Using CachedWindowRect, width: 1176, height 576 
12-01 16:46:59.414 20835 20913 D UE4     : AndroidEGL::InitSharedSurface, Using width: 1176, height 576 
12-01 16:46:59.414 20835 20913 D UE4     : AndroidEGL::InitSharedSurface, width: 1176, height 576 
12-01 16:46:59.414 20835 20913 D UE4     : AndroidEGL::CreateEGLSharedSurface(), auxSurface = eglCreatePbufferSurface(), 8x8
12-01 16:46:59.414 20835 20913 D UE4     : ExecWindowCreated, 0, 1, 1
12-01 16:46:59.414 20835 20913 D UE4     : [2021.12.01-22.46.59:414][  0]LogAndroidEvents: Display: LogAndroidEvents::DequeueAppEvent : 11, [width=-1, height=-1], APP_EVENT_STATE_WINDOW_GAINED_FOCUS
12-01 16:46:59.415 20835 20913 D UE4     : FAppEventManager::Tick processing, 11
12-01 16:46:59.415 20835 20913 D UE4     : [2021.12.01-22.46.59:415][  0]LogAndroidEvents: Display: LogAndroidEvents::DequeueAppEvent : 14, [width=-1, height=-1], APP_EVENT_STATE_APP_ACTIVATED
12-01 16:46:59.415 20835 20913 D UE4     : FAppEventManager::Tick processing, 14
12-01 16:46:59.415 20835 20969 D UE4     : [2021.12.01-22.46.59:414][  0]LogRenderer: Reallocating scene render targets to support 1176x576 Format 10 NumSamples 1 (Frame:1).
12-01 16:46:59.415 20835 20913 D UE4     : Execution will be resumed!
12-01 16:46:59.415 20835 20913 D UE4     : [2021.12.01-22.46.59:415][  0]LogAndroidEvents: Display: LogAndroidEvents::DequeueAppEvent : 15, [width=-1, height=-1], APP_EVENT_RUN_CALLBACK
12-01 16:46:59.415 20835 20913 D UE4     : FAppEventManager::Tick processing, 15
12-01 16:46:59.415 20835 20913 D UE4     : [2021.12.01-22.46.59:415][  0]LogAndroidEvents: Display: Event thread callback running.
12-01 16:46:59.415 20835 20913 D UE4     : [2021.12.01-22.46.59:415][  0]LogAndroid: performing app foregrounding callback.
12-01 16:46:59.415 20835 20913 D UE4     : [GameActivity] Registering volume receiver
12-01 16:46:59.419 20835 20835 D ViewRootImpl@c0c714c[GameActivity]: dispatchDetachedFromWindow
12-01 16:46:59.420 20835 20913 D UE4     : [GameActivity] startVolumeReceiver: 8
12-01 16:46:59.420 20835 20913 D UE4     : nativeVolumeEvent(8)
12-01 16:46:59.420 20835 20913 D UE4     : [GameActivity] Registering battery receiver
12-01 16:46:59.420  1491  4746 D InputTransport: Input channel destroyed: 'e79a796', fd=415
12-01 16:46:59.424  1491  4746 I WindowManager: Destroying surface Surface(name=neu.edu.madcourse.Bello_CS5520_MoveMe/com.epicgames.ue4.GameActivity$_20835)/@0x50197e called by com.android.server.wm.WindowStateAnimator.destroySurface:1725 com.android.server.wm.WindowStateAnimator.destroySurfaceLocked:684 com.android.server.wm.WindowState.removeImmediately:2282 com.android.server.wm.WindowState.removeIfPossible:2418 com.android.server.wm.WindowState.removeIfPossible:2297 com.android.server.wm.WindowManagerService.removeWindow:2029 com.android.server.wm.Session.remove:184 android.view.IWindowSession$Stub.onTransact:658 
12-01 16:46:59.424 20835 20913 D UE4     : [GameActivity] Registering headset receiver
12-01 16:46:59.425   795  3217 I SurfaceFlinger: id=2698 Removed neu.edu.madcourse.Bello_CS5520_MoveMe/com.epicgames.ue4.GameActivity$_20835#0 (47)
12-01 16:46:59.426  1491  4746 V WindowManager: performShow on Window{c2df608 u0 StatusBar}: mDrawState=READY_TO_SHOW readyForDisplay=false starting=false during animation: policyVis=false parentHidden=false tok.hiddenRequested=false tok.hidden=false animating=false tok animating=false Callers=com.android.server.wm.WindowState.performShowLocked:4660 com.android.server.wm.WindowStateAnimator.commitFinishDrawingLocked:371 com.android.server.wm.DisplayContent.lambda$new$8$DisplayContent:935 com.android.server.wm.-$$Lambda$DisplayContent$qxt4izS31fb0LF2uo_OF9DMa7gc.accept:4 
12-01 16:46:59.428 20835 20913 D UE4     : [GameActivity] startHeadsetReceiver: 0
12-01 16:46:59.428 20835 20913 D UE4     : nativeHeadsetEvent(0)
12-01 16:46:59.429 20835 20913 D UE4     : [2021.12.01-22.46.59:428][  0]LogCore: Display: AppLifetime: Application has entered foreground
12-01 16:46:59.429  1491  3878 W BestClock: java.time.DateTimeException: Missing NTP fix
12-01 16:46:59.429   795  3217 I SurfaceFlinger: id=2696 Removed e79a796 neu.edu.madcourse.Bello_CS5520_MoveMe/com.epicgames.ue4.GameActivity#0 (47)
12-01 16:46:59.429 20835 20835 D InputTransport: Input channel destroyed: 'e79a796', fd=73
12-01 16:46:59.430   795   795 I Layer   : id=2696[1] Destroyed e79a796 neu.edu.madcourse.Bello_CS5520_MoveMe/com.epicgames.ue4.GameActivity#0
12-01 16:46:59.431 20835 20835 D UE4     : [GameActivity] Battery: status = 5, rawlevel = 100, scale = 100
12-01 16:46:59.431 20835 20835 D UE4     : nativeBatteryEvent(stat = 5, lvl = 100  temp = 28.10 C)
12-01 16:46:59.432   795   795 I Layer   : id=2698[1] Destroyed neu.edu.madcourse.Bello_CS5520_MoveMe/com.epicgames.ue4.GameActivity$_20835#0
12-01 16:46:59.432  1491  1655 V WindowManager: performShow on Window{c2df608 u0 StatusBar}: mDrawState=READY_TO_SHOW readyForDisplay=false starting=false during animation: policyVis=false parentHidden=false tok.hiddenRequested=false tok.hidden=false animating=false tok animating=false Callers=com.android.server.wm.WindowState.performShowLocked:4660 com.android.server.wm.DisplayContent.lambda$new$0$DisplayContent:662 com.android.server.wm.-$$Lambda$DisplayContent$0yxrqH9eGY2qTjH1u_BvaVrXCSA.accept:4 com.android.server.wm.WindowContainer$ForAllWindowsConsumerWrapper.apply:1184 
12-01 16:46:59.433  1241  1484 I netd    : tetherGetStats() <2.27ms>
12-01 16:46:59.434   795   795 I SurfaceFlinger: Display 0 HWC layers:
12-01 16:46:59.434   795   795 I SurfaceFlinger:     type    |    handle    | flag |  format   |   source crop (l,t,r,b)    |         frame       | name 
12-01 16:46:59.434   795   795 I SurfaceFlinger: ------------+--------------+------+-----------+----------------------------+---------------------+------
12-01 16:46:59.434   795   795 I SurfaceFlinger:      DEVICE | 0x7f4ae25f00 | 0002 | RGBx_8888 |   0.0    0.0  576.0 1176.0 |    0    0 1080 2220 | SurfaceView - neu.edu.madcourse.Bell[...]icgames.ue4.GameActivity@e295f55@0#0
12-01 16:46:59.434   795   795 I SurfaceFlinger:      DEVICE | 0x7f4ae25d00 | 0000 | RGBA_8888 |   0.0    0.0 1080.0 2220.0 |    0    0 1080 2220 | neu.edu.madcourse.Bello_CS5520_MoveMe/com.epicgames.ue4.GameActivity$_20835#1
12-01 16:46:59.434   795   795 I SurfaceFlinger: 
12-01 16:46:59.437  1491  3878 W BestClock: java.time.DateTimeException: Missing NTP fix
12-01 16:46:59.438  1491  2338 W BestClock: java.time.DateTimeException: Missing NTP fix
12-01 16:46:59.444  1491  4746 W BestClock: java.time.DateTimeException: Missing NTP fix
12-01 16:46:59.449  1241  1484 I netd    : tetherGetStats() <3.23ms>
12-01 16:46:59.452  1491  4746 W BestClock: java.time.DateTimeException: Missing NTP fix
12-01 16:46:59.454  1491  2338 W BestClock: java.time.DateTimeException: Missing NTP fix
12-01 16:46:59.458 20835 20952 D UE4     : [2021.12.01-22.46.59:458][  0]LogRHI: Using OpenGL program LRU cache: 0
12-01 16:46:59.529 20835 20913 D UE4     : [2021.12.01-22.46.59:529][  0]LogUdpMessaging: Initializing bridge on interface 0.0.0.0:0 to multicast group 230.0.0.1:6666.
12-01 16:46:59.529 20835 20913 D UE4     : [2021.12.01-22.46.59:529][  0]FUdpSocketBuilder: Failed to subscribe UdpMessageMulticastSocket to multicast group 230.0.0.1 on interface 0.0.0.0
12-01 16:46:59.529 20835 20913 D UE4     : [2021.12.01-22.46.59:529][  0]FUdpSocketBuilder: Failed to create and initialize socket UdpMessageMulticastSocket (last error: 55)
12-01 16:46:59.530 20835 20913 D UE4     : [2021.12.01-22.46.59:530][  0]LogUdpMessaging: Warning: StartTransport failed to create multicast socket on 0.0.0.0:0, joined to 230.0.0.1:6666 with TTL 1
12-01 16:46:59.736 20221 20221 D SoundAliveApplication: resetUnsupportedEffects
12-01 16:46:59.865 20221 20221 I SoundAliveApplication: reset setting-value for Surround
12-01 16:46:59.868 20221 20221 I chatty  : uid=10131(com.sec.android.app.soundalive) identical 6 lines
12-01 16:46:59.868 20221 20221 I SoundAliveApplication: reset setting-value for Surround
12-01 16:46:59.868 20221 20221 I AudioManager: getParameters keys = audioParam;l_device_current_output
12-01 16:46:59.870   790   928 V APM_AudioPolicyManager: getAudioPolicyConfig: audioParam;l_device_current_output
12-01 16:46:59.871   790   928 V APM_AudioPolicyManager: getNewOutputDevices selected devices AUDIO_DEVICE_NONE
12-01 16:46:59.872   790   928 V APM_AudioPolicyManager: ### curDeviceType : 2
12-01 16:46:59.872 20221 20221 D SoundAlivePolicyManager: Actual path retrieved: 2
12-01 16:46:59.873 20221 20221 D SoundAlivePolicyManager: isAudioPathSpeaker() : true
12-01 16:46:59.873 20221 20221 D SoundAlivePolicyManager: actual AudioPath : SA_PATH_SPK
12-01 16:46:59.874 20221 20221 I Feature : SUPPORT_HUN_FLOATING_FEATURE = trueCOUNTRY_CODE = Poland
12-01 16:46:59.874 20221 20221 D SADVFSHelper: Audio route update attempt
12-01 16:46:59.883 20221 20221 D SAPathManager: got Performance-mode as : 0
12-01 16:46:59.883 20221 20221 E DeXUtil : DesktopModeManager is null, so it can't be decided.
12-01 16:46:59.884 20221 20221 D SoundAlivePolicyManager: isGlobalEffectSupportCurrentAudioPath, currentDeviceType : 2
12-01 16:46:59.884 20221 20221 D SAPathManager: Effect 0 not supported on current path
12-01 16:46:59.884 20221 20221 D SoundAliveApplication: registerAudioPlaybackCallback : isRunningGameWhiteList : false
12-01 16:46:59.884 20221 20221 D SADVFSHelper: Either heavy-duty effect is Off or Music playback is not active
12-01 16:47:00.000  1491  2291 D SamsungAlarmManager: Expired : 8
12-01 16:47:00.001  1491  2291 V SamsungAlarmManager: Sending to uid : 1000 listener=com.android.server.AlarmManagerService$2@f8b3921 alarm=Alarm{89aaead type 3 when 32581136 android}
12-01 16:47:00.007  2489  2489 D KeyguardUpdateMonitor: received broadcast android.intent.action.TIME_TICK
12-01 16:47:00.009  2489  2489 D QSClockBellTower: He is ready to ring the bell. (((timeText:4:47, skipUpdateForDemo:false, dateText:Wed, December 1, shortenDateText = Wed, Dec 1)))
12-01 16:47:00.011  2489  2489 D QSClock : status_bar_clock notifyTimeChanged(currentTime:4:47) mClockVisibleByPolicy:true, mClockVisibleByUser:true, visible?true, parent:android.widget.LinearLayout{4b011ac V.E...... ......ID 0,0-75,63 #7f0a0381 app:id/left_clock_container}
12-01 16:47:00.013  1491  2291 D SamsungAlarmManager: setExact Listener (T:3/F:1/AC:false) 20211201T164800 - CU:1000/CP:1491
12-01 16:47:00.014  1491  2291 I SamsungAlarmManager: setLocked to kernel - T:2 / 20211201T164705, SetElapsed=32586357, nowELAPSED=32581150
12-01 16:47:00.016  1491  2291 I SamsungAlarmManager: setLocked to kernel - T:2 / 20211201T164705, SetElapsed=32586357, nowELAPSED=32581153
12-01 16:47:00.017  2489  2489 D QSClockBellTower: Everyone heard the bell. run(currentTime:1638398820008,   getTime():Wed Dec 01 16:47:00 CST 2021,   getTimeZone():libcore.util.ZoneInfo[id="America/Chicago",mRawOffset=-21600000,mEarliestRawOffset=-21600000,mUseDst=true,mDstSavings=3600000,transitions=235])
12-01 16:47:00.018  2489  2489 D KeyguardUpdateMonitor: handleTimeUpdate
12-01 16:47:00.033  2489  2489 D QSContainerImpl: getDisplayHeight portrait? false  displayHeight= 1080
12-01 16:47:00.053  2489  2489 W GraphicUtils: getTextEmpty : skipped with null text
12-01 16:47:00.053  2489  2489 W GraphicUtils: setLinearGradientTextColor : skipped with null text
12-01 16:47:00.055 24418 24418 D BoundBrokerSvc: onUnbind: Intent { act=com.google.android.gms.feedback.internal.IFeedbackService cmp=com.google.android.gms/.chimera.GmsBoundBrokerService }
12-01 16:47:00.156  1491  3878 I ActivityManager: Killing 19639:com.google.process.gapps/u0a84 (adj 985): empty #25
12-01 16:47:00.157   794   794 E lmkd    : Error writing /proc/19639/oom_score_adj; errno=22
12-01 16:47:00.204  1491  1668 I libprocessgroup: Successfully killed process cgroup uid 10084 pid 19639 in 43ms
12-01 16:47:00.205  1020  1020 I Zygote  : Process 19639 exited due to signal 9 (Killed)
12-01 16:47:00.210 20835 20913 D UE4     : [2021.12.01-22.47.00:210][  0]LogTcpMessaging: Initializing TcpMessaging bridge, listening on 127.0.0.1:6666
12-01 16:47:00.212 20835 20913 D UE4     : [2021.12.01-22.47.00:212][  0]LogCore: Display: AppLifetime: Application has reactivated
12-01 16:47:00.213 20835 20913 D UE4     : [2021.12.01-22.47.00:213][  0]LogTemp: Android resume audio
12-01 16:47:00.217 20835 20952 D UE4     : [2021.12.01-22.47.00:217][  0]LogAndroid: AndroidEGL::ResizeRenderContextSurface, PImplData->Window=0x733043b010, PImplData->eglWidth=8, PImplData->eglHeight=8!, CachedWidth=1176, CachedHeight=576, tid: 20952
12-01 16:47:00.217 20835 20952 D UE4     : AndroidEGL::UnBindRender()
12-01 16:47:00.217 20835 20952 D UE4     : AndroidEGL::ResetDisplay()
12-01 16:47:00.218 20835 20952 D UE4     : AndroidEGL::DestroyRenderSurface()
12-01 16:47:00.226 20835 20952 D UE4     : AndroidEGL::InitRenderSurface 0, 1
12-01 16:47:00.226 20835 20952 D UE4     : AndroidEGL::InitRenderSurface, Using CachedWindowRect, width: 1176, height 576 
12-01 16:47:00.226 20835 20952 D UE4     : AndroidEGL::InitRenderSurface, Using width: 1176, height 576 
12-01 16:47:00.227 20835 20952 D UE4     : AndroidEGL::InitRenderSurface, wnd: 0x733043b010, width: 1176, height 576 
12-01 16:47:00.227 20835 20952 D UE4     : AndroidEGL::CreateEGLRenderSurface() 0x72aaac0680
12-01 16:47:00.235 20835 20913 D UE4     : [2021.12.01-22.47.00:235][  0]LogAndroid: Display: Low Power Mode Changed: 0
12-01 16:47:00.241 20835 20913 D UE4     : [2021.12.01-22.47.00:241][  0]LogSlate: InvalidateAllWidgets triggered.  All widgets were invalidated
12-01 16:47:00.312 20835 20913 D UE4     : [2021.12.01-22.47.00:312][  0]LogSlate: Slate font cache was flushed
12-01 16:47:00.332 20835 20913 D UE4     : [2021.12.01-22.47.00:331][  1]LogSlate: Took 0.000625 seconds to synchronously load lazily loaded font '../../../Engine/Content/Slate/Fonts/Roboto-Regular.ttf' (155K)
12-01 16:47:00.888 20221 20221 D SAPathManager: got Performance-mode as : 0
12-01 16:47:00.888 20221 20221 E DeXUtil : DesktopModeManager is null, so it can't be decided.
12-01 16:47:00.889 20221 20221 D SoundAlivePolicyManager: isGlobalEffectSupportCurrentAudioPath, currentDeviceType : 2
12-01 16:47:00.889 20221 20221 D SAPathManager: Effect 0 not supported on current path
12-01 16:47:00.889 20221 20221 D SoundAliveApplication: registerAudioPlaybackCallback : isRunningGameWhiteList : false
12-01 16:47:00.889 20221 20221 D SADVFSHelper: Either heavy-duty effect is Off or Music playback is not active
12-01 16:47:01.077  2489  2913 D NetworkController.MobileSignalController(0/2147483647): onSignalStrengthsChanged signalStrength=SignalStrength:{mCdma=Invalid,mGsm=Invalid,mWcdma=Invalid,mTdscdma=Invalid,mLte=CellSignalStrengthLte: rssi=-81 rsrp=-107 rsrq=-13 rssnr=12 cqi=2147483647 ta=2147483647 level=2,mNr=Invalid,SignalBarInfo{ lteLevel=2 },P,rat=14,primary=CellSignalStrengthLte} level=2
12-01 16:47:01.078  2489  2913 D NetworkController.MobileSignalController(0/2147483647): getMobileIconGroup(): 0
12-01 16:47:01.213 20835 20976 D UE4     : [2021.12.01-22.47.01:213][ 57]LogTcpMessaging: Started Connection to '127.0.0.1:55314'
12-01 16:47:01.215 20835 20976 D UE4     : [2021.12.01-22.47.01:215][ 58]LogTcpMessaging: Discovered node 'D0B3F57B4CF7DA3C8009BFB65C3A1F85' on connection '127.0.0.1:55314'...
12-01 16:47:01.284   747   902 I qti_sensors_hal: processReportInd: Light - 0 0
12-01 16:47:01.422  3849  4404 D SDHMS:com.sec.android.sdhms.thermal.siop.z: SIOP:: AP:210(350,110) BAT:281(281,0) CHG:313(313,0) USB:0(0,0) WIFI:301(307,0) PA:302(320,0) LRP:291(291,-999) LRF:291(291) LRB:291(291) 
12-01 16:47:01.710  2489  2913 D NetworkController.MobileSignalController(0/2147483647): onSignalStrengthsChanged signalStrength=SignalStrength:{mCdma=Invalid,mGsm=Invalid,mWcdma=Invalid,mTdscdma=Invalid,mLte=CellSignalStrengthLte: rssi=-79 rsrp=-107 rsrq=-13 rssnr=14 cqi=2147483647 ta=2147483647 level=2,mNr=Invalid,SignalBarInfo{ lteLevel=2 },P,rat=14,primary=CellSignalStrengthLte} level=2
12-01 16:47:01.711  2489  2913 D NetworkController.MobileSignalController(0/2147483647): getMobileIconGroup(): 0
12-01 16:47:01.835  1491  2377 D PkgPredictorService-NapPreloadController: Pkg: com.android.settings already preloaded
12-01 16:47:01.926 20221 20221 D SAPathManager: got Performance-mode as : 0
12-01 16:47:01.927 20221 20221 E DeXUtil : DesktopModeManager is null, so it can't be decided.
12-01 16:47:01.929 20221 20221 D SoundAlivePolicyManager: isGlobalEffectSupportCurrentAudioPath, currentDeviceType : 2
12-01 16:47:01.929 20221 20221 D SAPathManager: Effect 0 not supported on current path
12-01 16:47:01.929 20221 20221 D SoundAliveApplication: registerAudioPlaybackCallback : isRunningGameWhiteList : false
12-01 16:47:01.929 20221 20221 D SADVFSHelper: Either heavy-duty effect is Off or Music playback is not active
12-01 16:47:02.479  1491  1657 E Watchdog: !@Sync 1085 [2021-12-01 16:47:02.479] FD count : 573, wdog_way : pwdt
12-01 16:47:02.802 20835 20913 D UE4     : EngineMemoryWarningHandler: Mem Used 405.07 MB, Texture Memory 10.99 MB, Render Target memory 67.47 MB, OS Free 3470.70 MB
12-01 16:47:02.838  1491  8150 D GameManagerService: identifyGamePackage. neu.edu.madcourse.Bello_CS5520_MoveMe, mCurrentUserId: 0, callerUserId: 0
12-01 16:47:02.838  1491  8150 D GamePkgDataHelper: getGamePkgData(). neu.edu.madcourse.Bello_CS5520_MoveMe
12-01 16:47:03.499  1491  1665 D PowerManagerService: [api] setDeviceIdleTempWhitelist: appids:  (uid: 1000 pid: 1491)
12-01 16:47:04.278  2489  2913 D NetworkController.MobileSignalController(0/2147483647): onSignalStrengthsChanged signalStrength=SignalStrength:{mCdma=Invalid,mGsm=Invalid,mWcdma=Invalid,mTdscdma=Invalid,mLte=CellSignalStrengthLte: rssi=-83 rsrp=-107 rsrq=-13 rssnr=18 cqi=2147483647 ta=2147483647 level=2,mNr=Invalid,SignalBarInfo{ lteLevel=2 },P,rat=14,primary=CellSignalStrengthLte} level=2
12-01 16:47:04.278  2489  2913 D NetworkController.MobileSignalController(0/2147483647): getMobileIconGroup(): 0
12-01 16:47:04.555 19549 20422 I System.out: (HTTPLog)-Static: isSBSettingEnabled false
12-01 16:47:04.555 19549 20422 I System.out: (HTTPLog)-Static: isSBSettingEnabled false
12-01 16:47:04.559  1241  1358 D EnterpriseController: netId is 0
12-01 16:47:04.559  1241  1358 E Netd    : getNetworkForDns: getNetId from enterpriseCtrl is netid 0
12-01 16:47:04.559  1241  1358 D DnsProxyListener: DNSDBG::dns addrinfo af 0 - 10102
12-01 16:47:04.563  1491  2382 E NetdEventListenerService: handleMessage: { when=0 what=10001 obj=com.android.server.connectivity.NetdEventListenerService$DnsResultParams@763af3a target=com.android.server.connectivity.NetdEventListenerService$DnsEventHandler }
12-01 16:47:05.220  1491  2291 D SamsungAlarmManager: Expired : 4
12-01 16:47:05.221  1491  2291 V SamsungAlarmManager: Sending to uid : 1000 listener=android.app.AlarmManager$ListenerWrapper@5b177eb alarm=Alarm{9dbd948 type 2 when 32549418 android}
12-01 16:47:05.222  1491  2291 V SamsungAlarmManager: Sending to uid : 1000 listener=android.app.AlarmManager$ListenerWrapper@47fa3e1 alarm=Alarm{f4d8506 type 2 when 32586357 android}
12-01 16:47:05.222  1491  2291 V SamsungAlarmManager: Sending to uid : 10144 listener=android.os.BinderProxy@c60711e alarm=Alarm{b2da7c7 type 1 when 1638398820000 com.sec.android.app.launcher}
12-01 16:47:05.222  1491  2291 I SamsungAlarmManager: setLocked to kernel - T:2 / 20211201T164735, SetElapsed=32616357, nowELAPSED=32586359
12-01 16:47:05.223  1491  2291 I SamsungAlarmManager: setLocked to kernel - T:3 / 20211201T164717, SetElapsed=32599100, nowELAPSED=32586359
12-01 16:47:05.223  2917  2917 D LiveIconUpdateEventHandler: onMinuteChanged
12-01 16:47:05.223  2917  2917 D LiveIconUpdateEventHandler: setMinuteChangeAlarm
12-01 16:47:05.225  1491  4746 D SamsungAlarmManager: setInexact Listener (T:1/F:0/AC:false) 20211201T164800 - CU:10144/CP:2917
12-01 16:47:05.226  1491  4746 I SamsungAlarmManager: setLocked to kernel - T:2 / 20211201T164800, SetElapsed=32641137, nowELAPSED=32586362
12-01 16:47:05.226  1491  4746 I SamsungAlarmManager: setLocked to kernel - T:3 / 20211201T164717, SetElapsed=32599100, nowELAPSED=32586362
12-01 16:47:05.226  1491  2341 D SamsungAlarmManager: setInexact Listener (T:2/F:8/AC:false) 20211201T164913 - CU:1000/CP:1491
12-01 16:47:05.227  1491  2341 I SamsungAlarmManager: setLocked to kernel - T:2 / 20211201T164800, SetElapsed=32641137, nowELAPSED=32586363
12-01 16:47:05.227  1491  2341 I SamsungAlarmManager: setLocked to kernel - T:3 / 20211201T164717, SetElapsed=32599100, nowELAPSED=32586363
12-01 16:47:05.228  1491  1491 D SamsungAlarmManager: setInexact Listener (T:2/F:0/AC:false) 20211201T165201 - CU:1000/CP:1491
12-01 16:47:05.228  1491  1491 I SamsungAlarmManager: setLocked to kernel - T:2 / 20211201T164800, SetElapsed=32641137, nowELAPSED=32586365
12-01 16:47:05.229  1491  1491 I SamsungAlarmManager: setLocked to kernel - T:3 / 20211201T164717, SetElapsed=32599100, nowELAPSED=32586365
12-01 16:47:05.229  1491  2348 I WifiScanController: scan requested by WifiConnectivityManager
12-01 16:47:05.231  1491  2348 D SamsungAlarmManager: setInexact Listener (T:2/F:8/AC:false) 20211201T164720 - CU:1000/CP:1491
12-01 16:47:05.232  1491  2348 I SamsungAlarmManager: setLocked to kernel - T:2 / 20211201T164720, SetElapsed=32601367, nowELAPSED=32586368
12-01 16:47:05.232  1491  2348 I SamsungAlarmManager: setLocked to kernel - T:3 / 20211201T164717, SetElapsed=32599100, nowELAPSED=32586368
12-01 16:47:05.232  1491  2344 E MobileWipsFrameworkService: unbinded can not send 12
12-01 16:47:05.243  1491  1491 D WifiConnectivityMonitor: com.samsung.android.server.wifi.WCM_SCAN_STARTED
12-01 16:47:05.264 19566 19566 I Finsky  : [2] pob.onStartJob(3): SCH: job service start with id 9079.
12-01 16:47:05.286 19566 19614 I Finsky  : [7731] pmq.a(105): SCH: Satisfied jobs for 9079 are: 29-29
12-01 16:47:05.289 19566 19883 I Finsky  : [7781] pgo.accept(28): SCH: Job 29-29 starting
12-01 16:47:05.292 19566 20986 I Finsky  : [7801] tjk.f(0): ProcessRecoveryLogsUtil: No files in recovery directory
12-01 16:47:05.292 19566 20986 I Finsky  : [7801] pmo.s(4): SCH: jobFinished: 29-29. TimeElapsed: 3ms.
12-01 16:47:05.325 19566 19618 I Finsky  : [7735] pmg.accept(69): SCH: Scheduling phonesky job Id: 26-1414141414, CT: 1638366283985, Constraints: [{ L: 43199999, D: 44099999, C: 1, I: 1, N: 0 }]
12-01 16:47:05.343 19566 19619 I Finsky  : [7736] pgq.apply(52): SCH: Scheduling 1 system job(s)
12-01 16:47:05.343 19566 19619 I Finsky  : [7736] pgq.apply(58): SCH: Scheduling system job Id: 9081, L: 10658641, D: 11558641, C: false, I: false, N: 0
12-01 16:47:05.364 19566 19883 I Finsky  : [7781] pob.a(16): SCH: job service finished with id 9079.
12-01 16:47:05.373  1491  4746 I SamsungAlarmManager: setLocked to kernel - T:2 / 20211201T164720, SetElapsed=32601367, nowELAPSED=32586510
12-01 16:47:05.373  1491  4746 I SamsungAlarmManager: setLocked to kernel - T:3 / 20211201T164717, SetElapsed=32599100, nowELAPSED=32586510
12-01 16:47:05.374  1491  4746 D SamsungAlarmManager: setInexact Listener (T:2/F:0/AC:false) 20211201T174418 - CU:1000/CP:1491
12-01 16:47:05.374  1491  4746 I SamsungAlarmManager: setLocked to kernel - T:2 / 20211201T164720, SetElapsed=32601367, nowELAPSED=32586510
12-01 16:47:05.374  1491  4746 I SamsungAlarmManager: setLocked to kernel - T:3 / 20211201T164717, SetElapsed=32599100, nowELAPSED=32586510
12-01 16:47:05.657  1491  1666 I ApplicationPolicy: isApplicationExternalStorageWhitelisted:com.samsung.faceservice user:0
12-01 16:47:05.657  1491  1666 D ApplicationPolicy: isApplicationExternalStorageWhitelisted: DO is not enabled on user 0. Allowed.
12-01 16:47:05.657  1491  1666 D ActivityManager: package  com.samsung.faceservice, user - 0 is SDcard whitelisted
12-01 16:47:05.657  1491  1666 I ApplicationPolicy: isApplicationExternalStorageBlacklisted:com.samsung.faceservice user:0
12-01 16:47:05.657  1491  1666 D ApplicationPolicy: isApplicationExternalStorageBlacklisted: DO is not enabled on user 0. Allowed.
12-01 16:47:05.657  1491  1666 I ApplicationPolicy: isApplicationExternalStorageBlacklisted:com.samsung.faceservice user:0
12-01 16:47:05.657  1491  1666 D ApplicationPolicy: isApplicationExternalStorageBlacklisted: DO is not enabled on user 0. Allowed.
12-01 16:47:05.678  1020  1020 D Zygote  : Forked child process 20987
12-01 16:47:05.680 20987 20987 E Zygote  : isWhitelistProcess - Process is Whitelisted
12-01 16:47:05.682 20987 20987 E Zygote  : accessInfo : 1
12-01 16:47:05.699  1491  1667 I ActivityManager: Start proc 20987:com.samsung.faceservice/5004 for service {com.samsung.faceservice/com.samsung.faceservice.FaceService}
12-01 16:47:05.710 20987 20987 E ung.faceservic: Not starting debugger since process cannot load the jdwp agent.
12-01 16:47:05.732 20987 20987 D ActivityThread: setConscryptValidator
12-01 16:47:05.732 20987 20987 D ActivityThread: setConscryptValidator - put
12-01 16:47:05.736  1491  3864 I ActivityManager: DSS OFF for com.samsung.faceservice
12-01 16:47:05.765 20987 20987 D ApplicationLoaders: Returning zygote-cached class loader: /system/framework/android.hidl.base-V1.0-java.jar
12-01 16:47:05.765 20987 20987 D ApplicationLoaders: Returning zygote-cached class loader: /system/framework/android.hidl.manager-V1.0-java.jar
12-01 16:47:05.765 20987 20987 D ApplicationLoaders: Returning zygote-cached class loader: /system/framework/android.hidl.base-V1.0-java.jar
12-01 16:47:05.769 20987 20987 I ung.faceservic: The ClassLoaderContext is a special shared library.
12-01 16:47:05.804 20987 20987 I FaceService: [FaceService] onBind() called 
12-01 16:47:05.833 20987 20987 I FaceController: [FaceService] release engines before initialize 
12-01 16:47:05.837 20987 20987 I SemFaceRecognition: create new instance
12-01 16:47:05.853 20987 20987 I SAIV_FACE: File : /data/user/0/com.samsung.faceservice/face/face_data
12-01 16:47:05.858 20987 20987 I [SCE_3] : [SmartCropping v3.0] native version is 2019-10-30-01
12-01 16:47:05.858 20987 20987 I [SCE_3] : [SmartCropping v3.0] DB path is /system/saiv/smartcropping_2.0/db
12-01 16:47:05.858 20987 20987 I [SCE_3] : smart_cropping in srcb_Smartcrop_Init() : 497048211968 & its size is 8
12-01 16:47:05.858 20987 20987 I [SCE_3] : SmartCropper Handle after srcb_Smartcrop_Init() : 497048211968 & its size is 8
12-01 16:47:05.858 20987 20987 I [SCE_3] : long bytes num: 8
12-01 16:47:05.858 20987 20987 I [SCE_3] : jlong bytes num: 8
12-01 16:47:05.858 20987 20987 I [SCE_3] : filepathname: /system/saiv/smartcropping_2.0/db/.
12-01 16:47:05.858 20987 20987 I [SCE_3] : filepathname: /system/saiv/smartcropping_2.0/db/smartcrop_saliency_deploy.prototxt
12-01 16:47:05.858 20987 20987 I [SCE_3] : o_f_d loading start
12-01 16:47:05.858 20987 20987 I [SCE_3] : o_f_d loading success
12-01 16:47:05.858 20987 20987 I [SCE_3] : filepathname: /system/saiv/smartcropping_2.0/db/..
12-01 16:47:05.858 20987 20987 I [SCE_3] : filepathname: /system/saiv/smartcropping_2.0/db/smartcrop_saliency_train
12-01 16:47:05.858 20987 20987 I [SCE_3] : o_f_t loading start
12-01 16:47:05.868 20987 20987 I [SCE_3] : o_f_t loading success
12-01 16:47:05.868 20987 20987 I [SCE_3] : DB file count : 2
12-01 16:47:05.942 20987 20987 I [SCE_3] : native init exit
12-01 16:47:05.942 20987 20987 I [SCE_3] : SmartCropper Handle is 497048211968
12-01 16:47:05.942 20987 20987 I [SCE_3] : SmartCropper Handle is 497048211968 & its size is 8
12-01 16:47:05.942 20987 20987 I [SCE_3] : address(jlong): 497048211968
12-01 16:47:05.947 20987 20987 I SAIV_FACE: SAIV_HPRFACE_GAE_VERSION : 20170310
12-01 16:47:05.947 20987 20987 I SAIV_FACE: FSInterfaceGAEDetect : Init FPP Q1.3.5 GAE 1.5.4
12-01 16:47:05.947 20987 20987 D native_gae: CGAEMain_success
12-01 16:47:05.952 20987 20987 D native_gae: GAE Init Success
12-01 16:47:05.952 20987 20987 I SAIV_FACE_LD_API: FSInterfaceLandmarkDetect : Init FPP Q1.3.5 SLD 1.0.9
12-01 16:47:05.952 20987 20987 I SAIV_FACE_LD_API: DMC LMD ENGINE INIT [Option-0/Profile-0]
12-01 16:47:05.956 20987 20987 I SAIV_FACE_LD_API: DMC LMD ENGINE : ret 4096
12-01 16:47:05.960  6427  6427 I ServiceManager: [#CMH#] Bound to Package  com.samsung.faceservice
12-01 16:47:05.965  1491  4746 I ActivityManager: Killing 20244:com.sec.spp.push/u0a104 (adj 985): empty #25
12-01 16:47:05.966  1491  4746 I ActivityManager: Killing 20189:com.samsung.android.mdecservice/1000 (adj 985): empty #26
12-01 16:47:06.003  1020  1020 I Zygote  : Process 20244 exited due to signal 9 (Killed)
12-01 16:47:06.004  1491  1668 I libprocessgroup: Successfully killed process cgroup uid 10104 pid 20244 in 37ms
12-01 16:47:06.005  1020  1020 I Zygote  : Process 20189 exited due to signal 9 (Killed)
12-01 16:47:06.009  1158  3983 I CameraService: UidPolicy: No processes running for a uid=10104 disabled=0
12-01 16:47:06.010  1491  1668 I libprocessgroup: Successfully killed process cgroup uid 1000 pid 20189 in 5ms
12-01 16:47:06.162  1292  1392 W         : onRequestXtraData:158] On Req XTRA data Xtrastate:1 retry:1 curReqSource:2 newreqSource:0xffff              isCon:0 isNonMetered:0 isGpsEnabled:1
12-01 16:47:06.164  1292  1381 W         : onXtraDownloadResultInternal:332] XTRA download result status:4 starting timer for 300 sec mXtraRetryTimes:0 
12-01 16:47:06.319   747   902 I qti_sensors_hal: processReportInd: Light - 0 0
12-01 16:47:07.029  1289  2481 I LOWI-8.6.0.72: [LOWI-Scan] lowi_close_record:Scan done in 32566969ms, 7 APs in scan results
12-01 16:47:07.030  1491  4744 D WificondControl: Scan result ready event
12-01 16:47:07.030  1491  2348 D SamsungAlarmManager: Cancel Alarm calling from uid:1000 pid :1491 / listener:android.app.AlarmManager$ListenerWrapper@18431db
12-01 16:47:07.031  1491  2348 I SamsungAlarmManager: setLocked to kernel - T:2 / 20211201T164922, SetElapsed=32723665, nowELAPSED=32588168
12-01 16:47:07.032  1491  2348 I SamsungAlarmManager: setLocked to kernel - T:3 / 20211201T164717, SetElapsed=32599100, nowELAPSED=32588168
12-01 16:47:07.038  1491  2344 E MobileWipsFrameworkService: unbinded can not send 13
12-01 16:47:07.063  1491  2341 D ScoredNetworkEvaluator: evaluateNetworks
12-01 16:47:07.065  1491  2341 D WifiConnectivityManager: Skip setting firmware roaming configuration since max BSSID blacklist size is zero
12-01 16:47:07.089  4484  4899 I WorkerManager: dispose()
12-01 16:47:07.094  4484  4899 W A       : Queue length for executor EventBus is now 11. Perhaps some tasks are too long, or the pool is too small.
12-01 16:47:07.378  1491  2357 W DeviceStorageMonitorService: updateBroadcasts(/data) oldLevel:0, newLevel:0, seq:1
12-01 16:47:07.378  1491  2357 W DeviceStorageMonitorService: There is no file /sys/fs/f2fs/userdata/sec_fs_stat
12-01 16:47:07.378  1491  2357 W DeviceStorageMonitorService: updateBroadcasts_filenode(/data) fn_oldLevel:0, fn_newLevel:0, seq:1
12-01 16:47:07.413  1491  8025 D BatteryService: Sending ACTION_BATTERY_CHANGED. scale:100, info:{.chargerAcOnline = false, .chargerUsbOnline = true, .chargerWirelessOnline = false, .maxChargingCurrent = 0, .maxChargingVoltage = 0, .batteryStatus = FULL, .batteryHealth = GOOD, .batteryPresent = true, .batteryLevel = 100, .batteryVoltage = 4267, .batteryTemperature = 281, .batteryCurrent = 0, .batteryCycleCount = 0, .batteryFullCharge = 3700000, .batteryChargeCounter = 3700000, .batteryTechnology = Li-ion}
12-01 16:47:07.414  1491  8025 D BatteryService: online:4, current avg:-124, charge type:1, POGO powered:false, power sharing:false, high voltage charger:false, charger_type:0, capacity:280000, misc_event:0, current_event:0, current_now:190
12-01 16:47:07.415  1491  1491 I MotionRecognitionService: Plugged
12-01 16:47:07.415  1491  1491 D MotionRecognitionService:   mCableConnection= 1
12-01 16:47:07.415  1491  1491 D MotionRecognitionService: set cable connected : mGripEnabled = false
12-01 16:47:07.416  1491  1491 D UsbDeviceManager: received ACTION_BATTERY_CHANGED
12-01 16:47:07.416  1491  1650 D UsbDeviceManager: handleMessage -> MSG_UPDATE_CHARGING_STATE: mUsbCharging=true
12-01 16:47:07.416  1491  1650 D UsbDeviceManager: updateUsbNotification(false): mConnected=true mConfigured=true mCurrentFunctions=mtp,adb mHostConnected=false mSourcePower=false mSinkPower=true mUsbCharging=true mUseUsbNotification=true
12-01 16:47:07.417  1491  1650 D UsbDeviceManager: Set mCurrentFunctionsForNoti=mtp
12-01 16:47:07.417  1491  1650 D DexObserverFW: isDexModeOn() : false
12-01 16:47:07.417  1491  1650 D DexObserverFW: isSemiDexModeOn() : false
