12-03 00:38:25.662   795   795 I Layer   : id=2876[1] Destroyed Surface(name=c26e3da NavigationBar0)/@0xecb6977 - animation-leash#0
12-03 00:38:25.662  1491  1655 V WindowManager: performShow on Window{c2df608 u0 StatusBar}: mDrawState=READY_TO_SHOW readyForDisplay=false starting=false during animation: policyVis=false parentHidden=false tok.hiddenRequested=false tok.hidden=false animating=false tok animating=false Callers=com.android.server.wm.WindowState.performShowLocked:4660 com.android.server.wm.DisplayContent.lambda$new$0$DisplayContent:662 com.android.server.wm.-$$Lambda$DisplayContent$0yxrqH9eGY2qTjH1u_BvaVrXCSA.accept:4 com.android.server.wm.WindowContainer$ForAllWindowsConsumerWrapper.apply:1184 
12-03 00:38:25.664  1491  1655 V WindowManager: performShow on Window{c2df608 u0 StatusBar}: mDrawState=READY_TO_SHOW readyForDisplay=false starting=false during animation: policyVis=false parentHidden=false tok.hiddenRequested=false tok.hidden=false animating=false tok animating=false Callers=com.android.server.wm.WindowState.performShowLocked:4660 com.android.server.wm.WindowStateAnimator.commitFinishDrawingLocked:371 com.android.server.wm.DisplayContent.lambda$new$8$DisplayContent:935 com.android.server.wm.-$$Lambda$DisplayContent$qxt4izS31fb0LF2uo_OF9DMa7gc.accept:4 
12-03 00:38:25.679  1491  1655 V WindowManager: performShow on Window{c2df608 u0 StatusBar}: mDrawState=READY_TO_SHOW readyForDisplay=false starting=false during animation: policyVis=false parentHidden=false tok.hiddenRequested=false tok.hidden=false animating=false tok animating=false Callers=com.android.server.wm.WindowState.performShowLocked:4660 com.android.server.wm.DisplayContent.lambda$new$0$DisplayContent:662 com.android.server.wm.-$$Lambda$DisplayContent$0yxrqH9eGY2qTjH1u_BvaVrXCSA.accept:4 com.android.server.wm.WindowContainer$ForAllWindowsConsumerWrapper.apply:1184 
12-03 00:38:25.810 11456 11456 D UE4     : In the JNI_OnLoad function
12-03 00:38:25.810 11456 11456 D UE4     : [JNI] - Failed to determine if app purchasing is enabled!
12-03 00:38:25.812 11456 11456 D UE4     : Path found as '/storage/emulated/0'
12-03 00:38:25.813 11456 11456 D UE4     : Font Path found as '/system/fonts/'
12-03 00:38:25.813 11456 11456 D UE4     : In the JNI_OnLoad function 5
12-03 00:38:25.816 11456 11456 D OVRPlugin: JNI_OnLoad
12-03 00:38:25.826 11456 11456 D PhoneWindow: forceLight changed to true [] from com.android.internal.policy.PhoneWindow.updateForceLightNavigationBar:4238 com.android.internal.policy.DecorView.updateColorViews:1491 com.android.internal.policy.PhoneWindow.dispatchWindowAttributesChanged:3216 android.view.Window.setFlags:1148 com.android.internal.policy.PhoneWindow.generateLayout:2444 
12-03 00:38:25.827 11456 11456 I MultiWindowDecorSupport: updateCaptionType >> DecorView@4364320[], isFloating: false, isApplication: true, hasWindowDecorCaption: false, hasWindowControllerCallback: true
12-03 00:38:25.827 11456 11456 D MultiWindowDecorSupport: setCaptionType = 0, DecorView = DecorView@4364320[]
12-03 00:38:25.836 11456 11532 D UE4     : Entering native app glue main function
12-03 00:38:25.836 11456 11532 D UE4     : Created event thread
12-03 00:38:25.836 11456 11532 D UE4     : Entered AndroidMain()
12-03 00:38:25.836 11456 11533 D UE4     : Entering event processing thread engine entry point
12-03 00:38:25.836 11456 11533 D UE4     : Prepared looper for event thread
12-03 00:38:25.836 11456 11533 D UE4     : Passed callback initialization
12-03 00:38:25.836 11456 11533 D UE4     : Passed sensor initialization
12-03 00:38:25.838 11456 11532 D UE4     : Controller interface supported
12-03 00:38:25.847 11456 11456 D Dialog  : mIsSamsungBasicInteraction = false
12-03 00:38:25.847 11456 11456 D Dialog  : mIsSamsungBasicInteraction = false, isMetaDataInActivity = false
12-03 00:38:25.849 11456 11456 D PhoneWindow: forceLight changed to true [] from com.android.internal.policy.PhoneWindow.updateForceLightNavigationBar:4238 com.android.internal.policy.DecorView.updateColorViews:1491 com.android.internal.policy.PhoneWindow.dispatchWindowAttributesChanged:3216 android.view.Window.setFlags:1148 com.android.internal.policy.PhoneWindow.generateLayout:2444 
12-03 00:38:25.850 11456 11456 I MultiWindowDecorSupport: updateCaptionType >> DecorView@e4e84d9[], isFloating: false, isApplication: true, hasWindowDecorCaption: false, hasWindowControllerCallback: false
12-03 00:38:25.850 11456 11456 D MultiWindowDecorSupport: setCaptionType = 0, DecorView = DecorView@e4e84d9[]
12-03 00:38:25.862  1491  5606 E WindowManager: App trying to use insecure INPUT_FEATURE_NO_INPUT_CHANNEL flag. Ignoring
12-03 00:38:25.862  1491  5606 D InputTransport: Input channel constructed: '68be716', fd=415
12-03 00:38:25.862  1491  5606 D InputTransport: Input channel constructed: '68be716', fd=416
12-03 00:38:25.863   795  1047 I SurfaceFlinger: id=2880 createSurf (0x0),-1 flag=80004, 68be716 neu.edu.madcourse.Bello_CS5520_MoveMe/com.epicgames.ue4.GameActivity#0
12-03 00:38:25.864  1491  5606 D InputTransport: Input channel destroyed: '68be716', fd=416
12-03 00:38:25.866 11456 11456 D ViewRootImpl@c0c714c[GameActivity]: setView = com.android.internal.policy.DecorView@e4e84d9 TM=true MM=false
12-03 00:38:25.867 11456 11456 D UE4     : [GameActivity] Target SDK is 28.  This may cause issues if permissions are denied by the user.
12-03 00:38:25.868 11456 11456 E PermissionHelper: GVRTransition2DActivity.getActivity() failed. Trying to get GameActivity.
12-03 00:38:25.869 11456 11456 D PermissionHelper: checkPermission: android.permission.WRITE_EXTERNAL_STORAGE has granted
12-03 00:38:25.878  1491  1655 V WindowManager: performShow on Window{c2df608 u0 StatusBar}: mDrawState=READY_TO_SHOW readyForDisplay=false starting=false during animation: policyVis=false parentHidden=false tok.hiddenRequested=false tok.hidden=false animating=false tok animating=false Callers=com.android.server.wm.WindowState.performShowLocked:4660 com.android.server.wm.DisplayContent.lambda$new$0$DisplayContent:662 com.android.server.wm.-$$Lambda$DisplayContent$0yxrqH9eGY2qTjH1u_BvaVrXCSA.accept:4 com.android.server.wm.WindowContainer$ForAllWindowsConsumerWrapper.apply:1184 
12-03 00:38:25.905  2489  2913 D NetworkController.MobileSignalController(0/2147483647): onSignalStrengthsChanged signalStrength=SignalStrength:{mCdma=Invalid,mGsm=Invalid,mWcdma=Invalid,mTdscdma=Invalid,mLte=CellSignalStrengthLte: rssi=-85 rsrp=-111 rsrq=-15 rssnr=-78 cqi=2147483647 ta=2147483647 level=0,mNr=Invalid,SignalBarInfo{ lteLevel=1 },P,rat=14,primary=CellSignalStrengthLte} level=1
12-03 00:38:25.905  2489  2913 D NetworkController.MobileSignalController(0/2147483647): getMobileIconGroup(): 0
12-03 00:38:25.911  1491 11452 I ActivityTaskManager: Launch time is false
12-03 00:38:26.000 11456 11534 D UE4     : [GameActivity] [MemoryAdvisor] Significant amount of memory is available for allocation. Estimate is 4029 MB
12-03 00:38:26.000 11456 11456 D UE4     : [GameActivity] Vulkan version: 1.1.0
12-03 00:38:26.000 11456 11456 D UE4     : [GameActivity] Vulkan level: 0
12-03 00:38:26.001 11456 11456 D UE4     : [GameActivity] Found DepthBufferPreference = 0
12-03 00:38:26.002 11456 11456 D UE4     : [GameActivity] Found bPackageDataInsideApk = 0
12-03 00:38:26.002 11456 11456 D UE4     : [GameActivity] Found ProjectName = MoveMe
12-03 00:38:26.002 11456 11456 D UE4     : [GameActivity] Found AppType = 
12-03 00:38:26.002 11456 11456 D UE4     : [GameActivity] Found bHasOBBFiles = 0
12-03 00:38:26.002 11456 11456 D UE4     : [GameActivity] Found bVerifyOBBOnStartUp = false
12-03 00:38:26.002 11456 11456 D UE4     : [GameActivity] UI hiding set to true
12-03 00:38:26.002 11456 11456 D UE4     : [GameActivity] BuildConfiguration set to Development
12-03 00:38:26.002 11456 11456 D UE4     : [GameActivity] UseExternalFilesDir set to false
12-03 00:38:26.002 11456 11456 D UE4     : [GameActivity] PublicLogFiles set to false
12-03 00:38:26.002 11456 11456 D UE4     : [GameActivity] AllowIMU set to true
12-03 00:38:26.002 11456 11456 D UE4     : [GameActivity] SupportsVulkan set to false
12-03 00:38:26.003 11456 11456 D UE4     : [GameActivity] No Oculus Mobile mode detected.
12-03 00:38:26.005 11456 11456 D UE4     : [GameActivity] Using commandline from: /storage/emulated/0/UE4Game/MoveMe/UE4CommandLine.txt
12-03 00:38:26.005 11456 11456 D UE4     : [GameActivity] Parsing commandline: ../../../MoveMe/MoveMe.uproject  /Game/Levels/Daytime_Green -Messaging -SessionId=D49AFDFB439A2154A8481F829FE6B654 -SessionOwner="bello" -SessionName="Launch On Device" -iterative
12-03 00:38:26.006 11456 11456 I AdrenoGLES: QUALCOMM build                   : 6e9cf50, Ia11ce2d146
12-03 00:38:26.006 11456 11456 I AdrenoGLES: Build Date                       : 10/20/20
12-03 00:38:26.006 11456 11456 I AdrenoGLES: OpenGL ES Shader Compiler Version: EV031.27.05.03
12-03 00:38:26.006 11456 11456 I AdrenoGLES: Local Branch                     : 
12-03 00:38:26.006 11456 11456 I AdrenoGLES: Remote Branch                    : refs/tags/AU_LINUX_ANDROID_LA.UM.8.2.R1.10.00.00.556.057
12-03 00:38:26.006 11456 11456 I AdrenoGLES: Remote Branch                    : NONE
12-03 00:38:26.006 11456 11456 I AdrenoGLES: Reconstruct Branch               : NOTHING
12-03 00:38:26.006 11456 11456 I AdrenoGLES: Build Config                     : S L 8.0.12 AArch64
12-03 00:38:26.010 11456 11456 I AdrenoGLES: PFP: 0x005ff113, ME: 0x005ff066
12-03 00:38:26.014   743   743 I SDM     : HWCDisplay::GetHdrCapabilities: HDR is not supported
12-03 00:38:26.015   743   743 I SDM     : HWCDisplay::GetHdrCapabilities: HDR is not supported
12-03 00:38:26.028 11456 11456 D UE4     : [GameActivity] ro.hardware: qcom
12-03 00:38:26.028 11456 11456 D UE4     : [GameActivity] ro.hardware.chipname: SDM660
12-03 00:38:26.028 11456 11456 D UE4     : [GameActivity] Hardware: Qualcomm Technologies, Inc SDM660
12-03 00:38:26.028 11456 11456 D UE4     : [GameActivity] Memory: 5699 MB
12-03 00:38:26.031 11456 11456 D UE4     : [GameActivity] UseAffinity: false
12-03 00:38:26.032 11456 11456 D UE4     : [GameActivity] BigCoreMask: 0xffff
12-03 00:38:26.032 11456 11456 D UE4     : [GameActivity] LittleCoreMask: 0x0
12-03 00:38:26.032 11456 11456 D UE4     : [GameActivity] APK path: /data/app/neu.edu.madcourse.Bello_CS5520_MoveMe-JprAVA7LbJ1aA_RCxsmNHA==/base.apk
12-03 00:38:26.032 11456 11456 D UE4     : [GameActivity] OBB in APK: false
12-03 00:38:26.034 11456 11456 D UE4     : InternalFilePath found as '/data/user/0/neu.edu.madcourse.Bello_CS5520_MoveMe/files'
12-03 00:38:26.034 11456 11456 D UE4     : ExternalFilePath found as '/storage/emulated/0/Android/data/neu.edu.madcourse.Bello_CS5520_MoveMe/files'
12-03 00:38:26.034 11456 11456 D UE4     : App is running in Landscape
12-03 00:38:26.034 11456 11456 D UE4     : [GameActivity] Android version is 10
12-03 00:38:26.034 11456 11456 D UE4     : [GameActivity] Android manufacturer is samsung
12-03 00:38:26.034 11456 11456 D UE4     : [GameActivity] Android model is SM-A920F
12-03 00:38:26.034 11456 11456 D UE4     : [GameActivity] Android build number is QP1A.190711.020.A920FXXS5CUD1
12-03 00:38:26.034 11456 11456 D UE4     : [GameActivity] OS language is set to en_US
12-03 00:38:26.034 11456 11456 D UE4     : [GameActivity] Debugger attached is false
12-03 00:38:26.050  3553  3553 E adbd    : failed to connect to socket 'tcp:6666': Connection refused
12-03 00:38:26.072 11456 11456 D Dialog  : mIsSamsungBasicInteraction = false
12-03 00:38:26.072 11456 11456 D Dialog  : mIsSamsungBasicInteraction = false, isMetaDataInActivity = false
12-03 00:38:26.078 11456 11456 D Dialog  : mIsSamsungBasicInteraction = false
12-03 00:38:26.078 11456 11456 D Dialog  : mIsSamsungBasicInteraction = false, isMetaDataInActivity = false
12-03 00:38:26.096  1491  4072 W BestClock: java.time.DateTimeException: Missing NTP fix
12-03 00:38:26.100  1241  1484 I netd    : tetherGetStats() <1.98ms>
12-03 00:38:26.101  1491  4072 W BestClock: java.time.DateTimeException: Missing NTP fix
12-03 00:38:26.102  1491  2338 W BestClock: java.time.DateTimeException: Missing NTP fix
12-03 00:38:26.104  1491  5606 W BestClock: java.time.DateTimeException: Missing NTP fix
12-03 00:38:26.106  1241  1484 I netd    : tetherGetStats() <1.81ms>
12-03 00:38:26.108  1491  5606 W BestClock: java.time.DateTimeException: Missing NTP fix
12-03 00:38:26.109  1491  2338 W BestClock: java.time.DateTimeException: Missing NTP fix
12-03 00:38:26.122 11456 11456 W PopupManager: You have not specified a View to use as content view for popups. Falling back to the Activity content view. Note that this may not work as expected in multi-screen environments
12-03 00:38:26.126 11456 11456 D UE4     : [GameActivity] googleClient is valid
12-03 00:38:26.127 11456 11456 D UE4     : [GameActivity] ==============> GameActive.onCreate complete!
12-03 00:38:26.129 11456 11456 D UE4     : [GameActivity] Creating console command broadcast listener
12-03 00:38:26.129 11456 11533 D UE4     : LogAndroidEvents::EnqueueAppEvent : 9, [width=-1, height=-1], tid = 11533, APP_EVENT_STATE_ON_START
12-03 00:38:26.131 11456 11456 D UE4     : [GameActivity] ==================================> Inside onStart function in GameActivity
12-03 00:38:26.131 11456 11456 V UE4     : [GameApp] App in foreground
12-03 00:38:26.133 11456 11456 D ViewRootImpl@c0c714c[GameActivity]: stopped(false) old=false
12-03 00:38:26.133 11456 11533 D UE4     : Case APP_CMD_RESUME
12-03 00:38:26.133 11456 11456 D UE4     : [GameActivity] === Restoring Transparent Bars ===
12-03 00:38:26.133 11456 11533 D UE4     : LogAndroidEvents::EnqueueAppEvent : 7, [width=-1, height=-1], tid = 11533, APP_EVENT_STATE_ON_RESUME
12-03 00:38:26.134 11456 11456 D UE4     : [GameActivity] ==============> [JAVA] AndroidThunkJava_KeepScreenOn(false) - Enabled screen saver
12-03 00:38:26.134 11456 11456 D UE4     : [GameActivity] ==============> [JAVA] AndroidThunkJava_DisableScreenCapture(false) - Enabled screen captures
12-03 00:38:26.134 11456 11456 D UE4     : [GameActivity] Registering sensor listeners
12-03 00:38:26.135  1491  5606 D SensorService: Calling batch handle==1 flags=0 rate=20000000 timeout== 0
12-03 00:38:26.135   747   986 I qti_sensors_hal: batch:sensor(android.sensor.accelerometer) handle:0 flags:0x0 period_ns 20000000
12-03 00:38:26.136   747   986 I qti_sensors_hal: SMGRReportAdd:sensor(android.sensor.accelerometer) handle=0, sample_rate=50.000000 report_rate=0 buffer=0
12-03 00:38:26.141 11456 11456 D SensorManager: registerListener :: 1, LSM6DSL Accelerometer, 20000, 0,  
12-03 00:38:26.141  1491  5606 D SensorService: Calling batch handle==3 flags=0 rate=20000000 timeout== 0
12-03 00:38:26.141   747   986 I qti_sensors_hal: batch:sensor(android.sensor.magnetic_field) handle:10 flags:0x0 period_ns 20000000
12-03 00:38:26.141   747   986 I qti_sensors_hal: batch: current sample rate, report rate & buffering are equal to requested (50.000000,0.000000,0)
12-03 00:38:26.142   747   986 I qti_sensors_hal: SMGRReportAdd:sensor(android.sensor.magnetic_field) handle=10, sample_rate=50.000000 report_rate=0 buffer=0
12-03 00:38:26.147 11456 11456 D SensorManager: registerListener :: 3, AK09918 Magnetometer, 20000, 0,  
12-03 00:38:26.147  1491  5606 D SensorService: Calling batch handle==5 flags=0 rate=20000000 timeout== 0
12-03 00:38:26.147   747   986 I qti_sensors_hal: batch:sensor(android.sensor.gyroscope) handle:2 flags:0x0 period_ns 20000000
12-03 00:38:26.147   747   986 I qti_sensors_hal: batch: current sample rate, report rate & buffering are equal to requested (50.000000,0.000000,0)
12-03 00:38:26.148   747   986 I qti_sensors_hal: SMGRReportAdd:sensor(android.sensor.gyroscope) handle=2, sample_rate=50.000000 report_rate=0 buffer=0
12-03 00:38:26.151 11456 11456 D SensorManager: registerListener :: 5, LSM6DSL Gyroscope, 20000, 0,  
12-03 00:38:26.151 11456 11456 D UE4     : App is running in Landscape
12-03 00:38:26.151 11456 11456 D UE4     : [GameActivity] === Restoring Transparent Bars ===
12-03 00:38:26.152 11456 11456 D UE4     : [GameActivity] ==============> Resuming main init
12-03 00:38:26.162 11456 11532 D UE4     : APK Commandline: ../../../MoveMe/MoveMe.uproject  /Game/Daytime_Green -Messaging -SessionId=951856C44A74D385B214E99365A10244 -SessionOwner="bello" -SessionName="Launch On Device" -iterative
12-03 00:38:26.162   747   902 I qti_sensors_hal: processReportInd: Accel - X: -0.005 Y: -0.091 Z: 9.856
12-03 00:38:26.162 11456 11532 D UE4     : Override Commandline: ../../../MoveMe/MoveMe.uproject  /Game/Levels/Daytime_Green -Messaging -SessionId=D49AFDFB439A2154A8481F829FE6B654 -SessionOwner="bello" -SessionName="Launch On Device" -iterative
12-03 00:38:26.162 11456 11532 D UE4     : Final commandline: ../../../MoveMe/MoveMe.uproject  /Game/Levels/Daytime_Green -Messaging -SessionId=D49AFDFB439A2154A8481F829FE6B654 -SessionOwner="bello" -SessionName="Launch On Device" -iterative
12-03 00:38:26.162 11456 11532 D UE4     : Created sync event
12-03 00:38:26.163   747   902 I qti_sensors_hal: processReportInd: Gyro - X: 0.208 Y: -0.067 Z: -0.087 status: 3
12-03 00:38:26.168   747   902 I qti_sensors_hal: processReportInd: Cal Mag Filter, 0, 0, 0.000000, 0.000000, 0.000000, 0.000000, 0.000000, 0.000000, -16.130066, 3.887939, -42.211914
12-03 00:38:26.172 11456 11456 D UE4     : [GameActivity] ==============> GameActive.onResume complete!
12-03 00:38:26.177  1491  5606 E WindowManager: App trying to use insecure INPUT_FEATURE_NO_INPUT_CHANNEL flag. Ignoring
12-03 00:38:26.177  1491  5606 D InputTransport: Input channel constructed: 'c5a5ba1', fd=416
12-03 00:38:26.177  1491  5606 D InputTransport: Input channel constructed: 'c5a5ba1', fd=565
12-03 00:38:26.177   795   862 I SurfaceFlinger: id=2881 createSurf (0x0),-1 flag=80004, c5a5ba1 neu.edu.madcourse.Bello_CS5520_MoveMe/com.epicgames.ue4.GameActivity#0
12-03 00:38:26.178  1491  5606 D InputTransport: Input channel destroyed: 'c5a5ba1', fd=565
12-03 00:38:26.179 11456 11456 D ViewRootImpl@7ba4a0c[GameActivity]: setView = com.android.internal.policy.DecorView@4364320 TM=true MM=false
12-03 00:38:26.186  1491  5606 V WindowManager: Relayout Window{68be716 u0 neu.edu.madcourse.Bello_CS5520_MoveMe/com.epicgames.ue4.GameActivity}: viewVisibility=0 req=2220x1080
12-03 00:38:26.186  1491  5606 V WindowManager: performShow on Window{c2df608 u0 StatusBar}: mDrawState=READY_TO_SHOW readyForDisplay=false starting=false during animation: policyVis=false parentHidden=false tok.hiddenRequested=false tok.hidden=false animating=false tok animating=false Callers=com.android.server.wm.WindowState.performShowLocked:4660 com.android.server.wm.WindowStateAnimator.commitFinishDrawingLocked:371 com.android.server.wm.DisplayContent.lambda$new$8$DisplayContent:935 com.android.server.wm.-$$Lambda$DisplayContent$qxt4izS31fb0LF2uo_OF9DMa7gc.accept:4 
12-03 00:38:26.188   795   862 I SurfaceFlinger: id=2882 createSurf (2220x1080),1 flag=4, neu.edu.madcourse.Bello_CS5520_MoveMe/com.epicgames.ue4.GameActivity$_11456#0
12-03 00:38:26.189  1491  5606 D WindowManager: makeSurface duration=1 name=neu.edu.madcourse.Bello_CS5520_MoveMe/com.epicgames.ue4.GameActivity$_11456
12-03 00:38:26.190  1491  5606 V WindowManager: Relayout 11456: mAttrs={(0,0)(fillxfill) gr=CENTER sim={adjust=pan forwardNavigation} ty=APPLICATION fmt=TRANSLUCENT wanim=0x1030001
12-03 00:38:26.190  1491  5606 V WindowManager:   fl=1810508
12-03 00:38:26.190  1491  5606 V WindowManager:   pfl=10020000
12-03 00:38:26.190  1491  5606 V WindowManager:   vsysui=f16 naviIconColor=0}
12-03 00:38:26.193 11456 11456 D ViewRootImpl@c0c714c[GameActivity]: Relayout returned: old=(0,0,2220,1080) new=(0,0,2220,1080) req=(2220,1080)0 dur=7 res=0x7 s={true 497047085056} ch=true
12-03 00:38:26.193 11456 11510 D OpenGLRenderer: createReliableSurface : 0x73ba5ef600, 0x73ba50a000
12-03 00:38:26.193 11456 11510 I AdrenoGLES: QUALCOMM build                   : 6e9cf50, Ia11ce2d146
12-03 00:38:26.193 11456 11510 I AdrenoGLES: Build Date                       : 10/20/20
12-03 00:38:26.193 11456 11510 I AdrenoGLES: OpenGL ES Shader Compiler Version: EV031.27.05.03
12-03 00:38:26.193 11456 11510 I AdrenoGLES: Local Branch                     : 
12-03 00:38:26.193 11456 11510 I AdrenoGLES: Remote Branch                    : refs/tags/AU_LINUX_ANDROID_LA.UM.8.2.R1.10.00.00.556.057
12-03 00:38:26.193 11456 11510 I AdrenoGLES: Remote Branch                    : NONE
12-03 00:38:26.193 11456 11510 I AdrenoGLES: Reconstruct Branch               : NOTHING
12-03 00:38:26.193 11456 11510 I AdrenoGLES: Build Config                     : S L 8.0.12 AArch64
12-03 00:38:26.194  1491  1655 V WindowManager: performShow on Window{c2df608 u0 StatusBar}: mDrawState=READY_TO_SHOW readyForDisplay=false starting=false during animation: policyVis=false parentHidden=false tok.hiddenRequested=false tok.hidden=false animating=false tok animating=false Callers=com.android.server.wm.WindowState.performShowLocked:4660 com.android.server.wm.DisplayContent.lambda$new$0$DisplayContent:662 com.android.server.wm.-$$Lambda$DisplayContent$0yxrqH9eGY2qTjH1u_BvaVrXCSA.accept:4 com.android.server.wm.WindowContainer$ForAllWindowsConsumerWrapper.apply:1184 
12-03 00:38:26.197 11456 11510 I AdrenoGLES: PFP: 0x005ff113, ME: 0x005ff066
12-03 00:38:26.207 11456 11456 E DecorView: mWindow.mActivityCurrentConfig is null
12-03 00:38:26.211   562   562 I hwservicemanager: getTransport: Cannot find entry android.hardware.graphics.mapper@3.0::IMapper/default in either framework or device manifest.
12-03 00:38:26.211 11456 11510 W Gralloc3: mapper 3.x is not supported
12-03 00:38:26.220 11456 11456 D SurfaceView: onWindowVisibilityChanged(0) true android.view.SurfaceView{e295f55 V.E...... ......I. 0,0-0,0} of ViewRootImpl@7ba4a0c[GameActivity]
12-03 00:38:26.224  1491  5606 V WindowManager: Relayout Window{c5a5ba1 u0 neu.edu.madcourse.Bello_CS5520_MoveMe/com.epicgames.ue4.GameActivity}: viewVisibility=0 req=2220x1080
12-03 00:38:26.225  1491  5606 V WindowManager: performShow on Window{c2df608 u0 StatusBar}: mDrawState=READY_TO_SHOW readyForDisplay=false starting=false during animation: policyVis=false parentHidden=false tok.hiddenRequested=false tok.hidden=false animating=false tok animating=false Callers=com.android.server.wm.WindowState.performShowLocked:4660 com.android.server.wm.WindowStateAnimator.commitFinishDrawingLocked:371 com.android.server.wm.DisplayContent.lambda$new$8$DisplayContent:935 com.android.server.wm.-$$Lambda$DisplayContent$qxt4izS31fb0LF2uo_OF9DMa7gc.accept:4 
12-03 00:38:26.226  1491  5606 W WindowManager: preserveSurfaceLocked: failed, no surface, w=Window{c5a5ba1 u0 neu.edu.madcourse.Bello_CS5520_MoveMe/com.epicgames.ue4.GameActivity}
12-03 00:38:26.227   795  1047 I SurfaceFlinger: id=2883 createSurf (2220x1080),1 flag=4, neu.edu.madcourse.Bello_CS5520_MoveMe/com.epicgames.ue4.GameActivity$_11456#1
12-03 00:38:26.227  1491  5606 D WindowManager: makeSurface duration=1 name=neu.edu.madcourse.Bello_CS5520_MoveMe/com.epicgames.ue4.GameActivity$_11456
12-03 00:38:26.228  1491  5606 V WindowManager: Changing focus from null to Window{c5a5ba1 u0 neu.edu.madcourse.Bello_CS5520_MoveMe/com.epicgames.ue4.GameActivity} displayId=0 Callers=com.android.server.wm.RootWindowContainer.updateFocusedWindowLocked:203 com.android.server.wm.WindowManagerService.updateFocusedWindowLocked:6112 com.android.server.wm.WindowManagerService.relayoutWindow:2559 com.android.server.wm.Session.relayout:202 android.view.IWindowSession$Stub.onTransact:708 com.android.server.wm.Session.onTransact:142 
12-03 00:38:26.228  1491  5606 D StatusBarManagerService: notifyRequestedSystemKey recent=false home=false
12-03 00:38:26.228  1491  1652 D WindowManager: setSystemUiVisibility: displayId=0, vis=0x971e, fullVis=0x0, dockVis=0x0, win=Window{c5a5ba1 u0 neu.edu.madcourse.Bello_CS5520_MoveMe/com.epicgames.ue4.GameActivity}
12-03 00:38:26.229  2489  2489 D LightBarController: onNavigationVisibilityChanged : vis = 971e, nbModeChanged = false navigationBarMode = 4, navbarColorManagedByIme = false
12-03 00:38:26.229  1491  5606 V WindowManager: Relayout 11456: mAttrs={(0,0)(fillxfill) sim={adjust=resize} ty=BASE_APPLICATION fmt=RGBA_8888 wanim=0x1030001 sysuil=true
12-03 00:38:26.229  1491  5606 V WindowManager:   fl=1810500
12-03 00:38:26.229  1491  5606 V WindowManager:   pfl=10020000
12-03 00:38:26.229  1491  5606 V WindowManager:   vsysui=1716 naviIconColor=0}
12-03 00:38:26.229  1491  4072 D WindowManager: adjustSystemUiVisibilityLw: displayId=0, vis=0x971e, resetVis=0x0, clearVis=0x0
12-03 00:38:26.229  1491  4072 D InputManager-JNI: setSystemUiVisibility dexmode: false changed: true displayid: 0 visibility: 0x971e DD: 0x971e OD: 0x0
12-03 00:38:26.231 11456 11456 D ViewRootImpl@7ba4a0c[GameActivity]: Relayout returned: old=(0,0,2220,1080) new=(0,0,2220,1080) req=(2220,1080)0 dur=8 res=0x7 s={true 497048301568} ch=true
12-03 00:38:26.232 11456 11510 D OpenGLRenderer: createReliableSurface : 0x72bfbf7140, 0x73ba633000
12-03 00:38:26.235   795  1047 I SurfaceFlinger: id=2884 createSurf (0x0),2 flag=4, Bounds for - neu.edu.madcourse.Bello_CS5520_MoveMe/com.epicgames.ue4.GameActivity@0#0
12-03 00:38:26.236   795  1047 I SurfaceFlinger: id=2885 createSurf (2220x1080),4 flag=404, SurfaceView - neu.edu.madcourse.Bello_CS5520_MoveMe/com.epicgames.ue4.GameActivity@e295f55@0#0
12-03 00:38:26.237   795  1047 I SurfaceFlinger: id=2886 createSurf (0x0),-1 flag=20404, Background for -SurfaceView - neu.edu.madcourse.Bello_CS5520_MoveMe/com.epicgames.ue4.GameActivity@e295f55@0#0
12-03 00:38:26.238 11456 11456 D SurfaceView: surfaceCreated 1 #8 android.view.SurfaceView{e295f55 V.E...... ......ID 0,0-2220,1080}
12-03 00:38:26.239 11456 11456 D SurfaceView: surfaceChanged (2220,1080) 1 #8 android.view.SurfaceView{e295f55 V.E...... ......ID 0,0-2220,1080}
12-03 00:38:26.239 11456 11533 D UE4     : Case APP_CMD_INIT_WINDOW
12-03 00:38:26.239 11456 11533 D UE4     : LogAndroidEvents::EnqueueAppEvent : 0, [width=2220, height=1080], tid = 11533, APP_EVENT_STATE_WINDOW_CREATED
12-03 00:38:26.244  1491  1655 V WindowManager: performShow on Window{c2df608 u0 StatusBar}: mDrawState=READY_TO_SHOW readyForDisplay=false starting=false during animation: policyVis=false parentHidden=false tok.hiddenRequested=false tok.hidden=false animating=false tok animating=false Callers=com.android.server.wm.WindowState.performShowLocked:4660 com.android.server.wm.DisplayContent.lambda$new$0$DisplayContent:662 com.android.server.wm.-$$Lambda$DisplayContent$0yxrqH9eGY2qTjH1u_BvaVrXCSA.accept:4 com.android.server.wm.WindowContainer$ForAllWindowsConsumerWrapper.apply:1184 
12-03 00:38:26.247  1491  4072 D WindowManager: finishDrawingWindow: Window{c5a5ba1 u0 neu.edu.madcourse.Bello_CS5520_MoveMe/com.epicgames.ue4.GameActivity} mDrawState=DRAW_PENDING
12-03 00:38:26.248  1491  1655 I WindowManager: Reparenting to leash, surface=Surface(name=c26e3da NavigationBar0)/@0xecb6977
12-03 00:38:26.248   795  3217 I SurfaceFlinger: id=2887 createSurf (0x0),-1 flag=80004, Surface(name=c26e3da NavigationBar0)/@0xecb6977 - animation-leash#0
12-03 00:38:26.248  1491  1655 D WindowManager: makeSurface duration=0 leash=Surface(name=Surface(name=c26e3da NavigationBar0)/@0xecb6977 - animation-leash)/@0xbce2cb4
12-03 00:38:26.249  2489  2489 V NavBarStoreImpl: handleEvent [EventType] ON_NAVBAR_WINDOW_STATE_CHANGED [Module] NavigationBarFragment  KEYS_NAVBAR_WINDOW_STATE=1
12-03 00:38:26.249  2489  2489 V NavBarStoreImpl: --[Band]GESTURE_PACK_HIDE_GESTURE_INTERCEPT_WINDOW
12-03 00:38:26.249  2489  2489 V NavBarStoreImpl: ----isEnabled(GESTURE_INTERCEPT_WINDOW_ATTACHED)=false
12-03 00:38:26.249  1491  1655 V WindowManager: performShow on Window{c2df608 u0 StatusBar}: mDrawState=READY_TO_SHOW readyForDisplay=false starting=false during animation: policyVis=false parentHidden=false tok.hiddenRequested=false tok.hidden=false animating=false tok animating=false Callers=com.android.server.wm.WindowState.performShowLocked:4660 com.android.server.wm.WindowStateAnimator.commitFinishDrawingLocked:371 com.android.server.wm.DisplayContent.lambda$new$8$DisplayContent:935 com.android.server.wm.-$$Lambda$DisplayContent$qxt4izS31fb0LF2uo_OF9DMa7gc.accept:4 
12-03 00:38:26.250  1491  4072 D WindowManager: finishDrawingWindow: Window{68be716 u0 neu.edu.madcourse.Bello_CS5520_MoveMe/com.epicgames.ue4.GameActivity} mDrawState=DRAW_PENDING
12-03 00:38:26.250  1491  1655 D ViewRootImpl@5fd2f83[Bello_CS5520_MoveMe]: MSG_RESIZED: frame=(0,0,2220,1080) ci=(0,0,0,0) vi=(0,0,0,0) or=2
12-03 00:38:26.251 11456 11456 D UE4     : [GameActivity] === Thermal status changed to 0
12-03 00:38:26.252  1491  1655 V WindowManager: performShow on Window{c2df608 u0 StatusBar}: mDrawState=READY_TO_SHOW readyForDisplay=false starting=false during animation: policyVis=false parentHidden=false tok.hiddenRequested=false tok.hidden=false animating=false tok animating=false Callers=com.android.server.wm.WindowState.performShowLocked:4660 com.android.server.wm.WindowStateAnimator.commitFinishDrawingLocked:371 com.android.server.wm.DisplayContent.lambda$new$8$DisplayContent:935 com.android.server.wm.-$$Lambda$DisplayContent$qxt4izS31fb0LF2uo_OF9DMa7gc.accept:4 
12-03 00:38:26.254  1491  1655 V WindowManager: performShow on Window{c2df608 u0 StatusBar}: mDrawState=READY_TO_SHOW readyForDisplay=false starting=false during animation: policyVis=false parentHidden=false tok.hiddenRequested=false tok.hidden=false animating=false tok animating=false Callers=com.android.server.wm.WindowState.performShowLocked:4660 com.android.server.wm.WindowStateAnimator.commitFinishDrawingLocked:371 com.android.server.wm.DisplayContent.lambda$new$8$DisplayContent:935 com.android.server.wm.-$$Lambda$DisplayContent$qxt4izS31fb0LF2uo_OF9DMa7gc.accept:4 
12-03 00:38:26.255  1491  1655 D CustomFrequencyManagerService: acquireDVFSLockLocked : type : DVFS_MIN_LIMIT  frequency : 1401600  uid : 1000  pid : 1491  pkgName : AMS_RESUME_TAIL@CPU_MIN@26
12-03 00:38:26.255  1491  1655 D ActivityManagerPerformance: AMP_acquire() TAIL
12-03 00:38:26.256  1491  1655 D CustomFrequencyManagerService: FrequencyrequestList.getNextSchedTunePolicyRequest, index: 2
12-03 00:38:26.256  1491  1655 D CustomFrequencyManagerService: releaseDVFSLockLocked : Getting Lock type frm List : DVFS_MIN_LIMIT  frequency : 2208000  uid : 1000  pid : 1491  tag : AMS_APP_SWITCH@CPU_MIN@59
12-03 00:38:26.256  1491  1655 D ActivityManagerPerformance: AMP_release() APP_SWITCH
12-03 00:38:26.257  1491  4072 V WindowManager: Relayout Window{c5a5ba1 u0 neu.edu.madcourse.Bello_CS5520_MoveMe/com.epicgames.ue4.GameActivity}: viewVisibility=0 req=2220x1080
12-03 00:38:26.258  1491  1665 I ActivityTaskManager: Displayed neu.edu.madcourse.Bello_CS5520_MoveMe/com.epicgames.ue4.GameActivity: +1s367ms
12-03 00:38:26.258  1491  4072 V WindowManager: performShow on Window{c2df608 u0 StatusBar}: mDrawState=READY_TO_SHOW readyForDisplay=false starting=false during animation: policyVis=false parentHidden=false tok.hiddenRequested=false tok.hidden=false animating=false tok animating=false Callers=com.android.server.wm.WindowState.performShowLocked:4660 com.android.server.wm.WindowStateAnimator.commitFinishDrawingLocked:371 com.android.server.wm.DisplayContent.lambda$new$8$DisplayContent:935 com.android.server.wm.-$$Lambda$DisplayContent$qxt4izS31fb0LF2uo_OF9DMa7gc.accept:4 
12-03 00:38:26.259  1491  4072 V WindowManager: Relayout 11456: mAttrs={(0,0)(fillxfill) sim={adjust=resize} ty=BASE_APPLICATION fmt=RGBA_8888 wanim=0x1030001 sysuil=true
12-03 00:38:26.259  1491  4072 V WindowManager:   fl=1810500
12-03 00:38:26.259  1491  4072 V WindowManager:   pfl=10020000
12-03 00:38:26.259  1491  4072 V WindowManager:   vsysui=1716 naviIconColor=0}
12-03 00:38:26.260  1491  1655 V WindowManager: performShow on Window{c2df608 u0 StatusBar}: mDrawState=READY_TO_SHOW readyForDisplay=false starting=false during animation: policyVis=false parentHidden=false tok.hiddenRequested=false tok.hidden=false animating=false tok animating=false Callers=com.android.server.wm.WindowState.performShowLocked:4660 com.android.server.wm.DisplayContent.lambda$new$0$DisplayContent:662 com.android.server.wm.-$$Lambda$DisplayContent$0yxrqH9eGY2qTjH1u_BvaVrXCSA.accept:4 com.android.server.wm.WindowContainer$ForAllWindowsConsumerWrapper.apply:1184 
12-03 00:38:26.261  1491  4072 D InputDispatcher: Focus entered window (11456): c5a5ba1 in display 0 0
12-03 00:38:26.262 11456 11456 D ViewRootImpl@7ba4a0c[GameActivity]: Relayout returned: old=(0,0,2220,1080) new=(0,0,2220,1080) req=(2220,1080)0 dur=9 res=0x1 s={true 497048301568} ch=false
12-03 00:38:26.262  1491  1655 V WindowManager: Relayout Window{e2f6139 u0 Splash Screen neu.edu.madcourse.Bello_CS5520_MoveMe}: viewVisibility=0 req=2220x1080
12-03 00:38:26.263 11456 11456 D ViewRootImpl@c0c714c[GameActivity]: MSG_RESIZED_REPORT: frame=(0,0,2220,1080) ci=(0,0,126,0) vi=(0,0,126,0) or=2
12-03 00:38:26.263  1491  1655 V WindowManager: performShow on Window{c2df608 u0 StatusBar}: mDrawState=READY_TO_SHOW readyForDisplay=false starting=false during animation: policyVis=false parentHidden=false tok.hiddenRequested=false tok.hidden=false animating=false tok animating=false Callers=com.android.server.wm.WindowState.performShowLocked:4660 com.android.server.wm.WindowStateAnimator.commitFinishDrawingLocked:371 com.android.server.wm.DisplayContent.lambda$new$8$DisplayContent:935 com.android.server.wm.-$$Lambda$DisplayContent$qxt4izS31fb0LF2uo_OF9DMa7gc.accept:4 
12-03 00:38:26.264  1491  1655 V WindowManager: Relayout 1491: mAttrs={(0,0)(fillxfill) sim={adjust=pan} ty=APPLICATION_STARTING wanim=0x1030001
12-03 00:38:26.264  1491  1655 V WindowManager:   fl=1830518
12-03 00:38:26.264  1491  1655 V WindowManager:   pfl=10020011
12-03 00:38:26.264  1491  1655 V WindowManager:   vsysui=10 naviIconColor=0}
12-03 00:38:26.265  1491  1655 D ViewRootImpl@5fd2f83[Bello_CS5520_MoveMe]: Relayout returned: old=(0,0,2220,1080) new=(0,0,2220,1080) req=(2220,1080)0 dur=2 res=0x1 s={true 494576103424} ch=false
12-03 00:38:26.267  1491  1655 E DecorView: mWindow.mActivityCurrentConfig is null
12-03 00:38:26.272  1491  4072 D WindowManager: finishDrawingWindow: Window{68be716 u0 neu.edu.madcourse.Bello_CS5520_MoveMe/com.epicgames.ue4.GameActivity} mDrawState=HAS_DRAWN
12-03 00:38:26.272 11456 11456 D ViewRootImpl@7ba4a0c[GameActivity]: MSG_WINDOW_FOCUS_CHANGED 1 1
12-03 00:38:26.272 11456 11456 D InputMethodManager: prepareNavigationBarInfo() DecorView@4364320[GameActivity]
12-03 00:38:26.272 11456 11456 D InputMethodManager: getNavigationBarColor() -855310
12-03 00:38:26.273 11456 11533 D UE4     : LogAndroidEvents::EnqueueAppEvent : 11, [width=-1, height=-1], tid = 11533, APP_EVENT_STATE_WINDOW_GAINED_FOCUS
12-03 00:38:26.273 11456 11533 D UE4     : LogAndroidEvents::EnqueueAppEvent : 14, [width=-1, height=-1], tid = 11533, APP_EVENT_STATE_APP_ACTIVATED
12-03 00:38:26.273 11456 11533 D UE4     : LogAndroidEvents::EnqueueAppEvent : 15, [width=-1, height=-1], tid = 11533, APP_EVENT_RUN_CALLBACK
12-03 00:38:26.282 11456 11456 D EmergencyMode: [EmergencyManager] android createPackageContext successful
12-03 00:38:26.284  1491  1655 E DecorView: mWindow.mActivityCurrentConfig is null
12-03 00:38:26.289  1491  1655 D ViewRootImpl@5fd2f83[Bello_CS5520_MoveMe]: dispatchDetachedFromWindow
12-03 00:38:26.289 11456 11456 D InputMethodManager: prepareNavigationBarInfo() DecorView@4364320[GameActivity]
12-03 00:38:26.289 11456 11456 D InputMethodManager: getNavigationBarColor() -855310
12-03 00:38:26.289 11456 11456 V InputMethodManager: Starting input: tba=neu.edu.madcourse.Bello_CS5520_MoveMe ic=null mNaviBarColor -855310 mIsGetNaviBarColorSuccess true , NavVisible : false , NavTrans : false
12-03 00:38:26.289 11456 11456 D InputMethodManager: startInputInner - Id : 0
12-03 00:38:26.289 11456 11456 I InputMethodManager: startInputInner - mService.startInputOrWindowGainedFocus
12-03 00:38:26.290  1491  1655 D InputTransport: Input channel destroyed: 'e2f6139', fd=410
12-03 00:38:26.290  1491  5606 D InputMethodManagerService: mSecureKeypadEnabled = false
12-03 00:38:26.290  1491  5606 V InputMethodManagerService: startInputOrWindowGainedFocusInternalLocked: reason=WINDOW_FOCUS_GAIN client=android.os.BinderProxy@f05104a inputContext=null missingMethods= attribute=android.view.inputmethod.EditorInfo@1397e95 startInputFlags=FIRST_WINDOW_FOCUS_GAIN|INITIAL_CONNECTION softInputMode=STATE_UNSPECIFIED|ADJUST_RESIZE windowFlags=#1810500 unverifiedTargetSdkVersion=28
12-03 00:38:26.290  1491  1655 I WindowManager: Reparenting to leash, surface=Surface(name=e2f6139 Splash Screen neu.edu.madcourse.Bello_CS5520_MoveMe)/@0xee0a39b
12-03 00:38:26.290   795  3217 I SurfaceFlinger: id=2888 createSurf (0x0),-1 flag=80004, Surface(name=e2f6139 Splash Screen neu.edu.madcourse.Bello_CS5520_MoveMe)/@0xee0a39b - animation-leash#0
12-03 00:38:26.291  1491  1655 D WindowManager: makeSurface duration=1 leash=Surface(name=Surface(name=e2f6139 Splash Screen neu.edu.madcourse.Bello_CS5520_MoveMe)/@0xee0a39b - animation-leash)/@0xc611338
12-03 00:38:26.292  1491  1655 V WindowManager: performShow on Window{c2df608 u0 StatusBar}: mDrawState=READY_TO_SHOW readyForDisplay=false starting=false during animation: policyVis=false parentHidden=false tok.hiddenRequested=false tok.hidden=false animating=false tok animating=false Callers=com.android.server.wm.WindowState.performShowLocked:4660 com.android.server.wm.WindowStateAnimator.commitFinishDrawingLocked:371 com.android.server.wm.DisplayContent.lambda$new$8$DisplayContent:935 com.android.server.wm.-$$Lambda$DisplayContent$qxt4izS31fb0LF2uo_OF9DMa7gc.accept:4 
12-03 00:38:26.293  1491  1655 D InputTransport: Input channel destroyed: 'e2f6139', fd=417
12-03 00:38:26.293  1491  5606 V InputMethodManagerService: IME PreRendering MASTER flag: false, LowRam: false
12-03 00:38:26.293  1491  5606 V InputMethodManagerService: Unspecified window will hide input
12-03 00:38:26.293  1491  5606 V InputMethodManagerService: hideCurrentInputLocked : shouldHideSoftInput is false
12-03 00:38:26.293  1491  5606 D InputMethodManagerService: mDesktopModeManager null!
12-03 00:38:26.293  1491  5606 V InputMethodManagerService: getDisplayIdOfInputMethodWindowToBeAdded : 0
12-03 00:38:26.293  1491  5606 V InputMethodManagerService: unbindCurrentInputLocked: client=android.os.BinderProxy@cd75c54
12-03 00:38:26.293  1491  1655 V WindowManager: performShow on Window{c2df608 u0 StatusBar}: mDrawState=READY_TO_SHOW readyForDisplay=false starting=false during animation: policyVis=false parentHidden=false tok.hiddenRequested=false tok.hidden=false animating=false tok animating=false Callers=com.android.server.wm.WindowState.performShowLocked:4660 com.android.server.wm.DisplayContent.lambda$new$0$DisplayContent:662 com.android.server.wm.-$$Lambda$DisplayContent$0yxrqH9eGY2qTjH1u_BvaVrXCSA.accept:4 com.android.server.wm.WindowContainer$ForAllWindowsConsumerWrapper.apply:1184 
12-03 00:38:26.295  1491  5606 D InputMethodManagerService: IME window vis: 0 active: 0 inv: 0 displayId: 0
12-03 00:38:26.295  1491  5606 D InputMethodManagerService: isImeSwitcherDisabledPackage : false
12-03 00:38:26.295  2917  2917 D InputTransport: Input channel destroyed: 'ClientS', fd=79
12-03 00:38:26.296  1491  5606 V InputMethodManagerService: switching to client: client=android.os.BinderProxy@f05104a keyguard=false
12-03 00:38:26.297  1491  5606 V InputMethodManagerService: Creating new session for client ClientState{e806f11 uid=10286 pid=11456 displayId=0}
12-03 00:38:26.297  1491  5606 D InputTransport: Input channel constructed: 'ClientS', fd=410
12-03 00:38:26.297  1491  5606 D InputTransport: Input channel constructed: 'ClientS', fd=417
12-03 00:38:26.297  1491  5606 D InputTransport: Input channel destroyed: 'ClientS', fd=417
12-03 00:38:26.298 11456 11456 D UE4     : [GameActivity] === Restoring Transparent Bars due to Visibility Change ===
12-03 00:38:26.298 11456 11456 D UE4     : [GameActivity] === Restoring Transparent Bars ===
12-03 00:38:26.299 11456 11456 D ViewRootImpl@c0c714c[GameActivity]: MSG_RESIZED_REPORT: frame=(0,0,2220,1080) ci=(0,0,126,0) vi=(0,0,0,0) or=2
12-03 00:38:26.299  1491  5606 V InputMethodManagerService: Disabling: SessionState{uid 10144 pid 2917 method cc40b2 session 230ca68 channel ClientState{f37eea2 uid=10144 pid=2917 displayId=0} (server)}
12-03 00:38:26.299  1491  5606 V InputMethodManagerService: Enabling: SessionState{uid 10286 pid 11456 method cc40b2 session 41bde77 channel ClientState{e806f11 uid=10286 pid=11456 displayId=0} (server)}
12-03 00:38:26.299  1491  5606 D InputMethodManagerService: checkDisplayOfStartInputAndUpdateKeyboard display Id 0last 0
12-03 00:38:26.299 11456 11456 D ViewRootImpl@7ba4a0c[GameActivity]: MSG_RESIZED: frame=(0,0,2220,1080) ci=(0,0,126,0) vi=(0,0,0,0) or=2
12-03 00:38:26.299  1491  5606 D InputTransport: Input channel constructed: 'ClientS', fd=417
12-03 00:38:26.299  1491  5606 D InputTransport: Input channel destroyed: 'ClientS', fd=417
12-03 00:38:26.300  9848  9848 I SKBD_Performance: [IIManager] [PF_CL][onFinishInput] 209844
12-03 00:38:26.300  9848  9848 D InputMethodService: checkDisplayOfStartInputAndUpdateKeyboard display Id 0last 0
12-03 00:38:26.300  9848  9848 I SKBD    : SamsungKeypad [IMI] onStartInput - caller pid : 11456, caller uid : 10286
12-03 00:38:26.301  9848  9848 I SKBD    : SamsungKeypad ConnectionUtils.getNetworkStateValue() =  0
12-03 00:38:26.304 11456 11456 E DecorView: mWindow.mActivityCurrentConfig is null
12-03 00:38:26.310  1491  1537 D WindowManager: finishDrawingWindow: Window{68be716 u0 neu.edu.madcourse.Bello_CS5520_MoveMe/com.epicgames.ue4.GameActivity} mDrawState=HAS_DRAWN
12-03 00:38:26.310 11456 11456 D InputMethodManager: prepareNavigationBarInfo() DecorView@4364320[GameActivity]
12-03 00:38:26.310  1491  1655 V WindowManager: performShow on Window{c2df608 u0 StatusBar}: mDrawState=READY_TO_SHOW readyForDisplay=false starting=false during animation: policyVis=false parentHidden=false tok.hiddenRequested=false tok.hidden=false animating=false tok animating=false Callers=com.android.server.wm.WindowState.performShowLocked:4660 com.android.server.wm.DisplayContent.lambda$new$0$DisplayContent:662 com.android.server.wm.-$$Lambda$DisplayContent$0yxrqH9eGY2qTjH1u_BvaVrXCSA.accept:4 com.android.server.wm.WindowContainer$ForAllWindowsConsumerWrapper.apply:1184 
12-03 00:38:26.311 11456 11456 D InputMethodManager: getNavigationBarColor() -855310
12-03 00:38:26.311 11456 11456 V InputMethodManager: Starting input: tba=neu.edu.madcourse.Bello_CS5520_MoveMe ic=null mNaviBarColor -855310 mIsGetNaviBarColorSuccess true , NavVisible : false , NavTrans : false
12-03 00:38:26.311 11456 11456 D InputMethodManager: startInputInner - Id : 0
12-03 00:38:26.327  1491  1655 V WindowManager: performShow on Window{c2df608 u0 StatusBar}: mDrawState=READY_TO_SHOW readyForDisplay=false starting=false during animation: policyVis=false parentHidden=false tok.hiddenRequested=false tok.hidden=false animating=false tok animating=false Callers=com.android.server.wm.WindowState.performShowLocked:4660 com.android.server.wm.DisplayContent.lambda$new$0$DisplayContent:662 com.android.server.wm.-$$Lambda$DisplayContent$0yxrqH9eGY2qTjH1u_BvaVrXCSA.accept:4 com.android.server.wm.WindowContainer$ForAllWindowsConsumerWrapper.apply:1184 
12-03 00:38:26.328   795   862 I SurfaceFlinger: id=2866 Removed AppWindowToken{1cb3ace token=Token{37ef3c9 ActivityRecord{19857d0 u0 neu.edu.madcourse.Bello_CS5520_MoveMe/com.epicgames.ue4.SplashActivity t276}}}#0 (52)
12-03 00:38:26.330   795   795 I SurfaceFlinger: Display 0 HWC layers:
12-03 00:38:26.330   795   795 I SurfaceFlinger:     type    |    handle    | flag |  format   |   source crop (l,t,r,b)    |         frame       | name 
12-03 00:38:26.330   795   795 I SurfaceFlinger: ------------+--------------+------+-----------+----------------------------+---------------------+------
12-03 00:38:26.330   795   795 I SurfaceFlinger:  SOLID_COLOR |              | 0002 |  Unknown  |   0.0    0.0    0.0    0.0 |    0    0 1080 2220 | Background for -SurfaceView - neu.ed[...]icgames.ue4.GameActivity@e295f55@0#0
12-03 00:38:26.330   795   795 I SurfaceFlinger:      DEVICE | 0x7f3bbff000 | 0000 | RGBA_8888 |   0.0    0.0 1080.0 2220.0 |    0    0 1080 2220 | neu.edu.madcourse.Bello_CS5520_MoveMe/com.epicgames.ue4.GameActivity$_11456#1
12-03 00:38:26.330   795   795 I SurfaceFlinger:      DEVICE | 0x7f3f9cf580 | 0000 | RGBA_8888 |   0.0    0.0 1080.0 2220.0 |    0    0 1080 2220 | neu.edu.madcourse.Bello_CS5520_MoveMe/com.epicgames.ue4.GameActivity$_11456#0
12-03 00:38:26.330   795   795 I SurfaceFlinger:      DEVICE | 0x7f4ae25400 | 0002 | RGBA_8888 |   0.0    0.0 2220.0 1080.0 |    0    0 1080 2220 | Splash Screen neu.edu.madcourse.Bello_CS5520_MoveMe#0
12-03 00:38:26.330   795   795 I SurfaceFlinger:      DEVICE | 0x7f4ae25900 | 0000 | RGBA_8888 |   0.0    0.0 1080.0  126.0 |    0 2094 1080 2220 | Navigat
12-03 00:38:26.330   795   795 I SurfaceFlinger: ionBar0$_2489#0
12-03 00:38:26.330   795   795 I SurfaceFlinger: 
12-03 00:38:26.344   795   795 I Layer   : id=2866[1] Destroyed AppWindowToken{1cb3ace token=Token{37ef3c9 ActivityRecord{19857d0 u0 neu.edu.madcourse.Bello_CS5520_MoveMe/com.epicgames.ue4.SplashActivity t276}}}#0
12-03 00:38:26.344  1491  1655 I WindowManager: Reparenting to original parent: Surface(name=AppWindowToken{b304c9a token=Token{4213d45 ActivityRecord{db029bc u0 neu.edu.madcourse.Bello_CS5520_MoveMe/com.epicgames.ue4.GameActivity t276}}})/@0x632d602, destroyLeash=true, surface=Surface(name=e2f6139 Splash Screen neu.edu.madcourse.Bello_CS5520_MoveMe)/@0xee0a39b
12-03 00:38:26.344  1491  1655 E WindowManager: win=Window{e2f6139 u0 Splash Screen neu.edu.madcourse.Bello_CS5520_MoveMe EXITING} destroySurfaces: appStopped=false win.mWindowRemovalAllowed=true win.mRemoveOnExit=true win.mViewVisibility=0 caller=com.android.server.wm.AppWindowToken.destroySurfaces:1200 com.android.server.wm.AppWindowToken.destroySurfaces:1181 com.android.server.wm.WindowState.onExitAnimationDone:5030 com.android.server.wm.WindowStateAnimator.onAnimationFinished:284 com.android.server.wm.WindowState.onAnimationFinished:5471 com.android.server.wm.-$$Lambda$yVRF8YoeNdTa8GR1wDStVsHu8xM.run:2 com.android.server.wm.SurfaceAnimator.lambda$getFinishedCallback$0$SurfaceAnimator:100 
12-03 00:38:26.344  1491  1655 I WindowManager: Destroying surface Surface(name=Splash Screen neu.edu.madcourse.Bello_CS5520_MoveMe)/@0x865eb13 called by com.android.server.wm.WindowStateAnimator.destroySurface:1725 com.android.server.wm.WindowStateAnimator.destroySurfaceLocked:684 com.android.server.wm.WindowState.destroySurfaceUnchecked:3482 com.android.server.wm.WindowState.destroySurface:3456 com.android.server.wm.AppWindowToken.destroySurfaces:1200 com.android.server.wm.AppWindowToken.destroySurfaces:1181 com.android.server.wm.WindowState.onExitAnimationDone:5030 com.android.server.wm.WindowStateAnimator.onAnimationFinished:284 
12-03 00:38:26.346  1491  1655 V WindowManager: performShow on Window{c2df608 u0 StatusBar}: mDrawState=READY_TO_SHOW readyForDisplay=false starting=false during animation: policyVis=false parentHidden=false tok.hiddenRequested=false tok.hidden=false animating=false tok animating=false Callers=com.android.server.wm.WindowState.performShowLocked:4660 com.android.server.wm.WindowStateAnimator.commitFinishDrawingLocked:371 com.android.server.wm.DisplayContent.lambda$new$8$DisplayContent:935 com.android.server.wm.-$$Lambda$DisplayContent$qxt4izS31fb0LF2uo_OF9DMa7gc.accept:4 
12-03 00:38:26.348   795  1047 I SurfaceFlinger: id=2868 Removed e2f6139 Splash Screen neu.edu.madcourse.Bello_CS5520_MoveMe#0 (51)
12-03 00:38:26.348   795  1047 I SurfaceFlinger: id=2888 Removed Surface(name=e2f6139 Splash Screen neu.edu.madcourse.Bello_CS5520_MoveMe)/@0xee0a39b - animation-leash#0 (51)
12-03 00:38:26.348   795  1047 I SurfaceFlinger: id=2869 Removed Splash Screen neu.edu.madcourse.Bello_CS5520_MoveMe#0 (51)
12-03 00:38:26.349 11456 11532 D UE4     : EGL Extensions: 
12-03 00:38:26.349 11456 11532 D UE4     : EGL_KHR_get_all_proc_addresses EGL_ANDROID_presentation_time EGL_KHR_swap_buffers_with_damage EGL_ANDROID_get_native_client_buffer EGL_ANDROID_front_buffer_auto_refresh EGL_ANDROID_get_frame_timestamps EGL_EXT_surface_SMPTE2086_metadata EGL_EXT_surface_CTA861_3_metadata EGL_KHR_image EGL_KHR_image_base EGL_EXT_image_gl_colorspace EGL_KHR_lock_surface EGL_KHR_gl_colorspace EGL_KHR_gl_texture_2D_image EGL_KHR_gl_texture_3D_image EGL_KHR_gl_texture_cubemap_image EGL_KHR_gl_renderbuffer_image EGL_KHR_reusable_sync EGL_KHR_fence_sync EGL_KHR_create_context EGL_KHR_surfaceless_context EGL_EXT_create_context_robustness EGL_ANDROID_image_native_buffer EGL_KHR_wait_sync EGL_ANDROID_recordable EGL_KHR_partial_update EGL_EXT_pixel_format_float EGL_KHR_create_context_no_error EGL_KHR_mutable_render_buffer EGL_EXT_yuv_surface EGL_EXT_protected_content EGL_IMG_context_priority EGL_KHR_no_config_context 
12-03 00:38:26.352 11456 11532 D UE4     : FAndroidGPUInfo
12-03 00:38:26.352 11456 11532 D UE4     : AndroidEGL::InitRenderSurface 1, 1
12-03 00:38:26.352 11456 11532 D UE4     : AndroidEGL::InitRenderSurface, wnd: 0x73ba643010, width: 8, height 8 
12-03 00:38:26.353 11456 11532 D UE4     : AndroidEGL::CreateEGLRenderSurface() 0x732719ae00
12-03 00:38:26.353 11456 11532 D UE4     : AndroidEGL::InitSharedSurface 1
12-03 00:38:26.353 11456 11532 D UE4     : AndroidEGL::InitSharedSurface, width: 8, height 8 
12-03 00:38:26.353 11456 11532 D UE4     : AndroidEGL::CreateEGLSharedSurface(), auxSurface = eglCreatePbufferSurface(), 8x8
12-03 00:38:26.358 11456 11532 D vulkan  : searching for layers in '/data/app/neu.edu.madcourse.Bello_CS5520_MoveMe-JprAVA7LbJ1aA_RCxsmNHA==/lib/arm64'
