--------- beginning of system
12-01 16:46:56.588  1491  3942 I ActivityTaskManager: START u0 {flg=0x10000000 cmp=neu.edu.madcourse.Bello_CS5520_MoveMe/com.epicgames.ue4.SplashActivity} from uid 2000
12-01 16:46:56.593  1491  1666 D CustomFrequencyManagerService: acquireDVFSLockLocked : type : DVFS_MIN_LIMIT  frequency : 2208000  uid : 1000  pid : 1491  pkgName : APP_LAUNCH@CPU_MIN@50
--------- beginning of main
12-01 16:46:56.597   753   777 E ANDR-PERF-OPTSHANDLER: Perflock resource /sys/module/lpm_levels/parameters/bias_hyst not supported
12-01 16:46:56.597   753   777 E ANDR-PERF-RESOURCEQS: Failed to apply optimization [1, 2]
12-01 16:46:56.599  1491  3942 D CustomFrequencyManagerService: acquireDVFSLockLocked : type : DVFS_MIN_LIMIT  frequency : 2208000  uid : 1000  pid : 1491  pkgName : AMS_APP_SWITCH@CPU_MIN@59
12-01 16:46:56.599  1491  3942 D ActivityManagerPerformance: AMP_acquire() APP_SWITCH
12-01 16:46:56.599  1491  3942 D ActivityTaskManager: MultiTaskingTaskLaunchParamsModifier:task=null display-id=0 display-windowing-mode=1
12-01 16:46:56.600  1491  3942 D ActivityTaskManager: MultiTaskingTaskLaunchParamsModifier:task=null display-id=0 display-windowing-mode=1 non-freeform-display maximized-bounds
12-01 16:46:56.602   795   853 I SurfaceFlinger: id=2678 createSurf (0x0),-1 flag=80004, Stack=55#0
12-01 16:46:56.603   795   853 I SurfaceFlinger: id=2679 createSurf (0x0),-1 flag=20004, animation background stackId=55#0
12-01 16:46:56.604  1491  3942 D ActivityTaskManager: MultiTaskingTaskLaunchParamsModifier:tid=273 display-from-task=0 display-id=0 display-windowing-mode=1 non-freeform-display maximized-bounds
12-01 16:46:56.604   795   853 I SurfaceFlinger: id=2680 createSurf (0x0),-1 flag=80004, Task=273#0
12-01 16:46:56.605  1491  3942 D ActivityTaskManager: updateMinimizedState: unknown notifyReason=2
12-01 16:46:56.607   795   853 I SurfaceFlinger: id=2681 createSurf (0x0),-1 flag=80004, AppWindowToken{2078216 token=Token{3be2b31 ActivityRecord{c8dabd8 u0 neu.edu.madcourse.Bello_CS5520_MoveMe/com.epicgames.ue4.SplashActivity t273}}}#0
12-01 16:46:56.610  1491  3942 I ActivityTaskManager: Launch time is true
12-01 16:46:56.610  1491  3942 I ActivityTaskManager: mTimer start at this point for Notification solution
12-01 16:46:56.610  1491  3942 I ActivityTaskManager: mTimer scheduling done
12-01 16:46:56.611  1491  1654 D GameSDKService: MultiWindowEventListener.onFocusStackChanged(), state=0, top=ComponentInfo{neu.edu.madcourse.Bello_CS5520_MoveMe/com.epicgames.ue4.SplashActivity}
12-01 16:46:56.611  2917  2917 D PageOverlayMover: updateActivityLifecycleState : 3
12-01 16:46:56.612  2917  2917 D SPayUpdater: updateSpayHandler launcher activity is paused false
12-01 16:46:56.613  1491  3942 V WindowManager: rotationForOrientation(orient=6, last=0); user=0 
12-01 16:46:56.613  1491  3942 V WindowOrientationListener: getProposedRotation :-1
12-01 16:46:56.614  1491  3942 V WindowManager: Computed rotation=1 for display id=0 based on lastOrientation=6 and oldRotation=0, caller=com.android.server.wm.DisplayContent.updateOrientationFromAppTokens:1443 com.android.server.wm.DisplayContent.updateOrientationFromAppTokens:1397 com.android.server.wm.DisplayContent.onDescendantOrientationChanged:1338 com.android.server.wm.WindowContainer.onDescendantOrientationChanged:738 com.android.server.wm.WindowContainer.onDescendantOrientationChanged:738 com.android.server.wm.WindowContainer.onDescendantOrientationChanged:738 
12-01 16:46:56.614  1491  3942 D PhoneWindowManagerExtension: setRotation: rotation=1
12-01 16:46:56.614  1491  3942 D PhoneWindowManagerExtension: sRotationBooster.acquire()
12-01 16:46:56.614  1491  3942 D CustomFrequencyManagerService: acquireDVFSLockLocked : type : DVFS_MIN_LIMIT  frequency : 2208000  uid : 1000  pid : 1491  pkgName : PWM_ROTATION@CPU_MIN@65
12-01 16:46:56.614  1491  3942 E TspStateManagerInternal: setPortrait: mReserveLandCmd is null.
12-01 16:46:56.615  1491 20832 D TspStateManagerInternal: update cmd=set_grip_data,2,1,0,10,0,0
12-01 16:46:56.615  1491  3942 D WindowManager: startFreezingDisplayLocked: exitAnim=0 enterAnim=0 called by com.android.server.wm.DisplayContent.updateRotationUnchecked:1609 com.android.server.wm.DisplayContent.updateOrientationFromAppTokens:1443 com.android.server.wm.DisplayContent.updateOrientationFromAppTokens:1397 com.android.server.wm.DisplayContent.onDescendantOrientationChanged:1338 com.android.server.wm.WindowContainer.onDescendantOrientationChanged:738 com.android.server.wm.WindowContainer.onDescendantOrientationChanged:738 com.android.server.wm.WindowContainer.onDescendantOrientationChanged:738 com.android.server.wm.Task.onDescendantOrientationChanged:391 
12-01 16:46:56.615  1491  3942 D InputDispatcher: setInputDispatchMode: enabled=1, frozen=1
12-01 16:46:56.616   795   853 I SurfaceFlinger: id=2682 createSurf (1080x2220),2 flag=4, ScreenshotSurface#0
12-01 16:46:56.637  1491  3942 I ActivityTaskManager: Config changes=20000480 {1.1 ?mcc?mnc [en_US] ldltr sw411dp w797dp h387dp 420dpi nrml long land finger -keyb/v/h -nav/h winConfig={ mBounds=Rect(0, 0 - 2220, 1080) mAppBounds=Rect(0, 0 - 2094, 1080) mWindowingMode=fullscreen mDisplayWindowingMode=fullscreen mActivityType=undefined mAlwaysOnTop=undefined mRotation=ROTATION_90} s.4657 bts=0 ff=0 bf=0 themeSeq=0}
12-01 16:46:56.640   795   795 I SurfaceFlinger: Display 0 HWC layers:
12-01 16:46:56.640   795   795 I SurfaceFlinger:     type    |    handle    | flag |  format   |   source crop (l,t,r,b)    |         frame       | name 
12-01 16:46:56.640   795   795 I SurfaceFlinger: ------------+--------------+------+-----------+----------------------------+---------------------+------
12-01 16:46:56.640   795   795 I SurfaceFlinger:      DEVICE | 0x7f3f9d8380 | 0000 | RGBA_8888 |   0.0    0.0 1080.0 2220.0 |    0    0 1080 2220 | ScreenshotSurface#0
12-01 16:46:56.640   795   795 I SurfaceFlinger: 
12-01 16:46:56.682  1491  3942 I ActivityTaskManager: Override config changes=20000480 {1.1 ?mcc?mnc [en_US] ldltr sw411dp w797dp h387dp 420dpi nrml long land finger -keyb/v/h -nav/h winConfig={ mBounds=Rect(0, 0 - 2220, 1080) mAppBounds=Rect(0, 0 - 2094, 1080) mWindowingMode=fullscreen mDisplayWindowingMode=fullscreen mActivityType=undefined mAlwaysOnTop=undefined mRotation=ROTATION_90} s.4657 bts=0 ff=0 bf=0 themeSeq=0} for displayId=0
12-01 16:46:56.685  1491  1491 I Telecom:SamsungTelecomServiceProvider: onConfigurationChanged : {1.1 ?mcc?mnc [en_US] ldltr sw411dp w797dp h387dp 420dpi nrml long land finger -keyb/v/h -nav/h winConfig={ mBounds=Rect(0, 0 - 2220, 1080) mAppBounds=Rect(0, 0 - 2094, 1080) mWindowingMode=fullscreen mDisplayWindowingMode=fullscreen mActivityType=undefined mAlwaysOnTop=undefined mRotation=ROTATION_90} as.2 s.4692 bts=0 ff=0 bf=0 themeSeq=0}
12-01 16:46:56.686  3896  3896 D SUI_service: onConfigurationChanged, old dpi=420, new dpi=420
12-01 16:46:56.689  1491  3942 V WindowManager: Changing focus from Window{999b2c9 u0 com.sec.android.app.launcher/com.sec.android.app.launcher.activities.LauncherActivity} to null displayId=0 Callers=com.android.server.wm.RootWindowContainer.updateFocusedWindowLocked:203 com.android.server.wm.WindowManagerService.updateFocusedWindowLocked:6112 com.android.server.wm.AppWindowToken.commitVisibility:844 com.android.server.wm.AppWindowToken.setVisibility:767 com.android.server.wm.ActivityRecord.setVisibility:2124 com.android.server.wm.ActivityRecord.setVisible:2138 
12-01 16:46:56.689  1491  1652 D WindowManager: setSystemUiVisibility: displayId=0, vis=0x8708, fullVis=0x0, dockVis=0x0, win=Window{999b2c9 u0 com.sec.android.app.launcher/com.sec.android.app.launcher.activities.LauncherActivity}
12-01 16:46:56.690  1491  3942 V WindowManager: Setting visibility of Window{5adb967 u0 com.samsung.android.app.spage}: false, caller=com.android.server.wm.WindowContainer.sendAppVisibilityToClients:640 com.android.server.wm.WindowState.sendAppVisibilityToClients:3363 com.android.server.wm.WindowContainer.sendAppVisibilityToClients:640 com.android.server.wm.AppWindowToken.setClientHidden:622 com.android.server.wm.AppWindowToken.onAnimationFinished:3526 
12-01 16:46:56.690  1491  3942 V WindowManager: Setting visibility of Window{999b2c9 u0 com.sec.android.app.launcher/com.sec.android.app.launcher.activities.LauncherActivity}: false, caller=com.android.server.wm.WindowContainer.sendAppVisibilityToClients:640 com.android.server.wm.AppWindowToken.setClientHidden:622 com.android.server.wm.AppWindowToken.onAnimationFinished:3526 com.android.server.wm.AppWindowToken.commitVisibility:860 com.android.server.wm.AppWindowToken.setVisibility:767 
12-01 16:46:56.691  7965  7965 D TeeService: onConfigurationChanged, old dpi=420, new dpi=420
12-01 16:46:56.696  1491  1654 D GameSDKService: MultiWindowEventListener.onFocusStackChanged(): neu.edu.madcourse.Bello_CS5520_MoveMe
12-01 16:46:56.696  2489  3176 D WallpaperService: dispatchAppVisibility onVisibilityChanged(): false
12-01 16:46:56.697  1491  1654 D GameManagerService: MultiWindowEventListener.onFocusStackChanged(), state=0, top=ComponentInfo{neu.edu.madcourse.Bello_CS5520_MoveMe/com.epicgames.ue4.SplashActivity}
12-01 16:46:56.697  1491  1654 D MdnieScenarioControlService: MultiWindowState : false , mode : 0
12-01 16:46:56.697  1491  1655 E system_server: Invalid ID 0x00000000.
12-01 16:46:56.698  1491  3942 V WindowManager: Relayout Window{999b2c9 u0 com.sec.android.app.launcher/com.sec.android.app.launcher.activities.LauncherActivity}: viewVisibility=0 req=1080x2220
12-01 16:46:56.699  1491  1655 D PhoneWindow: forceLight changed to true [Splash Screen neu.edu.madcourse.Bello_CS5520_MoveMe] from com.android.internal.policy.PhoneWindow.updateForceLightNavigationBar:4238 com.android.internal.policy.DecorView.updateColorViews:1491 com.android.internal.policy.PhoneWindow.dispatchWindowAttributesChanged:3216 android.view.Window.setFlags:1148 com.android.internal.policy.PhoneWindow.generateLayout:2444 
12-01 16:46:56.701  1491  1655 D InputTransport: Input channel constructed: '4d37649', fd=417
12-01 16:46:56.701  1491  3942 V WindowManager: Relayout 2917: mAttrs={(0,0)(fillxfill) sim={adjust=nothing} layoutInDisplayCutoutMode=always ty=BASE_APPLICATION fmt=TRANSPARENT wanim=0x10302f1
12-01 16:46:56.701  1491  3942 V WindowManager:   fl=81910100
12-01 16:46:56.701  1491  3942 V WindowManager:   pfl=20000
12-01 16:46:56.701  1491  3942 V WindowManager:   vsysui=700 dimDuration=0 naviIconColor=0}
12-01 16:46:56.701  1491  1655 D InputTransport: Input channel constructed: '4d37649', fd=645
12-01 16:46:56.701   795  1047 I SurfaceFlinger: id=2683 createSurf (0x0),-1 flag=80004, 4d37649 Splash Screen neu.edu.madcourse.Bello_CS5520_MoveMe#0
12-01 16:46:56.703  2917  2917 D ViewRootImpl@d658478[LauncherActivity]: Relayout returned: old=(0,0,1080,2220) new=(0,0,1080,2220) req=(1080,2220)0 dur=8 res=0x5 s={true 494447611904} ch=false
12-01 16:46:56.703  1491  1655 D ViewRootImpl@a3b5450[Bello_CS5520_MoveMe]: setView = com.android.internal.policy.DecorView@189cb4e TM=true MM=false
12-01 16:46:56.704  9848  9848 I SKBD    : SamsungKeypad onConfigurationChanged2
12-01 16:46:56.704  1491  1537 D InputMethodManagerService: isAccessoryKeyboard 0
12-01 16:46:56.704  9848  9848 I SKBD    : byq ScreenWidth is NOT adjusted
12-01 16:46:56.704  9848  9848 I SKBD    : caz init : mSmallestWidthDP = 411
12-01 16:46:56.706  1491  1655 V WindowManager: Relayout Window{4d37649 u0 Splash Screen neu.edu.madcourse.Bello_CS5520_MoveMe}: viewVisibility=0 req=2220x1080
12-01 16:46:56.706  1491  1537 D InputDispatcher: Focus left window (2917): 999b2c9 in display 0 0
12-01 16:46:56.707  2732  2732 D PhoneWindow: forceLight changed to true [] from com.android.internal.policy.PhoneWindow.updateForceLightNavigationBar:4238 com.android.internal.policy.DecorView.updateColorViews:1491 com.android.internal.policy.PhoneWindow.dispatchWindowAttributesChanged:3216 android.view.Window.setFlags:1148 com.android.internal.policy.PhoneWindow.generateLayout:2444 
12-01 16:46:56.707  1491  2403 I System.out: (HTTPLog)-Static: isSBSettingEnabled false
12-01 16:46:56.707  1491  2403 I System.out: (HTTPLog)-Static: isSBSettingEnabled false
12-01 16:46:56.707  2732  2732 I MultiWindowDecorSupport: updateCaptionType >> DecorView@e29c98[], isFloating: false, isApplication: true, hasWindowDecorCaption: false, hasWindowControllerCallback: false
12-01 16:46:56.707  2732  2732 D MultiWindowDecorSupport: setCaptionType = 0, DecorView = DecorView@e29c98[]
12-01 16:46:56.708  1241  1358 D EnterpriseController: netId is 0
12-01 16:46:56.708  1241  1358 E Netd    : getNetworkForDns: getNetId from enterpriseCtrl is netid 0
12-01 16:46:56.708  1241  1358 D DnsProxyListener: DNSDBG::dns addrinfo af 0 - 1000
12-01 16:46:56.709   795   862 I SurfaceFlinger: id=2684 createSurf (2220x1080),1 flag=404, Splash Screen neu.edu.madcourse.Bello_CS5520_MoveMe#0
12-01 16:46:56.709  2732  2732 I NfcP2pEventManager: changeConfiguration() in NfcService
12-01 16:46:56.710  9848  9848 I SKBD    : bzt Update SetupWizard State : complete
12-01 16:46:56.710  1491  1655 D WindowManager: makeSurface duration=1 name=Splash Screen neu.edu.madcourse.Bello_CS5520_MoveMe
12-01 16:46:56.710  1491  2382 E NetdEventListenerService: handleMessage: { when=0 what=10001 obj=com.android.server.connectivity.NetdEventListenerService$DnsResultParams@3d42e05 target=com.android.server.connectivity.NetdEventListenerService$DnsEventHandler }
12-01 16:46:56.710  9848  9848 I SKBD    : bfa theme index :  285212672 Light
12-01 16:46:56.710  9848  9848 I SKBD    : bfa update KeyboardTheme themeIndex : 0x 11000000  theme :  Light
12-01 16:46:56.710  9848  9848 I SKBD    : cwe isFloating : false, isTabletMode : false, isDexMode : false
12-01 16:46:56.710  9848  9848 I SKBD    : cwe Phone normal size data is created.
12-01 16:46:56.710  9848  9848 I SKBD    : byq ScreenWidth is NOT adjusted
12-01 16:46:56.710  9848  9848 I chatty  : uid=10192(com.sec.android.inputmethod) identical 1 line
12-01 16:46:56.710  9848  9848 I SKBD    : byq ScreenWidth is NOT adjusted
12-01 16:46:56.711  1491  1654 I ApplicationPolicy: isApplicationExternalStorageWhitelisted:neu.edu.madcourse.Bello_CS5520_MoveMe user:0
12-01 16:46:56.711  1491  1654 D ApplicationPolicy: isApplicationExternalStorageWhitelisted: DO is not enabled on user 0. Allowed.
12-01 16:46:56.711  1491  1654 D ActivityManager: package  neu.edu.madcourse.Bello_CS5520_MoveMe, user - 0 is SDcard whitelisted
12-01 16:46:56.711  1491  1654 I ApplicationPolicy: isApplicationExternalStorageBlacklisted:neu.edu.madcourse.Bello_CS5520_MoveMe user:0
12-01 16:46:56.711  1491  1654 D ApplicationPolicy: isApplicationExternalStorageBlacklisted: DO is not enabled on user 0. Allowed.
12-01 16:46:56.711  1491  1654 I ApplicationPolicy: isApplicationExternalStorageBlacklisted:neu.edu.madcourse.Bello_CS5520_MoveMe user:0
12-01 16:46:56.711  1491  1654 D ApplicationPolicy: isApplicationExternalStorageBlacklisted: DO is not enabled on user 0. Allowed.
12-01 16:46:56.711  1491  1655 V WindowManager: Relayout 1491: mAttrs={(0,0)(fillxfill) sim={adjust=pan} ty=APPLICATION_STARTING wanim=0x1030001
12-01 16:46:56.711  1491  1655 V WindowManager:   fl=1830518
12-01 16:46:56.711  1491  1655 V WindowManager:   pfl=10020011
12-01 16:46:56.711  1491  1655 V WindowManager:   vsysui=10 naviIconColor=0}
12-01 16:46:56.711  1491  1655 D ViewRootImpl@a3b5450[Bello_CS5520_MoveMe]: Relayout returned: old=(0,0,2220,1080) new=(0,0,2220,1080) req=(2220,1080)0 dur=5 res=0x7 s={true 492621475840} ch=true
12-01 16:46:56.711  1491  2403 W WifiTransportLayerUtils: getApplicationCategory - IOException neu.edu.madcourse.Bello_CS5520_MoveMe
12-01 16:46:56.712  9848  9848 D InputMethodService: checkDisplayOfStartInputAndUpdateKeyboard display Id 0last 0
12-01 16:46:56.712  9848  9848 I SKBD    : SamsungKeypad [IMI] onStartInput - caller pid : 2917, caller uid : 10144
12-01 16:46:56.712  9848  9848 I SKBD    : SamsungKeypad ConnectionUtils.getNetworkStateValue() =  0
12-01 16:46:56.712  9848  9848 I SKBD    : bth getDefaultInputRange : UNKNOWN
12-01 16:46:56.712  9848  9848 I SKBD    : bth [EditorInputType]setPrivateImeOptionsToTable privateImeOptions ( null )
12-01 16:46:56.712  9848  9848 I SKBD    : bth privateImeOptions is null
12-01 16:46:56.713  1491  1491 D GameManagerService: onDisplayChanged. displyId: 0, state: 2
12-01 16:46:56.713  1491  2302 D LiftUpHandler: screen on
12-01 16:46:56.713  9848  9848 I SKBD_Performance: [IIManager] [PF_OP][onStartInput] 1116354
12-01 16:46:56.714  1491  2279 I CAE     : handleMessage(CaPowerManager.java:189) - AP_WAKEUP_Already_Delivered
12-01 16:46:56.714  1491  2279 I CAE     : handleMessage(CaPowerManager.java:199) - SCREEN_ON_Already_Delivered
12-01 16:46:56.714  9848  9848 I SKBD    : byq ScreenWidth is NOT adjusted
12-01 16:46:56.715  2917  2917 D ViewRootImpl@d658478[LauncherActivity]: MSG_RESIZED: frame=(0,0,1080,2220) ci=(0,63,0,126) vi=(0,63,0,126) or=2
12-01 16:46:56.715  1491  2626 V WindowManager: Relayout Window{5adb967 u0 com.samsung.android.app.spage}: viewVisibility=8 req=0x2220
12-01 16:46:56.715  9848  9848 I SKBD    : bfp PredictionOff By PackageName : $predictOff
12-01 16:46:56.718  1491  2626 V WindowManager: Relayout 4505: mAttrs={(0,0)(0xfill) sim={adjust=pan} layoutInDisplayCutoutMode=always ty=APPLICATION_PANEL fmt=RGBA_8888
12-01 16:46:56.718  1491  2626 V WindowManager:   fl=1000018
12-01 16:46:56.718  1491  2626 V WindowManager:   pfl=40 naviIconColor=0}
12-01 16:46:56.719  4505  4505 D ViewRootImpl@705df86[]: Relayout returned: old=(0,0,1080,2220) new=(0,0,1080,2220) req=(0,2220)8 dur=4 res=0x5 s={false 0} ch=false
12-01 16:46:56.719  1491  1654 D InputManager-JNI: Viewport [0] type:1: displayId=0, uniqueId=local:0, orientation=1, logicalFrame=[0, 0, 2220, 1080], physicalFrame=[0, 0, 2220, 1080], deviceSize=[2220, 1080]
12-01 16:46:56.719  2489  2922 D vol.VolumeDialogControl: onReceive ACTION_CONFIGURATION_CHANGED
12-01 16:46:56.720  1491  1655 E DecorView: mWindow.mActivityCurrentConfig is null
12-01 16:46:56.720  1491  1491 D MotionRecognitionService:   mReceiver.onReceive : CONFIGURATION_CHANGED
12-01 16:46:56.721  1491  1491 D WallpaperManagerService: onReceive: android.intent.action.CONFIGURATION_CHANGED, densityDpi=420
12-01 16:46:56.721  2489 13846 D vol.VolumeDialogControl.VC: setLayoutDirection
12-01 16:46:56.721  1491  2302 D MotionRecognitionService: [EARHOVER_MOTION] inject auto rotation : 5
12-01 16:46:56.721  1491  2302 D SensorService: [EARHOVER_LITE] : setMotionDataLocked
12-01 16:46:56.721  1491  2302 E SensorService: setSContextDataLocked
12-01 16:46:56.721  1491  2302 E SensorService: setSContextDataLocked failed
12-01 16:46:56.724  1491  2311 I InputReader: Reconfiguring input devices.  changes=0x00000004
12-01 16:46:56.724  1491  2311 I InputReader: Device reconfigured: id=3, name='sec_touchscreen', size 1080x2220, orientation 1, mode 1, display id 0
12-01 16:46:56.724  1491  2311 D InputReader: Wrote command set_rotation_status,1
12-01 16:46:56.725  1491  1537 V WindowManager: Relayout Window{3197f6a u0 InputMethod}: viewVisibility=8 req=2220x126
12-01 16:46:56.728  1491  1653 D SettingsProvider: isChangeAllowed() : name = tether_enable_legacy_dhcp_server
12-01 16:46:56.728  1491  1653 D TetheringConfiguration: NAP is enabled by CSCfeature
12-01 16:46:56.728  1491  1537 V WindowManager: Relayout 9848: mAttrs={(0,0)(fillxwrap) gr=BOTTOM CENTER_VERTICAL sim={adjust=pan} ty=INPUT_METHOD fmt=TRANSPARENT wanim=0x7f13011d
12-01 16:46:56.728  1491  1537 V WindowManager:   fl=81800108
12-01 16:46:56.728  1491  1537 V WindowManager:   vsysui=10 dimDuration=150 naviIconColor=0
12-01 16:46:56.728  1491  1537 V WindowManager:   sfl=800}
12-01 16:46:56.728  1491  4745 V WindowManager: Relayout Window{999b2c9 u0 com.sec.android.app.launcher/com.sec.android.app.launcher.activities.LauncherActivity}: viewVisibility=8 req=1080x2220
12-01 16:46:56.729  1020  1020 D Zygote  : Forked child process 20835
12-01 16:46:56.729  9848  9848 D ViewRootImpl@ff8baea[InputMethod]: Relayout returned: old=(0,63,1080,2220) new=(0,63,1080,2220) req=(2220,126)8 dur=5 res=0x1 s={false 0} ch=false
12-01 16:46:56.730  1491  1655 D WindowManager: finishDrawingWindow: Window{4d37649 u0 Splash Screen neu.edu.madcourse.Bello_CS5520_MoveMe} mDrawState=DRAW_PENDING
12-01 16:46:56.731  1491  4745 V WindowManager: Relayout 2917: mAttrs={(0,0)(fillxfill) sim={adjust=nothing} layoutInDisplayCutoutMode=always ty=BASE_APPLICATION fmt=TRANSPARENT wanim=0x10302f1
12-01 16:46:56.731  1491  4745 V WindowManager:   fl=81910100
12-01 16:46:56.731  1491  4745 V WindowManager:   pfl=20000
12-01 16:46:56.731  1491  4745 V WindowManager:   vsysui=700 dimDuration=0 naviIconColor=0}
12-01 16:46:56.732  2917  2917 D ViewRootImpl@d658478[LauncherActivity]: Relayout returned: old=(0,0,1080,2220) new=(0,0,1080,2220) req=(1080,2220)8 dur=6 res=0x5 s={false 0} ch=true
12-01 16:46:56.732  2917  2917 D ViewRootImpl@d658478[LauncherActivity]: MSG_WINDOW_FOCUS_CHANGED 0 1
12-01 16:46:56.732  2917  2917 D InputMethodManager: prepareNavigationBarInfo() DecorView@ef285ac[LauncherActivity]
12-01 16:46:56.732  2917  2917 D InputMethodManager: getNavigationBarColor() 0
12-01 16:46:56.732  2917  2917 D PageOverlayMover: isMoving : false
12-01 16:46:56.733  1491  1655 D ViewRootImpl@a3b5450[Bello_CS5520_MoveMe]: MSG_RESIZED_REPORT: frame=(0,0,2220,1080) ci=(0,0,126,0) vi=(0,63,126,0) or=2
12-01 16:46:56.733  2917  2917 D Launcher.Model: onReceive intent=Intent { act=android.intent.action.CONFIGURATION_CHANGED flg=0x70200010 }
12-01 16:46:56.733   753   777 E ANDR-PERF-UTIL: Failed to update node /proc/20835/sched_boost with value 3
12-01 16:46:56.733  2917  2917 D ViewRootImpl@d658478[LauncherActivity]: stopped(true) old=false
12-01 16:46:56.733   753   777 E ANDR-PERF-OPTSHANDLER: can't boost task 20835
12-01 16:46:56.733   753   777 E ANDR-PERF-RESOURCEQS: Failed to apply optimization [3, 32]
12-01 16:46:56.734 20835 20835 E Zygote  : isWhitelistProcess - Process is Whitelisted
12-01 16:46:56.734  2489  2489 D StatusBar: disable<e i a s b h r c s k > disable2<q i n >
12-01 16:46:56.734  2917  2917 D Launcher.NotificationListener: removeNotificationsChangedListener
12-01 16:46:56.734  2917  2917 D BadgeCountUpdaterImpl: onNotificationsChangedDisConnected
12-01 16:46:56.734  1491  1655 V WindowManager: performShow on Window{4d37649 u0 Splash Screen neu.edu.madcourse.Bello_CS5520_MoveMe}: mDrawState=READY_TO_SHOW readyForDisplay=false starting=true during animation: policyVis=true parentHidden=false tok.hiddenRequested=false tok.hidden=true animating=false tok animating=false Callers=com.android.server.wm.WindowState.performShowLocked:4660 com.android.server.wm.WindowStateAnimator.commitFinishDrawingLocked:371 com.android.server.wm.DisplayContent.lambda$new$8$DisplayContent:935 com.android.server.wm.-$$Lambda$DisplayContent$qxt4izS31fb0LF2uo_OF9DMa7gc.accept:4 
12-01 16:46:56.734  2917  2917 D Launcher.NotificationListener: unregisterObserver, this is not notificationService!!
12-01 16:46:56.734  2917  2917 V SettingsHelper: *** unregister listener for com.android.launcher3.notification.-$$Lambda$NotificationListener$TPumyTwU0XeoXYvudWsC9Oq4HgU@a2db29a
12-01 16:46:56.734  2917  2917 V SettingsHelper: *** unregister listener for com.android.launcher3.notification.-$$Lambda$NotificationListener$rJMoivvsqzlKdmqkNLlyopK1Us8@efc27cb
12-01 16:46:56.734  2917  2917 D PageOverlayMover: updateActivityLifecycleState : 4
12-01 16:46:56.734  2489  2489 D LockscreenNotificationManager: Orientation updated : 2
12-01 16:46:56.735 20835 20835 E Zygote  : accessInfo : 1
12-01 16:46:56.736  2489  2489 D [QuickStar]PhoneStatusBarClockManager: updateResources() mGrandParentView is null ? false, mIsChangedClockPosition:false, mClockPosition:LEFT
12-01 16:46:56.736  1491  1652 D WindowManager: setSystemUiVisibility: displayId=0, vis=0x8018, fullVis=0x0, dockVis=0x0, win=Window{4d37649 u0 Splash Screen neu.edu.madcourse.Bello_CS5520_MoveMe}
12-01 16:46:56.738  1491  1537 V WindowManager: Relayout Window{5adb967 u0 com.samsung.android.app.spage}: viewVisibility=8 req=0x2220
12-01 16:46:56.740  1491  2626 E WindowManager: win=Window{5adb967 u0 com.samsung.android.app.spage} destroySurfaces: appStopped=true win.mWindowRemovalAllowed=false win.mRemoveOnExit=false win.mViewVisibility=8 caller=com.android.server.wm.WindowState.destroySurface:3434 com.android.server.wm.AppWindowToken.destroySurfaces:1200 com.android.server.wm.AppWindowToken.destroySurfaces:1181 com.android.server.wm.AppWindowToken.notifyAppStopped:1236 com.android.server.wm.ActivityRecord.activityStoppedLocked:2586 com.android.server.wm.ActivityTaskManagerService.activityStopped:2380 android.app.IActivityTaskManager$Stub.onTransact:2180 
12-01 16:46:56.740  1491  2626 I WindowManager: Destroying surface Surface(name=$_4505)/@0x6455d68 called by com.android.server.wm.WindowStateAnimator.destroySurface:1725 com.android.server.wm.WindowStateAnimator.destroySurfaceLocked:684 com.android.server.wm.WindowState.destroySurfaceUnchecked:3482 com.android.server.wm.WindowState.destroySurface:3456 com.android.server.wm.WindowState.destroySurface:3434 com.android.server.wm.AppWindowToken.destroySurfaces:1200 com.android.server.wm.AppWindowToken.destroySurfaces:1181 com.android.server.wm.AppWindowToken.notifyAppStopped:1236 
12-01 16:46:56.740  1491  1537 V WindowManager: Relayout 4505: mAttrs={(0,0)(0xfill) sim={adjust=pan} layoutInDisplayCutoutMode=always ty=APPLICATION_PANEL fmt=RGBA_8888
12-01 16:46:56.740  1491  1537 V WindowManager:   fl=1000018
12-01 16:46:56.740  1491  1537 V WindowManager:   pfl=40 naviIconColor=0}
12-01 16:46:56.741  1491  2626 E WindowManager: win=Window{999b2c9 u0 com.sec.android.app.launcher/com.sec.android.app.launcher.activities.LauncherActivity} destroySurfaces: appStopped=true win.mWindowRemovalAllowed=false win.mRemoveOnExit=false win.mViewVisibility=8 caller=com.android.server.wm.AppWindowToken.destroySurfaces:1200 com.android.server.wm.AppWindowToken.destroySurfaces:1181 com.android.server.wm.AppWindowToken.notifyAppStopped:1236 com.android.server.wm.ActivityRecord.activityStoppedLocked:2586 com.android.server.wm.ActivityTaskManagerService.activityStopped:2380 android.app.IActivityTaskManager$Stub.onTransact:2180 android.os.Binder.execTransactInternal:1021 
12-01 16:46:56.741  1491  2626 I WindowManager: Destroying surface Surface(name=com.sec.android.app.launcher/com.sec.android.app.launcher.activities.LauncherActivity$_2917)/@0x3ff8f05 called by com.android.server.wm.WindowStateAnimator.destroySurface:1725 com.android.server.wm.WindowStateAnimator.destroySurfaceLocked:684 com.android.server.wm.WindowState.destroySurfaceUnchecked:3482 com.android.server.wm.WindowState.destroySurface:3456 com.android.server.wm.AppWindowToken.destroySurfaces:1200 com.android.server.wm.AppWindowToken.destroySurfaces:1181 com.android.server.wm.AppWindowToken.notifyAppStopped:1236 com.android.server.wm.ActivityRecord.activityStoppedLocked:2586 
12-01 16:46:56.741  4505  4505 D ViewRootImpl@705df86[]: Relayout returned: old=(0,0,1080,2220) new=(0,0,1080,2220) req=(0,2220)8 dur=4 res=0x5 s={false 0} ch=false
12-01 16:46:56.741   795   853 I SurfaceFlinger: id=2677 Removed $_4505#0 (45)
12-01 16:46:56.741  4505  4505 D ScrollView:  onsize change changed 
12-01 16:46:56.742  4505  4505 D PageOverlayCoordinator: onUiStopped
12-01 16:46:56.742  4505  4505 D PageOverlayRootLayout: onUiStopped
12-01 16:46:56.742   795   853 I SurfaceFlinger: id=2685 createSurf (0x0),-1 flag=80004, WindowToken{26f9267 android.os.BinderProxy@46ea581}#0
12-01 16:46:56.743 20835 20835 I o_CS5520_MoveM: Late-enabling -Xcheck:jni
12-01 16:46:56.743  1491  4745 E WindowManager: App trying to use insecure INPUT_FEATURE_NO_INPUT_CHANNEL flag. Ignoring
12-01 16:46:56.743  1491  4745 D InputTransport: Input channel constructed: 'ac6e814', fd=646
12-01 16:46:56.743  1491  4745 D InputTransport: Input channel constructed: 'ac6e814', fd=647
12-01 16:46:56.744  1491  1686 V MARsPolicyManager: onAlertToastWindowStarted pkgName = com.android.systemui, userId = 0
12-01 16:46:56.744   795   853 I SurfaceFlinger: id=2686 createSurf (0x0),-1 flag=80004, ac6e814 AssistPreviewPanel#0
12-01 16:46:56.744  1491  4745 D InputTransport: Input channel destroyed: 'ac6e814', fd=647
12-01 16:46:56.745  2489  2489 D ViewRootImpl@e6045be[AssistPreviewPanel]: setView = com.android.systemui.assist.AssistOrbContainer@331c61f TM=true MM=false
12-01 16:46:56.748  1491  1655 E DecorView: mWindow.mActivityCurrentConfig is null
12-01 16:46:56.750   795   853 I SurfaceFlinger: id=2661 Removed com.sec.android.app.launcher/com.sec.android.app.launcher.activities.LauncherActivity$_2917#0 (47)
12-01 16:46:56.753  1491  1652 D CodecSolution: isMaxAspectPackageEx: neu.edu.madcourse.Bello_CS5520_MoveMe : true(2)
12-01 16:46:56.754  1491  1667 I ActivityManager: Start proc 20835:neu.edu.madcourse.Bello_CS5520_MoveMe/u0a285 for activity {neu.edu.madcourse.Bello_CS5520_MoveMe/com.epicgames.ue4.SplashActivity}
12-01 16:46:56.754   795   795 I Layer   : id=2677[1] Destroyed $_4505#0
12-01 16:46:56.755  1491  1655 D WindowManager: finishDrawingWindow: Window{4d37649 u0 Splash Screen neu.edu.madcourse.Bello_CS5520_MoveMe} mDrawState=DRAW_PENDING
12-01 16:46:56.755   795   795 I Layer   : id=2661[1] Destroyed com.sec.android.app.launcher/com.sec.android.app.launcher.activities.LauncherActivity$_2917#0
12-01 16:46:56.756  1491  1655 D ViewRootImpl@a3b5450[Bello_CS5520_MoveMe]: MSG_RESIZED_REPORT: frame=(0,0,2220,1080) ci=(0,0,126,0) vi=(0,0,126,0) or=2
12-01 16:46:56.756  2489  2489 V NavBarStoreImpl: handleEvent [EventType] ON_UPDATE_SCREEN_INFO [Module] SecNavigationBarView  KEYS_CURRENT_ROTATION=1  KEYS_SCREEN_SIZE=Point(2220, 1080)
12-01 16:46:56.757  2489  2489 V NavBarStoreImpl: handleEvent [EventType] ON_UPDATE_REMOTEVIEW [Module] SecNavigationBarView  KEYS_NAVBAR_DARK_INTENSITY=0.0  KEYS_LEFT_REMOTEVIEW_CONTAINER=android.widget.LinearLayout{def0f3b I.E...... ......I. 0,0-118,126 #7f0a0385 app:id/left_remoteview}  KEYS_CONTEXTUALBUTTON_VISIBLE=false  KEYS_RIGHT_REMOTEVIEW_CONTAINER=android.widget.LinearLayout{80fa658 I.E...... ......I. 920,0-1038,126 #7f0a0529 app:id/right_remoteview}
12-01 16:46:56.757  2489  2489 V NavBarStoreImpl: --[Band]REMOTE_VIEW_PACK_SET_REMOTEVIEW_CONTAINER
12-01 16:46:56.757  2489  2489 V NavBarStoreImpl: ----apply(UPDATE_NAVBAR_REMOTEVIEW_CONTAINER)
12-01 16:46:56.757  2489  2489 V NavBarStoreImpl: ----apply(UPDATE_NAVBAR_RIGHT_REMOTEVIEW_VISIBILITY)
12-01 16:46:56.757  2489  2489 V NavBarStoreImpl: ----isEnabled(NAVBAR_REMOTEVIEW_DARKINTENSITY_CHANGED)=false
12-01 16:46:56.758  2489  2489 V NavBarStoreImpl: ------handleEvent [EventType] ON_UPDATE_REMOTEVIEW [Module] SecNavigationBarView  KEYS_NAVBAR_DARK_INTENSITY=0.0  KEYS_LEFT_REMOTEVIEW_CONTAINER=android.widget.LinearLayout{def0f3b I.E...... ......I. 0,0-118,126 #7f0a0385 app:id/left_remoteview}  KEYS_CONTEXTUALBUTTON_VISIBLE=false  KEYS_RIGHT_REMOTEVIEW_CONTAINER=android.widget.LinearLayout{80fa658 I.E...... ......I. 920,0-1038,126 #7f0a0529 app:id/right_remoteview}
12-01 16:46:56.758  2489  2489 V NavBarStoreImpl: --------[Band]REMOTE_VIEW_PACK_SET_REMOTEVIEW_CONTAINER
12-01 16:46:56.758  2489  2489 V NavBarStoreImpl: ----------apply(UPDATE_NAVBAR_REMOTEVIEW_CONTAINER)
12-01 16:46:56.758  2489  2489 V NavBarStoreImpl: ----------apply(UPDATE_NAVBAR_RIGHT_REMOTEVIEW_VISIBILITY)
12-01 16:46:56.758  2489  2489 V NavBarStoreImpl: ----------isEnabled(NAVBAR_REMOTEVIEW_DARKINTENSITY_CHANGED)=false
12-01 16:46:56.760  2489  2489 V NavBarStoreImpl: ------handleEvent [EventType] ON_UPDATE_REMOTEVIEW [Module] SecNavigationBarView  KEYS_NAVBAR_DARK_INTENSITY=0.0  KEYS_LEFT_REMOTEVIEW_CONTAINER=android.widget.LinearLayout{def0f3b I.E...... ......I. 0,0-118,126 #7f0a0385 app:id/left_remoteview}  KEYS_CONTEXTUALBUTTON_VISIBLE=false  KEYS_RIGHT_REMOTEVIEW_CONTAINER=android.widget.LinearLayout{80fa658 I.E...... ......I. 920,0-1038,126 #7f0a0529 app:id/right_remoteview}
12-01 16:46:56.760  2489  2489 V NavBarStoreImpl: --------[Band]REMOTE_VIEW_PACK_SET_REMOTEVIEW_CONTAINER
12-01 16:46:56.761  2489  2489 V NavBarStoreImpl: ----------apply(UPDATE_NAVBAR_REMOTEVIEW_CONTAINER)
12-01 16:46:56.761  2489  2489 V NavBarStoreImpl: ----------apply(UPDATE_NAVBAR_RIGHT_REMOTEVIEW_VISIBILITY)
12-01 16:46:56.761  2489  2489 V NavBarStoreImpl: ----------isEnabled(NAVBAR_REMOTEVIEW_DARKINTENSITY_CHANGED)=false
12-01 16:46:56.761  2489  2913 D NetworkController.MobileSignalController(0/2147483647): getMobileIconGroup(): 0
12-01 16:46:56.761  2489  2489 D ViewRootImpl@60e774d[NavigationBar0]: MSG_RESIZED_REPORT: frame=(2094,0,2220,1080) ci=(0,0,0,0) vi=(0,0,0,0) or=2
12-01 16:46:56.762  2489  2489 D ViewRootImpl@fb072ba[StatusBar]: MSG_RESIZED_REPORT: frame=(0,0,2220,63) ci=(0,0,126,0) vi=(0,0,126,0) or=2
12-01 16:46:56.763  2489  2489 I KeyguardMotionWallpaper: onConfigurationChanged: prev = 1, new = 2
12-01 16:46:56.763  2489  2489 I FixedOrientationController: clearPortraitRotation
12-01 16:46:56.763  2489  2489 I FixedOrientationController: w = 2220, h = 1080, isRtl = false, newR = 1, oldR = 0
12-01 16:46:56.763  2489  2489 I FixedOrientationController: #2 land w = 2220, h = 1080
12-01 16:46:56.764  2489  2489 D DymLock|DynamicLockContainer: onConfigurationChanged
12-01 16:46:56.764  2489  2489 D FaceWidgetContainer: onConfigurationChanged()
12-01 16:46:56.764  2489  2489 D FaceWidgetContainer: getNotificationCount 0
12-01 16:46:56.764  2489  2489 D FaceWidgetAttribute: hasNoti=false(0), ownerInfo=false, bioUnlock=false, portrait=false
12-01 16:46:56.764  2489  2489 D FaceWidgetClockPage: scaleMode 0
12-01 16:46:56.764  2489  2489 D FaceWidgetContainer: getNotificationCount 0
12-01 16:46:56.764  2489  2489 D FaceWidgetAttribute: hasNoti=false(0), ownerInfo=false, bioUnlock=false, portrait=false
12-01 16:46:56.764  2489  2489 D FaceWidgetCloneClockPage: scaleMode 0
12-01 16:46:56.764  2489  2489 D FaceWidgetContainer: initDimens
12-01 16:46:56.764  2489  2489 D FaceWidgetAttribute: loadDimens
12-01 16:46:56.765  2489  2489 D FaceWidgetContainer: onConfigurationChanged() rotation changed 0 -> 1 isKeyguardShowing - false
12-01 16:46:56.765  2489  2489 D FaceWidgetClockPage: onConfigurationChanged
12-01 16:46:56.765  2489  2489 D DigitalHorizontalTypoClockView_LOCK_SCREEN: onConfigurationChanged() from [0] -> [0]
12-01 16:46:56.765  2489  2489 D FaceWidgetMusicPage: onConfigurationChanged
12-01 16:46:56.766  2489  2489 E WallpaperEventNotifier: registerCallback: Object tried to add another callback com.android.systemui.wallpaper.WallpaperUtils.registerSystemUIWidgetCallback:1294
12-01 16:46:56.769  2489  2489 D QSContainerImpl: configuration changed, mSizePoint.y: 0
12-01 16:46:56.770  2489  2913 D Tile.WifiTile: handleUpdateState isTransient=false transientEnabling =false cb.isTransient=false state.state = 2 mStateBeforeClick.value =false enabled =true
12-01 16:46:56.771  2489  2489 D Tile.FlashlightTile: cancelNotification!!!
12-01 16:46:56.771  2489  2913 D Tile.BluetoothTile:  handleUpdateState enabled = false connected = false connecting = false changedState =false bluetoothState = 10 enabledChanging = false state = BooleanState[,icon=ResourceIcon[resId=0x7f080568],iconSupplier=null,label=Bluetooth,secondaryLabel=null,contentDescription=Bluetooth,Off.,dualLabelContentDescription=null,expandedAccessibilityClassName=null,disabledByPolicy=false,dualTarget=true,isTransient=false,state=1,slash="null",tileClassName=null,value=false]
12-01 16:46:56.772  2489  2913 D Tile.RotationLockTile:  handleUpdateState: true orientation = true
12-01 16:46:56.772  1491  1655 E DecorView: mWindow.mActivityCurrentConfig is null
12-01 16:46:56.773  2489  2913 D Tile.AirplaneModeTile:  handleUpdateState: airplane mode is disabled
12-01 16:46:56.773  2489  2913 D Tile.AirplaneModeTile:  handleUpdateState:  value = false, state = 1
12-01 16:46:56.778  1491  1655 D WindowManager: finishDrawingWindow: Window{4d37649 u0 Splash Screen neu.edu.madcourse.Bello_CS5520_MoveMe} mDrawState=HAS_DRAWN
12-01 16:46:56.778  2489  2913 D Tile.WifiTile: handleUpdateState isTransient=false transientEnabling =false cb.isTransient=false state.state = 2 mStateBeforeClick.value =false enabled =true
12-01 16:46:56.780  1491  2626 D SettingsProvider: isChangeAllowed() : name = sysui_qqs_count
12-01 16:46:56.780  1491  2626 D SettingsProvider: edmUri: content://com.sec.knox.provider/RestrictionPolicy3
12-01 16:46:56.780  1491  2626 D SettingsProvider: projectionArgs: isSettingsChangesAllowed
12-01 16:46:56.781  1491  2626 D SettingsProvider: selectionArgs: false
12-01 16:46:56.781  1491  2626 D SettingsProvider: selectionArgs: 10050
12-01 16:46:56.781  1491  1655 I WindowManager: stopFreezingDisplayInnerLocked(MultiFreeze): Screen(#0) frozen for 166ms, dc=Display 0 info=DisplayInfo{"Built-in Screen, displayId 0", uniqueId "local:0", app 2094 x 1080, real 2220 x 1080, largest app 2094 x 2031, smallest app 1080 x 1017, mode 1, defaultMode 1, modes [{id=1, width=1080, height=2220, fps=60.000004}], colorMode 0, supportedColorModes [0], hdrCapabilities android.view.Display$HdrCapabilities@40f16308, rotation 1, density 420 (409.432 x 408.608) dpi, layerStack 0, appVsyncOff 1000000, presDeadline 16666666, type BUILT_IN, address {port=0}, state ON, FLAG_SECURE, FLAG_SUPPORTS_PROTECTED_BUFFERS, removeMode 0} stacks=[com.android.server.wm.DisplayContent$NonAppWindowContainers@9b5601c, com.android.server.wm.DisplayContent$TaskStackContainers@97664a7, com.android.server.wm.DisplayContent$AboveAppWindowContainers@72aa425, com.android.server.wm.DisplayContent$NonAppWindowContainers@4c959fa]
12-01 16:46:56.781  1491  1655 I WindowManager: removeFromFrozenDisplayIdsLocked(MultiFreeze): remove #0 from DispalyFrozenList=[], mFrozenDisplayId=0
12-01 16:46:56.781  1491  2626 D SecContentProvider: query(), uri = 17 selection = isSettingsChangesAllowed
12-01 16:46:56.781  1491  1655 D InputDispatcher: setInputDispatchMode: enabled=1, frozen=0
12-01 16:46:56.781  1491  2626 D SecContentProvider: called from android.uid.systemui:10050
12-01 16:46:56.781  1491  1655 I WindowManager: Screen frozen for +165ms due to Window{4d37649 u0 Splash Screen neu.edu.madcourse.Bello_CS5520_MoveMe}
12-01 16:46:56.781  1491  2626 D RestrictionPolicy: isSettingsChangesAllowedAsUser, userId 0 : true
12-01 16:46:56.781  1491  2626 D SettingsProvider: ret = 1
12-01 16:46:56.782  1491  1491 V SettingsProvider: Notifying for 0: content://settings/secure/sysui_qqs_count
12-01 16:46:56.782   795   862 I SurfaceFlinger: id=2687 createSurf (0x0),-1 flag=20004, BlackSurface#0
12-01 16:46:56.782   795   862 I SurfaceFlinger: id=2688 createSurf (0x0),-1 flag=20004, BlackSurface#1
12-01 16:46:56.783   795   862 I SurfaceFlinger: id=2689 createSurf (0x0),-1 flag=20004, BlackSurface#2
12-01 16:46:56.784   795   862 I SurfaceFlinger: id=2690 createSurf (0x0),-1 flag=20004, BlackSurface#3
12-01 16:46:56.785  1491  1654 I AudioManager: setParameters keyValuePairs = g_hw_display_rotation=1
12-01 16:46:56.785   732  1117 V sec_audio_hw: sec_dev_set_parameters : g_hw_display_rotation=1
12-01 16:46:56.785   732  1117 D audio_hw_primary: adev_set_parameters: enter: g_hw_display_rotation=1
12-01 16:46:56.786   732  1117 V voice   : voice_set_parameters: enter: g_hw_display_rotation=1
12-01 16:46:56.786   732  1117 V sdm660_platform: platform_set_parameters: enter: g_hw_display_rotation=1
12-01 16:46:56.786   732  1117 D audio_hw_hfp: hfp_set_parameters: enter
12-01 16:46:56.786   732  1117 V audio_hw_sec: factory_set_parameters: enter: g_hw_display_rotation=1
12-01 16:46:56.786   732  1117 D audio_hw_hfp: hfp_set_parameters: enter
12-01 16:46:56.786   732  1117 D audio_hw_extn: audio_extn_fm_set_parameters: Enter
12-01 16:46:56.786   732  1117 D audio_hw_hfp: hfp_set_parameters: enter
12-01 16:46:56.786 20835 20835 E o_CS5520_MoveM: Unknown bits set in runtime_flags: 0x8000
12-01 16:46:56.786  1491  1654 D PowerManagerService: [api] setScreenDimDurationOverrideFromWindowManagerInternal: timeoutMillis: -1
12-01 16:46:56.790  2489  2913 D Tile.BluetoothTile:  handleUpdateState enabled = false connected = false connecting = false changedState =false bluetoothState = 10 enabledChanging = false state = BooleanState[,icon=ResourceIcon[resId=0x7f080568],iconSupplier=null,label=Bluetooth,secondaryLabel=null,contentDescription=Bluetooth,Off.,dualLabelContentDescription=null,expandedAccessibilityClassName=null,disabledByPolicy=false,dualTarget=true,isTransient=false,state=1,slash="null",tileClassName=null,value=false]
12-01 16:46:56.791  2489  2489 I ImageWallpaper:  onVisibilityChanged false
12-01 16:46:56.791  2489  2489 D WallpaperService: reportVisibility onVisibilityChanged visible: false
12-01 16:46:56.791  2489  2489 D WallpaperService: updateSurface forceRelayout=true forceReport=false redrawNeeded=false myWidth=2220 myHeight=2220 fixedSize=true x = 0 y = 0 mWidth=2220 mHeight=2220 mIsSleepMode=false
12-01 16:46:56.792  2489  2489 D WallpaperService: mDeviceHeight : 1080, mDeviceWidth : 2220,mDeviceRotation  : 1
12-01 16:46:56.793  1491  2626 V WindowManager: Relayout Window{8328dab u0 com.android.systemui.ImageWallpaper}: viewVisibility=0 req=2220x2220
12-01 16:46:56.795  1491  2626 I WindowManager: Reparenting to leash, surface=Surface(name=8328dab com.android.systemui.ImageWallpaper)/@0x1ecd86c
12-01 16:46:56.795   795   862 I SurfaceFlinger: id=2691 createSurf (0x0),-1 flag=80004, Surface(name=8328dab com.android.systemui.ImageWallpaper)/@0x1ecd86c - animation-leash#0
12-01 16:46:56.795  1491  2626 D WindowManager: makeSurface duration=1 leash=Surface(name=Surface(name=8328dab com.android.systemui.ImageWallpaper)/@0x1ecd86c - animation-leash)/@0x13ef098
12-01 16:46:56.796  2489  2913 D Tile.RotationLockTile:  handleUpdateState: true orientation = true
12-01 16:46:56.797  1491  2626 V WindowManager: Relayout 2489: mAttrs={(0,0)(2220x2220) gr=TOP START CENTER layoutInDisplayCutoutMode=always ty=WALLPAPER fmt=RGBX_8888 wanim=0x1030316
12-01 16:46:56.797  1491  2626 V WindowManager:   fl=14318
12-01 16:46:56.797  1491  2626 V WindowManager:   pfl=4 naviIconColor=0
12-01 16:46:56.797  1491  2626 V WindowManager:   sfl=8}
12-01 16:46:56.798  2489  2489 D WallpaperService: updateSurface redrawNeeded=true didSurface=false
12-01 16:46:56.798  2489  2489 D WallpaperService: updateSurface : finish redrawing
12-01 16:46:56.798  2489  2761 I ImageWallpaper: onSurfaceRedrawNeeded false
12-01 16:46:56.798  2489  2489 D WallpaperService: updateSurface : finish redrawing reserve to redraw after visible cause currently not visible.
12-01 16:46:56.798  1491  4745 D WindowManager: finishDrawingWindow: Window{8328dab u0 com.android.systemui.ImageWallpaper} mDrawState=HAS_DRAWN
12-01 16:46:56.799  2489  2489 D LightBarController: onSystemUiVisibilityChanged fullVis=0 mask=ffffffff oldFullVal=0 newFullVal=0 fullDiff=0 mFullscreenLight=false isLight(Full)=false  mLastStatusBarMode=4 newBarMode=4 
12-01 16:46:56.799  2489  2489 D LightBarController: onNavigationVisibilityChanged : vis = 8708, nbModeChanged = false navigationBarMode = 4, navbarColorManagedByIme = false
12-01 16:46:56.799  2489  2489 D DisplayLifecycle: updateDisplay id = 0
12-01 16:46:56.800  2489  2489 D DisplayLifecycle: updateCacheVariables id = 0, display = Display id 0: DisplayInfo{"Built-in Screen, displayId 0", uniqueId "local:0", app 2094 x 1080, real 2220 x 1080, largest app 2094 x 2031, smallest app 1080 x 1017, mode 1, defaultMode 1, modes [{id=1, width=1080, height=2220, fps=60.000004}], colorMode 0, supportedColorModes [0], hdrCapabilities android.view.Display$HdrCapabilities@40f16308, rotation 1, density 420 (409.432 x 408.608) dpi, layerStack 0, appVsyncOff 1000000, presDeadline 16666666, type BUILT_IN, address {port=0}, state ON, FLAG_SECURE, FLAG_SUPPORTS_PROTECTED_BUFFERS, removeMode 0}, DisplayMetrics{density=2.625, width=2094, height=1080, scaledDensity=2.625, xdpi=409.432, ydpi=408.608}, isValid=true, size = Point(2094, 1080), realSize = Point(2220, 1080)
12-01 16:46:56.801  2489  2489 D SecVolume.SecVolumeStore: dispatch [ACTION_CONFIGURATION_CHANGED] with [STATE_NO_DISPATCH]
12-01 16:46:56.803  2489  2913 D Tile.AirplaneModeTile:  handleUpdateState: airplane mode is disabled
12-01 16:46:56.803  2489  2913 D Tile.AirplaneModeTile:  handleUpdateState:  value = false, state = 1
12-01 16:46:56.804  2489  2489 V SecVolume: {"mActionType":"ACTION_CONFIGURATION_CHANGED","mBool":{"FROM_OUTSIDE":true},"mDisabled":[],"mEnabled":[],"mImportant":[],"mInt":{},"mLong":{},"mString":{},"mUnImportant":[]}
12-01 16:46:56.804  2489  2489 V SecVolume: IS_ORIENTATION_CHANGED=true
12-01 16:46:56.804  2489  2489 V SecVolume: IS_DENSITY_OR_FONT_CHANGED=false
12-01 16:46:56.804  2489  2489 D SecVolume.SecVolumeStore:   > New State : [STATE_NO_DISPATCH]
12-01 16:46:56.804  1491  4745 E Region  : Region::unflatten() failed, invalid region
12-01 16:46:56.804  2489  2489 D QSClockBellTower: He is ready to ring the bell. (((timeText:4:46, skipUpdateForDemo:false, dateText:Wed, December 1, shortenDateText = Wed, Dec 1)))
12-01 16:46:56.804  2489  2489 D QSClock : status_bar_clock notifyTimeChanged(currentTime:4:46) mClockVisibleByPolicy:true, mClockVisibleByUser:true, visible?true, parent:android.widget.LinearLayout{4b011ac V.E...... ......ID 0,0-75,63 #7f0a0381 app:id/left_clock_container}
12-01 16:46:56.804  2489  2489 D QSClockBellTower: Everyone heard the bell. run(currentTime:1638398816804,   getTime():Wed Dec 01 16:46:56 CST 2021,   getTimeZone():libcore.util.ZoneInfo[id="America/Chicago",mRawOffset=-21600000,mEarliestRawOffset=-21600000,mUseDst=true,mDstSavings=3600000,transitions=235])
12-01 16:46:56.808 20835 20835 D ActivityThread: setConscryptValidator
12-01 16:46:56.808 20835 20835 D ActivityThread: setConscryptValidator - put
12-01 16:46:56.808  2489  2489 V NavBarStoreImpl: handleEvent [EventType] ON_UPDATE_SCREEN_INFO [Module] SecNavigationBarView  KEYS_CURRENT_ROTATION=1  KEYS_SCREEN_SIZE=Point(2220, 1080)
12-01 16:46:56.809  2489  2489 V NavBarStoreImpl: handleEvent [EventType] ON_UPDATE_REMOTEVIEW [Module] SecNavigationBarView  KEYS_NAVBAR_DARK_INTENSITY=0.0  KEYS_LEFT_REMOTEVIEW_CONTAINER=android.widget.LinearLayout{def0f3b I.E...... ......I. 0,0-118,126 #7f0a0385 app:id/left_remoteview}  KEYS_CONTEXTUALBUTTON_VISIBLE=false  KEYS_RIGHT_REMOTEVIEW_CONTAINER=android.widget.LinearLayout{80fa658 I.E...... ......I. 920,0-1038,126 #7f0a0529 app:id/right_remoteview}
12-01 16:46:56.809  2489  2489 V NavBarStoreImpl: --[Band]REMOTE_VIEW_PACK_SET_REMOTEVIEW_CONTAINER
12-01 16:46:56.809  2489  2489 V NavBarStoreImpl: ----apply(UPDATE_NAVBAR_REMOTEVIEW_CONTAINER)
12-01 16:46:56.809  2489  2489 V NavBarStoreImpl: ----apply(UPDATE_NAVBAR_RIGHT_REMOTEVIEW_VISIBILITY)
12-01 16:46:56.809  2489  2489 V NavBarStoreImpl: ----isEnabled(NAVBAR_REMOTEVIEW_DARKINTENSITY_CHANGED)=false
12-01 16:46:56.809  2489  2489 V NavBarStoreImpl: ------handleEvent [EventType] ON_UPDATE_REMOTEVIEW [Module] SecNavigationBarView  KEYS_NAVBAR_DARK_INTENSITY=0.0  KEYS_LEFT_REMOTEVIEW_CONTAINER=android.widget.LinearLayout{def0f3b I.E...... ......I. 0,0-118,126 #7f0a0385 app:id/left_remoteview}  KEYS_CONTEXTUALBUTTON_VISIBLE=false  KEYS_RIGHT_REMOTEVIEW_CONTAINER=android.widget.LinearLayout{80fa658 I.E...... ......I. 920,0-1038,126 #7f0a0529 app:id/right_remoteview}
12-01 16:46:56.809  2489  2489 V NavBarStoreImpl: --------[Band]REMOTE_VIEW_PACK_SET_REMOTEVIEW_CONTAINER
12-01 16:46:56.809  2489  2489 V NavBarStoreImpl: ----------apply(UPDATE_NAVBAR_REMOTEVIEW_CONTAINER)
12-01 16:46:56.809  2489  2489 V NavBarStoreImpl: ----------apply(UPDATE_NAVBAR_RIGHT_REMOTEVIEW_VISIBILITY)
12-01 16:46:56.810  2489  2489 V NavBarStoreImpl: ----------isEnabled(NAVBAR_REMOTEVIEW_DARKINTENSITY_CHANGED)=false
12-01 16:46:56.811  1491  2626 I ActivityManager: DSS OFF for neu.edu.madcourse.Bello_CS5520_MoveMe
12-01 16:46:56.812  2489  2489 V NavBarStoreImpl: ------handleEvent [EventType] ON_UPDATE_REMOTEVIEW [Module] SecNavigationBarView  KEYS_NAVBAR_DARK_INTENSITY=0.0  KEYS_LEFT_REMOTEVIEW_CONTAINER=android.widget.LinearLayout{def0f3b I.E...... ......I. 0,0-118,126 #7f0a0385 app:id/left_remoteview}  KEYS_CONTEXTUALBUTTON_VISIBLE=false  KEYS_RIGHT_REMOTEVIEW_CONTAINER=android.widget.LinearLayout{80fa658 I.E...... ......I. 920,0-1038,126 #7f0a0529 app:id/right_remoteview}
12-01 16:46:56.812  2489  2489 V NavBarStoreImpl: --------[Band]REMOTE_VIEW_PACK_SET_REMOTEVIEW_CONTAINER
12-01 16:46:56.812  2489  2489 V NavBarStoreImpl: ----------apply(UPDATE_NAVBAR_REMOTEVIEW_CONTAINER)
12-01 16:46:56.812  2489  2489 V NavBarStoreImpl: ----------apply(UPDATE_NAVBAR_RIGHT_REMOTEVIEW_VISIBILITY)
12-01 16:46:56.812  2489  2489 V NavBarStoreImpl: ----------isEnabled(NAVBAR_REMOTEVIEW_DARKINTENSITY_CHANGED)=false
12-01 16:46:56.813  2489  2489 D QSContainerImpl: getDisplayHeight portrait? false  displayHeight= 1080
12-01 16:46:56.813  1491  2626 V WindowManager: rotationForOrientation(orient=6, last=1); user=0 
12-01 16:46:56.813  1491  2626 V WindowOrientationListener: getProposedRotation :-1
12-01 16:46:56.814  1491  2626 V WindowManager: Computed rotation=1 for display id=0 based on lastOrientation=6 and oldRotation=1, caller=com.android.server.wm.DisplayContent.updateOrientationFromAppTokens:1443 com.android.server.wm.DisplayContent.updateOrientationFromAppTokens:1397 com.android.server.wm.RootActivityContainer.ensureVisibilityAndConfig:679 com.android.server.wm.ActivityStackSupervisor.realStartActivityLocked:969 com.android.server.wm.RootActivityContainer.attachApplication:814 com.android.server.wm.ActivityTaskManagerService$LocalService.attachApplication:8270 
12-01 16:46:56.814   753   777 E ANDR-PERF-UTIL: Failed to update node /proc/20835/sched_boost with value 3
12-01 16:46:56.814   753   777 E ANDR-PERF-OPTSHANDLER: can't boost task 20835
