12-03 16:59:48.452  1491  1655 V WindowManager: performShow on Window{c2df608 u0 StatusBar}: mDrawState=READY_TO_SHOW readyForDisplay=false starting=false during animation: policyVis=false parentHidden=false tok.hiddenRequested=false tok.hidden=false animating=false tok animating=false Callers=com.android.server.wm.WindowState.performShowLocked:4660 com.android.server.wm.DisplayContent.lambda$new$0$DisplayContent:662 com.android.server.wm.-$$Lambda$DisplayContent$0yxrqH9eGY2qTjH1u_BvaVrXCSA.accept:4 com.android.server.wm.WindowContainer$ForAllWindowsConsumerWrapper.apply:1184 
12-03 16:59:48.561  1491  2311 D InputReader: Btn_touch(3): value=1 when=84962.103852
12-03 16:59:48.561  1491  2311 I InputReader: Touch event's action is 0x0 (id=3, t=0) [pCnt=1, s=0.734 ] when=84962.103852
12-03 16:59:48.562  1491  2310 I InputDispatcher: Delivering touch to (32167): action: 0x0, f=0x0, d=0, 'dab53d7', t=1
12-03 16:59:48.563 32167 32167 D ViewRootImpl@7ba4a0c[GameActivity]: ViewPostIme pointer 0
12-03 16:59:48.598  1491  2311 D InputReader: Btn_touch(3): value=0 when=84962.141439
12-03 16:59:48.598  1491  2311 I InputReader: Touch event's action is 0x1 (id=3, t=0) [pCnt=1, s=] when=84962.141439
12-03 16:59:48.598  1491  2310 I InputDispatcher: Delivering touch to (32167): action: 0x1, f=0x0, d=0, 'dab53d7', t=1
12-03 16:59:48.599 32167 32167 D ViewRootImpl@7ba4a0c[GameActivity]: ViewPostIme pointer 1
12-03 16:59:48.812   747   951 I qti_sensors_hal: AutoRotation REPORT_IND (255)
12-03 16:59:48.812   747   951 D qti_sensors_hal: AutoRotation i 4 196608 c 1 1 7 255 ts: 2460283230
12-03 16:59:48.813  1491  2277 D SensorHubManager: onGetSensorHubDataLocked: library(4) = 1, 1, 7, -1
12-03 16:59:48.813  1491  2278 D CAE     : onGetSensorHubData(SensorHubParserProvider.java:91) - onGetSensorHubData Event [event buffer len :4], AP_WAKEUP
12-03 16:59:48.813  1491  2278 I CAE     : parse(SensorHubParserProvider.java:192) - buffer size = 4
12-03 16:59:48.813  1491  2278 I CAE     : parse(SensorHubParserProvider.java:203) - 1, 1, 7, -1,
12-03 16:59:48.814  1491  2278 D CAE     : display(ContextProvider.java:375) - ================= AUTO_ROTATION =================
12-03 16:59:48.814  1491  2278 I CAE     : display(ContextProvider.java:391) - Angle=[-1]
12-03 16:59:48.814  1491  2283 D SemContextService: Service.updateContext() : service = Auto Rotation
12-03 16:59:48.815  1491  1652 D SemContextManager: onSemContextChanged() : event = Auto Rotation Angle : -1
12-03 16:59:48.815  1491  1652 D SemContextManager: AutoRotationEvent : Angle = -1
12-03 16:59:48.815  1491  1652 D WindowOrientationListener: OrientationSensorJudge.onSemContextChanged, Rotation: -1
12-03 16:59:48.815  1491  1652 V WindowManager: rotationForOrientation(orient=6, last=1); user=0 
12-03 16:59:48.815  1491  1652 V WindowOrientationListener: getProposedRotation :1
12-03 16:59:48.815  1491  1652 V WindowManager: Computed rotation=1 for display id=0 based on lastOrientation=6 and oldRotation=1, caller=com.android.server.wm.DisplayContent.updateRotationUnchecked:1468 com.android.server.wm.WindowManagerService.updateRotationUnchecked:4194 com.android.server.wm.WindowManagerService.updateRotation:4175 com.android.server.wm.DisplayRotation$OrientationListener$UpdateRunnable.run:983 android.os.Handler.handleCallback:883 android.os.Handler.dispatchMessage:100 
12-03 16:59:48.817  1491  1652 V WindowManager: performShow on Window{c2df608 u0 StatusBar}: mDrawState=READY_TO_SHOW readyForDisplay=false starting=false during animation: policyVis=false parentHidden=false tok.hiddenRequested=false tok.hidden=false animating=false tok animating=false Callers=com.android.server.wm.WindowState.performShowLocked:4660 com.android.server.wm.WindowStateAnimator.commitFinishDrawingLocked:371 com.android.server.wm.DisplayContent.lambda$new$8$DisplayContent:935 com.android.server.wm.-$$Lambda$DisplayContent$qxt4izS31fb0LF2uo_OF9DMa7gc.accept:4 
12-03 16:59:48.832  1491  1655 V WindowManager: performShow on Window{c2df608 u0 StatusBar}: mDrawState=READY_TO_SHOW readyForDisplay=false starting=false during animation: policyVis=false parentHidden=false tok.hiddenRequested=false tok.hidden=false animating=false tok animating=false Callers=com.android.server.wm.WindowState.performShowLocked:4660 com.android.server.wm.DisplayContent.lambda$new$0$DisplayContent:662 com.android.server.wm.-$$Lambda$DisplayContent$0yxrqH9eGY2qTjH1u_BvaVrXCSA.accept:4 com.android.server.wm.WindowContainer$ForAllWindowsConsumerWrapper.apply:1184 
12-03 16:59:48.871   747   951 I qti_sensors_hal: AutoRotation REPORT_IND (1)
12-03 16:59:48.872   747   951 D qti_sensors_hal: AutoRotation i 4 196608 c 1 1 7 1 ts: 2460285279
12-03 16:59:48.872  1491  2277 D SensorHubManager: onGetSensorHubDataLocked: library(4) = 1, 1, 7, 1
12-03 16:59:48.873  1491  2278 D CAE     : onGetSensorHubData(SensorHubParserProvider.java:91) - onGetSensorHubData Event [event buffer len :4], AP_WAKEUP
12-03 16:59:48.874  1491  2278 I CAE     : parse(SensorHubParserProvider.java:192) - buffer size = 4
12-03 16:59:48.874  1491  2278 I CAE     : parse(SensorHubParserProvider.java:203) - 1, 1, 7, 1,
12-03 16:59:48.874  1491  2278 D CAE     : display(ContextProvider.java:375) - ================= AUTO_ROTATION =================
12-03 16:59:48.874  1491  2278 I CAE     : display(ContextProvider.java:391) - Angle=[1]
12-03 16:59:48.875  1491  2283 D SemContextService: Service.updateContext() : service = Auto Rotation
12-03 16:59:48.876  1491  1652 D SemContextManager: onSemContextChanged() : event = Auto Rotation Angle : 1
12-03 16:59:48.876  1491  1652 D SemContextManager: AutoRotationEvent : Angle = 1
12-03 16:59:48.876  1491  1652 D WindowOrientationListener: OrientationSensorJudge.onSemContextChanged, Rotation: -1
12-03 16:59:48.990   747   951 I qti_sensors_hal: AutoRotation REPORT_IND (255)
12-03 16:59:48.990   747   951 D qti_sensors_hal: AutoRotation i 4 196608 c 1 1 7 255 ts: 2460289377
12-03 16:59:48.991  1491  2277 D SensorHubManager: onGetSensorHubDataLocked: library(4) = 1, 1, 7, -1
12-03 16:59:48.992  1491  2278 D CAE     : onGetSensorHubData(SensorHubParserProvider.java:91) - onGetSensorHubData Event [event buffer len :4], AP_WAKEUP
12-03 16:59:48.992  1491  2278 I CAE     : parse(SensorHubParserProvider.java:192) - buffer size = 4
12-03 16:59:48.992  1491  2278 I CAE     : parse(SensorHubParserProvider.java:203) - 1, 1, 7, -1,
12-03 16:59:48.993  1491  2278 D CAE     : display(ContextProvider.java:375) - ================= AUTO_ROTATION =================
12-03 16:59:48.994  1491  2278 I CAE     : display(ContextProvider.java:391) - Angle=[-1]
12-03 16:59:48.995  1491  2283 D SemContextService: Service.updateContext() : service = Auto Rotation
12-03 16:59:48.995  1491  1652 D SemContextManager: onSemContextChanged() : event = Auto Rotation Angle : -1
12-03 16:59:48.996  1491  1652 D SemContextManager: AutoRotationEvent : Angle = -1
12-03 16:59:48.996  1491  1652 D WindowOrientationListener: OrientationSensorJudge.onSemContextChanged, Rotation: -1
12-03 16:59:49.104  2489  2913 D NetworkController.MobileSignalController(0/2147483647): onSignalStrengthsChanged signalStrength=SignalStrength:{mCdma=Invalid,mGsm=Invalid,mWcdma=Invalid,mTdscdma=Invalid,mLte=CellSignalStrengthLte: rssi=-85 rsrp=-117 rsrq=-16 rssnr=-64 cqi=2147483647 ta=2147483647 level=0,mNr=Invalid,SignalBarInfo{ lteLevel=1 },P,rat=14,primary=CellSignalStrengthLte} level=1
12-03 16:59:49.104  2489  2913 D NetworkController.MobileSignalController(0/2147483647): getMobileIconGroup(): 0
12-03 16:59:49.396  1491  2311 D InputReader: Btn_touch(3): value=1 when=84962.938665
12-03 16:59:49.396  1491  2311 I InputReader: Touch event's action is 0x0 (id=3, t=0) [pCnt=1, s=0.735 ] when=84962.938665
12-03 16:59:49.396  1491  2310 I InputDispatcher: Delivering touch to (32167): action: 0x0, f=0x0, d=0, 'dab53d7', t=1
12-03 16:59:49.398 32167 32167 D ViewRootImpl@7ba4a0c[GameActivity]: ViewPostIme pointer 0
12-03 16:59:49.424   747   951 I qti_sensors_hal: AutoRotation REPORT_IND (1)
12-03 16:59:49.424   747   951 D qti_sensors_hal: AutoRotation i 4 196608 c 1 1 7 1 ts: 2460303720
12-03 16:59:49.425  1491  2277 D SensorHubManager: onGetSensorHubDataLocked: library(4) = 1, 1, 7, 1
12-03 16:59:49.425  1491  2278 D CAE     : onGetSensorHubData(SensorHubParserProvider.java:91) - onGetSensorHubData Event [event buffer len :4], AP_WAKEUP
12-03 16:59:49.426  1491  2278 I CAE     : parse(SensorHubParserProvider.java:192) - buffer size = 4
12-03 16:59:49.426  1491  2278 I CAE     : parse(SensorHubParserProvider.java:203) - 1, 1, 7, 1,
12-03 16:59:49.426  1491  2278 D CAE     : display(ContextProvider.java:375) - ================= AUTO_ROTATION =================
12-03 16:59:49.426  1491  2278 I CAE     : display(ContextProvider.java:391) - Angle=[1]
12-03 16:59:49.427  1491  2283 D SemContextService: Service.updateContext() : service = Auto Rotation
12-03 16:59:49.427  1491  1652 D SemContextManager: onSemContextChanged() : event = Auto Rotation Angle : 1
12-03 16:59:49.427  1491  1652 D SemContextManager: AutoRotationEvent : Angle = 1
12-03 16:59:49.427  1491  1652 D WindowOrientationListener: scheduleRotationEvaluationLocked: ignoring, user is still touching the screen.
12-03 16:59:49.427  1491  1652 D WindowOrientationListener: OrientationSensorJudge.onSemContextChanged, Rotation: -1
12-03 16:59:49.468  1491  2311 D InputReader: Btn_touch(3): value=0 when=84963.011382
12-03 16:59:49.468  1491  2311 I InputReader: Touch event's action is 0x1 (id=3, t=0) [pCnt=1, s=] when=84963.011382
12-03 16:59:49.468  1491  2310 I InputDispatcher: Delivering touch to (32167): action: 0x1, f=0x0, d=0, 'dab53d7', t=1
12-03 16:59:49.472 32167 32167 D ViewRootImpl@7ba4a0c[GameActivity]: ViewPostIme pointer 1
12-03 16:59:49.503   747   951 I qti_sensors_hal: AutoRotation REPORT_IND (255)
12-03 16:59:49.503   747   951 D qti_sensors_hal: AutoRotation i 4 196608 c 1 1 7 255 ts: 2460305769
12-03 16:59:49.504  1491  2277 D SensorHubManager: onGetSensorHubDataLocked: library(4) = 1, 1, 7, -1
12-03 16:59:49.504  1491  2278 D CAE     : onGetSensorHubData(SensorHubParserProvider.java:91) - onGetSensorHubData Event [event buffer len :4], AP_WAKEUP
12-03 16:59:49.504  1491  2278 I CAE     : parse(SensorHubParserProvider.java:192) - buffer size = 4
12-03 16:59:49.504  1491  2278 I CAE     : parse(SensorHubParserProvider.java:203) - 1, 1, 7, -1,
12-03 16:59:49.505  1491  2278 D CAE     : display(ContextProvider.java:375) - ================= AUTO_ROTATION =================
12-03 16:59:49.505  1491  2278 I CAE     : display(ContextProvider.java:391) - Angle=[-1]
12-03 16:59:49.505  1491  2283 D SemContextService: Service.updateContext() : service = Auto Rotation
12-03 16:59:49.505  1491  1652 D SemContextManager: onSemContextChanged() : event = Auto Rotation Angle : -1
12-03 16:59:49.505  1491  1652 D SemContextManager: AutoRotationEvent : Angle = -1
12-03 16:59:49.505  1491  1652 D WindowOrientationListener: OrientationSensorJudge.onSemContextChanged, Rotation: -1
12-03 16:59:49.799   747   951 I qti_sensors_hal: AutoRotation REPORT_IND (1)
12-03 16:59:49.799   747   951 D qti_sensors_hal: AutoRotation i 4 196608 c 1 1 7 1 ts: 2460316014
12-03 16:59:49.800  1491  2277 D SensorHubManager: onGetSensorHubDataLocked: library(4) = 1, 1, 7, 1
12-03 16:59:49.800  1491  2278 D CAE     : onGetSensorHubData(SensorHubParserProvider.java:91) - onGetSensorHubData Event [event buffer len :4], AP_WAKEUP
12-03 16:59:49.801  1491  2278 I CAE     : parse(SensorHubParserProvider.java:192) - buffer size = 4
12-03 16:59:49.801  1491  2278 I CAE     : parse(SensorHubParserProvider.java:203) - 1, 1, 7, 1,
12-03 16:59:49.802  1491  2278 D CAE     : display(ContextProvider.java:375) - ================= AUTO_ROTATION =================
12-03 16:59:49.802  1491  2278 I CAE     : display(ContextProvider.java:391) - Angle=[1]
12-03 16:59:49.802  1491  2283 D SemContextService: Service.updateContext() : service = Auto Rotation
12-03 16:59:49.803  1491  1652 D SemContextManager: onSemContextChanged() : event = Auto Rotation Angle : 1
12-03 16:59:49.803  1491  1652 D SemContextManager: AutoRotationEvent : Angle = 1
12-03 16:59:49.803  1491  1652 D WindowOrientationListener: OrientationSensorJudge.onSemContextChanged, Rotation: -1
12-03 16:59:49.878   747   951 I qti_sensors_hal: AutoRotation REPORT_IND (255)
12-03 16:59:49.878   747   951 D qti_sensors_hal: AutoRotation i 4 196608 c 1 1 7 255 ts: 2460318063
12-03 16:59:49.879  1491  2277 D SensorHubManager: onGetSensorHubDataLocked: library(4) = 1, 1, 7, -1
12-03 16:59:49.880  1491  2278 D CAE     : onGetSensorHubData(SensorHubParserProvider.java:91) - onGetSensorHubData Event [event buffer len :4], AP_WAKEUP
12-03 16:59:49.880  1491  2278 I CAE     : parse(SensorHubParserProvider.java:192) - buffer size = 4
12-03 16:59:49.881  1491  2278 I CAE     : parse(SensorHubParserProvider.java:203) - 1, 1, 7, -1,
12-03 16:59:49.882  1491  2278 D CAE     : display(ContextProvider.java:375) - ================= AUTO_ROTATION =================
12-03 16:59:49.883  1491  2278 I CAE     : display(ContextProvider.java:391) - Angle=[-1]
12-03 16:59:49.883  1491  2283 D SemContextService: Service.updateContext() : service = Auto Rotation
12-03 16:59:49.884  1491  1652 D SemContextManager: onSemContextChanged() : event = Auto Rotation Angle : -1
12-03 16:59:49.884  1491  1652 D SemContextManager: AutoRotationEvent : Angle = -1
12-03 16:59:49.884  1491  1652 D WindowOrientationListener: OrientationSensorJudge.onSemContextChanged, Rotation: -1
12-03 16:59:50.000  1491  2311 D InputReader: Btn_touch(3): value=1 when=84963.542846
12-03 16:59:50.000  1491  2311 I InputReader: Touch event's action is 0x0 (id=3, t=0) [pCnt=1, s=0.736 ] when=84963.542846
12-03 16:59:50.000  1491  2310 I InputDispatcher: Delivering touch to (32167): action: 0x0, f=0x0, d=0, 'dab53d7', t=1
12-03 16:59:50.003 32167 32167 D ViewRootImpl@7ba4a0c[GameActivity]: ViewPostIme pointer 0
12-03 16:59:50.046  1491  2311 D InputReader: Btn_touch(3): value=0 when=84963.589052
12-03 16:59:50.046  1491  2311 I InputReader: Touch event's action is 0x1 (id=3, t=0) [pCnt=1, s=] when=84963.589052
12-03 16:59:50.046  1491  2310 I InputDispatcher: Delivering touch to (32167): action: 0x1, f=0x0, d=0, 'dab53d7', t=1
12-03 16:59:50.047 32167 32167 D ViewRootImpl@7ba4a0c[GameActivity]: ViewPostIme pointer 1
12-03 16:59:50.055   747   951 I qti_sensors_hal: AutoRotation REPORT_IND (1)
12-03 16:59:50.055   747   951 D qti_sensors_hal: AutoRotation i 4 196608 c 1 1 7 1 ts: 2460324210
12-03 16:59:50.056  1491  2277 D SensorHubManager: onGetSensorHubDataLocked: library(4) = 1, 1, 7, 1
12-03 16:59:50.057  1491  2278 D CAE     : onGetSensorHubData(SensorHubParserProvider.java:91) - onGetSensorHubData Event [event buffer len :4], AP_WAKEUP
12-03 16:59:50.057  1491  2278 I CAE     : parse(SensorHubParserProvider.java:192) - buffer size = 4
12-03 16:59:50.057  1491  2278 I CAE     : parse(SensorHubParserProvider.java:203) - 1, 1, 7, 1,
12-03 16:59:50.057  1491  2278 D CAE     : display(ContextProvider.java:375) - ================= AUTO_ROTATION =================
12-03 16:59:50.057  1491  2278 I CAE     : display(ContextProvider.java:391) - Angle=[1]
12-03 16:59:50.058  1491  2283 D SemContextService: Service.updateContext() : service = Auto Rotation
12-03 16:59:50.058  1491  1652 D SemContextManager: onSemContextChanged() : event = Auto Rotation Angle : 1
12-03 16:59:50.058  1491  1652 D SemContextManager: AutoRotationEvent : Angle = 1
12-03 16:59:50.058  1491  1652 D WindowOrientationListener: OrientationSensorJudge.onSemContextChanged, Rotation: -1
12-03 16:59:50.253   747   951 I qti_sensors_hal: AutoRotation REPORT_IND (255)
12-03 16:59:50.253   747   951 D qti_sensors_hal: AutoRotation i 4 196608 c 1 1 7 255 ts: 2460330357
12-03 16:59:50.254  1491  2277 D SensorHubManager: onGetSensorHubDataLocked: library(4) = 1, 1, 7, -1
12-03 16:59:50.254  1491  2278 D CAE     : onGetSensorHubData(SensorHubParserProvider.java:91) - onGetSensorHubData Event [event buffer len :4], AP_WAKEUP
12-03 16:59:50.254  1491  2278 I CAE     : parse(SensorHubParserProvider.java:192) - buffer size = 4
12-03 16:59:50.254  1491  2278 I CAE     : parse(SensorHubParserProvider.java:203) - 1, 1, 7, -1,
12-03 16:59:50.255  1491  2278 D CAE     : display(ContextProvider.java:375) - ================= AUTO_ROTATION =================
12-03 16:59:50.255  1491  2278 I CAE     : display(ContextProvider.java:391) - Angle=[-1]
12-03 16:59:50.255  1491  2283 D SemContextService: Service.updateContext() : service = Auto Rotation
12-03 16:59:50.256  1491  1652 D SemContextManager: onSemContextChanged() : event = Auto Rotation Angle : -1
12-03 16:59:50.256  1491  1652 D SemContextManager: AutoRotationEvent : Angle = -1
12-03 16:59:50.256  1491  1652 D WindowOrientationListener: OrientationSensorJudge.onSemContextChanged, Rotation: -1
12-03 16:59:50.628   747   951 I qti_sensors_hal: AutoRotation REPORT_IND (1)
12-03 16:59:50.628   747   951 D qti_sensors_hal: AutoRotation i 4 196608 c 1 1 7 1 ts: 2460342651
12-03 16:59:50.628  1491  2277 D SensorHubManager: onGetSensorHubDataLocked: library(4) = 1, 1, 7, 1
12-03 16:59:50.629  1491  2278 D CAE     : onGetSensorHubData(SensorHubParserProvider.java:91) - onGetSensorHubData Event [event buffer len :4], AP_WAKEUP
12-03 16:59:50.629  1491  2278 I CAE     : parse(SensorHubParserProvider.java:192) - buffer size = 4
12-03 16:59:50.630  1491  2278 I CAE     : parse(SensorHubParserProvider.java:203) - 1, 1, 7, 1,
12-03 16:59:50.630  1491  2278 D CAE     : display(ContextProvider.java:375) - ================= AUTO_ROTATION =================
12-03 16:59:50.630  1491  2278 I CAE     : display(ContextProvider.java:391) - Angle=[1]
12-03 16:59:50.631  1491  2283 D SemContextService: Service.updateContext() : service = Auto Rotation
12-03 16:59:50.631  1491  1652 D SemContextManager: onSemContextChanged() : event = Auto Rotation Angle : 1
12-03 16:59:50.631  1491  1652 D SemContextManager: AutoRotationEvent : Angle = 1
12-03 16:59:50.631  1491  1652 D WindowOrientationListener: OrientationSensorJudge.onSemContextChanged, Rotation: 1
12-03 16:59:50.632  1491  1652 V WindowManager: rotationForOrientation(orient=6, last=1); user=0 
12-03 16:59:50.632  1491  1652 V WindowOrientationListener: getProposedRotation :1
12-03 16:59:50.632  1491  1652 V WindowManager: Computed rotation=1 for display id=0 based on lastOrientation=6 and oldRotation=1, caller=com.android.server.wm.DisplayContent.updateRotationUnchecked:1468 com.android.server.wm.WindowManagerService.updateRotationUnchecked:4194 com.android.server.wm.WindowManagerService.updateRotation:4175 com.android.server.wm.DisplayRotation$OrientationListener$UpdateRunnable.run:983 android.os.Handler.handleCallback:883 android.os.Handler.dispatchMessage:100 
12-03 16:59:50.633  1491  1652 V WindowManager: performShow on Window{c2df608 u0 StatusBar}: mDrawState=READY_TO_SHOW readyForDisplay=false starting=false during animation: policyVis=false parentHidden=false tok.hiddenRequested=false tok.hidden=false animating=false tok animating=false Callers=com.android.server.wm.WindowState.performShowLocked:4660 com.android.server.wm.WindowStateAnimator.commitFinishDrawingLocked:371 com.android.server.wm.DisplayContent.lambda$new$8$DisplayContent:935 com.android.server.wm.-$$Lambda$DisplayContent$qxt4izS31fb0LF2uo_OF9DMa7gc.accept:4 
12-03 16:59:50.644  1491  1655 V WindowManager: performShow on Window{c2df608 u0 StatusBar}: mDrawState=READY_TO_SHOW readyForDisplay=false starting=false during animation: policyVis=false parentHidden=false tok.hiddenRequested=false tok.hidden=false animating=false tok animating=false Callers=com.android.server.wm.WindowState.performShowLocked:4660 com.android.server.wm.DisplayContent.lambda$new$0$DisplayContent:662 com.android.server.wm.-$$Lambda$DisplayContent$0yxrqH9eGY2qTjH1u_BvaVrXCSA.accept:4 com.android.server.wm.WindowContainer$ForAllWindowsConsumerWrapper.apply:1184 
12-03 16:59:50.697  1491  2311 D InputReader: Btn_touch(3): value=1 when=84964.239747
12-03 16:59:50.697  1491  2311 I InputReader: Touch event's action is 0x0 (id=3, t=0) [pCnt=1, s=0.737 ] when=84964.239747
12-03 16:59:50.697  1491  2310 I InputDispatcher: Delivering touch to (32167): action: 0x0, f=0x0, d=0, 'dab53d7', t=1
12-03 16:59:50.699 32167 32167 D ViewRootImpl@7ba4a0c[GameActivity]: ViewPostIme pointer 0
12-03 16:59:50.733  1491  2311 D InputReader: Btn_touch(3): value=0 when=84964.276399
12-03 16:59:50.733  1491  2311 I InputReader: Touch event's action is 0x1 (id=3, t=0) [pCnt=1, s=] when=84964.276399
12-03 16:59:50.734  1491  2310 I InputDispatcher: Delivering touch to (32167): action: 0x1, f=0x0, d=0, 'dab53d7', t=1
12-03 16:59:50.735 32167 32167 D ViewRootImpl@7ba4a0c[GameActivity]: ViewPostIme pointer 1
12-03 16:59:51.035  2489  2913 D NetworkController.MobileSignalController(0/2147483647): onSignalStrengthsChanged signalStrength=SignalStrength:{mCdma=Invalid,mGsm=Invalid,mWcdma=Invalid,mTdscdma=Invalid,mLte=CellSignalStrengthLte: rssi=-85 rsrp=-117 rsrq=-17 rssnr=-70 cqi=2147483647 ta=2147483647 level=0,mNr=Invalid,SignalBarInfo{ lteLevel=1 },P,rat=14,primary=CellSignalStrengthLte} level=1
12-03 16:59:51.037  2489  2913 D NetworkController.MobileSignalController(0/2147483647): getMobileIconGroup(): 0
12-03 16:59:51.063   747   951 I qti_sensors_hal: AutoRotation REPORT_IND (255)
12-03 16:59:51.063   747   951 D qti_sensors_hal: AutoRotation i 4 196608 c 1 1 7 255 ts: 2460356994
12-03 16:59:51.065  1491  2277 D SensorHubManager: onGetSensorHubDataLocked: library(4) = 1, 1, 7, -1
12-03 16:59:51.065  1491  2278 D CAE     : onGetSensorHubData(SensorHubParserProvider.java:91) - onGetSensorHubData Event [event buffer len :4], AP_WAKEUP
12-03 16:59:51.066  1491  2278 I CAE     : parse(SensorHubParserProvider.java:192) - buffer size = 4
12-03 16:59:51.066  1491  2278 I CAE     : parse(SensorHubParserProvider.java:203) - 1, 1, 7, -1,
12-03 16:59:51.067  1491  2278 D CAE     : display(ContextProvider.java:375) - ================= AUTO_ROTATION =================
12-03 16:59:51.067  1491  2278 I CAE     : display(ContextProvider.java:391) - Angle=[-1]
12-03 16:59:51.068  1491  2283 D SemContextService: Service.updateContext() : service = Auto Rotation
12-03 16:59:51.068  1491  1652 D SemContextManager: onSemContextChanged() : event = Auto Rotation Angle : -1
12-03 16:59:51.068  1491  1652 D SemContextManager: AutoRotationEvent : Angle = -1
12-03 16:59:51.068  1491  1652 D WindowOrientationListener: OrientationSensorJudge.onSemContextChanged, Rotation: -1
12-03 16:59:51.069  1491  1652 V WindowManager: rotationForOrientation(orient=6, last=1); user=0 
12-03 16:59:51.069  1491  1652 V WindowOrientationListener: getProposedRotation :1
12-03 16:59:51.069  1491  1652 V WindowManager: Computed rotation=1 for display id=0 based on lastOrientation=6 and oldRotation=1, caller=com.android.server.wm.DisplayContent.updateRotationUnchecked:1468 com.android.server.wm.WindowManagerService.updateRotationUnchecked:4194 com.android.server.wm.WindowManagerService.updateRotation:4175 com.android.server.wm.DisplayRotation$OrientationListener$UpdateRunnable.run:983 android.os.Handler.handleCallback:883 android.os.Handler.dispatchMessage:100 
12-03 16:59:51.070  1491  1652 V WindowManager: performShow on Window{c2df608 u0 StatusBar}: mDrawState=READY_TO_SHOW readyForDisplay=false starting=false during animation: policyVis=false parentHidden=false tok.hiddenRequested=false tok.hidden=false animating=false tok animating=false Callers=com.android.server.wm.WindowState.performShowLocked:4660 com.android.server.wm.WindowStateAnimator.commitFinishDrawingLocked:371 com.android.server.wm.DisplayContent.lambda$new$8$DisplayContent:935 com.android.server.wm.-$$Lambda$DisplayContent$qxt4izS31fb0LF2uo_OF9DMa7gc.accept:4 
12-03 16:59:51.076  1491  1655 V WindowManager: performShow on Window{c2df608 u0 StatusBar}: mDrawState=READY_TO_SHOW readyForDisplay=false starting=false during animation: policyVis=false parentHidden=false tok.hiddenRequested=false tok.hidden=false animating=false tok animating=false Callers=com.android.server.wm.WindowState.performShowLocked:4660 com.android.server.wm.DisplayContent.lambda$new$0$DisplayContent:662 com.android.server.wm.-$$Lambda$DisplayContent$0yxrqH9eGY2qTjH1u_BvaVrXCSA.accept:4 com.android.server.wm.WindowContainer$ForAllWindowsConsumerWrapper.apply:1184 
12-03 16:59:51.185   747   902 I qti_sensors_hal: processReportInd: Light - a 10
12-03 16:59:51.608  1491  2311 D InputReader: Btn_touch(3): value=1 when=84965.150712
12-03 16:59:51.608  1491  2311 I InputReader: Touch event's action is 0x0 (id=3, t=0) [pCnt=1, s=0.738 ] when=84965.150712
12-03 16:59:51.608  1491  2310 I InputDispatcher: Delivering touch to (32167): action: 0x0, f=0x0, d=0, 'dab53d7', t=1
12-03 16:59:51.610 32167 32167 D ViewRootImpl@7ba4a0c[GameActivity]: ViewPostIme pointer 0
12-03 16:59:51.662  1491  2311 D InputReader: Btn_touch(3): value=0 when=84965.205111
12-03 16:59:51.662  1491  2311 I InputReader: Touch event's action is 0x1 (id=3, t=0) [pCnt=1, s=] when=84965.205111
12-03 16:59:51.662  1491  2310 I InputDispatcher: Delivering touch to (32167): action: 0x1, f=0x0, d=0, 'dab53d7', t=1
12-03 16:59:51.665 32167 32167 D ViewRootImpl@7ba4a0c[GameActivity]: ViewPostIme pointer 1
12-03 16:59:51.671  2489  2913 D NetworkController.MobileSignalController(0/2147483647): onSignalStrengthsChanged signalStrength=SignalStrength:{mCdma=Invalid,mGsm=Invalid,mWcdma=Invalid,mTdscdma=Invalid,mLte=CellSignalStrengthLte: rssi=-85 rsrp=-118 rsrq=-17 rssnr=-72 cqi=2147483647 ta=2147483647 level=0,mNr=Invalid,SignalBarInfo{ no level },P,rat=14,primary=CellSignalStrengthLte} level=0
12-03 16:59:51.671  2489  2913 D NetworkController.MobileSignalController(0/2147483647): getMobileIconGroup(): 0
12-03 16:59:51.673  2489  2489 D SecStatusBarMobileView: updateState: MobileIconState(subId=2147483647, strengthId=2131232573, roaming=false, typeId=0, roamingId=0, activityId=0, slotId=0, visible=true)
12-03 16:59:51.875  1491  1537 W BestClock: java.time.DateTimeException: Missing NTP fix
12-03 16:59:51.881  1241  1359 I netd    : tetherGetStats() <3.62ms>
12-03 16:59:51.885  1491  1537 W BestClock: java.time.DateTimeException: Missing NTP fix
12-03 16:59:51.887  1491  2338 W BestClock: java.time.DateTimeException: Missing NTP fix
12-03 16:59:51.891  1491  3925 W BestClock: java.time.DateTimeException: Missing NTP fix
12-03 16:59:51.895  1241  1359 I netd    : tetherGetStats() <3.26ms>
12-03 16:59:51.901  1491  3925 W BestClock: java.time.DateTimeException: Missing NTP fix
12-03 16:59:51.903  1491  2338 W BestClock: java.time.DateTimeException: Missing NTP fix
12-03 16:59:52.196  1491  2311 D InputReader: Btn_touch(3): value=1 when=84965.738157
12-03 16:59:52.196  1491  2311 I InputReader: Touch event's action is 0x0 (id=3, t=0) [pCnt=1, s=0.739 ] when=84965.738157
12-03 16:59:52.196  1491  2310 I InputDispatcher: Delivering touch to (32167): action: 0x0, f=0x0, d=0, 'dab53d7', t=1
12-03 16:59:52.198 32167 32167 D ViewRootImpl@7ba4a0c[GameActivity]: ViewPostIme pointer 0
12-03 16:59:52.504  1491  2310 D PowerManagerService: [api] userActivityFromNative : 70 (event: 2 flags: 0) eventTime = 84966046
12-03 16:59:53.539  1491  2310 D PowerManagerService: [api] userActivityFromNative : 80 (event: 2 flags: 0) eventTime = 84967081
12-03 16:59:54.579  1491  2311 D InputReader: Btn_touch(3): value=0 when=84968.121280
12-03 16:59:54.579  1491  2311 I InputReader: Touch event's action is 0x1 (id=3, t=0) [pCnt=1, s=] when=84968.121280
12-03 16:59:54.580  1491  2310 I InputDispatcher: Delivering touch to (32167): action: 0x1, f=0x0, d=0, 'dab53d7', t=1
12-03 16:59:54.586 32167 32167 D ViewRootImpl@7ba4a0c[GameActivity]: ViewPostIme pointer 1
12-03 16:59:54.586  1491  1491 D GameManagerService: identifyGamePackage. neu.edu.madcourse.Bello_CS5520_MoveMe, mCurrentUserId: 0, callerUserId: 0
12-03 16:59:54.586  1491  1491 D GamePkgDataHelper: getGamePkgData(). neu.edu.madcourse.Bello_CS5520_MoveMe
12-03 16:59:54.587  1491  1491 D CustomFrequencyManagerService: acquireDVFSLockLocked : type : DVFS_MIN_LIMIT  frequency : 1113600  uid : 1000  pid : 1491  pkgName : GESTURE_DETECTED@CPU_MIN@43
12-03 16:59:54.835  1491  2311 D InputReader: Btn_touch(3): value=1 when=84968.378324
12-03 16:59:54.835  1491  2311 I InputReader: Touch event's action is 0x0 (id=3, t=0) [pCnt=1, s=0.740 ] when=84968.378324
12-03 16:59:54.835  1491  2310 I InputDispatcher: Delivering touch to (32167): action: 0x0, f=0x0, d=0, 'dab53d7', t=1
12-03 16:59:54.838 32167 32167 D ViewRootImpl@7ba4a0c[GameActivity]: ViewPostIme pointer 0
12-03 16:59:54.881  1491  2311 D InputReader: Btn_touch(3): value=0 when=84968.424132
12-03 16:59:54.881  1491  2311 I InputReader: Touch event's action is 0x1 (id=3, t=0) [pCnt=1, s=] when=84968.424132
12-03 16:59:54.881  1491  2310 I InputDispatcher: Delivering touch to (32167): action: 0x1, f=0x0, d=0, 'dab53d7', t=1
12-03 16:59:54.882 32167 32167 D ViewRootImpl@7ba4a0c[GameActivity]: ViewPostIme pointer 1
12-03 16:59:55.253  1491  1491 D CustomFrequencyManagerService: releaseDVFSLockLocked : Getting Lock type frm List : DVFS_MIN_LIMIT  frequency : 1113600  uid : 1000  pid : 1491  tag : GESTURE_DETECTED@CPU_MIN@43
12-03 16:59:55.335  1491  2311 D InputReader: Btn_touch(3): value=1 when=84968.877798
12-03 16:59:55.335  1491  2311 I InputReader: Touch event's action is 0x0 (id=3, t=0) [pCnt=1, s=0.741 ] when=84968.877798
12-03 16:59:55.335  1491  2310 I InputDispatcher: Delivering touch to (32167): action: 0x0, f=0x0, d=0, 'dab53d7', t=1
12-03 16:59:55.337 32167 32167 D ViewRootImpl@7ba4a0c[GameActivity]: ViewPostIme pointer 0
12-03 16:59:55.398  1491  2311 D InputReader: Btn_touch(3): value=0 when=84968.941413
12-03 16:59:55.398  1491  2311 I InputReader: Touch event's action is 0x1 (id=3, t=0) [pCnt=1, s=] when=84968.941413
12-03 16:59:55.398  1491  2310 I InputDispatcher: Delivering touch to (32167): action: 0x1, f=0x0, d=0, 'dab53d7', t=1
12-03 16:59:55.399 32167 32167 D ViewRootImpl@7ba4a0c[GameActivity]: ViewPostIme pointer 1
12-03 16:59:55.880  1491  2311 D InputReader: Btn_touch(3): value=1 when=84969.422509
12-03 16:59:55.880  1491  2311 I InputReader: Touch event's action is 0x0 (id=3, t=0) [pCnt=1, s=0.742 ] when=84969.422509
12-03 16:59:55.880  1491  2310 I InputDispatcher: Delivering touch to (32167): action: 0x0, f=0x0, d=0, 'dab53d7', t=1
12-03 16:59:55.882 32167 32167 D ViewRootImpl@7ba4a0c[GameActivity]: ViewPostIme pointer 0
12-03 16:59:55.908  1491  2311 D InputReader: Btn_touch(3): value=0 when=84969.450943
12-03 16:59:55.908  1491  2311 I InputReader: Touch event's action is 0x1 (id=3, t=0) [pCnt=1, s=] when=84969.450943
12-03 16:59:55.908  1491  2310 I InputDispatcher: Delivering touch to (32167): action: 0x1, f=0x0, d=0, 'dab53d7', t=1
12-03 16:59:55.909 32167 32167 D ViewRootImpl@7ba4a0c[GameActivity]: ViewPostIme pointer 1
12-03 16:59:56.142  3849  4404 D SDHMS:com.sec.android.sdhms.thermal.siop.z: SIOP:: AP:189(341,110) BAT:282(282,0) CHG:309(309,0) USB:0(0,0) WIFI:285(302,0) PA:298(316,0) LRP:288(288,-999) LRF:288(288) LRB:288(288) 
12-03 16:59:56.219   747   902 I qti_sensors_hal: processReportInd: Light - 3 3
12-03 16:59:56.450   747   902 I qti_sensors_hal: processReportInd: Accel - X: 4.025 Y: 0.407 Z: 8.686
12-03 16:59:56.469   747   902 I qti_sensors_hal: processReportInd: Gyro - X: 0.018 Y: 0.005 Z: -0.083 status: 3
12-03 16:59:56.698  1491  2311 D InputReader: Btn_touch(3): value=1 when=84970.240842
12-03 16:59:56.699  1491  2311 I InputReader: Touch event's action is 0x0 (id=3, t=0) [pCnt=1, s=0.743 ] when=84970.240842
12-03 16:59:56.699  1491  2310 I InputDispatcher: Delivering touch to (32167): action: 0x0, f=0x0, d=0, 'dab53d7', t=1
12-03 16:59:56.700  1491  2310 D PowerManagerService: [api] userActivityFromNative : 90 (event: 2 flags: 0) eventTime = 84970240
12-03 16:59:56.701 32167 32167 D ViewRootImpl@7ba4a0c[GameActivity]: ViewPostIme pointer 0
12-03 16:59:56.742  1491  2311 D InputReader: Btn_touch(3): value=0 when=84970.285464
12-03 16:59:56.742  1491  2311 I InputReader: Touch event's action is 0x1 (id=3, t=0) [pCnt=1, s=] when=84970.285464
12-03 16:59:56.743  1491  2310 I InputDispatcher: Delivering touch to (32167): action: 0x1, f=0x0, d=0, 'dab53d7', t=1
12-03 16:59:56.744 32167 32167 D ViewRootImpl@7ba4a0c[GameActivity]: ViewPostIme pointer 1
12-03 16:59:56.784  2489  2913 D NetworkController.MobileSignalController(0/2147483647): onSignalStrengthsChanged signalStrength=SignalStrength:{mCdma=Invalid,mGsm=Invalid,mWcdma=Invalid,mTdscdma=Invalid,mLte=CellSignalStrengthLte: rssi=-85 rsrp=-118 rsrq=-18 rssnr=-76 cqi=2147483647 ta=2147483647 level=0,mNr=Invalid,SignalBarInfo{ no level },P,rat=14,primary=CellSignalStrengthLte} level=0
12-03 16:59:56.784  2489  2913 D NetworkController.MobileSignalController(0/2147483647): getMobileIconGroup(): 0
12-03 16:59:56.915 32167 32251 D UE4     : [GameActivity] Used memory: 292427 (VmRSS:	  423816 kB)
12-03 16:59:57.352  1491  2311 D InputReader: Btn_touch(3): value=1 when=84970.894600
12-03 16:59:57.352  1491  2311 I InputReader: Touch event's action is 0x0 (id=3, t=0) [pCnt=1, s=0.744 ] when=84970.894600
12-03 16:59:57.352  1491  2310 I InputDispatcher: Delivering touch to (32167): action: 0x0, f=0x0, d=0, 'dab53d7', t=1
12-03 16:59:57.355 32167 32167 D ViewRootImpl@7ba4a0c[GameActivity]: ViewPostIme pointer 0
12-03 16:59:58.061  2489  2913 D NetworkController.MobileSignalController(0/2147483647): onSignalStrengthsChanged signalStrength=SignalStrength:{mCdma=Invalid,mGsm=Invalid,mWcdma=Invalid,mTdscdma=Invalid,mLte=CellSignalStrengthLte: rssi=-85 rsrp=-119 rsrq=-18 rssnr=-78 cqi=2147483647 ta=2147483647 level=0,mNr=Invalid,SignalBarInfo{ no level },P,rat=14,primary=CellSignalStrengthLte} level=0
12-03 16:59:58.061  2489  2913 D NetworkController.MobileSignalController(0/2147483647): getMobileIconGroup(): 0
12-03 16:59:58.282  1491  2310 D PowerManagerService: [api] userActivityFromNative : 100 (event: 2 flags: 0) eventTime = 84971824
12-03 16:59:58.499   747   902 I qti_sensors_hal: processReportInd: Cal Mag Filter, 0, 0, 0.000000, 0.000000, 0.000000, 0.000000, 0.000000, 0.000000, -31.089783, 15.040588, -36.581421
12-03 16:59:59.253  1491  2311 D InputReader: Btn_touch(3): value=0 when=84972.795465
12-03 16:59:59.253  1491  2311 I InputReader: Touch event's action is 0x1 (id=3, t=0) [pCnt=1, s=] when=84972.795465
12-03 16:59:59.253  1491  2310 I InputDispatcher: Delivering touch to (32167): action: 0x1, f=0x0, d=0, 'dab53d7', t=1
12-03 16:59:59.254 32167 32167 D ViewRootImpl@7ba4a0c[GameActivity]: ViewPostIme pointer 1
12-03 16:59:59.256  1491  1491 D GameManagerService: identifyGamePackage. neu.edu.madcourse.Bello_CS5520_MoveMe, mCurrentUserId: 0, callerUserId: 0
12-03 16:59:59.256  1491  1491 D GamePkgDataHelper: getGamePkgData(). neu.edu.madcourse.Bello_CS5520_MoveMe
12-03 16:59:59.257  1491  1491 D CustomFrequencyManagerService: acquireDVFSLockLocked : type : DVFS_MIN_LIMIT  frequency : 1113600  uid : 1000  pid : 1491  pkgName : GESTURE_DETECTED@CPU_MIN@43
12-03 16:59:59.450  1491  2311 D InputReader: Btn_touch(3): value=1 when=84972.993263
12-03 16:59:59.450  1491  2311 I InputReader: Touch event's action is 0x0 (id=3, t=0) [pCnt=1, s=0.745 ] when=84972.993263
12-03 16:59:59.451  1491  2310 I InputDispatcher: Delivering touch to (32167): action: 0x0, f=0x0, d=0, 'dab53d7', t=1
12-03 16:59:59.451  1491  2310 D PowerManagerService: [api] userActivityFromNative : 110 (event: 2 flags: 0) eventTime = 84972993
12-03 16:59:59.452 32167 32167 D ViewRootImpl@7ba4a0c[GameActivity]: ViewPostIme pointer 0
12-03 16:59:59.521  1491  2311 D InputReader: Btn_touch(3): value=0 when=84973.064138
12-03 16:59:59.521  1491  2311 I InputReader: Touch event's action is 0x1 (id=3, t=0) [pCnt=1, s=] when=84973.064138
12-03 16:59:59.521  1491  2310 I InputDispatcher: Delivering touch to (32167): action: 0x1, f=0x0, d=0, 'dab53d7', t=1
12-03 16:59:59.523 32167 32167 D ViewRootImpl@7ba4a0c[GameActivity]: ViewPostIme pointer 1
12-03 16:59:59.758  1491  1491 D CustomFrequencyManagerService: releaseDVFSLockLocked : Getting Lock type frm List : DVFS_MIN_LIMIT  frequency : 1113600  uid : 1000  pid : 1491  tag : GESTURE_DETECTED@CPU_MIN@43
12-03 16:59:59.999  1491  2291 D SamsungAlarmManager: Expired : 4
12-03 17:00:00.000  1491  2291 V SamsungAlarmManager: Sending to uid : 1000 listener=android.app.AlarmManager$ListenerWrapper@2b04f5f alarm=Alarm{fbaedac type 2 when 206147645 android}
12-03 17:00:00.003  1491  2291 V SamsungAlarmManager: Sending to uid : 1000 listener=com.android.server.AlarmManagerService$2@f8b3921 alarm=Alarm{609ca75 type 3 when 206161136 android}
12-03 17:00:00.005  1491  2291 D SamsungAlarmManager: setExact Listener (T:3/F:1/AC:false) 20211203T170059 - CU:1000/CP:1491
12-03 17:00:00.006  1491  2291 I SamsungAlarmManager: setLocked to kernel - T:2 / 20211203T171100, SetElapsed=206821353, nowELAPSED=206161142
12-03 17:00:00.006  1491  2291 I SamsungAlarmManager: setLocked to kernel - T:3 / 20211203T170016, SetElapsed=206177432, nowELAPSED=206161143
12-03 17:00:00.007  1491  2291 V SamsungAlarmManager: Sending to uid : 10144 listener=android.os.BinderProxy@fca0308 alarm=Alarm{9590a0a type 1 when 1638572400000 com.sec.android.app.launcher}
12-03 17:00:00.007  2489  2489 D KeyguardUpdateMonitor: received broadcast android.intent.action.TIME_TICK
12-03 17:00:00.008  2489  2489 D KeyguardUpdateMonitor: handleTimeUpdate
12-03 17:00:00.008  1491  2291 I SamsungAlarmManager: setLocked to kernel - T:2 / 20211203T171100, SetElapsed=206821353, nowELAPSED=206161145
12-03 17:00:00.008  1491  2291 I SamsungAlarmManager: setLocked to kernel - T:3 / 20211203T170016, SetElapsed=206177432, nowELAPSED=206161145
12-03 17:00:00.009  2917  2917 D LiveIconUpdateEventHandler: onMinuteChanged
12-03 17:00:00.009  1491  2341 D SamsungAlarmManager: setInexact Listener (T:2/F:8/AC:false) 20211203T170208 - CU:1000/CP:1491
12-03 17:00:00.009  1491  2341 I SamsungAlarmManager: setLocked to kernel - T:2 / 20211203T170208, SetElapsed=206289139, nowELAPSED=206161146
12-03 17:00:00.009  2917  2917 D LiveIconUpdateEventHandler: setMinuteChangeAlarm
12-03 17:00:00.010  1491  2341 I SamsungAlarmManager: setLocked to kernel - T:3 / 20211203T170016, SetElapsed=206177432, nowELAPSED=206161146
12-03 17:00:00.013  2489  2489 D QSClockBellTower: He is ready to ring the bell. (((timeText:5:00, skipUpdateForDemo:false, dateText:Fri, December 3, shortenDateText = Fri, Dec 3)))
12-03 17:00:00.014  2489  2489 D QSClock : status_bar_clock notifyTimeChanged(currentTime:5:00) mClockVisibleByPolicy:true, mClockVisibleByUser:true, visible?true, parent:android.widget.LinearLayout{4b011ac V.E...... ......ID 0,0-75,63 #7f0a0381 app:id/left_clock_container}
12-03 17:00:00.014  2489  2489 D QSClockBellTower: Everyone heard the bell. run(currentTime:1638572400012,   getTime():Fri Dec 03 17:00:00 CST 2021,   getTimeZone():libcore.util.ZoneInfo[id="America/Chicago",mRawOffset=-21600000,mEarliestRawOffset=-21600000,mUseDst=true,mDstSavings=3600000,transitions=235])
12-03 17:00:00.015  1491  1537 D SamsungAlarmManager: setInexact Listener (T:1/F:0/AC:false) 20211203T170100 - CU:10144/CP:2917
12-03 17:00:00.015  1491  1537 I SamsungAlarmManager: setLocked to kernel - T:2 / 20211203T170208, SetElapsed=206289139, nowELAPSED=206161152
12-03 17:00:00.015  1491  1537 I SamsungAlarmManager: setLocked to kernel - T:3 / 20211203T170016, SetElapsed=206177432, nowELAPSED=206161152
12-03 17:00:00.027  1491  2348 I WifiScanController: scan requested by WifiConnectivityManager
12-03 17:00:00.031  1491  2348 D SamsungAlarmManager: setInexact Listener (T:2/F:8/AC:false) 20211203T170015 - CU:1000/CP:1491
12-03 17:00:00.031  1491  2348 I SamsungAlarmManager: setLocked to kernel - T:2 / 20211203T170015, SetElapsed=206176167, nowELAPSED=206161168
12-03 17:00:00.032  2489  2489 W GraphicUtils: getTextEmpty : skipped with null text
12-03 17:00:00.032  2489  2489 W GraphicUtils: setLinearGradientTextColor : skipped with null text
12-03 17:00:00.032  1491  1491 D WifiConnectivityMonitor: com.samsung.android.server.wifi.WCM_SCAN_STARTED
12-03 17:00:00.032  1491  2344 E MobileWipsFrameworkService: unbinded can not send 12
12-03 17:00:00.033  2489  2489 D QSContainerImpl: getDisplayHeight portrait? false  displayHeight= 1080
12-03 17:00:00.045  1491  2311 D InputReader: Btn_touch(3): value=1 when=84973.587448
12-03 17:00:00.045  1491  2311 I InputReader: Touch event's action is 0x0 (id=3, t=0) [pCnt=1, s=0.746 ] when=84973.587448
12-03 17:00:00.045  1491  2310 I InputDispatcher: Delivering touch to (32167): action: 0x0, f=0x0, d=0, 'dab53d7', t=1
12-03 17:00:00.046 32167 32167 D ViewRootImpl@7ba4a0c[GameActivity]: ViewPostIme pointer 0
12-03 17:00:00.073  1491  2311 D InputReader: Btn_touch(3): value=0 when=84973.616876
12-03 17:00:00.074  1491  2311 I InputReader: Touch event's action is 0x1 (id=3, t=0) [pCnt=1, s=] when=84973.616876
12-03 17:00:00.074  1491  2310 I InputDispatcher: Delivering touch to (32167): action: 0x1, f=0x0, d=0, 'dab53d7', t=1
12-03 17:00:00.075 32167 32167 D ViewRootImpl@7ba4a0c[GameActivity]: ViewPostIme pointer 1
12-03 17:00:01.206  1491  2311 D InputReader: Btn_touch(3): value=1 when=84974.749084
12-03 17:00:01.206  1491  2311 I InputReader: Touch event's action is 0x0 (id=3, t=0) [pCnt=1, s=0.747 ] when=84974.749084
12-03 17:00:01.207  1491  2310 I InputDispatcher: Delivering touch to (32167): action: 0x0, f=0x0, d=0, 'dab53d7', t=1
12-03 17:00:01.209 32167 32167 D ViewRootImpl@7ba4a0c[GameActivity]: ViewPostIme pointer 0
12-03 17:00:01.255   747   902 I qti_sensors_hal: processReportInd: Light - 2 2
12-03 17:00:01.276  1491  1657 E Watchdog: !@Sync 2830 [2021-12-03 17:00:01.276] FD count : 573, wdog_way : pwdt
12-03 17:00:01.278  1491  2311 D InputReader: Btn_touch(3): value=0 when=84974.821775
12-03 17:00:01.278  1491  2311 I InputReader: Touch event's action is 0x1 (id=3, t=0) [pCnt=1, s=] when=84974.821775
12-03 17:00:01.279  1491  2310 I InputDispatcher: Delivering touch to (32167): action: 0x1, f=0x0, d=0, 'dab53d7', t=1
12-03 17:00:01.279 32167 32167 D ViewRootImpl@7ba4a0c[GameActivity]: ViewPostIme pointer 1
12-03 17:00:01.285 32167 32249 D UE4     : [2021.12.03-23.00.01:285][924]LogBlueprintUserMessages: [W_AlterLayout_Widget_C_2147482529] BP_Cylinder_C
12-03 17:00:01.832  1289  2481 I LOWI-8.6.0.72: [LOWI-Scan] lowi_close_record:Scan done in 206141772ms, 8 APs in scan results
12-03 17:00:01.833  1491  1537 D WificondControl: Scan result ready event
12-03 17:00:01.833  1491  2348 D SamsungAlarmManager: Cancel Alarm calling from uid:1000 pid :1491 / listener:android.app.AlarmManager$ListenerWrapper@985bcd6
12-03 17:00:01.835  1491  2348 I SamsungAlarmManager: setLocked to kernel - T:2 / 20211203T170208, SetElapsed=206289139, nowELAPSED=206162971
12-03 17:00:01.835  1491  2348 I SamsungAlarmManager: setLocked to kernel - T:3 / 20211203T170016, SetElapsed=206177432, nowELAPSED=206162971
12-03 17:00:01.841  1491  2344 E MobileWipsFrameworkService: unbinded can not send 13
12-03 17:00:01.872  1491  2341 D ScoredNetworkEvaluator: evaluateNetworks
12-03 17:00:01.874  1491  2341 D WifiConnectivityManager: Skip setting firmware roaming configuration since max BSSID blacklist size is zero
12-03 17:00:01.914  1491  2311 D InputReader: Btn_touch(3): value=1 when=84975.457500
12-03 17:00:01.915  1491  2311 I InputReader: Touch event's action is 0x0 (id=3, t=0) [pCnt=1, s=0.748 ] when=84975.457500
12-03 17:00:01.915  1491  2310 I InputDispatcher: Delivering touch to (32167): action: 0x0, f=0x0, d=0, 'dab53d7', t=1
12-03 17:00:01.917 32167 32167 D ViewRootImpl@7ba4a0c[GameActivity]: ViewPostIme pointer 0
12-03 17:00:01.930  1491  1537 W BestClock: java.time.DateTimeException: Missing NTP fix
12-03 17:00:01.935  1241  1359 I netd    : tetherGetStats() <3.65ms>
12-03 17:00:01.938  1491  1537 W BestClock: java.time.DateTimeException: Missing NTP fix
12-03 17:00:01.940  1491  2338 W BestClock: java.time.DateTimeException: Missing NTP fix
12-03 17:00:01.942  1491  3925 W BestClock: java.time.DateTimeException: Missing NTP fix
12-03 17:00:01.947  1241  1359 I netd    : tetherGetStats() <4.12ms>
12-03 17:00:01.949  1491  3925 W BestClock: java.time.DateTimeException: Missing NTP fix
12-03 17:00:01.951  1491  2338 W BestClock: java.time.DateTimeException: Missing NTP fix
12-03 17:00:01.954  1491  2311 D InputReader: Btn_touch(3): value=0 when=84975.496961
12-03 17:00:01.954  1491  2311 I InputReader: Touch event's action is 0x1 (id=3, t=0) [pCnt=1, s=] when=84975.496961
12-03 17:00:01.955  1491  2310 I InputDispatcher: Delivering touch to (32167): action: 0x1, f=0x0, d=0, 'dab53d7', t=1
12-03 17:00:01.956 32167 32167 D ViewRootImpl@7ba4a0c[GameActivity]: ViewPostIme pointer 1
12-03 17:00:01.980   795   795 I SurfaceFlinger: SFWD update time=84975523913990
12-03 17:00:02.493  1491  2311 D InputReader: Btn_touch(3): value=1 when=84976.035344
12-03 17:00:02.493  1491  2311 I InputReader: Touch event's action is 0x0 (id=3, t=0) [pCnt=1, s=0.749 ] when=84976.035344
12-03 17:00:02.493  1491  2310 I InputDispatcher: Delivering touch to (32167): action: 0x0, f=0x0, d=0, 'dab53d7', t=1
12-03 17:00:02.495 32167 32167 D ViewRootImpl@7ba4a0c[GameActivity]: ViewPostIme pointer 0
12-03 17:00:02.555  1491  2311 D InputReader: Btn_touch(3): value=0 when=84976.098607
12-03 17:00:02.555  1491  2311 I InputReader: Touch event's action is 0x1 (id=3, t=0) [pCnt=1, s=] when=84976.098607
12-03 17:00:02.556  1491  2310 I InputDispatcher: Delivering touch to (32167): action: 0x1, f=0x0, d=0, 'dab53d7', t=1
12-03 17:00:02.557 32167 32167 D ViewRootImpl@7ba4a0c[GameActivity]: ViewPostIme pointer 1
12-03 17:00:03.055  1491  2311 D InputReader: Btn_touch(3): value=1 when=84976.597831
12-03 17:00:03.055  1491  2311 I InputReader: Touch event's action is 0x0 (id=3, t=0) [pCnt=1, s=0.750 ] when=84976.597831
12-03 17:00:03.055  1491  2310 I InputDispatcher: Delivering touch to (32167): action: 0x0, f=0x0, d=0, 'dab53d7', t=1
12-03 17:00:03.057 32167 32167 D ViewRootImpl@7ba4a0c[GameActivity]: ViewPostIme pointer 0
12-03 17:00:03.128  1491  2311 D InputReader: Btn_touch(3): value=0 when=84976.670909
12-03 17:00:03.128  1491  2311 I InputReader: Touch event's action is 0x1 (id=3, t=0) [pCnt=1, s=] when=84976.670909
12-03 17:00:03.128  1491  2310 I InputDispatcher: Delivering touch to (32167): action: 0x1, f=0x0, d=0, 'dab53d7', t=1
12-03 17:00:03.129 32167 32167 D ViewRootImpl@7ba4a0c[GameActivity]: ViewPostIme pointer 1
12-03 17:00:04.278  1491  2311 D InputReader: Btn_touch(3): value=1 when=84977.821470
12-03 17:00:04.279  1491  2311 I InputReader: Touch event's action is 0x0 (id=3, t=0) [pCnt=1, s=0.751 ] when=84977.821470
12-03 17:00:04.279  1491  2310 I InputDispatcher: Delivering touch to (32167): action: 0x0, f=0x0, d=0, 'dab53d7', t=1
12-03 17:00:04.281 32167 32167 D ViewRootImpl@7ba4a0c[GameActivity]: ViewPostIme pointer 0
12-03 17:00:04.699  1491  2310 D PowerManagerService: [api] userActivityFromNative : 120 (event: 2 flags: 0) eventTime = 84978241
12-03 17:00:06.155  1491  2310 D PowerManagerService: [api] userActivityFromNative : 130 (event: 2 flags: 0) eventTime = 84979697
12-03 17:00:06.192  3849  4404 D SDHMS:com.sec.android.sdhms.thermal.siop.z: SIOP:: AP:194(346,110) BAT:282(282,0) CHG:312(312,0) USB:0(0,0) WIFI:287(307,0) PA:303(319,0) LRP:290(290,-999) LRF:290(290) LRB:290(290) 
12-03 17:00:06.291   747   902 I qti_sensors_hal: processReportInd: Light - 2 2
12-03 17:00:06.337   747   902 I qti_sensors_hal: processReportInd: Accel - X: 3.479 Y: 0.904 Z: 9.495
12-03 17:00:06.357   747   902 I qti_sensors_hal: processReportInd: Gyro - X: -0.166 Y: 0.061 Z: -0.042 status: 3
12-03 17:00:06.385  1491  2311 D InputReader: Btn_touch(3): value=0 when=84979.928154
12-03 17:00:06.385  1491  2311 I InputReader: Touch event's action is 0x1 (id=3, t=0) [pCnt=1, s=] when=84979.928154
12-03 17:00:06.385  1491  2310 I InputDispatcher: Delivering touch to (32167): action: 0x1, f=0x0, d=0, 'dab53d7', t=1
12-03 17:00:06.390  2489  2913 D NetworkController.MobileSignalController(0/2147483647): onSignalStrengthsChanged signalStrength=SignalStrength:{mCdma=Invalid,mGsm=Invalid,mWcdma=Invalid,mTdscdma=Invalid,mLte=CellSignalStrengthLte: rssi=-85 rsrp=-118 rsrq=-19 rssnr=-74 cqi=2147483647 ta=2147483647 level=0,mNr=Invalid,SignalBarInfo{ no level },P,rat=14,primary=CellSignalStrengthLte} level=0
12-03 17:00:06.390 32167 32167 D ViewRootImpl@7ba4a0c[GameActivity]: ViewPostIme pointer 1
12-03 17:00:06.391  1491  1491 D GameManagerService: identifyGamePackage. neu.edu.madcourse.Bello_CS5520_MoveMe, mCurrentUserId: 0, callerUserId: 0
12-03 17:00:06.391  1491  1491 D GamePkgDataHelper: getGamePkgData(). neu.edu.madcourse.Bello_CS5520_MoveMe
12-03 17:00:06.391  1491  1491 D CustomFrequencyManagerService: acquireDVFSLockLocked : type : DVFS_MIN_LIMIT  frequency : 1113600  uid : 1000  pid : 1491  pkgName : GESTURE_DETECTED@CPU_MIN@43
12-03 17:00:06.396  2489  2913 D NetworkController.MobileSignalController(0/2147483647): getMobileIconGroup(): 0
12-03 17:00:06.652  1491  2311 D InputReader: Btn_touch(3): value=1 when=84980.195493
12-03 17:00:06.652  1491  2311 I InputReader: Touch event's action is 0x0 (id=3, t=0) [pCnt=1, s=0.752 ] when=84980.195493
12-03 17:00:06.653  1491  2310 I InputDispatcher: Delivering touch to (32167): action: 0x0, f=0x0, d=0, 'dab53d7', t=1
12-03 17:00:06.655 32167 32167 D ViewRootImpl@7ba4a0c[GameActivity]: ViewPostIme pointer 0
12-03 17:00:06.715  1491  2311 D InputReader: Btn_touch(3): value=0 when=84980.258027
12-03 17:00:06.715  1491  2311 I InputReader: Touch event's action is 0x1 (id=3, t=0) [pCnt=1, s=] when=84980.258027
12-03 17:00:06.715  1491  2310 I InputDispatcher: Delivering touch to (32167): action: 0x1, f=0x0, d=0, 'dab53d7', t=1
