12-03 00:38:27.448 11456 11532 D UE4     : [2021.12.03-06.38.27:448][  0]LogSlate: InvalidateAllWidgets triggered.  All widgets were invalidated
12-03 00:38:27.455 11456 11532 D UE4     : [2021.12.03-06.38.27:455][  0]LogAudio: Display: Audio Device unregistered from world 'None'.
12-03 00:38:27.460 11456 11532 D UE4     : [2021.12.03-06.38.27:459][  0]LogUObjectHash: Compacting FUObjectHashTables data took   1.60ms
12-03 00:38:27.462  1020  1020 D Zygote  : Forked child process 11586
12-03 00:38:27.464 11586 11586 E Zygote  : isWhitelistProcess - Process is Whitelisted
12-03 00:38:27.467  1491  1667 I ActivityManager: Start proc 11586:com.sec.android.app.soundalive/u0a131 for content provider {com.sec.android.app.soundalive/com.sec.android.app.soundalive.compatibility.SAContentProvider}
12-03 00:38:27.469 11586 11586 E Zygote  : accessInfo : 1
12-03 00:38:27.481   732 16361 V audio_hw_sec: sec_dsm_spkr_prot_control_tx_topology() dsm enabled (c:0 d:1 m:0)
12-03 00:38:27.481   732 16361 D audio_hw_primary: enable_snd_device: snd_device(2: speaker)
12-03 00:38:27.481   732 16361 D audio_route: Apply path: speaker
12-03 00:38:27.481   732 16361 D audio_hw_utils: audio_extn_utils_send_app_type_cfg: usecase->out_snd_device speaker
12-03 00:38:27.481   732 16361 D sdm660_platform: platform_split_snd_device: snd_device(2) num devices(0) new_snd_devices(0)
12-03 00:38:27.482   732 16361 E voice   : voice_is_in_call_rec_stream: input stream is NULL
12-03 00:38:27.482   732 16361 I audio_hw_utils: send_app_type_cfg_for_device PLAYBACK app_type 69937, acdb_dev_id 15, sample_rate 48000, snd_device_be_idx 45
12-03 00:38:27.483   732 16361 D sdm660_platform: platform_split_snd_device: snd_device(2) num devices(1) new_snd_devices(0)
12-03 00:38:27.483   732 16361 D ACDB-LOADER: ACDB -> send_audio_cal, acdb_id = 15, path = 0, app id = 0x11131, sample rate = 48000
12-03 00:38:27.483   732 16361 D ACDB-LOADER: ACDB -> send_asm_topology
12-03 00:38:27.483   732 16361 D ACDB-LOADER: ACDB -> ACDB_CMD_GET_AUDPROC_STREAM_TOPOLOGY_ID
12-03 00:38:27.483   732 16361 D ACDB-LOADER: ACDB -> send_adm_topology
12-03 00:38:27.483   732 16361 D ACDB-LOADER: ACDB -> ACDB_CMD_GET_AUDPROC_COMMON_TOPOLOGY_ID
12-03 00:38:27.483   732 16361 D ACDB-LOADER: ACDB -> send_audtable
12-03 00:38:27.483   732 16361 D ACDB-LOADER: ACDB -> ACDB_CMD_GET_AUDPROC_COMMON_TABLE_SIZE
12-03 00:38:27.483   732 16361 D         : ACDBFILE_MGR:Read the devices count as zero, please check the acdb file
12-03 00:38:27.483   732 16361 D ACDB-LOADER: ACDB -> ACDB_CMD_GET_AUDPROC_COMMON_TABLE
12-03 00:38:27.483   732 16361 D         : ACDBFILE_MGR:Read the devices count as zero, please check the acdb file
12-03 00:38:27.483   732 16361 D ACDB-LOADER: ACDB -> AUDIO_SET_AUDPROC_CAL
12-03 00:38:27.483   732 16361 D ACDB-LOADER: ACDB -> send_audvoltable
12-03 00:38:27.483   732 16361 D ACDB-LOADER: ACDB -> ACDB_CMD_GET_AUDPROC_VOL_STEP_TABLE_SIZE
12-03 00:38:27.483   732 16361 D         : ACDBFILE_MGR:Read the devices count as zero, please check the acdb file
12-03 00:38:27.483   732 16361 D ACDB-LOADER: ACDB -> ACDB_CMD_GET_AUDPROC_GAIN_DEP_STEP_TABLE, vol index 0
12-03 00:38:27.483   732 16361 D         : ACDBFILE_MGR:Read the devices count as zero, please check the acdb file
12-03 00:38:27.483   732 16361 D ACDB-LOADER: ACDB -> AUDIO_SET_VOL_CAL cal type = 12
12-03 00:38:27.483   732 16361 D ACDB-LOADER: ACDB -> ACDB_CMD_GET_AUDPROC_STREAM_TABLE_SIZE
12-03 00:38:27.483   732 16361 D ACDB-LOADER: ACDB -> send_audstrmtable
12-03 00:38:27.483   732 16361 D ACDB-LOADER: ACDB -> ACDB_CMD_GET_AUDPROC_STREAM_TABLE_V2
12-03 00:38:27.483   732 16361 D ACDB-LOADER: ACDB -> audstrm_cal->cal_type.cal_data.cal_size = 19476
12-03 00:38:27.483   732 16361 D ACDB-LOADER: ACDB -> send_afe_topology
12-03 00:38:27.483   732 16361 D ACDB-LOADER: ACDB -> ACDB_CMD_GET_AFE_TOPOLOGY_ID
12-03 00:38:27.483   732 16361 D ACDB-LOADER: ACDB -> GET_AFE_TOPOLOGY_ID for adcd_id 15, Topology Id 1000b900
12-03 00:38:27.483   732 16361 D ACDB-LOADER: ACDB -> send_afe_cal
12-03 00:38:27.483   732 16361 D ACDB-LOADER: ACDB -> ACDB_CMD_GET_AFE_COMMON_TABLE_SIZE
12-03 00:38:27.483   732 16361 D         : ACDBFILE_MGR:Read the devices count as zero, please check the acdb file
12-03 00:38:27.483   732 16361 D ACDB-LOADER: ACDB -> ACDB_CMD_GET_AFE_COMMON_TABLE
12-03 00:38:27.483   732 16361 D         : ACDBFILE_MGR:Read the devices count as zero, please check the acdb file
12-03 00:38:27.483   732 16361 D ACDB-LOADER: ACDB -> AUDIO_SET_AFE_CAL
12-03 00:38:27.483   732 16361 D ACDB-LOADER: ACDB -> send_hw_delay : acdb_id = 15 path = 0
12-03 00:38:27.483   732 16361 D ACDB-LOADER: ACDB -> ACDB_AVSYNC_INFO: ACDB_CMD_GET_DEVICE_PROPERTY
12-03 00:38:27.483   732 16361 D sdm660_platform: platform_split_snd_device: snd_device(2) num devices(0) new_snd_devices(0)
12-03 00:38:27.483   732 16361 I sdm660_platform: platform_get_custom_mtmx_params: no matching param with id 0 ip_ch 2 op_ch 2 uc_id 1 snd_dev 2
12-03 00:38:27.483   732 16361 D audio_hw_primary: enable_audio_route: apply mixer and update path: low-latency-playback speaker
12-03 00:38:27.483   732 16361 D audio_route: Apply path: low-latency-playback speaker
12-03 00:38:27.483   732 16361 D audio_route: Setting mixer control: TERT_MI2S_RX Audio Mixer MultiMedia5, value: 1
12-03 00:38:27.486   732 16361 D audio_hw_primary: select_devices: done
12-03 00:38:27.493 11586 11586 E .app.soundaliv: Not starting debugger since process cannot load the jdwp agent.
12-03 00:38:27.504 11586 11586 D ActivityThread: setConscryptValidator
12-03 00:38:27.505 11586 11586 D ActivityThread: setConscryptValidator - put
12-03 00:38:27.510  1491  4072 I ActivityManager: DSS OFF for com.sec.android.app.soundalive
12-03 00:38:27.511 11456 11532 D UE4     : [2021.12.03-06.38.27:511][  0]LogAudio: Display: Audio Device (ID: 1) registered with world 'Daytime_Green'.
12-03 00:38:27.513   732 16361 D sdm660_platform: platform_set_channel_map mixer_ctl_name:Playback Channel Map13
12-03 00:38:27.514 11456 11532 D UE4     : [2021.12.03-06.38.27:514][  0]LogAIModule: Creating AISystem for world Daytime_Green
12-03 00:38:27.514   732 16361 D sdm660_platform: platform_set_channel_map: set mapping(1 2 0 0 0 0 0 0) for channel:2
12-03 00:38:27.514   732 16361 D audio_hw_primary: start_output_stream: exit
12-03 00:38:27.518   790  1109 I FastMixer: handle music stream -2101
12-03 00:38:27.522  1241  1484 I netd    : firewallSetUidRule(2, 10131, 1) <4.55ms>
12-03 00:38:27.531 11456 11532 D UE4     : [2021.12.03-06.38.27:531][  0]LogLoad: Game class is 'Camera_Movement_Mode_Attempt2_C'
12-03 00:38:27.533 11456 11532 D UE4     : [2021.12.03-06.38.27:533][  0]LogWorld: Bringing World /Game/Levels/Daytime_Green.Daytime_Green up for play (max tick rate 0) at 2021.12.03-00.38.27
12-03 00:38:27.534 11456 11532 D UE4     : [2021.12.03-06.38.27:534][  0]LogWorld: Bringing up level for play took: 0.001265
12-03 00:38:27.534 11456 11532 D UE4     : [2021.12.03-06.38.27:534][  0]LogOnline: OSS: Creating online subsystem instance for: GooglePlay
12-03 00:38:27.535 11456 11532 D UE4     : [2021.12.03-06.38.27:535][  0]LogOnline: Warning: OSS: FOnlineSubsystemGooglePlayModule was disabled
12-03 00:38:27.543 11456 11532 D UE4     : [2021.12.03-06.38.27:543][  0]LogLoad: Took 0.098518 seconds to LoadMap(/Game/Levels/Daytime_Green)
12-03 00:38:27.545   790  1111 D AudioFlinger: mixer(0x7569fb08c0) Spend too much time to write: delta 110(effect 0, stage 0)
12-03 00:38:27.559  1491  2359 W Binder  : Outgoing transactions from this process must be FLAG_ONEWAY
12-03 00:38:27.559  1491  2359 W Binder  : java.lang.Throwable
12-03 00:38:27.559  1491  2359 W Binder  : 	at android.os.BinderProxy.transact(BinderProxy.java:493)
12-03 00:38:27.559  1491  2359 W Binder  : 	at android.content.ContentProviderProxy.insert(ContentProviderNative.java:479)
12-03 00:38:27.559  1491  2359 W Binder  : 	at android.content.ContentResolver.insert(ContentResolver.java:1835)
12-03 00:38:27.559  1491  2359 W Binder  : 	at com.android.server.audio.AudioService.notifyDVFSToSoundAlive(AudioService.java:12265)
12-03 00:38:27.559  1491  2359 W Binder  : 	at com.android.server.audio.AudioService.handleCustomMessage(AudioService.java:9308)
12-03 00:38:27.559  1491  2359 W Binder  : 	at com.android.server.audio.AudioService$AudioHandler.handleMessage(AudioService.java:6479)
12-03 00:38:27.559  1491  2359 W Binder  : 	at android.os.Handler.dispatchMessage(Handler.java:107)
12-03 00:38:27.559  1491  2359 W Binder  : 	at android.os.Looper.loop(Looper.java:237)
12-03 00:38:27.559  1491  2359 W Binder  : 	at com.android.server.audio.AudioService$AudioSystemThread.run(AudioService.java:5891)
12-03 00:38:27.560 11586 11586 D SoundAliveApplication: onCreate()
12-03 00:38:27.561 11586 11586 D SoundAliveApplication: getApplicationContext()
12-03 00:38:27.561 11586 11586 D SoundAliveApplication: The supported Features are : eq_knob,eq_custom,uhq_switch,uhq_level,adapt,dvfs_700000,tube,concert
12-03 00:38:27.561 11586 11586 D SoundAliveApplication: Is EQ Support : true
12-03 00:38:27.561 11586 11586 D SoundAliveApplication: Is UHQ Switch Support : true
12-03 00:38:27.561 11586 11586 D SoundAliveApplication: Is UHQ Level Support : true
12-03 00:38:27.561 11586 11586 D SoundAliveApplication: Is Karaoke Support : false
12-03 00:38:27.561 11586 11586 D SoundAliveApplication: Is TubeAmp Support : true
12-03 00:38:27.561 11586 11586 D SoundAliveApplication: Is Concert Hall Support : true
12-03 00:38:27.561 11586 11586 D SoundAliveApplication: Is AdaptSound Support : true
12-03 00:38:27.561 11586 11586 D SoundAliveApplication: Is UHQ Upscaler Support : true
12-03 00:38:27.561 11586 11586 D SoundAliveApplication: Is UHQ Default set : false
12-03 00:38:27.561 11586 11604 D SAContentProvider: Player/Screen Callback
12-03 00:38:27.565   790   790 V APM_AudioPolicyManager: listAudioPorts() role 0 type 0 num_ports 0 ports 0x75f6e34ae0
12-03 00:38:27.565   790   790 V APM_AudioPolicyManager: listAudioPorts() got 0 ports needed 12
12-03 00:38:27.565   790   790 V APM_AudioPolicyManager: listAudioPorts() role 0 type 0 num_ports 12 ports 0x7566877900
12-03 00:38:27.565   790   790 V APM_AudioPolicyManager: listAudioPorts() got 12 ports needed 12
12-03 00:38:27.569 11586 11586 D AudioDeviceCallback: registerAudioDeviceCallback
12-03 00:38:27.570 11586 11586 D AudioDeviceCallback: isExternalDevice... device.getType() = 1
12-03 00:38:27.570 11586 11586 D AudioDeviceCallback: isExternalDevice... device.getType() = 2
12-03 00:38:27.570 11586 11586 D AudioDeviceCallback: isExternalDevice... device.getType() = 18
12-03 00:38:27.570 11586 11586 D AudioDeviceCallback: isExternalDevice... device.getType() = 15
12-03 00:38:27.570 11586 11586 D AudioDeviceCallback: isExternalDevice... device.getType() = 15
12-03 00:38:27.570 11586 11586 D AudioDeviceCallback: isExternalDevice... device.getType() = 18
12-03 00:38:27.572 11456 11569 D UE4     : AndroidEGL::  ReleaseContextOwnership,  thread releasing rendering context tid: 11569
12-03 00:38:27.572 11456 11569 D UE4     : AndroidEGL::ResetDisplay()
12-03 00:38:27.583 11456 11532 D UE4     : [2021.12.03-06.38.27:583][  0]LogSlate: Took 0.000714 seconds to synchronously load lazily loaded font '../../../Engine/Content/Slate/Fonts/Roboto-Regular.ttf' (155K)
12-03 00:38:27.585 11456 11532 D UE4     : [2021.12.03-06.38.27:585][  0]LogRHI: Display: ShaderPipelineCache: Paused Batching. 1
12-03 00:38:27.585 11456 11532 D UE4     : [2021.12.03-06.38.27:585][  0]LogRHI: Display: ShaderPipelineCache: Resumed Batching. 0
12-03 00:38:27.585 11456 11532 D UE4     : [2021.12.03-06.38.27:585][  0]LogRHI: Display: ShaderPipelineCache: Batching Resumed.
12-03 00:38:27.585 11456 11532 D UE4     : [2021.12.03-06.38.27:585][  0]LogInit: Display: Engine is initialized. Leaving FEngineLoop::Init()
12-03 00:38:27.585 11456 11532 D UE4     : [2021.12.03-06.38.27:585][  0]LogAndroid: Passed GEngineLoop.Init()
12-03 00:38:27.586 11456 11608 D UE4     : [2021.12.03-06.38.27:586][  0]LogRenderer: Reallocating scene render targets to support 1176x576 Format 10 NumSamples 1 (Frame:1).
12-03 00:38:27.589 11456 11532 D UE4     : [2021.12.03-06.38.27:589][  0]LogAndroidEvents: Display: LogAndroidEvents::DequeueAppEvent : 9, [width=-1, height=-1], APP_EVENT_STATE_ON_START
12-03 00:38:27.589 11456 11532 D UE4     : FAppEventManager::Tick processing, 9
12-03 00:38:27.589 11456 11532 D UE4     : [2021.12.03-06.38.27:589][  0]LogAndroidEvents: Display: LogAndroidEvents::DequeueAppEvent : 7, [width=-1, height=-1], APP_EVENT_STATE_ON_RESUME
12-03 00:38:27.589 11456 11532 D UE4     : FAppEventManager::Tick processing, 7
12-03 00:38:27.589 11456 11532 D UE4     : [2021.12.03-06.38.27:589][  0]LogAndroidEvents: Display: LogAndroidEvents::DequeueAppEvent : 0, [width=2220, height=1080], APP_EVENT_STATE_WINDOW_CREATED
12-03 00:38:27.589 11456 11532 D UE4     : FAppEventManager::Tick processing, 0
12-03 00:38:27.590 11456 11532 D UE4     : [2021.12.03-06.38.27:590][  0]LogAndroidEvents: Display: ExecWindowCreated
12-03 00:38:27.590 11456 11532 D UE4     : AndroidEGL::ReInitWindow()
12-03 00:38:27.590 11456 11532 D UE4     : [2021.12.03-06.38.27:590][  0]LogAndroid: AndroidEGL::RefreshWindowSize updating window size = 1176, 576, cached size : 0, 0 tid : 11532
12-03 00:38:27.590 11456 11532 D UE4     : [2021.12.03-06.38.27:590][  0]LogAndroid: AndroidEGL::ResizeSharedContextSurface, PImplData->Window=0x73ba643010, PImplData->eglWidth=8, PImplData->eglHeight=8!, CachedWidth=1176, CachedHeight=576, tid: 11532
12-03 00:38:27.590 11456 11532 D UE4     : AndroidEGL::UnBindShared()
12-03 00:38:27.590 11456 11532 D UE4     : AndroidEGL::ResetDisplay()
12-03 00:38:27.590 11456 11532 D UE4     : AndroidEGL::DestroySharedSurface()
12-03 00:38:27.590 11456 11532 D UE4     : AndroidEGL::InitSharedSurface 0
12-03 00:38:27.590 11456 11532 D UE4     : AndroidEGL::InitSharedSurface, Using CachedWindowRect, width: 1176, height 576 
12-03 00:38:27.590 11456 11532 D UE4     : AndroidEGL::InitSharedSurface, Using width: 1176, height 576 
12-03 00:38:27.591 11456 11532 D UE4     : AndroidEGL::InitSharedSurface, width: 1176, height 576 
12-03 00:38:27.591 11456 11532 D UE4     : AndroidEGL::CreateEGLSharedSurface(), auxSurface = eglCreatePbufferSurface(), 8x8
12-03 00:38:27.591 11456 11532 D UE4     : ExecWindowCreated, 0, 1, 1
12-03 00:38:27.591 11456 11532 D UE4     : [2021.12.03-06.38.27:591][  0]LogAndroidEvents: Display: LogAndroidEvents::DequeueAppEvent : 11, [width=-1, height=-1], APP_EVENT_STATE_WINDOW_GAINED_FOCUS
12-03 00:38:27.591 11456 11532 D UE4     : FAppEventManager::Tick processing, 11
12-03 00:38:27.591 11456 11532 D UE4     : [2021.12.03-06.38.27:591][  0]LogAndroidEvents: Display: LogAndroidEvents::DequeueAppEvent : 14, [width=-1, height=-1], APP_EVENT_STATE_APP_ACTIVATED
12-03 00:38:27.591 11456 11532 D UE4     : FAppEventManager::Tick processing, 14
12-03 00:38:27.591 11456 11532 D UE4     : Execution will be resumed!
12-03 00:38:27.591 11456 11532 D UE4     : [2021.12.03-06.38.27:591][  0]LogAndroidEvents: Display: LogAndroidEvents::DequeueAppEvent : 15, [width=-1, height=-1], APP_EVENT_RUN_CALLBACK
12-03 00:38:27.592 11456 11532 D UE4     : FAppEventManager::Tick processing, 15
12-03 00:38:27.592 11456 11532 D UE4     : [2021.12.03-06.38.27:592][  0]LogAndroidEvents: Display: Event thread callback running.
12-03 00:38:27.592 11456 11532 D UE4     : [2021.12.03-06.38.27:592][  0]LogAndroid: performing app foregrounding callback.
12-03 00:38:27.593 11456 11532 D UE4     : [GameActivity] Registering volume receiver
12-03 00:38:27.595 11456 11456 D ViewRootImpl@c0c714c[GameActivity]: dispatchDetachedFromWindow
12-03 00:38:27.598  1491  4072 D InputTransport: Input channel destroyed: '68be716', fd=415
12-03 00:38:27.598  1491  4072 I WindowManager: Destroying surface Surface(name=neu.edu.madcourse.Bello_CS5520_MoveMe/com.epicgames.ue4.GameActivity$_11456)/@0x5ff3cb9 called by com.android.server.wm.WindowStateAnimator.destroySurface:1725 com.android.server.wm.WindowStateAnimator.destroySurfaceLocked:684 com.android.server.wm.WindowState.removeImmediately:2282 com.android.server.wm.WindowState.removeIfPossible:2418 com.android.server.wm.WindowState.removeIfPossible:2297 com.android.server.wm.WindowManagerService.removeWindow:2029 com.android.server.wm.Session.remove:184 android.view.IWindowSession$Stub.onTransact:658 
12-03 00:38:27.599 11456 11532 D UE4     : [GameActivity] startVolumeReceiver: 8
12-03 00:38:27.600 11456 11532 D UE4     : nativeVolumeEvent(8)
12-03 00:38:27.600   795  1047 I SurfaceFlinger: id=2882 Removed neu.edu.madcourse.Bello_CS5520_MoveMe/com.epicgames.ue4.GameActivity$_11456#0 (47)
12-03 00:38:27.600 11456 11532 D UE4     : [GameActivity] Registering battery receiver
12-03 00:38:27.602  1491  4072 V WindowManager: performShow on Window{c2df608 u0 StatusBar}: mDrawState=READY_TO_SHOW readyForDisplay=false starting=false during animation: policyVis=false parentHidden=false tok.hiddenRequested=false tok.hidden=false animating=false tok animating=false Callers=com.android.server.wm.WindowState.performShowLocked:4660 com.android.server.wm.WindowStateAnimator.commitFinishDrawingLocked:371 com.android.server.wm.DisplayContent.lambda$new$8$DisplayContent:935 com.android.server.wm.-$$Lambda$DisplayContent$qxt4izS31fb0LF2uo_OF9DMa7gc.accept:4 
12-03 00:38:27.602 11456 11532 D UE4     : [GameActivity] Registering headset receiver
12-03 00:38:27.604 11456 11532 D UE4     : [GameActivity] startHeadsetReceiver: 0
12-03 00:38:27.604 11456 11532 D UE4     : nativeHeadsetEvent(0)
12-03 00:38:27.604 11456 11532 D UE4     : [2021.12.03-06.38.27:604][  0]LogCore: Display: AppLifetime: Application has entered foreground
12-03 00:38:27.604   795  1047 I SurfaceFlinger: id=2880 Removed 68be716 neu.edu.madcourse.Bello_CS5520_MoveMe/com.epicgames.ue4.GameActivity#0 (47)
12-03 00:38:27.604 11456 11456 D InputTransport: Input channel destroyed: '68be716', fd=73
12-03 00:38:27.606 11456 11456 D UE4     : [GameActivity] Battery: status = 5, rawlevel = 100, scale = 100
12-03 00:38:27.606 11456 11456 D UE4     : nativeBatteryEvent(stat = 5, lvl = 100  temp = 26.60 C)
12-03 00:38:27.607   795   795 I Layer   : id=2880[1] Destroyed 68be716 neu.edu.madcourse.Bello_CS5520_MoveMe/com.epicgames.ue4.GameActivity#0
12-03 00:38:27.607  1491  1655 V WindowManager: performShow on Window{c2df608 u0 StatusBar}: mDrawState=READY_TO_SHOW readyForDisplay=false starting=false during animation: policyVis=false parentHidden=false tok.hiddenRequested=false tok.hidden=false animating=false tok animating=false Callers=com.android.server.wm.WindowState.performShowLocked:4660 com.android.server.wm.DisplayContent.lambda$new$0$DisplayContent:662 com.android.server.wm.-$$Lambda$DisplayContent$0yxrqH9eGY2qTjH1u_BvaVrXCSA.accept:4 com.android.server.wm.WindowContainer$ForAllWindowsConsumerWrapper.apply:1184 
12-03 00:38:27.608   795   795 I Layer   : id=2882[1] Destroyed neu.edu.madcourse.Bello_CS5520_MoveMe/com.epicgames.ue4.GameActivity$_11456#0
12-03 00:38:27.610   795   795 I SurfaceFlinger: Display 0 HWC layers:
12-03 00:38:27.610   795   795 I SurfaceFlinger:     type    |    handle    | flag |  format   |   source crop (l,t,r,b)    |         frame       | name 
12-03 00:38:27.610   795   795 I SurfaceFlinger: ------------+--------------+------+-----------+----------------------------+---------------------+------
12-03 00:38:27.610   795   795 I SurfaceFlinger:      DEVICE | 0x7f3f9d8380 | 0002 | RGBx_8888 |   0.0    0.0  576.0 1176.0 |    0    0 1080 2220 | SurfaceView - neu.edu.madcourse.Bell[...]icgames.ue4.GameActivity@e295f55@0#0
12-03 00:38:27.610   795   795 I SurfaceFlinger:      DEVICE | 0x7f3bbff000 | 0000 | RGBA_8888 |   0.0    0.0 1080.0 2220.0 |    0    0 1080 2220 | neu.edu.madcourse.Bello_CS5520_MoveMe/com.epicgames.ue4.GameActivity$_11456#1
12-03 00:38:27.610   795   795 I SurfaceFlinger: 
12-03 00:38:27.625 11456 11569 D UE4     : [2021.12.03-06.38.27:625][  0]LogRHI: Using OpenGL program LRU cache: 0
12-03 00:38:27.704 11456 11532 D UE4     : [2021.12.03-06.38.27:704][  0]LogUdpMessaging: Initializing bridge on interface 0.0.0.0:0 to multicast group 230.0.0.1:6666.
12-03 00:38:27.706 11456 11532 D UE4     : [2021.12.03-06.38.27:706][  0]FUdpSocketBuilder: Failed to subscribe UdpMessageMulticastSocket to multicast group 230.0.0.1 on interface 0.0.0.0
12-03 00:38:27.706 11456 11532 D UE4     : [2021.12.03-06.38.27:706][  0]FUdpSocketBuilder: Failed to create and initialize socket UdpMessageMulticastSocket (last error: 55)
12-03 00:38:27.706 11456 11532 D UE4     : [2021.12.03-06.38.27:706][  0]LogUdpMessaging: Warning: StartTransport failed to create multicast socket on 0.0.0.0:0, joined to 230.0.0.1:6666 with TTL 1
12-03 00:38:28.100 11586 11586 D SAEffectManager: SoundAlive instance has created successfully.
12-03 00:38:28.102 11586 11586 I SAEffectManager: SAEffectManager : mDolby = getNewDolbyInstance
12-03 00:38:28.102 11586 11586 D SAEffectManager: getNewDolbyInstance() : _dolbyType is 1
12-03 00:38:28.106 11586 11586 D SAEffectManager: Dolby effect instance has created successfully.
12-03 00:38:28.106 11586 11586 I SAEffectManager: SAEffectManager : mDolbyGame = getNewDolbyInstance
12-03 00:38:28.106 11586 11586 D SAEffectManager: getNewDolbyInstance() : _dolbyType is 2
12-03 00:38:28.106 11586 11586 D SAEffectManager: This device doesn't support Dolby Atmos for Gaming, so returns null.
12-03 00:38:28.107 11586 11586 D SoundAliveApplication: resetUnsupportedEffects
12-03 00:38:28.112   566   675 D vold    : fdeGetPasswordType(1)
12-03 00:38:28.112 11586 11586 D SAm     : status_storage : 4
12-03 00:38:28.113 11586 11586 D SAm     : status_user : true
12-03 00:38:28.113 11586 11586 D SAm     : moving to decrypted-storage
12-03 00:38:28.113 11586 11586 D SAm     : moving shared-pref
12-03 00:38:28.116   566   675 D vold    : fdeGetPasswordType(1)
12-03 00:38:28.118 11586 11586 D SAm     : PreferencesManager status_storage : 4
12-03 00:38:28.118 11586 11586 D SAm     : PreferencesManager status_user : true
12-03 00:38:28.177 11456 11532 D UE4     : [2021.12.03-06.38.28:177][  0]LogTcpMessaging: Initializing TcpMessaging bridge, listening on 127.0.0.1:6666
12-03 00:38:28.179 11456 11532 D UE4     : [2021.12.03-06.38.28:178][  0]LogCore: Display: AppLifetime: Application has reactivated
12-03 00:38:28.179 11456 11532 D UE4     : [2021.12.03-06.38.28:179][  0]LogTemp: Android resume audio
12-03 00:38:28.184 11456 11569 D UE4     : [2021.12.03-06.38.28:184][  0]LogAndroid: AndroidEGL::ResizeRenderContextSurface, PImplData->Window=0x73ba643010, PImplData->eglWidth=8, PImplData->eglHeight=8!, CachedWidth=1176, CachedHeight=576, tid: 11569
12-03 00:38:28.184 11456 11569 D UE4     : AndroidEGL::UnBindRender()
12-03 00:38:28.184 11456 11569 D UE4     : AndroidEGL::ResetDisplay()
12-03 00:38:28.188 11456 11569 D UE4     : AndroidEGL::DestroyRenderSurface()
12-03 00:38:28.196 11456 11569 D UE4     : AndroidEGL::InitRenderSurface 0, 1
12-03 00:38:28.196 11456 11569 D UE4     : AndroidEGL::InitRenderSurface, Using CachedWindowRect, width: 1176, height 576 
12-03 00:38:28.196 11456 11569 D UE4     : AndroidEGL::InitRenderSurface, Using width: 1176, height 576 
12-03 00:38:28.196 11456 11569 D UE4     : AndroidEGL::InitRenderSurface, wnd: 0x73ba643010, width: 1176, height 576 
12-03 00:38:28.197 11456 11569 D UE4     : AndroidEGL::CreateEGLRenderSurface() 0x72bfc0e500
12-03 00:38:28.204 11456 11532 D UE4     : [2021.12.03-06.38.28:204][  0]LogAndroid: Display: Low Power Mode Changed: 0
12-03 00:38:28.209 11456 11532 D UE4     : [2021.12.03-06.38.28:209][  0]LogSlate: InvalidateAllWidgets triggered.  All widgets were invalidated
12-03 00:38:28.219 11456 11532 D UE4     : [2021.12.03-06.38.28:219][  0]LogSlate: Slate font cache was flushed
12-03 00:38:28.243 11586 11586 I SoundAliveApplication: reset setting-value for Surround
12-03 00:38:28.247 11586 11586 I chatty  : uid=10131(com.sec.android.app.soundalive) identical 6 lines
12-03 00:38:28.247 11586 11586 I SoundAliveApplication: reset setting-value for Surround
12-03 00:38:28.247 11586 11586 I AudioManager: getParameters keys = audioParam;l_device_current_output
12-03 00:38:28.249   790   790 V APM_AudioPolicyManager: getAudioPolicyConfig: audioParam;l_device_current_output
12-03 00:38:28.250   790   790 V APM_AudioPolicyManager: getNewOutputDevices selected devices AUDIO_DEVICE_NONE
12-03 00:38:28.250   790   790 V APM_AudioPolicyManager: ### curDeviceType : 2
12-03 00:38:28.250 11586 11586 D SoundAlivePolicyManager: Actual path retrieved: 2
12-03 00:38:28.250 11586 11586 D SoundAlivePolicyManager: isAudioPathSpeaker() : true
12-03 00:38:28.250 11586 11586 D SoundAlivePolicyManager: actual AudioPath : SA_PATH_SPK
12-03 00:38:28.250 11586 11586 I Feature : SUPPORT_HUN_FLOATING_FEATURE = trueCOUNTRY_CODE = Poland
12-03 00:38:28.251 11586 11586 D SADVFSHelper: Audio route update attempt
12-03 00:38:28.255 11586 11586 D SAPathManager: got Performance-mode as : 0
12-03 00:38:28.256 11586 11586 E DeXUtil : DesktopModeManager is null, so it can't be decided.
12-03 00:38:28.256 11586 11586 D SoundAlivePolicyManager: isGlobalEffectSupportCurrentAudioPath, currentDeviceType : 2
12-03 00:38:28.256 11586 11586 D SAPathManager: Effect 0 not supported on current path
12-03 00:38:28.256 11586 11586 D SoundAliveApplication: registerAudioPlaybackCallback : isRunningGameWhiteList : false
12-03 00:38:28.257 11586 11586 D SADVFSHelper: Either heavy-duty effect is Off or Music playback is not active
12-03 00:38:28.359 11456 11532 D UE4     : [2021.12.03-06.38.28:359][  1]LogSlate: Took 0.000984 seconds to synchronously load lazily loaded font '../../../Engine/Content/Slate/Fonts/Roboto-Regular.ttf' (155K)
12-03 00:38:28.870   747   902 I qti_sensors_hal: processReportInd: Light - b4 180
12-03 00:38:29.116  2489  2913 D NetworkController.MobileSignalController(0/2147483647): onSignalStrengthsChanged signalStrength=SignalStrength:{mCdma=Invalid,mGsm=Invalid,mWcdma=Invalid,mTdscdma=Invalid,mLte=CellSignalStrengthLte: rssi=-83 rsrp=-111 rsrq=-15 rssnr=-82 cqi=2147483647 ta=2147483647 level=0,mNr=Invalid,SignalBarInfo{ lteLevel=1 },P,rat=14,primary=CellSignalStrengthLte} level=1
12-03 00:38:29.117  2489  2913 D NetworkController.MobileSignalController(0/2147483647): getMobileIconGroup(): 0
12-03 00:38:29.260 11586 11586 D SAPathManager: got Performance-mode as : 0
12-03 00:38:29.261 11586 11586 E DeXUtil : DesktopModeManager is null, so it can't be decided.
12-03 00:38:29.262 11586 11586 D SoundAlivePolicyManager: isGlobalEffectSupportCurrentAudioPath, currentDeviceType : 2
12-03 00:38:29.262 11586 11586 D SAPathManager: Effect 0 not supported on current path
12-03 00:38:29.262 11586 11586 D SoundAliveApplication: registerAudioPlaybackCallback : isRunningGameWhiteList : false
12-03 00:38:29.262 11586 11586 D SADVFSHelper: Either heavy-duty effect is Off or Music playback is not active
12-03 00:38:29.878  1491  2311 D InputReader: Btn_touch(3): value=1 when=49589.952718
12-03 00:38:29.879  1491  2311 I InputReader: Touch event's action is 0x0 (id=3, t=0) [pCnt=1, s=0.671 ] when=49589.952718
12-03 00:38:29.879  1491  2310 I InputDispatcher: Delivering touch to (11456): action: 0x0, f=0x0, d=0, 'c5a5ba1', t=1
12-03 00:38:29.883 11456 11533 D UE4     : [2021.12.03-06.38.29:883][ 95]LogAndroid: Mobile HDR: YES
12-03 00:38:29.883 11456 11533 D UE4     : [2021.12.03-06.38.29:883][ 95]LogAndroidWindowUtils: Setting Width=1176 and Height=576 (requested scale = 0.800000)
12-03 00:38:29.884 11456 11456 D ViewRootImpl@7ba4a0c[GameActivity]: ViewPostIme pointer 0
12-03 00:38:29.930  1491  2311 D InputReader: Btn_touch(3): value=0 when=49590.005548
12-03 00:38:29.931  1491  2311 I InputReader: Touch event's action is 0x1 (id=3, t=0) [pCnt=1, s=] when=49590.005548
12-03 00:38:29.931  1491  2310 I InputDispatcher: Delivering touch to (11456): action: 0x1, f=0x0, d=0, 'c5a5ba1', t=1
12-03 00:38:29.932 11456 11456 D ViewRootImpl@7ba4a0c[GameActivity]: ViewPostIme pointer 1
12-03 00:38:29.942 11456 11532 D UE4     : [2021.12.03-06.38.29:942][ 99]LogBlueprintUserMessages: [BP_FirstPerson_C_2147482533] X: 706.0 Y: 483.0
12-03 00:38:29.942 11456 11532 D UE4     : [2021.12.03-06.38.29:942][ 99]LogBlueprintUserMessages: [BP_FirstPerson_C_2147482533] World: X=10.000 Y=2.007 Z=170.834
12-03 00:38:30.099  1491  2377 D PkgPredictorService-NapPreloadController: Sent pkg = com.stameshabello.samplefirebaseapp type: ml
12-03 00:38:30.099  1491  2708 D ActivityManager: [ML] packageName : com.stameshabello.samplefirebaseapp type : ml
12-03 00:38:30.099  1491  2708 E ActivityManager: [ML]Checking for the Machine Learning isPkgEverLaunched :true, isPkgStopped : true
12-03 00:38:30.178 11456 11630 D UE4     : [2021.12.03-06.38.30:178][114]LogTcpMessaging: Started Connection to '127.0.0.1:33151'
12-03 00:38:30.179 11456 11630 D UE4     : [2021.12.03-06.38.30:178][114]LogTcpMessaging: Discovered node '6B9728E14D6E443AE6E2E8A5CDD6D918' on connection '127.0.0.1:33151'...
12-03 00:38:30.303 11586 11586 D SAPathManager: got Performance-mode as : 0
12-03 00:38:30.303 11586 11586 E DeXUtil : DesktopModeManager is null, so it can't be decided.
12-03 00:38:30.304 11586 11586 D SoundAlivePolicyManager: isGlobalEffectSupportCurrentAudioPath, currentDeviceType : 2
12-03 00:38:30.304 11586 11586 D SAPathManager: Effect 0 not supported on current path
12-03 00:38:30.304 11586 11586 D SoundAliveApplication: registerAudioPlaybackCallback : isRunningGameWhiteList : false
12-03 00:38:30.305 11586 11586 D SADVFSHelper: Either heavy-duty effect is Off or Music playback is not active
12-03 00:38:30.691  4484  4522 W earchbox:searc: Reducing the number of considered missed Gc histogram windows from 210 to 100
12-03 00:38:30.980  1491  2311 D InputReader: Btn_touch(3): value=1 when=49591.053880
12-03 00:38:30.980  1491  2311 I InputReader: Touch event's action is 0x0 (id=3, t=0) [pCnt=1, s=0.672 ] when=49591.053880
12-03 00:38:30.980  1491  2310 I InputDispatcher: Delivering touch to (11456): action: 0x0, f=0x0, d=0, 'c5a5ba1', t=1
12-03 00:38:30.982 11456 11456 D ViewRootImpl@7ba4a0c[GameActivity]: ViewPostIme pointer 0
12-03 00:38:31.009 11456 11532 D UE4     : EngineMemoryWarningHandler: Mem Used 403.28 MB, Texture Memory 11.99 MB, Render Target memory 67.47 MB, OS Free 3629.27 MB
12-03 00:38:31.117  1491  8150 D GameManagerService: identifyGamePackage. neu.edu.madcourse.Bello_CS5520_MoveMe, mCurrentUserId: 0, callerUserId: 0
12-03 00:38:31.117  1491  8150 D GamePkgDataHelper: getGamePkgData(). neu.edu.madcourse.Bello_CS5520_MoveMe
12-03 00:38:32.035  1491  2311 D InputReader: Btn_touch(3): value=0 when=49592.110327
12-03 00:38:32.036  1491  2311 I InputReader: Touch event's action is 0x1 (id=3, t=0) [pCnt=1, s=] when=49592.110327
12-03 00:38:32.036  1491  2310 I InputDispatcher: Delivering touch to (11456): action: 0x1, f=0x0, d=0, 'c5a5ba1', t=1
12-03 00:38:32.040 11456 11456 D ViewRootImpl@7ba4a0c[GameActivity]: ViewPostIme pointer 1
12-03 00:38:32.252  1491  2311 D InputReader: Btn_touch(3): value=1 when=49592.326252
12-03 00:38:32.252  1491  2311 I InputReader: Touch event's action is 0x0 (id=3, t=0) [pCnt=1, s=0.673 ] when=49592.326252
12-03 00:38:32.252  1491  2310 I InputDispatcher: Delivering touch to (11456): action: 0x0, f=0x0, d=0, 'c5a5ba1', t=1
12-03 00:38:32.254  1491  2310 D PowerManagerService: [api] userActivityFromNative : 10 (event: 2 flags: 0) eventTime = 49592326
12-03 00:38:32.255 11456 11456 D ViewRootImpl@7ba4a0c[GameActivity]: ViewPostIme pointer 0
12-03 00:38:32.306  1491  2311 D InputReader: Btn_touch(3): value=0 when=49592.380755
12-03 00:38:32.306  1491  2311 I InputReader: Touch event's action is 0x1 (id=3, t=0) [pCnt=1, s=] when=49592.380755
12-03 00:38:32.306  1491  2310 I InputDispatcher: Delivering touch to (11456): action: 0x1, f=0x0, d=0, 'c5a5ba1', t=1
12-03 00:38:32.307 11456 11456 D ViewRootImpl@7ba4a0c[GameActivity]: ViewPostIme pointer 1
12-03 00:38:32.318 11456 11532 D UE4     : [2021.12.03-06.38.32:318][242]LogBlueprintUserMessages: [BP_FirstPerson_C_2147482533] X: 752.0 Y: 458.0
12-03 00:38:32.318 11456 11532 D UE4     : [2021.12.03-06.38.32:318][242]LogBlueprintUserMessages: [BP_FirstPerson_C_2147482533] World: X=8.288 Y=3.110 Z=168.004
12-03 00:38:32.715  3849  4404 D SDHMS:com.sec.android.sdhms.thermal.siop.z: SIOP:: AP:164(318,110) BAT:268(268,0) CHG:289(289,0) USB:0(0,0) WIFI:272(281,0) PA:274(293,0) LRP:273(273,-999) LRF:273(273) LRB:273(273) 
12-03 00:38:32.941  1491  2311 D InputReader: Btn_touch(3): value=1 when=49593.015999
12-03 00:38:32.941  1491  2311 I InputReader: Touch event's action is 0x0 (id=3, t=0) [pCnt=1, s=0.674 ] when=49593.015999
12-03 00:38:32.942  1491  2310 I InputDispatcher: Delivering touch to (11456): action: 0x0, f=0x0, d=0, 'c5a5ba1', t=1
12-03 00:38:32.943 11456 11456 D ViewRootImpl@7ba4a0c[GameActivity]: ViewPostIme pointer 0
12-03 00:38:33.872  1491  2310 D PowerManagerService: [api] userActivityFromNative : 20 (event: 2 flags: 0) eventTime = 49593945
12-03 00:38:33.905   747   902 I qti_sensors_hal: processReportInd: Light - ab 171
12-03 00:38:34.540  1491  2311 D InputReader: Btn_touch(3): value=0 when=49594.615240
12-03 00:38:34.540  1491  2311 I InputReader: Touch event's action is 0x1 (id=3, t=0) [pCnt=1, s=] when=49594.615240
12-03 00:38:34.541  1491  2310 I InputDispatcher: Delivering touch to (11456): action: 0x1, f=0x0, d=0, 'c5a5ba1', t=1
12-03 00:38:34.544 11456 11456 D ViewRootImpl@7ba4a0c[GameActivity]: ViewPostIme pointer 1
12-03 00:38:34.546  1491  1491 D GameManagerService: identifyGamePackage. neu.edu.madcourse.Bello_CS5520_MoveMe, mCurrentUserId: 0, callerUserId: 0
12-03 00:38:34.547  1491  1491 D GamePkgDataHelper: getGamePkgData(). neu.edu.madcourse.Bello_CS5520_MoveMe
12-03 00:38:34.547  1491  1491 D CustomFrequencyManagerService: acquireDVFSLockLocked : type : DVFS_MIN_LIMIT  frequency : 1113600  uid : 1000  pid : 1491  pkgName : GESTURE_DETECTED@CPU_MIN@43
12-03 00:38:34.747  1491  2311 D InputReader: Btn_touch(3): value=1 when=49594.821623
12-03 00:38:34.747  1491  2311 I InputReader: Touch event's action is 0x0 (id=3, t=0) [pCnt=1, s=0.675 ] when=49594.821623
12-03 00:38:34.747  1491  2310 I InputDispatcher: Delivering touch to (11456): action: 0x0, f=0x0, d=0, 'c5a5ba1', t=1
12-03 00:38:34.749 11456 11456 D ViewRootImpl@7ba4a0c[GameActivity]: ViewPostIme pointer 0
12-03 00:38:34.820  1491  2311 D InputReader: Btn_touch(3): value=0 when=49594.894994
12-03 00:38:34.820  1491  2311 I InputReader: Touch event's action is 0x1 (id=3, t=0) [pCnt=1, s=] when=49594.894994
12-03 00:38:34.821  1491  2310 I InputDispatcher: Delivering touch to (11456): action: 0x1, f=0x0, d=0, 'c5a5ba1', t=1
12-03 00:38:34.823 11456 11456 D ViewRootImpl@7ba4a0c[GameActivity]: ViewPostIme pointer 1
12-03 00:38:34.827 11456 11532 D UE4     : [2021.12.03-06.38.34:827][393]LogBlueprintUserMessages: [BP_FirstPerson_C_2147482533] X: 739.0 Y: 389.0
12-03 00:38:34.827 11456 11532 D UE4     : [2021.12.03-06.38.34:827][393]LogBlueprintUserMessages: [BP_FirstPerson_C_2147482533] World: X=4.112 Y=0.574 Z=164.542
12-03 00:38:35.049  1491  1491 D CustomFrequencyManagerService: releaseDVFSLockLocked : Getting Lock type frm List : DVFS_MIN_LIMIT  frequency : 1113600  uid : 1000  pid : 1491  tag : GESTURE_DETECTED@CPU_MIN@43
12-03 00:38:35.242  1491  2311 D InputReader: Btn_touch(3): value=1 when=49595.315902
12-03 00:38:35.242  1491  2311 I InputReader: Touch event's action is 0x0 (id=3, t=0) [pCnt=1, s=0.676 ] when=49595.315902
12-03 00:38:35.243  1491  2310 I InputDispatcher: Delivering touch to (11456): action: 0x0, f=0x0, d=0, 'c5a5ba1', t=1
12-03 00:38:35.244 11456 11456 D ViewRootImpl@7ba4a0c[GameActivity]: ViewPostIme pointer 0
12-03 00:38:35.246  1491  2357 W DeviceStorageMonitorService: updateBroadcasts(/data) oldLevel:0, newLevel:0, seq:1
12-03 00:38:35.247  1491  2357 W DeviceStorageMonitorService: There is no file /sys/fs/f2fs/userdata/sec_fs_stat
12-03 00:38:35.247  1491  2357 W DeviceStorageMonitorService: updateBroadcasts_filenode(/data) fn_oldLevel:0, fn_newLevel:0, seq:1
12-03 00:38:35.387  4484  4899 I WorkerManager: dispose()
12-03 00:38:35.388  4484  4899 W A       : Queue length for executor EventBus is now 11. Perhaps some tasks are too long, or the pool is too small.
12-03 00:38:35.447  1491  2310 D PowerManagerService: [api] userActivityFromNative : 30 (event: 2 flags: 0) eventTime = 49595521
12-03 00:38:36.049   747   902 I qti_sensors_hal: processReportInd: Accel - X: -0.017 Y: -0.091 Z: 9.885
12-03 00:38:36.049   747   902 I qti_sensors_hal: processReportInd: Gyro - X: 0.001 Y: 0.004 Z: 0.001 status: 3
12-03 00:38:36.111  1491  1537 W BestClock: java.time.DateTimeException: Missing NTP fix
12-03 00:38:36.116 11456 11534 D UE4     : [GameActivity] Used memory: 287204 (VmRSS:	  413636 kB)
12-03 00:38:36.116  1241  1484 I netd    : tetherGetStats() <3.90ms>
12-03 00:38:36.118  1491  1537 W BestClock: java.time.DateTimeException: Missing NTP fix
12-03 00:38:36.120  1491  2338 W BestClock: java.time.DateTimeException: Missing NTP fix
12-03 00:38:36.123  1491  4072 W BestClock: java.time.DateTimeException: Missing NTP fix
12-03 00:38:36.126  1241  1484 I netd    : tetherGetStats() <2.93ms>
12-03 00:38:36.128  1491  4072 W BestClock: java.time.DateTimeException: Missing NTP fix
12-03 00:38:36.130  1491  2338 W BestClock: java.time.DateTimeException: Missing NTP fix
12-03 00:38:36.492  1491  2310 D PowerManagerService: [api] userActivityFromNative : 40 (event: 2 flags: 0) eventTime = 49596566
12-03 00:38:36.662   747   902 I qti_sensors_hal: processReportInd: Cal Mag Filter, 0, 0, 0.000000, 0.000000, 0.000000, 0.000000, 0.000000, 0.000000, -12.831116, 7.037354, -41.403198
12-03 00:38:36.790  2489  2913 D NetworkController.MobileSignalController(0/2147483647): onSignalStrengthsChanged signalStrength=SignalStrength:{mCdma=Invalid,mGsm=Invalid,mWcdma=Invalid,mTdscdma=Invalid,mLte=CellSignalStrengthLte: rssi=-83 rsrp=-115 rsrq=-18 rssnr=-80 cqi=2147483647 ta=2147483647 level=0,mNr=Invalid,SignalBarInfo{ lteLevel=1 },P,rat=14,primary=CellSignalStrengthLte} level=1
12-03 00:38:36.794  2489  2913 D NetworkController.MobileSignalController(0/2147483647): getMobileIconGroup(): 0
12-03 00:38:37.794  1491  2310 D PowerManagerService: [api] userActivityFromNative : 50 (event: 2 flags: 0) eventTime = 49597866
12-03 00:38:38.827  1491  2310 D PowerManagerService: [api] userActivityFromNative : 60 (event: 2 flags: 0) eventTime = 49598901
12-03 00:38:38.941   747   902 I qti_sensors_hal: processReportInd: Light - ac 172
12-03 00:38:39.354  2489  2913 D NetworkController.MobileSignalController(0/2147483647): onSignalStrengthsChanged signalStrength=SignalStrength:{mCdma=Invalid,mGsm=Invalid,mWcdma=Invalid,mTdscdma=Invalid,mLte=CellSignalStrengthLte: rssi=-87 rsrp=-116 rsrq=-18 rssnr=-78 cqi=2147483647 ta=2147483647 level=0,mNr=Invalid,SignalBarInfo{ lteLevel=1 },P,rat=14,primary=CellSignalStrengthLte} level=1
12-03 00:38:39.360  2489  2913 D NetworkController.MobileSignalController(0/2147483647): getMobileIconGroup(): 0
12-03 00:38:39.863  1491  2310 D PowerManagerService: [api] userActivityFromNative : 70 (event: 2 flags: 0) eventTime = 49599937
12-03 00:38:40.901  1491  2310 D PowerManagerService: [api] userActivityFromNative : 80 (event: 2 flags: 0) eventTime = 49600972
12-03 00:38:41.908  2489  2913 D NetworkController.MobileSignalController(0/2147483647): onSignalStrengthsChanged signalStrength=SignalStrength:{mCdma=Invalid,mGsm=Invalid,mWcdma=Invalid,mTdscdma=Invalid,mLte=CellSignalStrengthLte: rssi=-85 rsrp=-116 rsrq=-17 rssnr=-76 cqi=2147483647 ta=2147483647 level=0,mNr=Invalid,SignalBarInfo{ lteLevel=1 },P,rat=14,primary=CellSignalStrengthLte} level=1
12-03 00:38:41.909  2489  2913 D NetworkController.MobileSignalController(0/2147483647): getMobileIconGroup(): 0
12-03 00:38:42.090  1491  2310 D PowerManagerService: [api] userActivityFromNative : 90 (event: 2 flags: 0) eventTime = 49602163
12-03 00:38:42.759   795   795 I SurfaceFlinger: SFWD update time=49602834811858
12-03 00:38:42.804  3849  4404 D SDHMS:com.sec.android.sdhms.thermal.siop.z: SIOP:: AP:168(326,110) BAT:270(270,0) CHG:294(294,0) USB:0(0,0) WIFI:273(286,0) PA:278(300,0) LRP:277(277,-999) LRF:277(277) LRB:277(277) 
12-03 00:38:43.836  1491  2310 D PowerManagerService: [api] userActivityFromNative : 100 (event: 2 flags: 0) eventTime = 49603909
12-03 00:38:43.980   747   902 I qti_sensors_hal: processReportInd: Light - ab 171
12-03 00:38:45.936   747   902 I qti_sensors_hal: processReportInd: Accel - X: 0.010 Y: -0.096 Z: 9.897
12-03 00:38:45.937   747   902 I qti_sensors_hal: processReportInd: Gyro - X: -0.000 Y: 0.000 Z: -0.001 status: 3
12-03 00:38:46.117  1491  2310 D PowerManagerService: [api] userActivityFromNative : 110 (event: 2 flags: 0) eventTime = 49606191
12-03 00:38:46.137 11456 11534 D UE4     : [GameActivity] Used memory: 287204 (VmRSS:	  412916 kB)
12-03 00:38:46.159  1491  1537 W BestClock: java.time.DateTimeException: Missing NTP fix
12-03 00:38:46.167  1241  1484 I netd    : tetherGetStats() <4.19ms>
12-03 00:38:46.170  1491  1537 W BestClock: java.time.DateTimeException: Missing NTP fix
12-03 00:38:46.171  1491  2338 W BestClock: java.time.DateTimeException: Missing NTP fix
12-03 00:38:46.180  1491  4072 W BestClock: java.time.DateTimeException: Missing NTP fix
12-03 00:38:46.183  1241  1484 I netd    : tetherGetStats() <3.02ms>
12-03 00:38:46.186  1491  4072 W BestClock: java.time.DateTimeException: Missing NTP fix
12-03 00:38:46.188  1491  2338 W BestClock: java.time.DateTimeException: Missing NTP fix
12-03 00:38:47.033  2489  2913 D NetworkController.MobileSignalController(0/2147483647): onSignalStrengthsChanged signalStrength=SignalStrength:{mCdma=Invalid,mGsm=Invalid,mWcdma=Invalid,mTdscdma=Invalid,mLte=CellSignalStrengthLte: rssi=-85 rsrp=-116 rsrq=-16 rssnr=-56 cqi=2147483647 ta=2147483647 level=0,mNr=Invalid,SignalBarInfo{ lteLevel=1 },P,rat=14,primary=CellSignalStrengthLte} level=1
12-03 00:38:47.034  2489  2913 D NetworkController.MobileSignalController(0/2147483647): getMobileIconGroup(): 0
12-03 00:38:47.176   747   902 I qti_sensors_hal: processReportInd: Cal Mag Filter, 0, 0, 0.000000, 0.000000, 0.000000, 0.000000, 0.000000, 0.000000, -12.065125, 8.424377, -41.682434
12-03 00:38:47.427  1491  2310 D PowerManagerService: [api] userActivityFromNative : 120 (event: 2 flags: 0) eventTime = 49607501
12-03 00:38:48.463  1491  2310 D PowerManagerService: [api] userActivityFromNative : 130 (event: 2 flags: 0) eventTime = 49608537
12-03 00:38:48.848  1491  1657 E Watchdog: !@Sync 1652 [2021-12-03 00:38:48.848] FD count : 573, wdog_way : pwdt
12-03 00:38:48.962  2489  2913 D NetworkController.MobileSignalController(0/2147483647): onSignalStrengthsChanged signalStrength=SignalStrength:{mCdma=Invalid,mGsm=Invalid,mWcdma=Invalid,mTdscdma=Invalid,mLte=CellSignalStrengthLte: rssi=-83 rsrp=-116 rsrq=-16 rssnr=-52 cqi=2147483647 ta=2147483647 level=0,mNr=Invalid,SignalBarInfo{ lteLevel=1 },P,rat=14,primary=CellSignalStrengthLte} level=1
12-03 00:38:48.963  2489  2913 D NetworkController.MobileSignalController(0/2147483647): getMobileIconGroup(): 0
12-03 00:38:49.012   747   902 I qti_sensors_hal: processReportInd: Light - ac 172
12-03 00:38:49.541  1491  2310 D PowerManagerService: [api] userActivityFromNative : 140 (event: 2 flags: 0) eventTime = 49609615
12-03 00:38:49.589  2489  2913 D NetworkController.MobileSignalController(0/2147483647): onSignalStrengthsChanged signalStrength=SignalStrength:{mCdma=Invalid,mGsm=Invalid,mWcdma=Invalid,mTdscdma=Invalid,mLte=CellSignalStrengthLte: rssi=-85 rsrp=-116 rsrq=-16 rssnr=-50 cqi=2147483647 ta=2147483647 level=0,mNr=Invalid,SignalBarInfo{ lteLevel=1 },P,rat=14,primary=CellSignalStrengthLte} level=1
12-03 00:38:49.589  2489  2913 D NetworkController.MobileSignalController(0/2147483647): getMobileIconGroup(): 0
12-03 00:38:51.537  1491  2310 D PowerManagerService: [api] userActivityFromNative : 150 (event: 2 flags: 0) eventTime = 49611611
12-03 00:38:52.166  2489  2913 D NetworkController.MobileSignalController(0/2147483647): onSignalStrengthsChanged signalStrength=SignalStrength:{mCdma=Invalid,mGsm=Invalid,mWcdma=Invalid,mTdscdma=Invalid,mLte=CellSignalStrengthLte: rssi=-85 rsrp=-116 rsrq=-17 rssnr=-46 cqi=2147483647 ta=2147483647 level=0,mNr=Invalid,SignalBarInfo{ lteLevel=1 },P,rat=14,primary=CellSignalStrengthLte} level=1
12-03 00:38:52.166  2489  2913 D NetworkController.MobileSignalController(0/2147483647): getMobileIconGroup(): 0
12-03 00:38:52.572  1491  2291 D SamsungAlarmManager: Expired : 8
12-03 00:38:52.573  1491  2291 V SamsungAlarmManager: Sending to uid : 1000 listener=android.app.AlarmManager$ListenerWrapper@f1e2ce0 alarm=Alarm{6c58b99 type 3 when 147293709 android}
12-03 00:38:52.574  1491  2677 D SLocation: SP is not support Q OS upgrade model!
12-03 00:38:52.574  1491  2291 I SamsungAlarmManager: setLocked to kernel - T:2 / 20211203T003900, SetElapsed=147301137, nowELAPSED=147293710
12-03 00:38:52.574  1491  2291 I SamsungAlarmManager: setLocked to kernel - T:3 / 20211203T003900, SetElapsed=147301137, nowELAPSED=147293710
12-03 00:38:52.578  1491  2677 D SamsungAlarmManager: setExact Listener (T:3/F:9/AC:false) 20211203T003952 - CU:1000/CP:1491
12-03 00:38:52.578  1491  2677 I SamsungAlarmManager: setLocked to kernel - T:2 / 20211203T003900, SetElapsed=147301137, nowELAPSED=147293714
12-03 00:38:52.578  1491  2677 I SamsungAlarmManager: setLocked to kernel - T:3 / 20211203T003900, SetElapsed=147301137, nowELAPSED=147293715
12-03 00:38:52.585  1491  2310 D PowerManagerService: [api] userActivityFromNative : 160 (event: 2 flags: 0) eventTime = 49612656
12-03 00:38:52.872  3849  4404 D SDHMS:com.sec.android.sdhms.thermal.siop.z: SIOP:: AP:172(330,110) BAT:270(270,0) CHG:297(297,0) USB:0(0,0) WIFI:275(289,0) PA:283(303,0) LRP:279(279,-999) LRF:279(279) LRB:279(279) 
12-03 00:38:54.047   747   902 I qti_sensors_hal: processReportInd: Light - ac 172
12-03 00:38:54.866  1491  2311 D InputReader: Btn_touch(3): value=0 when=49614.941001
12-03 00:38:54.866  1491  2311 I InputReader: Touch event's action is 0x1 (id=3, t=0) [pCnt=1, s=] when=49614.941001
12-03 00:38:54.866  1491  2310 I InputDispatcher: Delivering touch to (11456): action: 0x1, f=0x0, d=0, 'c5a5ba1', t=1
12-03 00:38:54.868 11456 11456 D ViewRootImpl@7ba4a0c[GameActivity]: ViewPostIme pointer 1
12-03 00:38:55.340  1491  2311 D InputReader: Btn_touch(3): value=1 when=49615.414351
12-03 00:38:55.340  1491  2311 I InputReader: Touch event's action is 0x0 (id=3, t=0) [pCnt=1, s=0.677 ] when=49615.414351
12-03 00:38:55.341  1491  2310 I InputDispatcher: Delivering touch to (11456): action: 0x0, f=0x0, d=0, 'c5a5ba1', t=1
12-03 00:38:55.341  1491  2310 D PowerManagerService: [api] userActivityFromNative : 170 (event: 2 flags: 0) eventTime = 49615414
12-03 00:38:55.342 11456 11456 D ViewRootImpl@7ba4a0c[GameActivity]: ViewPostIme pointer 0
12-03 00:38:55.413  1491  2311 D InputReader: Btn_touch(3): value=0 when=49615.486620
12-03 00:38:55.413  1491  2311 I InputReader: Touch event's action is 0x1 (id=3, t=0) [pCnt=1, s=] when=49615.486620
12-03 00:38:55.413  1491  2310 I InputDispatcher: Delivering touch to (11456): action: 0x1, f=0x0, d=0, 'c5a5ba1', t=1
12-03 00:38:55.415 11456 11456 D ViewRootImpl@7ba4a0c[GameActivity]: ViewPostIme pointer 1
12-03 00:38:55.430 11456 11532 D UE4     : [2021.12.03-06.38.55:430][633]LogBlueprintUserMessages: [BP_FirstPerson_C_2147482533] X: 622.0 Y: 355.0
12-03 00:38:55.431 11456 11532 D UE4     : [2021.12.03-06.38.55:431][633]LogBlueprintUserMessages: [BP_FirstPerson_C_2147482533] World: X=0.321 Y=1.145 Z=164.139
12-03 00:38:55.826   747   902 I qti_sensors_hal: processReportInd: Accel - X: -0.002 Y: -0.093 Z: 9.902
12-03 00:38:55.826   747   902 I qti_sensors_hal: processReportInd: Gyro - X: -0.000 Y: 0.000 Z: 0.000 status: 3
12-03 00:38:56.173 11456 11534 D UE4     : [GameActivity] Used memory: 287204 (VmRSS:	  413776 kB)
12-03 00:38:56.243  1491  1537 W BestClock: java.time.DateTimeException: Missing NTP fix
12-03 00:38:56.249  1241  1484 I netd    : tetherGetStats() <4.61ms>
12-03 00:38:56.254  1491  1537 W BestClock: java.time.DateTimeException: Missing NTP fix
12-03 00:38:56.258  1491  2338 W BestClock: java.time.DateTimeException: Missing NTP fix
12-03 00:38:56.263  1491  4072 W BestClock: java.time.DateTimeException: Missing NTP fix
12-03 00:38:56.268  1241  1484 I netd    : tetherGetStats() <3.35ms>
12-03 00:38:56.274  1491  4072 W BestClock: java.time.DateTimeException: Missing NTP fix
12-03 00:38:56.277  1491  2338 W BestClock: java.time.DateTimeException: Missing NTP fix
12-03 00:38:57.711   747   902 I qti_sensors_hal: processReportInd: Cal Mag Filter, 0, 0, 0.000000, 0.000000, 0.000000, 0.000000, 0.000000, 0.000000, -11.610413, 9.049988, -41.520691
12-03 00:38:57.961  1491  2311 D InputReader: Btn_touch(3): value=1 when=49618.034312
12-03 00:38:57.961  1491  2311 I InputReader: Touch event's action is 0x0 (id=3, t=0) [pCnt=1, s=0.678 ] when=49618.034312
12-03 00:38:57.962  1491  2310 I InputDispatcher: Delivering touch to (11456): action: 0x0, f=0x0, d=0, 'c5a5ba1', t=1
12-03 00:38:57.963 11456 11456 D ViewRootImpl@7ba4a0c[GameActivity]: ViewPostIme pointer 0
12-03 00:38:57.970  3324  4425 D ContactsProvider_EventLog: contents_sample_state: [CONTACT contacts(4) data(28) accounts({com.google (2)=2, com.google (6)=2}) accounts deleted({}) in_trash(in_trash(0), in_trash_for_sync(0)) calls([]) countryIso(US) userId(0)  ]

12-03 00:38:57.970  3324  4425 D ContactsProvider_EventLog: contents_sample_state: [ agr({[6]=2, [2]=2})  ]

12-03 00:38:57.970  3324  4425 D ContactsProvider_EventLog: contents_sample_state: [ actCnt({android.process.acore(3324)=1})  ]

